00:00 +0: loading C:/Users/andrvoicu/Desktop/repos/collectarr-app/test/app_shell_test.dart
00:00 +0: C:/Users/andrvoicu/Desktop/repos/collectarr-app/test/app_shell_test.dart: app shell requests online-first sync once on startup
00:00 +1: C:/Users/andrvoicu/Desktop/repos/collectarr-app/test/app_shell_test.dart: app shell requests online-first sync once on startup
00:00 +2: C:/Users/andrvoicu/Desktop/repos/collectarr-app/test/app_shell_test.dart: app shell requests online-first sync once on startup
00:00 +3: C:/Users/andrvoicu/Desktop/repos/collectarr-app/test/app_shell_test.dart: app shell requests online-first sync once on startup
00:00 +4: C:/Users/andrvoicu/Desktop/repos/collectarr-app/test/app_shell_test.dart: app shell requests online-first sync once on startup
00:00 +5: C:/Users/andrvoicu/Desktop/repos/collectarr-app/test/app_shell_test.dart: app shell requests online-first sync once on startup
00:00 +6: C:/Users/andrvoicu/Desktop/repos/collectarr-app/test/app_shell_test.dart: app shell requests online-first sync once on startup
00:00 +7: C:/Users/andrvoicu/Desktop/repos/collectarr-app/test/app_shell_test.dart: app shell requests online-first sync once on startup
00:00 +8: C:/Users/andrvoicu/Desktop/repos/collectarr-app/test/app_shell_test.dart: app shell requests online-first sync once on startup
00:00 +9: C:/Users/andrvoicu/Desktop/repos/collectarr-app/test/app_shell_test.dart: app shell requests online-first sync once on startup
00:00 +10: C:/Users/andrvoicu/Desktop/repos/collectarr-app/test/app_shell_test.dart: app shell requests online-first sync once on startup
00:00 +11: C:/Users/andrvoicu/Desktop/repos/collectarr-app/test/app_shell_test.dart: app shell requests online-first sync once on startup
00:00 +12: C:/Users/andrvoicu/Desktop/repos/collectarr-app/test/app_shell_test.dart: app shell requests online-first sync once on startup
00:00 +13: C:/Users/andrvoicu/Desktop/repos/collectarr-app/test/app_shell_test.dart: app shell requests online-first sync once on startup
00:00 +14: C:/Users/andrvoicu/Desktop/repos/collectarr-app/test/app_shell_test.dart: app shell requests online-first sync once on startup
00:00 +15: C:/Users/andrvoicu/Desktop/repos/collectarr-app/test/app_shell_test.dart: app shell requests online-first sync once on startup
00:00 +16: C:/Users/andrvoicu/Desktop/repos/collectarr-app/test/app_shell_test.dart: app shell requests online-first sync once on startup
00:00 +17: C:/Users/andrvoicu/Desktop/repos/collectarr-app/test/app_shell_test.dart: app shell requests online-first sync once on startup
00:00 +18: C:/Users/andrvoicu/Desktop/repos/collectarr-app/test/app_shell_test.dart: app shell requests online-first sync once on startup
00:00 +19: C:/Users/andrvoicu/Desktop/repos/collectarr-app/test/app_shell_test.dart: app shell requests online-first sync once on startup
00:00 +20: C:/Users/andrvoicu/Desktop/repos/collectarr-app/test/app_shell_test.dart: app shell requests online-first sync once on startup
00:00 +21: C:/Users/andrvoicu/Desktop/repos/collectarr-app/test/app_shell_test.dart: app shell requests online-first sync once on startup
00:00 +22: C:/Users/andrvoicu/Desktop/repos/collectarr-app/test/app_shell_test.dart: app shell requests online-first sync once on startup
00:00 +23: C:/Users/andrvoicu/Desktop/repos/collectarr-app/test/app_shell_test.dart: app shell requests online-first sync once on startup
00:00 +24: C:/Users/andrvoicu/Desktop/repos/collectarr-app/test/app_shell_test.dart: app shell requests online-first sync once on startup
00:00 +25: C:/Users/andrvoicu/Desktop/repos/collectarr-app/test/app_shell_test.dart: app shell requests online-first sync once on startup
00:00 +26: C:/Users/andrvoicu/Desktop/repos/collectarr-app/test/app_shell_test.dart: app shell requests online-first sync once on startup
00:00 +27: C:/Users/andrvoicu/Desktop/repos/collectarr-app/test/app_shell_test.dart: app shell requests online-first sync once on startup
00:00 +28: C:/Users/andrvoicu/Desktop/repos/collectarr-app/test/app_shell_test.dart: app shell requests online-first sync once on startup
00:01 +29: C:/Users/andrvoicu/Desktop/repos/collectarr-app/test/app_shell_test.dart: app shell requests online-first sync once on startup
00:01 +30: C:/Users/andrvoicu/Desktop/repos/collectarr-app/test/app_shell_test.dart: app shell requests online-first sync once on startup
00:01 +31: C:/Users/andrvoicu/Desktop/repos/collectarr-app/test/app_shell_test.dart: app shell requests online-first sync once on startup
00:01 +32: C:/Users/andrvoicu/Desktop/repos/collectarr-app/test/app_shell_test.dart: app shell requests online-first sync once on startup
00:01 +33: C:/Users/andrvoicu/Desktop/repos/collectarr-app/test/app_shell_test.dart: app shell requests online-first sync once on startup
00:01 +34: C:/Users/andrvoicu/Desktop/repos/collectarr-app/test/app_shell_test.dart: app shell requests online-first sync once on startup
00:01 +35: C:/Users/andrvoicu/Desktop/repos/collectarr-app/test/app_shell_test.dart: app shell requests online-first sync once on startup
00:01 +36: C:/Users/andrvoicu/Desktop/repos/collectarr-app/test/app_shell_test.dart: app shell requests online-first sync once on startup
00:01 +37: C:/Users/andrvoicu/Desktop/repos/collectarr-app/test/app_shell_test.dart: app shell requests online-first sync once on startup
00:01 +38: C:/Users/andrvoicu/Desktop/repos/collectarr-app/test/app_shell_test.dart: app shell requests online-first sync once on startup
00:01 +39: C:/Users/andrvoicu/Desktop/repos/collectarr-app/test/app_shell_test.dart: app shell requests online-first sync once on startup
00:01 +40: C:/Users/andrvoicu/Desktop/repos/collectarr-app/test/app_shell_test.dart: app shell requests online-first sync once on startup
00:01 +41: C:/Users/andrvoicu/Desktop/repos/collectarr-app/test/app_shell_test.dart: app shell requests online-first sync once on startup
00:01 +42: C:/Users/andrvoicu/Desktop/repos/collectarr-app/test/app_shell_test.dart: app shell requests online-first sync once on startup
00:01 +43: C:/Users/andrvoicu/Desktop/repos/collectarr-app/test/app_shell_test.dart: app shell requests online-first sync once on startup
00:01 +44: C:/Users/andrvoicu/Desktop/repos/collectarr-app/test/app_shell_test.dart: app shell requests online-first sync once on startup
00:01 +45: C:/Users/andrvoicu/Desktop/repos/collectarr-app/test/app_shell_test.dart: app shell requests online-first sync once on startup
00:01 +46: C:/Users/andrvoicu/Desktop/repos/collectarr-app/test/app_shell_test.dart: app shell requests online-first sync once on startup
00:01 +47: C:/Users/andrvoicu/Desktop/repos/collectarr-app/test/app_shell_test.dart: app shell requests online-first sync once on startup
00:01 +48: C:/Users/andrvoicu/Desktop/repos/collectarr-app/test/app_shell_test.dart: app shell requests online-first sync once on startup
00:01 +49: C:/Users/andrvoicu/Desktop/repos/collectarr-app/test/app_shell_test.dart: app shell requests online-first sync once on startup
00:01 +50: C:/Users/andrvoicu/Desktop/repos/collectarr-app/test/core/loan_and_location_test.dart: LocationRepository create update and delete enqueue location sync changes
00:01 +51: C:/Users/andrvoicu/Desktop/repos/collectarr-app/test/app_shell_test.dart: app shell tints bottom navigation with active library color
00:01 +52: C:/Users/andrvoicu/Desktop/repos/collectarr-app/test/app_shell_test.dart: app shell tints bottom navigation with active library color
00:02 +53: C:/Users/andrvoicu/Desktop/repos/collectarr-app/test/app_shell_test.dart: app shell tints bottom navigation with active library color
00:02 +54: C:/Users/andrvoicu/Desktop/repos/collectarr-app/test/app_shell_test.dart: app shell tints bottom navigation with active library color
00:02 +55: C:/Users/andrvoicu/Desktop/repos/collectarr-app/test/app_shell_test.dart: app shell tints bottom navigation with active library color
00:02 +56: C:/Users/andrvoicu/Desktop/repos/collectarr-app/test/app_shell_test.dart: app shell tints bottom navigation with active library color
00:02 +57: C:/Users/andrvoicu/Desktop/repos/collectarr-app/test/app_shell_test.dart: app shell tints bottom navigation with active library color
00:02 +58: C:/Users/andrvoicu/Desktop/repos/collectarr-app/test/app_shell_test.dart: app shell tints bottom navigation with active library color
00:02 +59: C:/Users/andrvoicu/Desktop/repos/collectarr-app/test/app_shell_test.dart: app shell tints bottom navigation with active library color
00:02 +60: C:/Users/andrvoicu/Desktop/repos/collectarr-app/test/app_shell_test.dart: app shell tints bottom navigation with active library color
00:02 +61: C:/Users/andrvoicu/Desktop/repos/collectarr-app/test/app_shell_test.dart: app shell tints bottom navigation with active library color
00:02 +62: C:/Users/andrvoicu/Desktop/repos/collectarr-app/test/app_shell_test.dart: app shell tints bottom navigation with active library color
00:02 +63: C:/Users/andrvoicu/Desktop/repos/collectarr-app/test/app_shell_test.dart: app shell tints bottom navigation with active library color
00:02 +64: C:/Users/andrvoicu/Desktop/repos/collectarr-app/test/app_shell_test.dart: app shell tints bottom navigation with active library color
00:02 +65: C:/Users/andrvoicu/Desktop/repos/collectarr-app/test/app_shell_test.dart: app shell tints bottom navigation with active library color
00:02 +66: C:/Users/andrvoicu/Desktop/repos/collectarr-app/test/app_shell_test.dart: app shell tints bottom navigation with active library color
WARNING (drift): It looks like you've created the database class LocalDatabase multiple times. When these two databases use the same QueryExecutor, race conditions will occur and might corrupt the database. 
Try to follow the advice at https://drift.simonbinder.eu/faq/#using-the-database or, if you know what you're doing, set driftRuntimeOptions.dontWarnAboutMultipleDatabases = true
Here is the stacktrace from when the database was opened a second time:
#0      GeneratedDatabase._handleInstantiated (package:drift/src/runtime/api/db_base.dart:96:30)
#1      GeneratedDatabase._whenConstructed (package:drift/src/runtime/api/db_base.dart:73:12)
#2      new GeneratedDatabase (package:drift/src/runtime/api/db_base.dart:64:5)
#3      new _$LocalDatabase (package:collectarr_app/core/db/local_database.g.dart:12351:38)
#4      new LocalDatabase (package:collectarr_app/core/db/local_database.dart:387:9)
#5      localDatabaseProvider.<anonymous closure> (package:collectarr_app/state/local_database_provider.dart:5:14)
#6      Provider.create (package:riverpod/src/providers/provider.dart:59:36)
#7      $ProviderElement.create (package:riverpod/src/providers/provider.dart:343:32)
#8      ProviderElement.buildState (package:riverpod/src/core/element.dart:684:28)
#9      ProviderElement.mount (package:riverpod/src/core/element.dart:537:7)
#10     ProviderElement.flush (package:riverpod/src/core/element.dart:640:7)
#11     $ProviderBaseImpl._addListener (package:riverpod/src/core/provider/provider.dart:119:24)
#12     ProviderElement.listen (package:riverpod/src/core/element.dart:923:28)
#13     Ref.watch (package:riverpod/src/core/ref.dart:655:20)
#14     overdueLoanOwnedItemIdsProvider.<anonymous closure> (package:collectarr_app/features/library/home/home_counts.dart:26:35)
#15     FutureProvider.create (package:riverpod/src/providers/future_provider.dart:142:46)
#16     $FutureProviderElement.create.<anonymous closure> (package:riverpod/src/providers/future_provider.dart:167:45)
#17     ElementWithFuture.handleFuture.<anonymous closure> (package:riverpod/src/core/element.dart:206:30)
#18     ElementWithFuture._handleAsync (package:riverpod/src/core/element.dart:270:35)
#19     ElementWithFuture.handleFuture (package:riverpod/src/core/element.dart:200:12)
#20     $FutureProviderElement.create (package:riverpod/src/providers/future_provider.dart:167:12)
#21     ProviderElement.buildState (package:riverpod/src/core/element.dart:684:28)
#22     ProviderElement.mount (package:riverpod/src/core/element.dart:537:7)
#23     ProviderElement.flush (package:riverpod/src/core/element.dart:640:7)
#24     $ProviderBaseImpl._addListener (package:riverpod/src/core/provider/provider.dart:119:24)
#25     ProviderContainer.listen (package:riverpod/src/core/provider_container.dart:960:26)
#26     ConsumerStatefulElement.watch.<anonymous closure> (package:flutter_riverpod/src/core/consumer.dart:475:37)
#27     _LinkedHashMapMixin.putIfAbsent (dart:_compact_hash:682:23)
#28     ConsumerStatefulElement.watch (package:flutter_riverpod/src/core/consumer.dart:468:14)
#29     _LibraryHomePageState.build (package:collectarr_app/features/library/home/home_page.dart:90:41)
#30     StatefulElement.build (package:flutter/src/widgets/framework.dart:5931:27)
#31     ConsumerStatefulElement.build (package:flutter_riverpod/src/core/consumer.dart:445:20)
#32     ComponentElement.performRebuild (package:flutter/src/widgets/framework.dart:5817:15)
#33     StatefulElement.performRebuild (package:flutter/src/widgets/framework.dart:5982:11)
#34     Element.rebuild (package:flutter/src/widgets/framework.dart:5529:7)
#35     ComponentElement._firstBuild (package:flutter/src/widgets/framework.dart:5799:5)
#36     StatefulElement._firstBuild (package:flutter/src/widgets/framework.dart:5973:11)
#37     ComponentElement.mount (package:flutter/src/widgets/framework.dart:5793:5)
#38     Element.inflateWidget (package:flutter/src/widgets/framework.dart:4587:20)
#39     Element.updateChild (package:flutter/src/widgets/framework.dart:4059:18)
#40     ComponentElement.performRebuild (package:flutter/src/widgets/framework.dart:5841:16)
#41     Element.rebuild (package:flutter/src/widgets/framework.dart:5529:7)
#42     ComponentElement._firstBuild (package:flutter/src/widgets/framework.dart:5799:5)
#43     ComponentElement.mount (package:flutter/src/widgets/framework.dart:5793:5)
#44     Element.inflateWidget (package:flutter/src/widgets/framework.dart:4587:20)
#45     Element.updateChild (package:flutter/src/widgets/framework.dart:4059:18)
#46     SingleChildRenderObjectElement.mount (package:flutter/src/widgets/framework.dart:7115:14)
#47     Element.inflateWidget (package:flutter/src/widgets/framework.dart:4587:20)
#48     Element.updateChild (package:flutter/src/widgets/framework.dart:4059:18)
#49     ComponentElement.performRebuild (package:flutter/src/widgets/framework.dart:5841:16)
#50     Element.rebuild (package:flutter/src/widgets/framework.dart:5529:7)
#51     ComponentElement._firstBuild (package:flutter/src/widgets/framework.dart:5799:5)
#52     ComponentElement.mount (package:flutter/src/widgets/framework.dart:5793:5)
#53     Element.inflateWidget (package:flutter/src/widgets/framework.dart:4587:20)
#54     Element.updateChild (package:flutter/src/widgets/framework.dart:4059:18)
#55     SingleChildRenderObjectElement.mount (package:flutter/src/widgets/framework.dart:7115:14)
#56     Element.inflateWidget (package:flutter/src/widgets/framework.dart:4587:20)
#57     Element.updateChild (package:flutter/src/widgets/framework.dart:4059:18)
#58     SingleChildRenderObjectElement.mount (package:flutter/src/widgets/framework.dart:7115:14)
#59     Element.inflateWidget (package:flutter/src/widgets/framework.dart:4587:20)
#60     Element.updateChild (package:flutter/src/widgets/framework.dart:4059:18)
#61     ComponentElement.performRebuild (package:flutter/src/widgets/framework.dart:5841:16)
#62     StatefulElement.performRebuild (package:flutter/src/widgets/framework.dart:5982:11)
#63     Element.rebuild (package:flutter/src/widgets/framework.dart:5529:7)
#64     ComponentElement._firstBuild (package:flutter/src/widgets/framework.dart:5799:5)
#65     StatefulElement._firstBuild (package:flutter/src/widgets/framework.dart:5973:11)
#66     ComponentElement.mount (package:flutter/src/widgets/framework.dart:5793:5)
#67     Element.inflateWidget (package:flutter/src/widgets/framework.dart:4587:20)
#68     Element.updateChild (package:flutter/src/widgets/framework.dart:4059:18)
#69     SingleChildRenderObjectElement.mount (package:flutter/src/widgets/framework.dart:7115:14)
#70     Element.inflateWidget (package:flutter/src/widgets/framework.dart:4587:20)
#71     Element.updateChild (package:flutter/src/widgets/framework.dart:4059:18)
#72     ComponentElement.performRebuild (package:flutter/src/widgets/framework.dart:5841:16)
#73     StatefulElement.performRebuild (package:flutter/src/widgets/framework.dart:5982:11)
#74     Element.rebuild (package:flutter/src/widgets/framework.dart:5529:7)
#75     ComponentElement._firstBuild (package:flutter/src/widgets/framework.dart:5799:5)
#76     StatefulElement._firstBuild (package:flutter/src/widgets/framework.dart:5973:11)
#77     ComponentElement.mount (package:flutter/src/widgets/framework.dart:5793:5)
#78     Element.inflateWidget (package:flutter/src/widgets/framework.dart:4587:20)
#79     Element.updateChild (package:flutter/src/widgets/framework.dart:4059:18)
#80     SingleChildRenderObjectElement.mount (package:flutter/src/widgets/framework.dart:7115:14)
#81     Element.inflateWidget (package:flutter/src/widgets/framework.dart:4587:20)
#82     Element.updateChild (package:flutter/src/widgets/framework.dart:4059:18)
#83     SingleChildRenderObjectElement.mount (package:flutter/src/widgets/framework.dart:7115:14)
#84     Element.inflateWidget (package:flutter/src/widgets/framework.dart:4587:20)
#85     Element.updateChild (package:flutter/src/widgets/framework.dart:4059:18)
#86     ComponentElement.performRebuild (package:flutter/src/widgets/framework.dart:5841:16)
#87     StatefulElement.performRebuild (package:flutter/src/widgets/framework.dart:5982:11)
#88     Element.rebuild (package:flutter/src/widgets/framework.dart:5529:7)
#89     ComponentElement._firstBuild (package:flutter/src/widgets/framework.dart:5799:5)
#90     StatefulElement._firstBuild (package:flutter/src/widgets/framework.dart:5973:11)
#91     ComponentElement.mount (package:flutter/src/widgets/framework.dart:5793:5)
#92     Element.inflateWidget (package:flutter/src/widgets/framework.dart:4587:20)
#93     Element.updateChild (package:flutter/src/widgets/framework.dart:4059:18)
#94     SingleChildRenderObjectElement.mount (package:flutter/src/widgets/framework.dart:7115:14)
#95     Element.inflateWidget (package:flutter/src/widgets/framework.dart:4587:20)
#96     Element.updateChild (package:flutter/src/widgets/framework.dart:4059:18)
#97     ComponentElement.performRebuild (package:flutter/src/widgets/framework.dart:5841:16)
#98     StatefulElement.performRebuild (package:flutter/src/widgets/framework.dart:5982:11)
#99     Element.rebuild (package:flutter/src/widgets/framework.dart:5529:7)
#100    ComponentElement._firstBuild (package:flutter/src/widgets/framework.dart:5799:5)
#101    StatefulElement._firstBuild (package:flutter/src/widgets/framework.dart:5973:11)
#102    ComponentElement.mount (package:flutter/src/widgets/framework.dart:5793:5)
#103    Element.inflateWidget (package:flutter/src/widgets/framework.dart:4587:20)
#104    Element.updateChild (package:flutter/src/widgets/framework.dart:4059:18)
#105    SingleChildRenderObjectElement.mount (package:flutter/src/widgets/framework.dart:7115:14)
#106    Element.inflateWidget (package:flutter/src/widgets/framework.dart:4587:20)
#107    Element.updateChild (package:flutter/src/widgets/framework.dart:4059:18)
#108    SingleChildRenderObjectElement.mount (package:flutter/src/widgets/framework.dart:7115:14)
#109    Element.inflateWidget (package:flutter/src/widgets/framework.dart:4587:20)
#110    Element.updateChild (package:flutter/src/widgets/framework.dart:4059:18)
#111    ComponentElement.performRebuild (package:flutter/src/widgets/framework.dart:5841:16)
#112    StatefulElement.performRebuild (package:flutter/src/widgets/framework.dart:5982:11)
#113    Element.rebuild (package:flutter/src/widgets/framework.dart:5529:7)
#114    ComponentElement._firstBuild (package:flutter/src/widgets/framework.dart:5799:5)
#115    StatefulElement._firstBuild (package:flutter/src/widgets/framework.dart:5973:11)
#116    ComponentElement.mount (package:flutter/src/widgets/framework.dart:5793:5)
#117    Element.inflateWidget (package:flutter/src/widgets/framework.dart:4587:20)
#118    Element.updateChild (package:flutter/src/widgets/framework.dart:4059:18)
#119    SingleChildRenderObjectElement.mount (package:flutter/src/widgets/framework.dart:7115:14)
#120    Element.inflateWidget (package:flutter/src/widgets/framework.dart:4587:20)
#121    Element.updateChild (package:flutter/src/widgets/framework.dart:4059:18)
#122    SingleChildRenderObjectElement.mount (package:flutter/src/widgets/framework.dart:7115:14)
#123    Element.inflateWidget (package:flutter/src/widgets/framework.dart:4587:20)
#124    Element.updateChild (package:flutter/src/widgets/framework.dart:4059:18)
#125    SingleChildRenderObjectElement.mount (package:flutter/src/widgets/framework.dart:7115:14)
#126    Element.inflateWidget (package:flutter/src/widgets/framework.dart:4587:20)
#127    Element.updateChild (package:flutter/src/widgets/framework.dart:4059:18)
#128    ComponentElement.performRebuild (package:flutter/src/widgets/framework.dart:5841:16)
#129    StatefulElement.performRebuild (package:flutter/src/widgets/framework.dart:5982:11)
#130    Element.rebuild (package:flutter/src/widgets/framework.dart:5529:7)
#131    ComponentElement._firstBuild (package:flutter/src/widgets/framework.dart:5799:5)
#132    StatefulElement._firstBuild (package:flutter/src/widgets/framework.dart:5973:11)
#133    ComponentElement.mount (package:flutter/src/widgets/framework.dart:5793:5)
#134    Element.inflateWidget (package:flutter/src/widgets/framework.dart:4587:20)
#135    Element.updateChild (package:flutter/src/widgets/framework.dart:4059:18)
#136    SingleChildRenderObjectElement.mount (package:flutter/src/widgets/framework.dart:7115:14)
#137    Element.inflateWidget (package:flutter/src/widgets/framework.dart:4587:20)
#138    Element.updateChild (package:flutter/src/widgets/framework.dart:4059:18)
#139    ComponentElement.performRebuild (package:flutter/src/widgets/framework.dart:5841:16)
#140    StatefulElement.performRebuild (package:flutter/src/widgets/framework.dart:5982:11)
#141    Element.rebuild (package:flutter/src/widgets/framework.dart:5529:7)
#142    ComponentElement._firstBuild (package:flutter/src/widgets/framework.dart:5799:5)
#143    StatefulElement._firstBuild (package:flutter/src/widgets/framework.dart:5973:11)
#144    ComponentElement.mount (package:flutter/src/widgets/framework.dart:5793:5)
#145    Element.inflateWidget (package:flutter/src/widgets/framework.dart:4587:20)
#146    Element.updateChild (package:flutter/src/widgets/framework.dart:4059:18)
#147    ComponentElement.performRebuild (package:flutter/src/widgets/framework.dart:5841:16)
#148    Element.rebuild (package:flutter/src/widgets/framework.dart:5529:7)
#149    ComponentElement._firstBuild (package:flutter/src/widgets/framework.dart:5799:5)
#150    ComponentElement.mount (package:flutter/src/widgets/framework.dart:5793:5)
#151    Element.inflateWidget (package:flutter/src/widgets/framework.dart:4587:20)
#152    Element.updateChild (package:flutter/src/widgets/framework.dart:4059:18)
#153    ComponentElement.performRebuild (package:flutter/src/widgets/framework.dart:5841:16)
#154    StatefulElement.performRebuild (package:flutter/src/widgets/framework.dart:5982:11)
#155    Element.rebuild (package:flutter/src/widgets/framework.dart:5529:7)
#156    ComponentElement._firstBuild (package:flutter/src/widgets/framework.dart:5799:5)
#157    StatefulElement._firstBuild (package:flutter/src/widgets/framework.dart:5973:11)
#158    ComponentElement.mount (package:flutter/src/widgets/framework.dart:5793:5)
#159    Element.inflateWidget (package:flutter/src/widgets/framework.dart:4587:20)
#160    Element.updateChild (package:flutter/src/widgets/framework.dart:4059:18)
#161    ComponentElement.performRebuild (package:flutter/src/widgets/framework.dart:5841:16)
#162    StatefulElement.performRebuild (package:flutter/src/widgets/framework.dart:5982:11)
#163    Element.rebuild (package:flutter/src/widgets/framework.dart:5529:7)
#164    ComponentElement._firstBuild (package:flutter/src/widgets/framework.dart:5799:5)
#165    StatefulElement._firstBuild (package:flutter/src/widgets/framework.dart:5973:11)
#166    ComponentElement.mount (package:flutter/src/widgets/framework.dart:5793:5)
#167    Element.inflateWidget (package:flutter/src/widgets/framework.dart:4587:20)
#168    Element.updateChild (package:flutter/src/widgets/framework.dart:4059:18)
#169    ComponentElement.performRebuild (package:flutter/src/widgets/framework.dart:5841:16)
#170    StatefulElement.performRebuild (package:flutter/src/widgets/framework.dart:5982:11)
#171    Element.rebuild (package:flutter/src/widgets/framework.dart:5529:7)
#172    ComponentElement._firstBuild (package:flutter/src/widgets/framework.dart:5799:5)
#173    StatefulElement._firstBuild (package:flutter/src/widgets/framework.dart:5973:11)
#174    ComponentElement.mount (package:flutter/src/widgets/framework.dart:5793:5)
#175    Element.inflateWidget (package:flutter/src/widgets/framework.dart:4587:20)
#176    Element.updateChild (package:flutter/src/widgets/framework.dart:4059:18)
#177    SingleChildRenderObjectElement.mount (package:flutter/src/widgets/framework.dart:7115:14)
#178    Element.inflateWidget (package:flutter/src/widgets/framework.dart:4587:20)
#179    Element.updateChild (package:flutter/src/widgets/framework.dart:4059:18)
#180    ComponentElement.performRebuild (package:flutter/src/widgets/framework.dart:5841:16)
#181    Element.rebuild (package:flutter/src/widgets/framework.dart:5529:7)
#182    ComponentElement._firstBuild (package:flutter/src/widgets/framework.dart:5799:5)
#183    ComponentElement.mount (package:flutter/src/widgets/framework.dart:5793:5)
#184    Element.inflateWidget (package:flutter/src/widgets/framework.dart:4587:20)
#185    Element.updateChild (package:flutter/src/widgets/framework.dart:4059:18)
#186    SingleChildRenderObjectElement.mount (package:flutter/src/widgets/framework.dart:7115:14)
#187    Element.inflateWidget (package:flutter/src/widgets/framework.dart:4587:20)
#188    Element.updateChild (package:flutter/src/widgets/framework.dart:4059:18)
#189    ComponentElement.performRebuild (package:flutter/src/widgets/framework.dart:5841:16)
#190    StatefulElement.performRebuild (package:flutter/src/widgets/framework.dart:5982:11)
#191    Element.rebuild (package:flutter/src/widgets/framework.dart:5529:7)
#192    ComponentElement._firstBuild (package:flutter/src/widgets/framework.dart:5799:5)
#193    StatefulElement._firstBuild (package:flutter/src/widgets/framework.dart:5973:11)
#194    ComponentElement.mount (package:flutter/src/widgets/framework.dart:5793:5)
#195    Element.inflateWidget (package:flutter/src/widgets/framework.dart:4587:20)
#196    Element.updateChild (package:flutter/src/widgets/framework.dart:4059:18)
#197    ComponentElement.performRebuild (package:flutter/src/widgets/framework.dart:5841:16)
#198    Element.rebuild (package:flutter/src/widgets/framework.dart:5529:7)
#199    ComponentElement._firstBuild (package:flutter/src/widgets/framework.dart:5799:5)
#200    ComponentElement.mount (package:flutter/src/widgets/framework.dart:5793:5)
#201    Element.inflateWidget (package:flutter/src/widgets/framework.dart:4587:20)
#202    Element.updateChild (package:flutter/src/widgets/framework.dart:4059:18)
#203    ComponentElement.performRebuild (package:flutter/src/widgets/framework.dart:5841:16)
#204    Element.rebuild (package:flutter/src/widgets/framework.dart:5529:7)
#205    ComponentElement._firstBuild (package:flutter/src/widgets/framework.dart:5799:5)
#206    ComponentElement.mount (package:flutter/src/widgets/framework.dart:5793:5)
#207    Element.inflateWidget (package:flutter/src/widgets/framework.dart:4587:20)
#208    Element.updateChild (package:flutter/src/widgets/framework.dart:4059:18)
#209    ComponentElement.performRebuild (package:flutter/src/widgets/framework.dart:5841:16)
#210    StatefulElement.performRebuild (package:flutter/src/widgets/framework.dart:5982:11)
#211    Element.rebuild (package:flutter/src/widgets/framework.dart:5529:7)
#212    ComponentElement._firstBuild (package:flutter/src/widgets/framework.dart:5799:5)
#213    StatefulElement._firstBuild (package:flutter/src/widgets/framework.dart:5973:11)
#214    ComponentElement.mount (package:flutter/src/widgets/framework.dart:5793:5)
#215    Element.inflateWidget (package:flutter/src/widgets/framework.dart:4587:20)
#216    Element.updateChild (package:flutter/src/widgets/framework.dart:4059:18)
#217    ComponentElement.performRebuild (package:flutter/src/widgets/framework.dart:5841:16)
#218    Element.rebuild (package:flutter/src/widgets/framework.dart:5529:7)
#219    ComponentElement._firstBuild (package:flutter/src/widgets/framework.dart:5799:5)
#220    ComponentElement.mount (package:flutter/src/widgets/framework.dart:5793:5)
#221    Element.inflateWidget (package:flutter/src/widgets/framework.dart:4587:20)
#222    Element.updateChild (package:flutter/src/widgets/framework.dart:4059:18)
#223    ComponentElement.performRebuild (package:flutter/src/widgets/framework.dart:5841:16)
#224    Element.rebuild (package:flutter/src/widgets/framework.dart:5529:7)
#225    ComponentElement._firstBuild (package:flutter/src/widgets/framework.dart:5799:5)
#226    ComponentElement.mount (package:flutter/src/widgets/framework.dart:5793:5)
#227    Element.inflateWidget (package:flutter/src/widgets/framework.dart:4587:20)
#228    Element.updateChild (package:flutter/src/widgets/framework.dart:4059:18)
#229    SingleChildRenderObjectElement.mount (package:flutter/src/widgets/framework.dart:7115:14)
#230    Element.inflateWidget (package:flutter/src/widgets/framework.dart:4587:20)
#231    Element.updateChild (package:flutter/src/widgets/framework.dart:4059:18)
#232    ComponentElement.performRebuild (package:flutter/src/widgets/framework.dart:5841:16)
#233    Element.rebuild (package:flutter/src/widgets/framework.dart:5529:7)
#234    ComponentElement._firstBuild (package:flutter/src/widgets/framework.dart:5799:5)
#235    ComponentElement.mount (package:flutter/src/widgets/framework.dart:5793:5)
#236    Element.inflateWidget (package:flutter/src/widgets/framework.dart:4587:20)
#237    Element.updateChild (package:flutter/src/widgets/framework.dart:4059:18)
#238    ComponentElement.performRebuild (package:flutter/src/widgets/framework.dart:5841:16)
#239    Element.rebuild (package:flutter/src/widgets/framework.dart:5529:7)
#240    ComponentElement._firstBuild (package:flutter/src/widgets/framework.dart:5799:5)
#241    ComponentElement.mount (package:flutter/src/widgets/framework.dart:5793:5)
#242    Element.inflateWidget (package:flutter/src/widgets/framework.dart:4587:20)
#243    Element.updateChild (package:flutter/src/widgets/framework.dart:4059:18)
#244    ComponentElement.performRebuild (package:flutter/src/widgets/framework.dart:5841:16)
#245    StatefulElement.performRebuild (package:flutter/src/widgets/framework.dart:5982:11)
#246    Element.rebuild (package:flutter/src/widgets/framework.dart:5529:7)
#247    ComponentElement._firstBuild (package:flutter/src/widgets/framework.dart:5799:5)
#248    StatefulElement._firstBuild (package:flutter/src/widgets/framework.dart:5973:11)
#249    ComponentElement.mount (package:flutter/src/widgets/framework.dart:5793:5)
#250    Element.inflateWidget (package:flutter/src/widgets/framework.dart:4587:20)
#251    Element.updateChild (package:flutter/src/widgets/framework.dart:4059:18)
#252    ComponentElement.performRebuild (package:flutter/src/widgets/framework.dart:5841:16)
#253    StatefulElement.performRebuild (package:flutter/src/widgets/framework.dart:5982:11)
#254    Element.rebuild (package:flutter/src/widgets/framework.dart:5529:7)
#255    ComponentElement._firstBuild (package:flutter/src/widgets/framework.dart:5799:5)
#256    StatefulElement._firstBuild (package:flutter/src/widgets/framework.dart:5973:11)
#257    ComponentElement.mount (package:flutter/src/widgets/framework.dart:5793:5)
#258    Element.inflateWidget (package:flutter/src/widgets/framework.dart:4587:20)
#259    Element.updateChild (package:flutter/src/widgets/framework.dart:4059:18)
#260    ComponentElement.performRebuild (package:flutter/src/widgets/framework.dart:5841:16)
#261    StatefulElement.performRebuild (package:flutter/src/widgets/framework.dart:5982:11)
#262    Element.rebuild (package:flutter/src/widgets/framework.dart:5529:7)
#263    ComponentElement._firstBuild (package:flutter/src/widgets/framework.dart:5799:5)
#264    StatefulElement._firstBuild (package:flutter/src/widgets/framework.dart:5973:11)
#265    ComponentElement.mount (package:flutter/src/widgets/framework.dart:5793:5)
#266    Element.inflateWidget (package:flutter/src/widgets/framework.dart:4587:20)
#267    Element.updateChild (package:flutter/src/widgets/framework.dart:4059:18)
#268    SingleChildRenderObjectElement.mount (package:flutter/src/widgets/framework.dart:7115:14)
#269    Element.inflateWidget (package:flutter/src/widgets/framework.dart:4587:20)
#270    Element.updateChild (package:flutter/src/widgets/framework.dart:4059:18)
#271    ComponentElement.performRebuild (package:flutter/src/widgets/framework.dart:5841:16)
#272    Element.rebuild (package:flutter/src/widgets/framework.dart:5529:7)
#273    ComponentElement._firstBuild (package:flutter/src/widgets/framework.dart:5799:5)
#274    ComponentElement.mount (package:flutter/src/widgets/framework.dart:5793:5)
#275    Element.inflateWidget (package:flutter/src/widgets/framework.dart:4587:20)
#276    Element.updateChild (package:flutter/src/widgets/framework.dart:4059:18)
#277    ComponentElement.performRebuild (package:flutter/src/widgets/framework.dart:5841:16)
#278    Element.rebuild (package:flutter/src/widgets/framework.dart:5529:7)
#279    ComponentElement._firstBuild (package:flutter/src/widgets/framework.dart:5799:5)
#280    ComponentElement.mount (package:flutter/src/widgets/framework.dart:5793:5)
#281    Element.inflateWidget (package:flutter/src/widgets/framework.dart:4587:20)
#282    Element.updateChild (package:flutter/src/widgets/framework.dart:4059:18)
#283    ComponentElement.performRebuild (package:flutter/src/widgets/framework.dart:5841:16)
#284    Element.rebuild (package:flutter/src/widgets/framework.dart:5529:7)
#285    ComponentElement._firstBuild (package:flutter/src/widgets/framework.dart:5799:5)
#286    ComponentElement.mount (package:flutter/src/widgets/framework.dart:5793:5)
#287    Element.inflateWidget (package:flutter/src/widgets/framework.dart:4587:20)
#288    Element.updateChild (package:flutter/src/widgets/framework.dart:4059:18)
#289    ComponentElement.performRebuild (package:flutter/src/widgets/framework.dart:5841:16)
#290    StatefulElement.performRebuild (package:flutter/src/widgets/framework.dart:5982:11)
#291    Element.rebuild (package:flutter/src/widgets/framework.dart:5529:7)
#292    ComponentElement._firstBuild (package:flutter/src/widgets/framework.dart:5799:5)
#293    StatefulElement._firstBuild (package:flutter/src/widgets/framework.dart:5973:11)
#294    ComponentElement.mount (package:flutter/src/widgets/framework.dart:5793:5)
#295    Element.inflateWidget (package:flutter/src/widgets/framework.dart:4587:20)
#296    Element.updateChild (package:flutter/src/widgets/framework.dart:4059:18)
#297    ComponentElement.performRebuild (package:flutter/src/widgets/framework.dart:5841:16)
#298    StatefulElement.performRebuild (package:flutter/src/widgets/framework.dart:5982:11)
#299    Element.rebuild (package:flutter/src/widgets/framework.dart:5529:7)
#300    ComponentElement._firstBuild (package:flutter/src/widgets/framework.dart:5799:5)
#301    StatefulElement._firstBuild (package:flutter/src/widgets/framework.dart:5973:11)
#302    ComponentElement.mount (package:flutter/src/widgets/framework.dart:5793:5)
#303    Element.inflateWidget (package:flutter/src/widgets/framework.dart:4587:20)
#304    MultiChildRenderObjectElement.inflateWidget (package:flutter/src/widgets/framework.dart:7264:36)
#305    MultiChildRenderObjectElement.mount (package:flutter/src/widgets/framework.dart:7279:32)
#306    Element.inflateWidget (package:flutter/src/widgets/framework.dart:4587:20)
#307    Element.updateChild (package:flutter/src/widgets/framework.dart:4059:18)
#308    ComponentElement.performRebuild (package:flutter/src/widgets/framework.dart:5841:16)
#309    StatefulElement.performRebuild (package:flutter/src/widgets/framework.dart:5982:11)
#310    Element.rebuild (package:flutter/src/widgets/framework.dart:5529:7)
#311    ComponentElement._firstBuild (package:flutter/src/widgets/framework.dart:5799:5)
#312    StatefulElement._firstBuild (package:flutter/src/widgets/framework.dart:5973:11)
#313    ComponentElement.mount (package:flutter/src/widgets/framework.dart:5793:5)
#314    Element.inflateWidget (package:flutter/src/widgets/framework.dart:4587:20)
#315    Element.updateChild (package:flutter/src/widgets/framework.dart:4059:18)
#316    ComponentElement.performRebuild (package:flutter/src/widgets/framework.dart:5841:16)
#317    Element.rebuild (package:flutter/src/widgets/framework.dart:5529:7)
#318    ComponentElement._firstBuild (package:flutter/src/widgets/framework.dart:5799:5)
#319    ComponentElement.mount (package:flutter/src/widgets/framework.dart:5793:5)
#320    Element.inflateWidget (package:flutter/src/widgets/framework.dart:4587:20)
#321    Element.updateChild (package:flutter/src/widgets/framework.dart:4059:18)
#322    ComponentElement.performRebuild (package:flutter/src/widgets/framework.dart:5841:16)
#323    Element.rebuild (package:flutter/src/widgets/framework.dart:5529:7)
#324    ComponentElement._firstBuild (package:flutter/src/widgets/framework.dart:5799:5)
#325    ComponentElement.mount (package:flutter/src/widgets/framework.dart:5793:5)
#326    Element.inflateWidget (package:flutter/src/widgets/framework.dart:4587:20)
#327    Element.updateChild (package:flutter/src/widgets/framework.dart:4059:18)
#328    ComponentElement.performRebuild (package:flutter/src/widgets/framework.dart:5841:16)
#329    StatefulElement.performRebuild (package:flutter/src/widgets/framework.dart:5982:11)
#330    Element.rebuild (package:flutter/src/widgets/framework.dart:5529:7)
#331    ComponentElement._firstBuild (package:flutter/src/widgets/framework.dart:5799:5)
#332    StatefulElement._firstBuild (package:flutter/src/widgets/framework.dart:5973:11)
#333    ComponentElement.mount (package:flutter/src/widgets/framework.dart:5793:5)
#334    Element.inflateWidget (package:flutter/src/widgets/framework.dart:4587:20)
#335    Element.updateChild (package:flutter/src/widgets/framework.dart:4059:18)
#336    ComponentElement.performRebuild (package:flutter/src/widgets/framework.dart:5841:16)
#337    Element.rebuild (package:flutter/src/widgets/framework.dart:5529:7)
#338    ComponentElement._firstBuild (package:flutter/src/widgets/framework.dart:5799:5)
#339    ComponentElement.mount (package:flutter/src/widgets/framework.dart:5793:5)
#340    Element.inflateWidget (package:flutter/src/widgets/framework.dart:4587:20)
#341    Element.updateChild (package:flutter/src/widgets/framework.dart:4059:18)
#342    ComponentElement.performRebuild (package:flutter/src/widgets/framework.dart:5841:16)
#343    StatefulElement.performRebuild (package:flutter/src/widgets/framework.dart:5982:11)
#344    Element.rebuild (package:flutter/src/widgets/framework.dart:5529:7)
#345    ComponentElement._firstBuild (package:flutter/src/widgets/framework.dart:5799:5)
#346    StatefulElement._firstBuild (package:flutter/src/widgets/framework.dart:5973:11)
#347    ComponentElement.mount (package:flutter/src/widgets/framework.dart:5793:5)
#348    Element.inflateWidget (package:flutter/src/widgets/framework.dart:4587:20)
#349    Element.updateChild (package:flutter/src/widgets/framework.dart:4059:18)
#350    ComponentElement.performRebuild (package:flutter/src/widgets/framework.dart:5841:16)
#351    StatefulElement.performRebuild (package:flutter/src/widgets/framework.dart:5982:11)
#352    Element.rebuild (package:flutter/src/widgets/framework.dart:5529:7)
#353    ComponentElement._firstBuild (package:flutter/src/widgets/framework.dart:5799:5)
#354    StatefulElement._firstBuild (package:flutter/src/widgets/framework.dart:5973:11)
#355    ComponentElement.mount (package:flutter/src/widgets/framework.dart:5793:5)
#356    Element.inflateWidget (package:flutter/src/widgets/framework.dart:4587:20)
#357    Element.updateChild (package:flutter/src/widgets/framework.dart:4059:18)
#358    SingleChildRenderObjectElement.mount (package:flutter/src/widgets/framework.dart:7115:14)
#359    Element.inflateWidget (package:flutter/src/widgets/framework.dart:4587:20)
#360    Element.updateChild (package:flutter/src/widgets/framework.dart:4059:18)
#361    SingleChildRenderObjectElement.mount (package:flutter/src/widgets/framework.dart:7115:14)
#362    Element.inflateWidget (package:flutter/src/widgets/framework.dart:4587:20)
#363    Element.updateChild (package:flutter/src/widgets/framework.dart:4059:18)
#364    ComponentElement.performRebuild (package:flutter/src/widgets/framework.dart:5841:16)
#365    Element.rebuild (package:flutter/src/widgets/framework.dart:5529:7)
#366    ComponentElement._firstBuild (package:flutter/src/widgets/framework.dart:5799:5)
#367    ComponentElement.mount (package:flutter/src/widgets/framework.dart:5793:5)
#368    Element.inflateWidget (package:flutter/src/widgets/framework.dart:4587:20)
#369    Element.updateChild (package:flutter/src/widgets/framework.dart:4059:18)
#370    ComponentElement.performRebuild (package:flutter/src/widgets/framework.dart:5841:16)
#371    Element.rebuild (package:flutter/src/widgets/framework.dart:5529:7)
#372    ComponentElement._firstBuild (package:flutter/src/widgets/framework.dart:5799:5)
#373    ComponentElement.mount (package:flutter/src/widgets/framework.dart:5793:5)
#374    Element.inflateWidget (package:flutter/src/widgets/framework.dart:4587:20)
#375    Element.updateChild (package:flutter/src/widgets/framework.dart:4059:18)
#376    ComponentElement.performRebuild (package:flutter/src/widgets/framework.dart:5841:16)
#377    StatefulElement.performRebuild (package:flutter/src/widgets/framework.dart:5982:11)
#378    Element.rebuild (package:flutter/src/widgets/framework.dart:5529:7)
#379    ComponentElement._firstBuild (package:flutter/src/widgets/framework.dart:5799:5)
#380    StatefulElement._firstBuild (package:flutter/src/widgets/framework.dart:5973:11)
#381    ComponentElement.mount (package:flutter/src/widgets/framework.dart:5793:5)
#382    Element.inflateWidget (package:flutter/src/widgets/framework.dart:4587:20)
#383    Element.updateChild (package:flutter/src/widgets/framework.dart:4059:18)
#384    ComponentElement.performRebuild (package:flutter/src/widgets/framework.dart:5841:16)
#385    Element.rebuild (package:flutter/src/widgets/framework.dart:5529:7)
#386    ComponentElement._firstBuild (package:flutter/src/widgets/framework.dart:5799:5)
#387    ComponentElement.mount (package:flutter/src/widgets/framework.dart:5793:5)
#388    Element.inflateWidget (package:flutter/src/widgets/framework.dart:4587:20)
#389    Element.updateChild (package:flutter/src/widgets/framework.dart:4059:18)
#390    ComponentElement.performRebuild (package:flutter/src/widgets/framework.dart:5841:16)
#391    Element.rebuild (package:flutter/src/widgets/framework.dart:5529:7)
#392    ComponentElement._firstBuild (package:flutter/src/widgets/framework.dart:5799:5)
#393    ComponentElement.mount (package:flutter/src/widgets/framework.dart:5793:5)
#394    Element.inflateWidget (package:flutter/src/widgets/framework.dart:4587:20)
#395    Element.updateChild (package:flutter/src/widgets/framework.dart:4059:18)
#396    ComponentElement.performRebuild (package:flutter/src/widgets/framework.dart:5841:16)
#397    StatefulElement.performRebuild (package:flutter/src/widgets/framework.dart:5982:11)
#398    Element.rebuild (package:flutter/src/widgets/framework.dart:5529:7)
#399    ComponentElement._firstBuild (package:flutter/src/widgets/framework.dart:5799:5)
#400    StatefulElement._firstBuild (package:flutter/src/widgets/framework.dart:5973:11)
#401    ComponentElement.mount (package:flutter/src/widgets/framework.dart:5793:5)
#402    Element.inflateWidget (package:flutter/src/widgets/framework.dart:4587:20)
#403    Element.updateChild (package:flutter/src/widgets/framework.dart:4059:18)
#404    ComponentElement.performRebuild (package:flutter/src/widgets/framework.dart:5841:16)
#405    StatefulElement.performRebuild (package:flutter/src/widgets/framework.dart:5982:11)
#406    Element.rebuild (package:flutter/src/widgets/framework.dart:5529:7)
#407    ComponentElement._firstBuild (package:flutter/src/widgets/framework.dart:5799:5)
#408    StatefulElement._firstBuild (package:flutter/src/widgets/framework.dart:5973:11)
#409    ComponentElement.mount (package:flutter/src/widgets/framework.dart:5793:5)
#410    Element.inflateWidget (package:flutter/src/widgets/framework.dart:4587:20)
#411    Element.updateChild (package:flutter/src/widgets/framework.dart:4059:18)
#412    ComponentElement.performRebuild (package:flutter/src/widgets/framework.dart:5841:16)
#413    StatefulElement.performRebuild (package:flutter/src/widgets/framework.dart:5982:11)
#414    Element.rebuild (package:flutter/src/widgets/framework.dart:5529:7)
#415    ComponentElement._firstBuild (package:flutter/src/widgets/framework.dart:5799:5)
#416    StatefulElement._firstBuild (package:flutter/src/widgets/framework.dart:5973:11)
#417    ComponentElement.mount (package:flutter/src/widgets/framework.dart:5793:5)
#418    Element.inflateWidget (package:flutter/src/widgets/framework.dart:4587:20)
#419    Element.updateChild (package:flutter/src/widgets/framework.dart:4059:18)
#420    ComponentElement.performRebuild (package:flutter/src/widgets/framework.dart:5841:16)
#421    Element.rebuild (package:flutter/src/widgets/framework.dart:5529:7)
#422    ComponentElement._firstBuild (package:flutter/src/widgets/framework.dart:5799:5)
#423    ComponentElement.mount (package:flutter/src/widgets/framework.dart:5793:5)
#424    Element.inflateWidget (package:flutter/src/widgets/framework.dart:4587:20)
#425    Element.updateChild (package:flutter/src/widgets/framework.dart:4059:18)
#426    ComponentElement.performRebuild (package:flutter/src/widgets/framework.dart:5841:16)
#427    StatefulElement.performRebuild (package:flutter/src/widgets/framework.dart:5982:11)
#428    Element.rebuild (package:flutter/src/widgets/framework.dart:5529:7)
#429    ComponentElement._firstBuild (package:flutter/src/widgets/framework.dart:5799:5)
#430    StatefulElement._firstBuild (package:flutter/src/widgets/framework.dart:5973:11)
#431    ComponentElement.mount (package:flutter/src/widgets/framework.dart:5793:5)
#432    Element.inflateWidget (package:flutter/src/widgets/framework.dart:4587:20)
#433    Element.updateChild (package:flutter/src/widgets/framework.dart:4059:18)
#434    SingleChildRenderObjectElement.mount (package:flutter/src/widgets/framework.dart:7115:14)
00:02 +67: C:/Users/andrvoicu/Desktop/repos/collectarr-app/test/app_shell_test.dart: app shell tints bottom navigation with active library color
00:02 +68: C:/Users/andrvoicu/Desktop/repos/collectarr-app/test/app_shell_test.dart: app shell tints bottom navigation with active library color
00:02 +69: C:/Users/andrvoicu/Desktop/repos/collectarr-app/test/app_shell_test.dart: app shell tints bottom navigation with active library color
00:02 +70: C:/Users/andrvoicu/Desktop/repos/collectarr-app/test/app_shell_test.dart: app shell tints bottom navigation with active library color
00:02 +71: C:/Users/andrvoicu/Desktop/repos/collectarr-app/test/app_shell_test.dart: app shell tints bottom navigation with active library color
#435    Element.inflateWidget (package:flutter/src/widgets/framework.dart:4587:20)
#436    Element.updateChild (package:flutter/src/widgets/framework.dart:4059:18)
#437    ComponentElement.performRebuild (package:flutter/src/widgets/framework.dart:5841:16)
#438    Element.rebuild (package:flutter/src/widgets/framework.dart:5529:7)
00:02 +72: C:/Users/andrvoicu/Desktop/repos/collectarr-app/test/app_shell_test.dart: app shell tints bottom navigation with active library color
#439    ComponentElement._firstBuild (package:flutter/src/widgets/framework.dart:5799:5)
#440    ComponentElement.mount (package:flutter/src/widgets/framework.dart:5793:5)
#441    Element.inflateWidget (package:flutter/src/widgets/framework.dart:4587:20)
#442    Element.updateChild (package:flutter/src/widgets/framework.dart:4059:18)
#443    ComponentElement.performRebuild (package:flutter/src/widgets/framework.dart:5841:16)
#444    StatefulElement.performRebuild (package:flutter/src/widgets/framework.dart:5982:11)
#445    Element.rebuild (package:flutter/src/widgets/framework.dart:5529:7)
#446    ComponentElement._firstBuild (package:flutter/src/widgets/framework.dart:5799:5)
#447    StatefulElement._firstBuild (package:flutter/src/widgets/framework.dart:5973:11)
#448    ComponentElement.mount (package:flutter/src/widgets/framework.dart:5793:5)
#449    Element.inflateWidget (package:flutter/src/widgets/framework.dart:4587:20)
#450    Element.updateChild (package:flutter/src/widgets/framework.dart:4059:18)
#451    ComponentElement.performRebuild (package:flutter/src/widgets/framework.dart:5841:16)
#452    Element.rebuild (package:flutter/src/widgets/framework.dart:5529:7)
#453    ComponentElement._firstBuild (package:flutter/src/widgets/framework.dart:5799:5)
#454    ComponentElement.mount (package:flutter/src/widgets/framework.dart:5793:5)
#455    Element.inflateWidget (package:flutter/src/widgets/framework.dart:4587:20)
#456    Element.updateChild (package:flutter/src/widgets/framework.dart:4059:18)
00:02 +73: C:/Users/andrvoicu/Desktop/repos/collectarr-app/test/app_shell_test.dart: app shell tints bottom navigation with active library color
#457    SingleChildRenderObjectElement.mount (package:flutter/src/widgets/framework.dart:7115:14)
#458    Element.inflateWidget (package:flutter/src/widgets/framework.dart:4587:20)
#459    Element.updateChild (package:flutter/src/widgets/framework.dart:4059:18)
#460    SingleChildRenderObjectElement.mount (package:flutter/src/widgets/framework.dart:7115:14)
#461    Element.inflateWidget (package:flutter/src/widgets/framework.dart:4587:20)
#462    Element.updateChild (package:flutter/src/widgets/framework.dart:4059:18)
#463    ComponentElement.performRebuild (package:flutter/src/widgets/framework.dart:5841:16)
#464    Element.rebuild (package:flutter/src/widgets/framework.dart:5529:7)
#465    ComponentElement._firstBuild (package:flutter/src/widgets/framework.dart:5799:5)
#466    ComponentElement.mount (package:flutter/src/widgets/framework.dart:5793:5)
#467    Element.inflateWidget (package:flutter/src/widgets/framework.dart:4587:20)
#468    Element.updateChild (package:flutter/src/widgets/framework.dart:4059:18)
#469    ComponentElement.performRebuild (package:flutter/src/widgets/framework.dart:5841:16)
#470    Element.rebuild (package:flutter/src/widgets/framework.dart:5529:7)
#471    ComponentElement._firstBuild (package:flutter/src/widgets/framework.dart:5799:5)
00:02 +74: C:/Users/andrvoicu/Desktop/repos/collectarr-app/test/app_shell_test.dart: app shell tints bottom navigation with active library color
#472    ComponentElement.mount (package:flutter/src/widgets/framework.dart:5793:5)
#473    Element.inflateWidget (package:flutter/src/widgets/framework.dart:4587:20)
#474    MultiChildRenderObjectElement.inflateWidget (package:flutter/src/widgets/framework.dart:7264:36)
#475    MultiChildRenderObjectElement.mount (package:flutter/src/widgets/framework.dart:7279:32)
#476    Element.inflateWidget (package:flutter/src/widgets/framework.dart:4587:20)
#477    Element.updateChild (package:flutter/src/widgets/framework.dart:4059:18)
#478    ComponentElement.performRebuild (package:flutter/src/widgets/framework.dart:5841:16)
#479    Element.rebuild (package:flutter/src/widgets/framework.dart:5529:7)
#480    ComponentElement._firstBuild (package:flutter/src/widgets/framework.dart:5799:5)
#481    ComponentElement.mount (package:flutter/src/widgets/framework.dart:5793:5)
#482    Element.inflateWidget (package:flutter/src/widgets/framework.dart:4587:20)
#483    Element.updateChild (package:flutter/src/widgets/framework.dart:4059:18)
#484    ComponentElement.performRebuild (package:flutter/src/widgets/framework.dart:5841:16)
#485    Element.rebuild (package:flutter/src/widgets/framework.dart:5529:7)
#486    ComponentElement._firstBuild (package:flutter/src/widgets/framework.dart:5799:5)
#487    ComponentElement.mount (package:flutter/src/widgets/framework.dart:5793:5)
#488    Element.inflateWidget (package:flutter/src/widgets/framework.dart:4587:20)
#489    Element.updateChild (package:flutter/src/widgets/framework.dart:4059:18)
#490    ComponentElement.performRebuild (package:flutter/src/widgets/framework.dart:5841:16)
#491    StatefulElement.performRebuild (package:flutter/src/widgets/framework.dart:5982:11)
#492    Element.rebuild (package:flutter/src/widgets/framework.dart:5529:7)
#493    ComponentElement._firstBuild (package:flutter/src/widgets/framework.dart:5799:5)
#494    StatefulElement._firstBuild (package:flutter/src/widgets/framework.dart:5973:11)
#495    ComponentElement.mount (package:flutter/src/widgets/framework.dart:5793:5)
#496    Element.inflateWidget (package:flutter/src/widgets/framework.dart:4587:20)
#497    Element.updateChild (package:flutter/src/widgets/framework.dart:4059:18)
#498    ComponentElement.performRebuild (package:flutter/src/widgets/framework.dart:5841:16)
#499    Element.rebuild (package:flutter/src/widgets/framework.dart:5529:7)
#500    ComponentElement._firstBuild (package:flutter/src/widgets/framework.dart:5799:5)
#501    ComponentElement.mount (package:flutter/src/widgets/framework.dart:5793:5)
#502    Element.inflateWidget (package:flutter/src/widgets/framework.dart:4587:20)
#503    Element.updateChild (package:flutter/src/widgets/framework.dart:4059:18)
#504    ComponentElement.performRebuild (package:flutter/src/widgets/framework.dart:5841:16)
#505    Element.rebuild (package:flutter/src/widgets/framework.dart:5529:7)
#506    ComponentElement._firstBuild (package:flutter/src/widgets/framework.dart:5799:5)
#507    ComponentElement.mount (package:flutter/src/widgets/framework.dart:5793:5)
#508    Element.inflateWidget (package:flutter/src/widgets/framework.dart:4587:20)
#509    Element.updateChild (package:flutter/src/widgets/framework.dart:4059:18)
#510    ComponentElement.performRebuild (package:flutter/src/widgets/framework.dart:5841:16)
#511    Element.rebuild (package:flutter/src/widgets/framework.dart:5529:7)
#512    ComponentElement._firstBuild (package:flutter/src/widgets/framework.dart:5799:5)
#513    ComponentElement.mount (package:flutter/src/widgets/framework.dart:5793:5)
#514    Element.inflateWidget (package:flutter/src/widgets/framework.dart:4587:20)
#515    Element.updateChild (package:flutter/src/widgets/framework.dart:4059:18)
#516    ComponentElement.performRebuild (package:flutter/src/widgets/framework.dart:5841:16)
#517    Element.rebuild (package:flutter/src/widgets/framework.dart:5529:7)
#518    ComponentElement._firstBuild (package:flutter/src/widgets/framework.dart:5799:5)
#519    ComponentElement.mount (package:flutter/src/widgets/framework.dart:5793:5)
#520    Element.inflateWidget (package:flutter/src/widgets/framework.dart:4587:20)
#521    Element.updateChild (package:flutter/src/widgets/framework.dart:4059:18)
#522    ComponentElement.performRebuild (package:flutter/src/widgets/framework.dart:5841:16)
#523    Element.rebuild (package:flutter/src/widgets/framework.dart:5529:7)
#524    ComponentElement._firstBuild (package:flutter/src/widgets/framework.dart:5799:5)
#525    ComponentElement.mount (package:flutter/src/widgets/framework.dart:5793:5)
#526    Element.inflateWidget (package:flutter/src/widgets/framework.dart:4587:20)
#527    Element.updateChild (package:flutter/src/widgets/framework.dart:4059:18)
#528    ComponentElement.performRebuild (package:flutter/src/widgets/framework.dart:5841:16)
#529    Element.rebuild (package:flutter/src/widgets/framework.dart:5529:7)
#530    ComponentElement._firstBuild (package:flutter/src/widgets/framework.dart:5799:5)
#531    ComponentElement.mount (package:flutter/src/widgets/framework.dart:5793:5)
#532    Element.inflateWidget (package:flutter/src/widgets/framework.dart:4587:20)
#533    Element.updateChild (package:flutter/src/widgets/framework.dart:4059:18)
#534    ComponentElement.performRebuild (package:flutter/src/widgets/framework.dart:5841:16)
#535    Element.rebuild (package:flutter/src/widgets/framework.dart:5529:7)
#536    ComponentElement._firstBuild (package:flutter/src/widgets/framework.dart:5799:5)
#537    ComponentElement.mount (package:flutter/src/widgets/framework.dart:5793:5)
#538    Element.inflateWidget (package:flutter/src/widgets/framework.dart:4587:20)
#539    Element.updateChild (package:flutter/src/widgets/framework.dart:4059:18)
#540    ComponentElement.performRebuild (package:flutter/src/widgets/framework.dart:5841:16)
#541    StatefulElement.performRebuild (package:flutter/src/widgets/framework.dart:5982:11)
#542    Element.rebuild (package:flutter/src/widgets/framework.dart:5529:7)
#543    ComponentElement._firstBuild (package:flutter/src/widgets/framework.dart:5799:5)
#544    StatefulElement._firstBuild (package:flutter/src/widgets/framework.dart:5973:11)
#545    ComponentElement.mount (package:flutter/src/widgets/framework.dart:5793:5)
#546    Element.inflateWidget (package:flutter/src/widgets/framework.dart:4587:20)
#547    Element.updateChild (package:flutter/src/widgets/framework.dart:4059:18)
#548    ComponentElement.performRebuild (package:flutter/src/widgets/framework.dart:5841:16)
#549    Element.rebuild (package:flutter/src/widgets/framework.dart:5529:7)
#550    ComponentElement._firstBuild (package:flutter/src/widgets/framework.dart:5799:5)
#551    ComponentElement.mount (package:flutter/src/widgets/framework.dart:5793:5)
#552    Element.inflateWidget (package:flutter/src/widgets/framework.dart:4587:20)
#553    Element.updateChild (package:flutter/src/widgets/framework.dart:4059:18)
#554    ComponentElement.performRebuild (package:flutter/src/widgets/framework.dart:5841:16)
#555    Element.rebuild (package:flutter/src/widgets/framework.dart:5529:7)
#556    ComponentElement._firstBuild (package:flutter/src/widgets/framework.dart:5799:5)
#557    ComponentElement.mount (package:flutter/src/widgets/framework.dart:5793:5)
#558    Element.inflateWidget (package:flutter/src/widgets/framework.dart:4587:20)
#559    Element.updateChild (package:flutter/src/widgets/framework.dart:4059:18)
#560    ComponentElement.performRebuild (package:flutter/src/widgets/framework.dart:5841:16)
#561    Element.rebuild (package:flutter/src/widgets/framework.dart:5529:7)
#562    ComponentElement._firstBuild (package:flutter/src/widgets/framework.dart:5799:5)
#563    ComponentElement.mount (package:flutter/src/widgets/framework.dart:5793:5)
#564    Element.inflateWidget (package:flutter/src/widgets/framework.dart:4587:20)
#565    Element.updateChild (package:flutter/src/widgets/framework.dart:4059:18)
#566    ComponentElement.performRebuild (package:flutter/src/widgets/framework.dart:5841:16)
#567    Element.rebuild (package:flutter/src/widgets/framework.dart:5529:7)
#568    ComponentElement._firstBuild (package:flutter/src/widgets/framework.dart:5799:5)
#569    ComponentElement.mount (package:flutter/src/widgets/framework.dart:5793:5)
#570    Element.inflateWidget (package:flutter/src/widgets/framework.dart:4587:20)
#571    Element.updateChild (package:flutter/src/widgets/framework.dart:4059:18)
#572    ComponentElement.performRebuild (package:flutter/src/widgets/framework.dart:5841:16)
#573    Element.rebuild (package:flutter/src/widgets/framework.dart:5529:7)
#574    ComponentElement._firstBuild (package:flutter/src/widgets/framework.dart:5799:5)
#575    ComponentElement.mount (package:flutter/src/widgets/framework.dart:5793:5)
#576    Element.inflateWidget (package:flutter/src/widgets/framework.dart:4587:20)
#577    MultiChildRenderObjectElement.inflateWidget (package:flutter/src/widgets/framework.dart:7264:36)
#578    MultiChildRenderObjectElement.mount (package:flutter/src/widgets/framework.dart:7279:32)
#579    Element.inflateWidget (package:flutter/src/widgets/framework.dart:4587:20)
#580    Element.updateChild (package:flutter/src/widgets/framework.dart:4059:18)
#581    ComponentElement.performRebuild (package:flutter/src/widgets/framework.dart:5841:16)
#582    Element.rebuild (package:flutter/src/widgets/framework.dart:5529:7)
#583    ComponentElement._firstBuild (package:flutter/src/widgets/framework.dart:5799:5)
#584    ComponentElement.mount (package:flutter/src/widgets/framework.dart:5793:5)
#585    Element.inflateWidget (package:flutter/src/widgets/framework.dart:4587:20)
#586    Element.updateChild (package:flutter/src/widgets/framework.dart:4059:18)
#587    ComponentElement.performRebuild (package:flutter/src/widgets/framework.dart:5841:16)
#588    StatefulElement.performRebuild (package:flutter/src/widgets/framework.dart:5982:11)
#589    Element.rebuild (package:flutter/src/widgets/framework.dart:5529:7)
#590    ComponentElement._firstBuild (package:flutter/src/widgets/framework.dart:5799:5)
#591    StatefulElement._firstBuild (package:flutter/src/widgets/framework.dart:5973:11)
#592    ComponentElement.mount (package:flutter/src/widgets/framework.dart:5793:5)
#593    Element.inflateWidget (package:flutter/src/widgets/framework.dart:4587:20)
#594    Element.updateChild (package:flutter/src/widgets/framework.dart:4059:18)
#595    ComponentElement.performRebuild (package:flutter/src/widgets/framework.dart:5841:16)
#596    Element.rebuild (package:flutter/src/widgets/framework.dart:5529:7)
#597    ComponentElement._firstBuild (package:flutter/src/widgets/framework.dart:5799:5)
#598    ComponentElement.mount (package:flutter/src/widgets/framework.dart:5793:5)
#599    Element.inflateWidget (package:flutter/src/widgets/framework.dart:4587:20)
#600    Element.updateChild (package:flutter/src/widgets/framework.dart:4059:18)
#601    ComponentElement.performRebuild (package:flutter/src/widgets/framework.dart:5841:16)
#602    Element.rebuild (package:flutter/src/widgets/framework.dart:5529:7)
#603    ComponentElement._firstBuild (package:flutter/src/widgets/framework.dart:5799:5)
#604    ComponentElement.mount (package:flutter/src/widgets/framework.dart:5793:5)
#605    Element.inflateWidget (package:flutter/src/widgets/framework.dart:4587:20)
#606    Element.updateChild (package:flutter/src/widgets/framework.dart:4059:18)
#607    ComponentElement.performRebuild (package:flutter/src/widgets/framework.dart:5841:16)
#608    StatefulElement.performRebuild (package:flutter/src/widgets/framework.dart:5982:11)
#609    Element.rebuild (package:flutter/src/widgets/framework.dart:5529:7)
#610    ComponentElement._firstBuild (package:flutter/src/widgets/framework.dart:5799:5)
#611    StatefulElement._firstBuild (package:flutter/src/widgets/framework.dart:5973:11)
#612    ComponentElement.mount (package:flutter/src/widgets/framework.dart:5793:5)
#613    Element.inflateWidget (package:flutter/src/widgets/framework.dart:4587:20)
#614    Element.updateChild (package:flutter/src/widgets/framework.dart:4059:18)
#615    SingleChildRenderObjectElement.mount (package:flutter/src/widgets/framework.dart:7115:14)
#616    Element.inflateWidget (package:flutter/src/widgets/framework.dart:4587:20)
#617    Element.updateChild (package:flutter/src/widgets/framework.dart:4059:18)
#618    ComponentElement.performRebuild (package:flutter/src/widgets/framework.dart:5841:16)
#619    Element.rebuild (package:flutter/src/widgets/framework.dart:5529:7)
#620    ComponentElement._firstBuild (package:flutter/src/widgets/framework.dart:5799:5)
#621    ComponentElement.mount (package:flutter/src/widgets/framework.dart:5793:5)
#622    Element.inflateWidget (package:flutter/src/widgets/framework.dart:4587:20)
#623    Element.updateChild (package:flutter/src/widgets/framework.dart:4059:18)
#624    SingleChildRenderObjectElement.mount (package:flutter/src/widgets/framework.dart:7115:14)
#625    Element.inflateWidget (package:flutter/src/widgets/framework.dart:4587:20)
#626    Element.updateChild (package:flutter/src/widgets/framework.dart:4059:18)
#627    ComponentElement.performRebuild (package:flutter/src/widgets/framework.dart:5841:16)
#628    StatefulElement.performRebuild (package:flutter/src/widgets/framework.dart:5982:11)
#629    Element.rebuild (package:flutter/src/widgets/framework.dart:5529:7)
#630    ComponentElement._firstBuild (package:flutter/src/widgets/framework.dart:5799:5)
#631    StatefulElement._firstBuild (package:flutter/src/widgets/framework.dart:5973:11)
#632    ComponentElement.mount (package:flutter/src/widgets/framework.dart:5793:5)
#633    Element.inflateWidget (package:flutter/src/widgets/framework.dart:4587:20)
#634    Element.updateChild (package:flutter/src/widgets/framework.dart:4059:18)
#635    ComponentElement.performRebuild (package:flutter/src/widgets/framework.dart:5841:16)
#636    StatefulElement.performRebuild (package:flutter/src/widgets/framework.dart:5982:11)
#637    Element.rebuild (package:flutter/src/widgets/framework.dart:5529:7)
#638    ComponentElement._firstBuild (package:flutter/src/widgets/framework.dart:5799:5)
#639    StatefulElement._firstBuild (package:flutter/src/widgets/framework.dart:5973:11)
#640    ComponentElement.mount (package:flutter/src/widgets/framework.dart:5793:5)
#641    Element.inflateWidget (package:flutter/src/widgets/framework.dart:4587:20)
#642    Element.updateChild (package:flutter/src/widgets/framework.dart:4059:18)
#643    ComponentElement.performRebuild (package:flutter/src/widgets/framework.dart:5841:16)
#644    Element.rebuild (package:flutter/src/widgets/framework.dart:5529:7)
#645    ComponentElement._firstBuild (package:flutter/src/widgets/framework.dart:5799:5)
#646    ComponentElement.mount (package:flutter/src/widgets/framework.dart:5793:5)
#647    Element.inflateWidget (package:flutter/src/widgets/framework.dart:4587:20)
#648    Element.updateChild (package:flutter/src/widgets/framework.dart:4059:18)
#649    ComponentElement.performRebuild (package:flutter/src/widgets/framework.dart:5841:16)
#650    Element.rebuild (package:flutter/src/widgets/framework.dart:5529:7)
#651    ComponentElement._firstBuild (package:flutter/src/widgets/framework.dart:5799:5)
#652    ComponentElement.mount (package:flutter/src/widgets/framework.dart:5793:5)
#653    Element.inflateWidget (package:flutter/src/widgets/framework.dart:4587:20)
#654    Element.updateChild (package:flutter/src/widgets/framework.dart:4059:18)
#655    ComponentElement.performRebuild (package:flutter/src/widgets/framework.dart:5841:16)
#656    Element.rebuild (package:flutter/src/widgets/framework.dart:5529:7)
#657    ComponentElement._firstBuild (package:flutter/src/widgets/framework.dart:5799:5)
#658    ComponentElement.mount (package:flutter/src/widgets/framework.dart:5793:5)
#659    Element.inflateWidget (package:flutter/src/widgets/framework.dart:4587:20)
#660    Element.updateChild (package:flutter/src/widgets/framework.dart:4059:18)
#661    ComponentElement.performRebuild (package:flutter/src/widgets/framework.dart:5841:16)
#662    StatefulElement.performRebuild (package:flutter/src/widgets/framework.dart:5982:11)
#663    Element.rebuild (package:flutter/src/widgets/framework.dart:5529:7)
#664    ComponentElement._firstBuild (package:flutter/src/widgets/framework.dart:5799:5)
#665    StatefulElement._firstBuild (package:flutter/src/widgets/framework.dart:5973:11)
#666    ComponentElement.mount (package:flutter/src/widgets/framework.dart:5793:5)
#667    Element.inflateWidget (package:flutter/src/widgets/framework.dart:4587:20)
#668    Element.updateChild (package:flutter/src/widgets/framework.dart:4059:18)
#669    ComponentElement.performRebuild (package:flutter/src/widgets/framework.dart:5841:16)
#670    Element.rebuild (package:flutter/src/widgets/framework.dart:5529:7)
#671    ComponentElement._firstBuild (package:flutter/src/widgets/framework.dart:5799:5)
#672    ComponentElement.mount (package:flutter/src/widgets/framework.dart:5793:5)
#673    Element.inflateWidget (package:flutter/src/widgets/framework.dart:4587:20)
#674    Element.updateChild (package:flutter/src/widgets/framework.dart:4059:18)
#675    ComponentElement.performRebuild (package:flutter/src/widgets/framework.dart:5841:16)
#676    StatefulElement.performRebuild (package:flutter/src/widgets/framework.dart:5982:11)
#677    Element.rebuild (package:flutter/src/widgets/framework.dart:5529:7)
#678    ComponentElement._firstBuild (package:flutter/src/widgets/framework.dart:5799:5)
#679    StatefulElement._firstBuild (package:flutter/src/widgets/framework.dart:5973:11)
#680    ComponentElement.mount (package:flutter/src/widgets/framework.dart:5793:5)
#681    Element.inflateWidget (package:flutter/src/widgets/framework.dart:4587:20)
#682    Element.updateChild (package:flutter/src/widgets/framework.dart:4059:18)
#683    ComponentElement.performRebuild (package:flutter/src/widgets/framework.dart:5841:16)
#684    Element.rebuild (package:flutter/src/widgets/framework.dart:5529:7)
#685    ComponentElement._firstBuild (package:flutter/src/widgets/framework.dart:5799:5)
#686    ComponentElement.mount (package:flutter/src/widgets/framework.dart:5793:5)
#687    Element.inflateWidget (package:flutter/src/widgets/framework.dart:4587:20)
#688    Element.updateChild (package:flutter/src/widgets/framework.dart:4059:18)
#689    ComponentElement.performRebuild (package:flutter/src/widgets/framework.dart:5841:16)
#690    StatefulElement.performRebuild (package:flutter/src/widgets/framework.dart:5982:11)
#691    Element.rebuild (package:flutter/src/widgets/framework.dart:5529:7)
#692    ComponentElement._firstBuild (package:flutter/src/widgets/framework.dart:5799:5)
#693    StatefulElement._firstBuild (package:flutter/src/widgets/framework.dart:5973:11)
#694    ComponentElement.mount (package:flutter/src/widgets/framework.dart:5793:5)
#695    Element.inflateWidget (package:flutter/src/widgets/framework.dart:4587:20)
#696    Element.updateChild (package:flutter/src/widgets/framework.dart:4059:18)
#697    ComponentElement.performRebuild (package:flutter/src/widgets/framework.dart:5841:16)
#698    Element.rebuild (package:flutter/src/widgets/framework.dart:5529:7)
#699    ComponentElement._firstBuild (package:flutter/src/widgets/framework.dart:5799:5)
#700    ComponentElement.mount (package:flutter/src/widgets/framework.dart:5793:5)
#701    Element.inflateWidget (package:flutter/src/widgets/framework.dart:4587:20)
#702    Element.updateChild (package:flutter/src/widgets/framework.dart:4059:18)
#703    SingleChildRenderObjectElement.mount (package:flutter/src/widgets/framework.dart:7115:14)
#704    Element.inflateWidget (package:flutter/src/widgets/framework.dart:4587:20)
#705    Element.updateChild (package:flutter/src/widgets/framework.dart:4059:18)
#706    ComponentElement.performRebuild (package:flutter/src/widgets/framework.dart:5841:16)
#707    Element.rebuild (package:flutter/src/widgets/framework.dart:5529:7)
#708    ComponentElement._firstBuild (package:flutter/src/widgets/framework.dart:5799:5)
#709    ComponentElement.mount (package:flutter/src/widgets/framework.dart:5793:5)
#710    Element.inflateWidget (package:flutter/src/widgets/framework.dart:4587:20)
#711    Element.updateChild (package:flutter/src/widgets/framework.dart:4059:18)
#712    SingleChildRenderObjectElement.mount (package:flutter/src/widgets/framework.dart:7115:14)
#713    Element.inflateWidget (package:flutter/src/widgets/framework.dart:4587:20)
#714    Element.updateChild (package:flutter/src/widgets/framework.dart:4059:18)
#715    SingleChildRenderObjectElement.mount (package:flutter/src/widgets/framework.dart:7115:14)
#716    Element.inflateWidget (package:flutter/src/widgets/framework.dart:4587:20)
#717    Element.updateChild (package:flutter/src/widgets/framework.dart:4059:18)
#718    ComponentElement.performRebuild (package:flutter/src/widgets/framework.dart:5841:16)
#719    StatefulElement.performRebuild (package:flutter/src/widgets/framework.dart:5982:11)
#720    Element.rebuild (package:flutter/src/widgets/framework.dart:5529:7)
#721    ComponentElement._firstBuild (package:flutter/src/widgets/framework.dart:5799:5)
#722    StatefulElement._firstBuild (package:flutter/src/widgets/framework.dart:5973:11)
#723    ComponentElement.mount (package:flutter/src/widgets/framework.dart:5793:5)
#724    Element.inflateWidget (package:flutter/src/widgets/framework.dart:4587:20)
#725    Element.updateChild (package:flutter/src/widgets/framework.dart:4059:18)
#726    SingleChildRenderObjectElement.mount (package:flutter/src/widgets/framework.dart:7115:14)
#727    Element.inflateWidget (package:flutter/src/widgets/framework.dart:4587:20)
#728    Element.updateChild (package:flutter/src/widgets/framework.dart:4059:18)
#729    ComponentElement.performRebuild (package:flutter/src/widgets/framework.dart:5841:16)
#730    StatefulElement.performRebuild (package:flutter/src/widgets/framework.dart:5982:11)
#731    Element.rebuild (package:flutter/src/widgets/framework.dart:5529:7)
#732    ComponentElement._firstBuild (package:flutter/src/widgets/framework.dart:5799:5)
#733    StatefulElement._firstBuild (package:flutter/src/widgets/framework.dart:5973:11)
#734    ComponentElement.mount (package:flutter/src/widgets/framework.dart:5793:5)
#735    Element.inflateWidget (package:flutter/src/widgets/framework.dart:4587:20)
#736    Element.updateChild (package:flutter/src/widgets/framework.dart:4059:18)
#737    SingleChildRenderObjectElement.mount (package:flutter/src/widgets/framework.dart:7115:14)
#738    Element.inflateWidget (package:flutter/src/widgets/framework.dart:4587:20)
#739    Element.updateChild (package:flutter/src/widgets/framework.dart:4059:18)
#740    SingleChildRenderObjectElement.mount (package:flutter/src/widgets/framework.dart:7115:14)
#741    Element.inflateWidget (package:flutter/src/widgets/framework.dart:4587:20)
#742    Element.updateChild (package:flutter/src/widgets/framework.dart:4059:18)
#743    ComponentElement.performRebuild (package:flutter/src/widgets/framework.dart:5841:16)
#744    StatefulElement.performRebuild (package:flutter/src/widgets/framework.dart:5982:11)
#745    Element.rebuild (package:flutter/src/widgets/framework.dart:5529:7)
#746    ComponentElement._firstBuild (package:flutter/src/widgets/framework.dart:5799:5)
#747    StatefulElement._firstBuild (package:flutter/src/widgets/framework.dart:5973:11)
#748    ComponentElement.mount (package:flutter/src/widgets/framework.dart:5793:5)
#749    Element.inflateWidget (package:flutter/src/widgets/framework.dart:4587:20)
#750    Element.updateChild (package:flutter/src/widgets/framework.dart:4059:18)
#751    SingleChildRenderObjectElement.mount (package:flutter/src/widgets/framework.dart:7115:14)
#752    Element.inflateWidget (package:flutter/src/widgets/framework.dart:4587:20)
#753    Element.updateChild (package:flutter/src/widgets/framework.dart:4059:18)
#754    ComponentElement.performRebuild (package:flutter/src/widgets/framework.dart:5841:16)
#755    StatefulElement.performRebuild (package:flutter/src/widgets/framework.dart:5982:11)
#756    Element.rebuild (package:flutter/src/widgets/framework.dart:5529:7)
#757    ComponentElement._firstBuild (package:flutter/src/widgets/framework.dart:5799:5)
#758    StatefulElement._firstBuild (package:flutter/src/widgets/framework.dart:5973:11)
#759    ComponentElement.mount (package:flutter/src/widgets/framework.dart:5793:5)
#760    Element.inflateWidget (package:flutter/src/widgets/framework.dart:4587:20)
#761    Element.updateChild (package:flutter/src/widgets/framework.dart:4059:18)
#762    SingleChildRenderObjectElement.mount (package:flutter/src/widgets/framework.dart:7115:14)
#763    Element.inflateWidget (package:flutter/src/widgets/framework.dart:4587:20)
#764    Element.updateChild (package:flutter/src/widgets/framework.dart:4059:18)
#765    SingleChildRenderObjectElement.mount (package:flutter/src/widgets/framework.dart:7115:14)
#766    Element.inflateWidget (package:flutter/src/widgets/framework.dart:4587:20)
#767    Element.updateChild (package:flutter/src/widgets/framework.dart:4059:18)
#768    ComponentElement.performRebuild (package:flutter/src/widgets/framework.dart:5841:16)
#769    StatefulElement.performRebuild (package:flutter/src/widgets/framework.dart:5982:11)
#770    Element.rebuild (package:flutter/src/widgets/framework.dart:5529:7)
#771    ComponentElement._firstBuild (package:flutter/src/widgets/framework.dart:5799:5)
#772    StatefulElement._firstBuild (package:flutter/src/widgets/framework.dart:5973:11)
#773    ComponentElement.mount (package:flutter/src/widgets/framework.dart:5793:5)
#774    Element.inflateWidget (package:flutter/src/widgets/framework.dart:4587:20)
#775    Element.updateChild (package:flutter/src/widgets/framework.dart:4059:18)
#776    SingleChildRenderObjectElement.mount (package:flutter/src/widgets/framework.dart:7115:14)
#777    Element.inflateWidget (package:flutter/src/widgets/framework.dart:4587:20)
#778    Element.updateChild (package:flutter/src/widgets/framework.dart:4059:18)
#779    SingleChildRenderObjectElement.mount (package:flutter/src/widgets/framework.dart:7115:14)
#780    Element.inflateWidget (package:flutter/src/widgets/framework.dart:4587:20)
#781    Element.updateChild (package:flutter/src/widgets/framework.dart:4059:18)
#782    SingleChildRenderObjectElement.mount (package:flutter/src/widgets/framework.dart:7115:14)
#783    Element.inflateWidget (package:flutter/src/widgets/framework.dart:4587:20)
#784    Element.updateChild (package:flutter/src/widgets/framework.dart:4059:18)
#785    ComponentElement.performRebuild (package:flutter/src/widgets/framework.dart:5841:16)
#786    StatefulElement.performRebuild (package:flutter/src/widgets/framework.dart:5982:11)
#787    Element.rebuild (package:flutter/src/widgets/framework.dart:5529:7)
#788    ComponentElement._firstBuild (package:flutter/src/widgets/framework.dart:5799:5)
#789    StatefulElement._firstBuild (package:flutter/src/widgets/framework.dart:5973:11)
#790    ComponentElement.mount (package:flutter/src/widgets/framework.dart:5793:5)
#791    Element.inflateWidget (package:flutter/src/widgets/framework.dart:4587:20)
#792    Element.updateChild (package:flutter/src/widgets/framework.dart:4059:18)
#793    SingleChildRenderObjectElement.mount (package:flutter/src/widgets/framework.dart:7115:14)
#794    Element.inflateWidget (package:flutter/src/widgets/framework.dart:4587:20)
#795    Element.updateChild (package:flutter/src/widgets/framework.dart:4059:18)
#796    ComponentElement.performRebuild (package:flutter/src/widgets/framework.dart:5841:16)
#797    StatefulElement.performRebuild (package:flutter/src/widgets/framework.dart:5982:11)
#798    Element.rebuild (package:flutter/src/widgets/framework.dart:5529:7)
#799    ComponentElement._firstBuild (package:flutter/src/widgets/framework.dart:5799:5)
#800    StatefulElement._firstBuild (package:flutter/src/widgets/framework.dart:5973:11)
#801    ComponentElement.mount (package:flutter/src/widgets/framework.dart:5793:5)
#802    Element.inflateWidget (package:flutter/src/widgets/framework.dart:4587:20)
#803    Element.updateChild (package:flutter/src/widgets/framework.dart:4059:18)
#804    ComponentElement.performRebuild (package:flutter/src/widgets/framework.dart:5841:16)
#805    Element.rebuild (package:flutter/src/widgets/framework.dart:5529:7)
#806    ComponentElement._firstBuild (package:flutter/src/widgets/framework.dart:5799:5)
#807    ComponentElement.mount (package:flutter/src/widgets/framework.dart:5793:5)
#808    Element.inflateWidget (package:flutter/src/widgets/framework.dart:4587:20)
#809    Element.updateChild (package:flutter/src/widgets/framework.dart:4059:18)
#810    ComponentElement.performRebuild (package:flutter/src/widgets/framework.dart:5841:16)
#811    StatefulElement.performRebuild (package:flutter/src/widgets/framework.dart:5982:11)
#812    Element.rebuild (package:flutter/src/widgets/framework.dart:5529:7)
#813    ComponentElement._firstBuild (package:flutter/src/widgets/framework.dart:5799:5)
#814    StatefulElement._firstBuild (package:flutter/src/widgets/framework.dart:5973:11)
#815    ComponentElement.mount (package:flutter/src/widgets/framework.dart:5793:5)
#816    Element.inflateWidget (package:flutter/src/widgets/framework.dart:4587:20)
#817    Element.updateChild (package:flutter/src/widgets/framework.dart:4059:18)
#818    ComponentElement.performRebuild (package:flutter/src/widgets/framework.dart:5841:16)
#819    StatefulElement.performRebuild (package:flutter/src/widgets/framework.dart:5982:11)
#820    Element.rebuild (package:flutter/src/widgets/framework.dart:5529:7)
#821    ComponentElement._firstBuild (package:flutter/src/widgets/framework.dart:5799:5)
#822    StatefulElement._firstBuild (package:flutter/src/widgets/framework.dart:5973:11)
#823    ComponentElement.mount (package:flutter/src/widgets/framework.dart:5793:5)
#824    Element.inflateWidget (package:flutter/src/widgets/framework.dart:4587:20)
#825    Element.updateChild (package:flutter/src/widgets/framework.dart:4059:18)
#826    ComponentElement.performRebuild (package:flutter/src/widgets/framework.dart:5841:16)
#827    StatefulElement.performRebuild (package:flutter/src/widgets/framework.dart:5982:11)
#828    Element.rebuild (package:flutter/src/widgets/framework.dart:5529:7)
#829    ComponentElement._firstBuild (package:flutter/src/widgets/framework.dart:5799:5)
#830    StatefulElement._firstBuild (package:flutter/src/widgets/framework.dart:5973:11)
#831    ComponentElement.mount (package:flutter/src/widgets/framework.dart:5793:5)
#832    Element.inflateWidget (package:flutter/src/widgets/framework.dart:4587:20)
#833    Element.updateChild (package:flutter/src/widgets/framework.dart:4059:18)
#834    SingleChildRenderObjectElement.mount (package:flutter/src/widgets/framework.dart:7115:14)
#835    Element.inflateWidget (package:flutter/src/widgets/framework.dart:4587:20)
#836    Element.updateChild (package:flutter/src/widgets/framework.dart:4059:18)
#837    ComponentElement.performRebuild (package:flutter/src/widgets/framework.dart:5841:16)
#838    Element.rebuild (package:flutter/src/widgets/framework.dart:5529:7)
#839    ComponentElement._firstBuild (package:flutter/src/widgets/framework.dart:5799:5)
#840    ComponentElement.mount (package:flutter/src/widgets/framework.dart:5793:5)
#841    Element.inflateWidget (package:flutter/src/widgets/framework.dart:4587:20)
#842    Element.updateChild (package:flutter/src/widgets/framework.dart:4059:18)
#843    SingleChildRenderObjectElement.mount (package:flutter/src/widgets/framework.dart:7115:14)
#844    Element.inflateWidget (package:flutter/src/widgets/framework.dart:4587:20)
#845    Element.updateChild (package:flutter/src/widgets/framework.dart:4059:18)
#846    ComponentElement.performRebuild (package:flutter/src/widgets/framework.dart:5841:16)
#847    StatefulElement.performRebuild (package:flutter/src/widgets/framework.dart:5982:11)
#848    Element.rebuild (package:flutter/src/widgets/framework.dart:5529:7)
#849    ComponentElement._firstBuild (package:flutter/src/widgets/framework.dart:5799:5)
#850    StatefulElement._firstBuild (package:flutter/src/widgets/framework.dart:5973:11)
#851    ComponentElement.mount (package:flutter/src/widgets/framework.dart:5793:5)
#852    Element.inflateWidget (package:flutter/src/widgets/framework.dart:4587:20)
#853    Element.updateChild (package:flutter/src/widgets/framework.dart:4059:18)
#854    ComponentElement.performRebuild (package:flutter/src/widgets/framework.dart:5841:16)
#855    Element.rebuild (package:flutter/src/widgets/framework.dart:5529:7)
#856    ComponentElement._firstBuild (package:flutter/src/widgets/framework.dart:5799:5)
#857    ComponentElement.mount (package:flutter/src/widgets/framework.dart:5793:5)
#858    Element.inflateWidget (package:flutter/src/widgets/framework.dart:4587:20)
#859    Element.updateChild (package:flutter/src/widgets/framework.dart:4059:18)
#860    ComponentElement.performRebuild (package:flutter/src/widgets/framework.dart:5841:16)
#861    Element.rebuild (package:flutter/src/widgets/framework.dart:5529:7)
#862    ComponentElement._firstBuild (package:flutter/src/widgets/framework.dart:5799:5)
#863    ComponentElement.mount (package:flutter/src/widgets/framework.dart:5793:5)
#864    Element.inflateWidget (package:flutter/src/widgets/framework.dart:4587:20)
#865    Element.updateChild (package:flutter/src/widgets/framework.dart:4059:18)
#866    ComponentElement.performRebuild (package:flutter/src/widgets/framework.dart:5841:16)
#867    StatefulElement.performRebuild (package:flutter/src/widgets/framework.dart:5982:11)
#868    Element.rebuild (package:flutter/src/widgets/framework.dart:5529:7)
#869    ComponentElement._firstBuild (package:flutter/src/widgets/framework.dart:5799:5)
#870    StatefulElement._firstBuild (package:flutter/src/widgets/framework.dart:5973:11)
#871    ComponentElement.mount (package:flutter/src/widgets/framework.dart:5793:5)
#872    Element.inflateWidget (package:flutter/src/widgets/framework.dart:4587:20)
#873    Element.updateChild (package:flutter/src/widgets/framework.dart:4059:18)
#874    ComponentElement.performRebuild (package:flutter/src/widgets/framework.dart:5841:16)
#875    Element.rebuild (package:flutter/src/widgets/framework.dart:5529:7)
#876    ComponentElement._firstBuild (package:flutter/src/widgets/framework.dart:5799:5)
#877    ComponentElement.mount (package:flutter/src/widgets/framework.dart:5793:5)
#878    Element.inflateWidget (package:flutter/src/widgets/framework.dart:4587:20)
#879    Element.updateChild (package:flutter/src/widgets/framework.dart:4059:18)
#880    ComponentElement.performRebuild (package:flutter/src/widgets/framework.dart:5841:16)
#881    Element.rebuild (package:flutter/src/widgets/framework.dart:5529:7)
#882    ComponentElement._firstBuild (package:flutter/src/widgets/framework.dart:5799:5)
#883    ComponentElement.mount (package:flutter/src/widgets/framework.dart:5793:5)
#884    Element.inflateWidget (package:flutter/src/widgets/framework.dart:4587:20)
#885    Element.updateChild (package:flutter/src/widgets/framework.dart:4059:18)
#886    SingleChildRenderObjectElement.mount (package:flutter/src/widgets/framework.dart:7115:14)
#887    Element.inflateWidget (package:flutter/src/widgets/framework.dart:4587:20)
#888    Element.updateChild (package:flutter/src/widgets/framework.dart:4059:18)
#889    ComponentElement.performRebuild (package:flutter/src/widgets/framework.dart:5841:16)
#890    Element.rebuild (package:flutter/src/widgets/framework.dart:5529:7)
#891    ComponentElement._firstBuild (package:flutter/src/widgets/framework.dart:5799:5)
#892    ComponentElement.mount (package:flutter/src/widgets/framework.dart:5793:5)
#893    Element.inflateWidget (package:flutter/src/widgets/framework.dart:4587:20)
#894    Element.updateChild (package:flutter/src/widgets/framework.dart:4059:18)
#895    ComponentElement.performRebuild (package:flutter/src/widgets/framework.dart:5841:16)
#896    Element.rebuild (package:flutter/src/widgets/framework.dart:5529:7)
#897    ComponentElement._firstBuild (package:flutter/src/widgets/framework.dart:5799:5)
#898    ComponentElement.mount (package:flutter/src/widgets/framework.dart:5793:5)
#899    Element.inflateWidget (package:flutter/src/widgets/framework.dart:4587:20)
#900    Element.updateChild (package:flutter/src/widgets/framework.dart:4059:18)
#901    ComponentElement.performRebuild (package:flutter/src/widgets/framework.dart:5841:16)
#902    StatefulElement.performRebuild (package:flutter/src/widgets/framework.dart:5982:11)
#903    Element.rebuild (package:flutter/src/widgets/framework.dart:5529:7)
#904    ComponentElement._firstBuild (package:flutter/src/widgets/framework.dart:5799:5)
#905    StatefulElement._firstBuild (package:flutter/src/widgets/framework.dart:5973:11)
#906    ComponentElement.mount (package:flutter/src/widgets/framework.dart:5793:5)
#907    Element.inflateWidget (package:flutter/src/widgets/framework.dart:4587:20)
#908    Element.updateChild (package:flutter/src/widgets/framework.dart:4059:18)
#909    ComponentElement.performRebuild (package:flutter/src/widgets/framework.dart:5841:16)
#910    StatefulElement.performRebuild (package:flutter/src/widgets/framework.dart:5982:11)
#911    Element.rebuild (package:flutter/src/widgets/framework.dart:5529:7)
#912    ComponentElement._firstBuild (package:flutter/src/widgets/framework.dart:5799:5)
#913    StatefulElement._firstBuild (package:flutter/src/widgets/framework.dart:5973:11)
#914    ComponentElement.mount (package:flutter/src/widgets/framework.dart:5793:5)
#915    Element.inflateWidget (package:flutter/src/widgets/framework.dart:4587:20)
#916    Element.updateChild (package:flutter/src/widgets/framework.dart:4059:18)
#917    ComponentElement.performRebuild (package:flutter/src/widgets/framework.dart:5841:16)
#918    StatefulElement.performRebuild (package:flutter/src/widgets/framework.dart:5982:11)
#919    Element.rebuild (package:flutter/src/widgets/framework.dart:5529:7)
#920    ComponentElement._firstBuild (package:flutter/src/widgets/framework.dart:5799:5)
#921    StatefulElement._firstBuild (package:flutter/src/widgets/framework.dart:5973:11)
#922    ComponentElement.mount (package:flutter/src/widgets/framework.dart:5793:5)
#923    Element.inflateWidget (package:flutter/src/widgets/framework.dart:4587:20)
#924    Element.updateChild (package:flutter/src/widgets/framework.dart:4059:18)
#925    SingleChildRenderObjectElement.mount (package:flutter/src/widgets/framework.dart:7115:14)
#926    Element.inflateWidget (package:flutter/src/widgets/framework.dart:4587:20)
#927    Element.updateChild (package:flutter/src/widgets/framework.dart:4059:18)
#928    ComponentElement.performRebuild (package:flutter/src/widgets/framework.dart:5841:16)
#929    Element.rebuild (package:flutter/src/widgets/framework.dart:5529:7)
#930    ComponentElement._firstBuild (package:flutter/src/widgets/framework.dart:5799:5)
#931    ComponentElement.mount (package:flutter/src/widgets/framework.dart:5793:5)
#932    Element.inflateWidget (package:flutter/src/widgets/framework.dart:4587:20)
#933    Element.updateChild (package:flutter/src/widgets/framework.dart:4059:18)
#934    ComponentElement.performRebuild (package:flutter/src/widgets/framework.dart:5841:16)
#935    Element.rebuild (package:flutter/src/widgets/framework.dart:5529:7)
#936    ComponentElement._firstBuild (package:flutter/src/widgets/framework.dart:5799:5)
#937    ComponentElement.mount (package:flutter/src/widgets/framework.dart:5793:5)
#938    Element.inflateWidget (package:flutter/src/widgets/framework.dart:4587:20)
#939    Element.updateChild (package:flutter/src/widgets/framework.dart:4059:18)
#940    ComponentElement.performRebuild (package:flutter/src/widgets/framework.dart:5841:16)
#941    Element.rebuild (package:flutter/src/widgets/framework.dart:5529:7)
#942    ComponentElement._firstBuild (package:flutter/src/widgets/framework.dart:5799:5)
#943    ComponentElement.mount (package:flutter/src/widgets/framework.dart:5793:5)
#944    Element.inflateWidget (package:flutter/src/widgets/framework.dart:4587:20)
#945    Element.updateChild (package:flutter/src/widgets/framework.dart:4059:18)
#946    ComponentElement.performRebuild (package:flutter/src/widgets/framework.dart:5841:16)
#947    StatefulElement.performRebuild (package:flutter/src/widgets/framework.dart:5982:11)
#948    Element.rebuild (package:flutter/src/widgets/framework.dart:5529:7)
#949    ComponentElement._firstBuild (package:flutter/src/widgets/framework.dart:5799:5)
#950    StatefulElement._firstBuild (package:flutter/src/widgets/framework.dart:5973:11)
#951    ComponentElement.mount (package:flutter/src/widgets/framework.dart:5793:5)
#952    Element.inflateWidget (package:flutter/src/widgets/framework.dart:4587:20)
#953    Element.updateChild (package:flutter/src/widgets/framework.dart:4059:18)
#954    ComponentElement.performRebuild (package:flutter/src/widgets/framework.dart:5841:16)
#955    StatefulElement.performRebuild (package:flutter/src/widgets/framework.dart:5982:11)
#956    Element.rebuild (package:flutter/src/widgets/framework.dart:5529:7)
#957    ComponentElement._firstBuild (package:flutter/src/widgets/framework.dart:5799:5)
#958    StatefulElement._firstBuild (package:flutter/src/widgets/framework.dart:5973:11)
#959    ComponentElement.mount (package:flutter/src/widgets/framework.dart:5793:5)
#960    Element.inflateWidget (package:flutter/src/widgets/framework.dart:4587:20)
#961    MultiChildRenderObjectElement.inflateWidget (package:flutter/src/widgets/framework.dart:7264:36)
#962    Element.updateChild (package:flutter/src/widgets/framework.dart:4059:18)
#963    Element.updateChildren (package:flutter/src/widgets/framework.dart:4255:32)
#964    MultiChildRenderObjectElement.update (package:flutter/src/widgets/framework.dart:7295:17)
#965    Element.updateChild (package:flutter/src/widgets/framework.dart:4037:15)
#966    ComponentElement.performRebuild (package:flutter/src/widgets/framework.dart:5841:16)
#967    StatefulElement.performRebuild (package:flutter/src/widgets/framework.dart:5982:11)
#968    Element.rebuild (package:flutter/src/widgets/framework.dart:5529:7)
#969    StatefulElement.update (package:flutter/src/widgets/framework.dart:6007:5)
#970    Element.updateChild (package:flutter/src/widgets/framework.dart:4037:15)
#971    ComponentElement.performRebuild (package:flutter/src/widgets/framework.dart:5841:16)
#972    Element.rebuild (package:flutter/src/widgets/framework.dart:5529:7)
#973    ProxyElement.update (package:flutter/src/widgets/framework.dart:6149:5)
#974    Element.updateChild (package:flutter/src/widgets/framework.dart:4037:15)
#975    ComponentElement.performRebuild (package:flutter/src/widgets/framework.dart:5841:16)
#976    Element.rebuild (package:flutter/src/widgets/framework.dart:5529:7)
#977    ProxyElement.update (package:flutter/src/widgets/framework.dart:6149:5)
#978    _InheritedNotifierElement.update (package:flutter/src/widgets/inherited_notifier.dart:108:11)
#979    Element.updateChild (package:flutter/src/widgets/framework.dart:4037:15)
#980    ComponentElement.performRebuild (package:flutter/src/widgets/framework.dart:5841:16)
#981    StatefulElement.performRebuild (package:flutter/src/widgets/framework.dart:5982:11)
#982    Element.rebuild (package:flutter/src/widgets/framework.dart:5529:7)
#983    StatefulElement.update (package:flutter/src/widgets/framework.dart:6007:5)
#984    Element.updateChild (package:flutter/src/widgets/framework.dart:4037:15)
#985    ComponentElement.performRebuild (package:flutter/src/widgets/framework.dart:5841:16)
#986    Element.rebuild (package:flutter/src/widgets/framework.dart:5529:7)
#987    ProxyElement.update (package:flutter/src/widgets/framework.dart:6149:5)
#988    _InheritedNotifierElement.update (package:flutter/src/widgets/inherited_notifier.dart:108:11)
#989    Element.updateChild (package:flutter/src/widgets/framework.dart:4037:15)
#990    ComponentElement.performRebuild (package:flutter/src/widgets/framework.dart:5841:16)
#991    StatefulElement.performRebuild (package:flutter/src/widgets/framework.dart:5982:11)
#992    Element.rebuild (package:flutter/src/widgets/framework.dart:5529:7)
#993    StatefulElement.update (package:flutter/src/widgets/framework.dart:6007:5)
#994    Element.updateChild (package:flutter/src/widgets/framework.dart:4037:15)
#995    ComponentElement.performRebuild (package:flutter/src/widgets/framework.dart:5841:16)
#996    StatefulElement.performRebuild (package:flutter/src/widgets/framework.dart:5982:11)
#997    Element.rebuild (package:flutter/src/widgets/framework.dart:5529:7)
#998    StatefulElement.update (package:flutter/src/widgets/framework.dart:6007:5)
#999    Element.updateChild (package:flutter/src/widgets/framework.dart:4037:15)
#1000   SingleChildRenderObjectElement.update (package:flutter/src/widgets/framework.dart:7122:14)
#1001   Element.updateChild (package:flutter/src/widgets/framework.dart:4037:15)
#1002   SingleChildRenderObjectElement.update (package:flutter/src/widgets/framework.dart:7122:14)
#1003   Element.updateChild (package:flutter/src/widgets/framework.dart:4037:15)
#1004   ComponentElement.performRebuild (package:flutter/src/widgets/framework.dart:5841:16)
#1005   Element.rebuild (package:flutter/src/widgets/framework.dart:5529:7)
#1006   ProxyElement.update (package:flutter/src/widgets/framework.dart:6149:5)
#1007   Element.updateChild (package:flutter/src/widgets/framework.dart:4037:15)
#1008   ComponentElement.performRebuild (package:flutter/src/widgets/framework.dart:5841:16)
#1009   Element.rebuild (package:flutter/src/widgets/framework.dart:5529:7)
#1010   ProxyElement.update (package:flutter/src/widgets/framework.dart:6149:5)
#1011   Element.updateChild (package:flutter/src/widgets/framework.dart:4037:15)
#1012   ComponentElement.performRebuild (package:flutter/src/widgets/framework.dart:5841:16)
#1013   StatefulElement.performRebuild (package:flutter/src/widgets/framework.dart:5982:11)
#1014   Element.rebuild (package:flutter/src/widgets/framework.dart:5529:7)
#1015   StatefulElement.update (package:flutter/src/widgets/framework.dart:6007:5)
#1016   Element.updateChild (package:flutter/src/widgets/framework.dart:4037:15)
#1017   ComponentElement.performRebuild (package:flutter/src/widgets/framework.dart:5841:16)
#1018   Element.rebuild (package:flutter/src/widgets/framework.dart:5529:7)
#1019   ProxyElement.update (package:flutter/src/widgets/framework.dart:6149:5)
#1020   Element.updateChild (package:flutter/src/widgets/framework.dart:4037:15)
#1021   ComponentElement.performRebuild (package:flutter/src/widgets/framework.dart:5841:16)
#1022   Element.rebuild (package:flutter/src/widgets/framework.dart:5529:7)
#1023   ProxyElement.update (package:flutter/src/widgets/framework.dart:6149:5)
#1024   _InheritedNotifierElement.update (package:flutter/src/widgets/inherited_notifier.dart:108:11)
#1025   Element.updateChild (package:flutter/src/widgets/framework.dart:4037:15)
#1026   ComponentElement.performRebuild (package:flutter/src/widgets/framework.dart:5841:16)
#1027   StatefulElement.performRebuild (package:flutter/src/widgets/framework.dart:5982:11)
#1028   Element.rebuild (package:flutter/src/widgets/framework.dart:5529:7)
#1029   StatefulElement.update (package:flutter/src/widgets/framework.dart:6007:5)
#1030   Element.updateChild (package:flutter/src/widgets/framework.dart:4037:15)
#1031   ComponentElement.performRebuild (package:flutter/src/widgets/framework.dart:5841:16)
#1032   Element.rebuild (package:flutter/src/widgets/framework.dart:5529:7)
#1033   ProxyElement.update (package:flutter/src/widgets/framework.dart:6149:5)
#1034   Element.updateChild (package:flutter/src/widgets/framework.dart:4037:15)
#1035   ComponentElement.performRebuild (package:flutter/src/widgets/framework.dart:5841:16)
#1036   Element.rebuild (package:flutter/src/widgets/framework.dart:5529:7)
#1037   StatelessElement.update (package:flutter/src/widgets/framework.dart:5895:5)
#1038   Element.updateChild (package:flutter/src/widgets/framework.dart:4037:15)
#1039   ComponentElement.performRebuild (package:flutter/src/widgets/framework.dart:5841:16)
#1040   Element.rebuild (package:flutter/src/widgets/framework.dart:5529:7)
#1041   ProxyElement.update (package:flutter/src/widgets/framework.dart:6149:5)
#1042   Element.updateChild (package:flutter/src/widgets/framework.dart:4037:15)
#1043   ComponentElement.performRebuild (package:flutter/src/widgets/framework.dart:5841:16)
#1044   Element.rebuild (package:flutter/src/widgets/framework.dart:5529:7)
#1045   ProxyElement.update (package:flutter/src/widgets/framework.dart:6149:5)
#1046   Element.updateChild (package:flutter/src/widgets/framework.dart:4037:15)
#1047   ComponentElement.performRebuild (package:flutter/src/widgets/framework.dart:5841:16)
#1048   StatefulElement.performRebuild (package:flutter/src/widgets/framework.dart:5982:11)
#1049   Element.rebuild (package:flutter/src/widgets/framework.dart:5529:7)
#1050   BuildScope._tryRebuild (package:flutter/src/widgets/framework.dart:2750:15)
#1051   BuildScope._flushDirtyElements (package:flutter/src/widgets/framework.dart:2807:11)
#1052   BuildOwner.buildScope (package:flutter/src/widgets/framework.dart:3111:18)
#1053   AutomatedTestWidgetsFlutterBinding.drawFrame (package:flutter_test/src/binding.dart:2431:19)
#1054   RendererBinding._handlePersistentFrameCallback (package:flutter/src/rendering/binding.dart:509:5)
#1055   SchedulerBinding._invokeFrameCallback (package:flutter/src/scheduler/binding.dart:1430:15)
#1056   SchedulerBinding.handleDrawFrame (package:flutter/src/scheduler/binding.dart:1345:9)
#1057   AutomatedTestWidgetsFlutterBinding.pump.<anonymous closure> (package:flutter_test/src/binding.dart:2260:9)
#1058   _rootRun (dart:async/zone_root.dart:35:13)
#1059   _CustomZone.run (dart:async/zone.dart:726:19)
#1060   TestAsyncUtils.guard (package:flutter_test/src/test_async_utils.dart:74:41)
#1061   AutomatedTestWidgetsFlutterBinding.pump (package:flutter_test/src/binding.dart:2249:27)
#1062   WidgetTester.pump.<anonymous closure> (package:flutter_test/src/widget_tester.dart:652:53)
#1063   _rootRun (dart:async/zone_root.dart:35:13)
#1064   _CustomZone.run (dart:async/zone.dart:726:19)
#1065   TestAsyncUtils.guard (package:flutter_test/src/test_async_utils.dart:74:41)
#1066   WidgetTester.pump (package:flutter_test/src/widget_tester.dart:652:27)
#1067   pumpUntilSettled (file:///C:/Users/andrvoicu/Desktop/repos/collectarr-app/test/helpers/test_constants.dart:31:18)
#1068   main.<anonymous closure> (file:///C:/Users/andrvoicu/Desktop/repos/collectarr-app/test/app_shell_test.dart:136:11)
<asynchronous suspension>
#1069   testWidgets.<anonymous closure>.<anonymous closure> (package:flutter_test/src/widget_tester.dart:192:15)
<asynchronous suspension>
#1070   TestWidgetsFlutterBinding._runTestBody (package:flutter_test/src/binding.dart:1952:5)
<asynchronous suspension>
#1071   StackZoneSpecification._registerCallback.<anonymous closure> (package:stack_trace/src/stack_zone_specification.dart:114:42)
<asynchronous suspension>
This warning will only appear on debug builds.
00:02 +75: C:/Users/andrvoicu/Desktop/repos/collectarr-app/test/app_shell_test.dart: app shell shows Manage destination for standard accounts
00:02 +76: C:/Users/andrvoicu/Desktop/repos/collectarr-app/test/app_shell_test.dart: app shell shows Manage destination for standard accounts
00:02 +77: C:/Users/andrvoicu/Desktop/repos/collectarr-app/test/app_shell_test.dart: app shell shows Manage destination for standard accounts
00:02 +78: C:/Users/andrvoicu/Desktop/repos/collectarr-app/test/app_shell_test.dart: app shell shows Manage destination for standard accounts
00:02 +79: C:/Users/andrvoicu/Desktop/repos/collectarr-app/test/app_shell_test.dart: app shell shows Manage destination for standard accounts
00:02 +80: C:/Users/andrvoicu/Desktop/repos/collectarr-app/test/app_shell_test.dart: app shell shows Manage destination for standard accounts
00:02 +81: C:/Users/andrvoicu/Desktop/repos/collectarr-app/test/app_shell_test.dart: app shell shows Manage destination for standard accounts
00:02 +82: C:/Users/andrvoicu/Desktop/repos/collectarr-app/test/app_shell_test.dart: app shell shows Manage destination for standard accounts
00:02 +83: C:/Users/andrvoicu/Desktop/repos/collectarr-app/test/app_shell_test.dart: app shell shows Manage destination for standard accounts
00:02 +84: C:/Users/andrvoicu/Desktop/repos/collectarr-app/test/app_shell_test.dart: app shell shows Manage destination for standard accounts
00:02 +85: C:/Users/andrvoicu/Desktop/repos/collectarr-app/test/app_shell_test.dart: app shell shows Manage destination for standard accounts
00:02 +86: C:/Users/andrvoicu/Desktop/repos/collectarr-app/test/app_shell_test.dart: app shell shows Manage destination for standard accounts
00:02 +87: C:/Users/andrvoicu/Desktop/repos/collectarr-app/test/app_shell_test.dart: app shell shows Manage destination for standard accounts
00:02 +88: C:/Users/andrvoicu/Desktop/repos/collectarr-app/test/app_shell_test.dart: app shell shows Manage destination for standard accounts
00:03 +89: C:/Users/andrvoicu/Desktop/repos/collectarr-app/test/app_shell_test.dart: app shell shows Manage destination for standard accounts
00:03 +90: C:/Users/andrvoicu/Desktop/repos/collectarr-app/test/app_shell_test.dart: app shell shows Manage destination for standard accounts
WARNING (drift): It looks like you've created the database class LocalDatabase multiple times. When these two databases use the same QueryExecutor, race conditions will occur and might corrupt the database. 
Try to follow the advice at https://drift.simonbinder.eu/faq/#using-the-database or, if you know what you're doing, set driftRuntimeOptions.dontWarnAboutMultipleDatabases = true
Here is the stacktrace from when the database was opened a second time:
#0      GeneratedDatabase._handleInstantiated (package:drift/src/runtime/api/db_base.dart:96:30)
#1      GeneratedDatabase._whenConstructed (package:drift/src/runtime/api/db_base.dart:73:12)
#2      new GeneratedDatabase (package:drift/src/runtime/api/db_base.dart:64:5)
#3      new _$LocalDatabase (package:collectarr_app/core/db/local_database.g.dart:12351:38)
#4      new LocalDatabase (package:collectarr_app/core/db/local_database.dart:387:9)
#5      localDatabaseProvider.<anonymous closure> (package:collectarr_app/state/local_database_provider.dart:5:14)
#6      Provider.create (package:riverpod/src/providers/provider.dart:59:36)
#7      $ProviderElement.create (package:riverpod/src/providers/provider.dart:343:32)
#8      ProviderElement.buildState (package:riverpod/src/core/element.dart:684:28)
#9      ProviderElement.mount (package:riverpod/src/core/element.dart:537:7)
#10     ProviderElement.flush (package:riverpod/src/core/element.dart:640:7)
#11     $ProviderBaseImpl._addListener (package:riverpod/src/core/provider/provider.dart:119:24)
#12     ProviderElement.listen (package:riverpod/src/core/element.dart:923:28)
#13     Ref.watch (package:riverpod/src/core/ref.dart:655:20)
#14     overdueLoanOwnedItemIdsProvider.<anonymous closure> (package:collectarr_app/features/library/home/home_counts.dart:26:35)
#15     FutureProvider.create (package:riverpod/src/providers/future_provider.dart:142:46)
#16     $FutureProviderElement.create.<anonymous closure> (package:riverpod/src/providers/future_provider.dart:167:45)
#17     ElementWithFuture.handleFuture.<anonymous closure> (package:riverpod/src/core/element.dart:206:30)
#18     ElementWithFuture._handleAsync (package:riverpod/src/core/element.dart:270:35)
#19     ElementWithFuture.handleFuture (package:riverpod/src/core/element.dart:200:12)
#20     $FutureProviderElement.create (package:riverpod/src/providers/future_provider.dart:167:12)
#21     ProviderElement.buildState (package:riverpod/src/core/element.dart:684:28)
#22     ProviderElement.mount (package:riverpod/src/core/element.dart:537:7)
#23     ProviderElement.flush (package:riverpod/src/core/element.dart:640:7)
#24     $ProviderBaseImpl._addListener (package:riverpod/src/core/provider/provider.dart:119:24)
#25     ProviderContainer.listen (package:riverpod/src/core/provider_container.dart:960:26)
#26     ConsumerStatefulElement.watch.<anonymous closure> (package:flutter_riverpod/src/core/consumer.dart:475:37)
#27     _LinkedHashMapMixin.putIfAbsent (dart:_compact_hash:682:23)
#28     ConsumerStatefulElement.watch (package:flutter_riverpod/src/core/consumer.dart:468:14)
#29     _LibraryHomePageState.build (package:collectarr_app/features/library/home/home_page.dart:90:41)
#30     StatefulElement.build (package:flutter/src/widgets/framework.dart:5931:27)
#31     ConsumerStatefulElement.build (package:flutter_riverpod/src/core/consumer.dart:445:20)
#32     ComponentElement.performRebuild (package:flutter/src/widgets/framework.dart:5817:15)
#33     StatefulElement.performRebuild (package:flutter/src/widgets/framework.dart:5982:11)
#34     Element.rebuild (package:flutter/src/widgets/framework.dart:5529:7)
#35     ComponentElement._firstBuild (package:flutter/src/widgets/framework.dart:5799:5)
#36     StatefulElement._firstBuild (package:flutter/src/widgets/framework.dart:5973:11)
#37     ComponentElement.mount (package:flutter/src/widgets/framework.dart:5793:5)
#38     Element.inflateWidget (package:flutter/src/widgets/framework.dart:4587:20)
#39     Element.updateChild (package:flutter/src/widgets/framework.dart:4059:18)
#40     ComponentElement.performRebuild (package:flutter/src/widgets/framework.dart:5841:16)
#41     Element.rebuild (package:flutter/src/widgets/framework.dart:5529:7)
#42     ComponentElement._firstBuild (package:flutter/src/widgets/framework.dart:5799:5)
#43     ComponentElement.mount (package:flutter/src/widgets/framework.dart:5793:5)
#44     Element.inflateWidget (package:flutter/src/widgets/framework.dart:4587:20)
#45     Element.updateChild (package:flutter/src/widgets/framework.dart:4059:18)
#46     SingleChildRenderObjectElement.mount (package:flutter/src/widgets/framework.dart:7115:14)
#47     Element.inflateWidget (package:flutter/src/widgets/framework.dart:4587:20)
#48     Element.updateChild (package:flutter/src/widgets/framework.dart:4059:18)
#49     ComponentElement.performRebuild (package:flutter/src/widgets/framework.dart:5841:16)
#50     Element.rebuild (package:flutter/src/widgets/framework.dart:5529:7)
#51     ComponentElement._firstBuild (package:flutter/src/widgets/framework.dart:5799:5)
#52     ComponentElement.mount (package:flutter/src/widgets/framework.dart:5793:5)
#53     Element.inflateWidget (package:flutter/src/widgets/framework.dart:4587:20)
#54     Element.updateChild (package:flutter/src/widgets/framework.dart:4059:18)
#55     SingleChildRenderObjectElement.mount (package:flutter/src/widgets/framework.dart:7115:14)
#56     Element.inflateWidget (package:flutter/src/widgets/framework.dart:4587:20)
#57     Element.updateChild (package:flutter/src/widgets/framework.dart:4059:18)
#58     SingleChildRenderObjectElement.mount (package:flutter/src/widgets/framework.dart:7115:14)
#59     Element.inflateWidget (package:flutter/src/widgets/framework.dart:4587:20)
#60     Element.updateChild (package:flutter/src/widgets/framework.dart:4059:18)
#61     ComponentElement.performRebuild (package:flutter/src/widgets/framework.dart:5841:16)
#62     StatefulElement.performRebuild (package:flutter/src/widgets/framework.dart:5982:11)
#63     Element.rebuild (package:flutter/src/widgets/framework.dart:5529:7)
#64     ComponentElement._firstBuild (package:flutter/src/widgets/framework.dart:5799:5)
#65     StatefulElement._firstBuild (package:flutter/src/widgets/framework.dart:5973:11)
#66     ComponentElement.mount (package:flutter/src/widgets/framework.dart:5793:5)
#67     Element.inflateWidget (package:flutter/src/widgets/framework.dart:4587:20)
#68     Element.updateChild (package:flutter/src/widgets/framework.dart:4059:18)
#69     SingleChildRenderObjectElement.mount (package:flutter/src/widgets/framework.dart:7115:14)
#70     Element.inflateWidget (package:flutter/src/widgets/framework.dart:4587:20)
#71     Element.updateChild (package:flutter/src/widgets/framework.dart:4059:18)
#72     ComponentElement.performRebuild (package:flutter/src/widgets/framework.dart:5841:16)
#73     StatefulElement.performRebuild (package:flutter/src/widgets/framework.dart:5982:11)
#74     Element.rebuild (package:flutter/src/widgets/framework.dart:5529:7)
#75     ComponentElement._firstBuild (package:flutter/src/widgets/framework.dart:5799:5)
#76     StatefulElement._firstBuild (package:flutter/src/widgets/framework.dart:5973:11)
#77     ComponentElement.mount (package:flutter/src/widgets/framework.dart:5793:5)
#78     Element.inflateWidget (package:flutter/src/widgets/framework.dart:4587:20)
#79     Element.updateChild (package:flutter/src/widgets/framework.dart:4059:18)
#80     SingleChildRenderObjectElement.mount (package:flutter/src/widgets/framework.dart:7115:14)
#81     Element.inflateWidget (package:flutter/src/widgets/framework.dart:4587:20)
#82     Element.updateChild (package:flutter/src/widgets/framework.dart:4059:18)
#83     SingleChildRenderObjectElement.mount (package:flutter/src/widgets/framework.dart:7115:14)
#84     Element.inflateWidget (package:flutter/src/widgets/framework.dart:4587:20)
#85     Element.updateChild (package:flutter/src/widgets/framework.dart:4059:18)
#86     ComponentElement.performRebuild (package:flutter/src/widgets/framework.dart:5841:16)
#87     StatefulElement.performRebuild (package:flutter/src/widgets/framework.dart:5982:11)
#88     Element.rebuild (package:flutter/src/widgets/framework.dart:5529:7)
#89     ComponentElement._firstBuild (package:flutter/src/widgets/framework.dart:5799:5)
#90     StatefulElement._firstBuild (package:flutter/src/widgets/framework.dart:5973:11)
#91     ComponentElement.mount (package:flutter/src/widgets/framework.dart:5793:5)
#92     Element.inflateWidget (package:flutter/src/widgets/framework.dart:4587:20)
#93     Element.updateChild (package:flutter/src/widgets/framework.dart:4059:18)
#94     SingleChildRenderObjectElement.mount (package:flutter/src/widgets/framework.dart:7115:14)
#95     Element.inflateWidget (package:flutter/src/widgets/framework.dart:4587:20)
#96     Element.updateChild (package:flutter/src/widgets/framework.dart:4059:18)
#97     ComponentElement.performRebuild (package:flutter/src/widgets/framework.dart:5841:16)
#98     StatefulElement.performRebuild (package:flutter/src/widgets/framework.dart:5982:11)
#99     Element.rebuild (package:flutter/src/widgets/framework.dart:5529:7)
#100    ComponentElement._firstBuild (package:flutter/src/widgets/framework.dart:5799:5)
#101    StatefulElement._firstBuild (package:flutter/src/widgets/framework.dart:5973:11)
#102    ComponentElement.mount (package:flutter/src/widgets/framework.dart:5793:5)
#103    Element.inflateWidget (package:flutter/src/widgets/framework.dart:4587:20)
#104    Element.updateChild (package:flutter/src/widgets/framework.dart:4059:18)
#105    SingleChildRenderObjectElement.mount (package:flutter/src/widgets/framework.dart:7115:14)
#106    Element.inflateWidget (package:flutter/src/widgets/framework.dart:4587:20)
#107    Element.updateChild (package:flutter/src/widgets/framework.dart:4059:18)
#108    SingleChildRenderObjectElement.mount (package:flutter/src/widgets/framework.dart:7115:14)
#109    Element.inflateWidget (package:flutter/src/widgets/framework.dart:4587:20)
#110    Element.updateChild (package:flutter/src/widgets/framework.dart:4059:18)
#111    ComponentElement.performRebuild (package:flutter/src/widgets/framework.dart:5841:16)
#112    StatefulElement.performRebuild (package:flutter/src/widgets/framework.dart:5982:11)
#113    Element.rebuild (package:flutter/src/widgets/framework.dart:5529:7)
#114    ComponentElement._firstBuild (package:flutter/src/widgets/framework.dart:5799:5)
#115    StatefulElement._firstBuild (package:flutter/src/widgets/framework.dart:5973:11)
#116    ComponentElement.mount (package:flutter/src/widgets/framework.dart:5793:5)
#117    Element.inflateWidget (package:flutter/src/widgets/framework.dart:4587:20)
#118    Element.updateChild (package:flutter/src/widgets/framework.dart:4059:18)
#119    SingleChildRenderObjectElement.mount (package:flutter/src/widgets/framework.dart:7115:14)
#120    Element.inflateWidget (package:flutter/src/widgets/framework.dart:4587:20)
#121    Element.updateChild (package:flutter/src/widgets/framework.dart:4059:18)
#122    SingleChildRenderObjectElement.mount (package:flutter/src/widgets/framework.dart:7115:14)
#123    Element.inflateWidget (package:flutter/src/widgets/framework.dart:4587:20)
#124    Element.updateChild (package:flutter/src/widgets/framework.dart:4059:18)
#125    SingleChildRenderObjectElement.mount (package:flutter/src/widgets/framework.dart:7115:14)
#126    Element.inflateWidget (package:flutter/src/widgets/framework.dart:4587:20)
#127    Element.updateChild (package:flutter/src/widgets/framework.dart:4059:18)
#128    ComponentElement.performRebuild (package:flutter/src/widgets/framework.dart:5841:16)
#129    StatefulElement.performRebuild (package:flutter/src/widgets/framework.dart:5982:11)
#130    Element.rebuild (package:flutter/src/widgets/framework.dart:5529:7)
#131    ComponentElement._firstBuild (package:flutter/src/widgets/framework.dart:5799:5)
#132    StatefulElement._firstBuild (package:flutter/src/widgets/framework.dart:5973:11)
#133    ComponentElement.mount (package:flutter/src/widgets/framework.dart:5793:5)
#134    Element.inflateWidget (package:flutter/src/widgets/framework.dart:4587:20)
#135    Element.updateChild (package:flutter/src/widgets/framework.dart:4059:18)
#136    SingleChildRenderObjectElement.mount (package:flutter/src/widgets/framework.dart:7115:14)
#137    Element.inflateWidget (package:flutter/src/widgets/framework.dart:4587:20)
#138    Element.updateChild (package:flutter/src/widgets/framework.dart:4059:18)
#139    ComponentElement.performRebuild (package:flutter/src/widgets/framework.dart:5841:16)
#140    StatefulElement.performRebuild (package:flutter/src/widgets/framework.dart:5982:11)
#141    Element.rebuild (package:flutter/src/widgets/framework.dart:5529:7)
#142    ComponentElement._firstBuild (package:flutter/src/widgets/framework.dart:5799:5)
#143    StatefulElement._firstBuild (package:flutter/src/widgets/framework.dart:5973:11)
#144    ComponentElement.mount (package:flutter/src/widgets/framework.dart:5793:5)
#145    Element.inflateWidget (package:flutter/src/widgets/framework.dart:4587:20)
#146    Element.updateChild (package:flutter/src/widgets/framework.dart:4059:18)
#147    ComponentElement.performRebuild (package:flutter/src/widgets/framework.dart:5841:16)
#148    Element.rebuild (package:flutter/src/widgets/framework.dart:5529:7)
#149    ComponentElement._firstBuild (package:flutter/src/widgets/framework.dart:5799:5)
#150    ComponentElement.mount (package:flutter/src/widgets/framework.dart:5793:5)
#151    Element.inflateWidget (package:flutter/src/widgets/framework.dart:4587:20)
#152    Element.updateChild (package:flutter/src/widgets/framework.dart:4059:18)
#153    ComponentElement.performRebuild (package:flutter/src/widgets/framework.dart:5841:16)
#154    StatefulElement.performRebuild (package:flutter/src/widgets/framework.dart:5982:11)
#155    Element.rebuild (package:flutter/src/widgets/framework.dart:5529:7)
#156    ComponentElement._firstBuild (package:flutter/src/widgets/framework.dart:5799:5)
#157    StatefulElement._firstBuild (package:flutter/src/widgets/framework.dart:5973:11)
#158    ComponentElement.mount (package:flutter/src/widgets/framework.dart:5793:5)
#159    Element.inflateWidget (package:flutter/src/widgets/framework.dart:4587:20)
#160    Element.updateChild (package:flutter/src/widgets/framework.dart:4059:18)
#161    ComponentElement.performRebuild (package:flutter/src/widgets/framework.dart:5841:16)
#162    StatefulElement.performRebuild (package:flutter/src/widgets/framework.dart:5982:11)
#163    Element.rebuild (package:flutter/src/widgets/framework.dart:5529:7)
#164    ComponentElement._firstBuild (package:flutter/src/widgets/framework.dart:5799:5)
#165    StatefulElement._firstBuild (package:flutter/src/widgets/framework.dart:5973:11)
#166    ComponentElement.mount (package:flutter/src/widgets/framework.dart:5793:5)
#167    Element.inflateWidget (package:flutter/src/widgets/framework.dart:4587:20)
#168    Element.updateChild (package:flutter/src/widgets/framework.dart:4059:18)
#169    ComponentElement.performRebuild (package:flutter/src/widgets/framework.dart:5841:16)
#170    StatefulElement.performRebuild (package:flutter/src/widgets/framework.dart:5982:11)
#171    Element.rebuild (package:flutter/src/widgets/framework.dart:5529:7)
#172    ComponentElement._firstBuild (package:flutter/src/widgets/framework.dart:5799:5)
#173    StatefulElement._firstBuild (package:flutter/src/widgets/framework.dart:5973:11)
#174    ComponentElement.mount (package:flutter/src/widgets/framework.dart:5793:5)
#175    Element.inflateWidget (package:flutter/src/widgets/framework.dart:4587:20)
#176    Element.updateChild (package:flutter/src/widgets/framework.dart:4059:18)
#177    SingleChildRenderObjectElement.mount (package:flutter/src/widgets/framework.dart:7115:14)
#178    Element.inflateWidget (package:flutter/src/widgets/framework.dart:4587:20)
#179    Element.updateChild (package:flutter/src/widgets/framework.dart:4059:18)
#180    ComponentElement.performRebuild (package:flutter/src/widgets/framework.dart:5841:16)
#181    Element.rebuild (package:flutter/src/widgets/framework.dart:5529:7)
#182    ComponentElement._firstBuild (package:flutter/src/widgets/framework.dart:5799:5)
#183    ComponentElement.mount (package:flutter/src/widgets/framework.dart:5793:5)
#184    Element.inflateWidget (package:flutter/src/widgets/framework.dart:4587:20)
#185    Element.updateChild (package:flutter/src/widgets/framework.dart:4059:18)
#186    SingleChildRenderObjectElement.mount (package:flutter/src/widgets/framework.dart:7115:14)
#187    Element.inflateWidget (package:flutter/src/widgets/framework.dart:4587:20)
#188    Element.updateChild (package:flutter/src/widgets/framework.dart:4059:18)
#189    ComponentElement.performRebuild (package:flutter/src/widgets/framework.dart:5841:16)
#190    StatefulElement.performRebuild (package:flutter/src/widgets/framework.dart:5982:11)
#191    Element.rebuild (package:flutter/src/widgets/framework.dart:5529:7)
#192    ComponentElement._firstBuild (package:flutter/src/widgets/framework.dart:5799:5)
#193    StatefulElement._firstBuild (package:flutter/src/widgets/framework.dart:5973:11)
#194    ComponentElement.mount (package:flutter/src/widgets/framework.dart:5793:5)
#195    Element.inflateWidget (package:flutter/src/widgets/framework.dart:4587:20)
#196    Element.updateChild (package:flutter/src/widgets/framework.dart:4059:18)
#197    ComponentElement.performRebuild (package:flutter/src/widgets/framework.dart:5841:16)
#198    Element.rebuild (package:flutter/src/widgets/framework.dart:5529:7)
#199    ComponentElement._firstBuild (package:flutter/src/widgets/framework.dart:5799:5)
#200    ComponentElement.mount (package:flutter/src/widgets/framework.dart:5793:5)
#201    Element.inflateWidget (package:flutter/src/widgets/framework.dart:4587:20)
#202    Element.updateChild (package:flutter/src/widgets/framework.dart:4059:18)
#203    ComponentElement.performRebuild (package:flutter/src/widgets/framework.dart:5841:16)
#204    Element.rebuild (package:flutter/src/widgets/framework.dart:5529:7)
#205    ComponentElement._firstBuild (package:flutter/src/widgets/framework.dart:5799:5)
#206    ComponentElement.mount (package:flutter/src/widgets/framework.dart:5793:5)
#207    Element.inflateWidget (package:flutter/src/widgets/framework.dart:4587:20)
#208    Element.updateChild (package:flutter/src/widgets/framework.dart:4059:18)
#209    ComponentElement.performRebuild (package:flutter/src/widgets/framework.dart:5841:16)
#210    StatefulElement.performRebuild (package:flutter/src/widgets/framework.dart:5982:11)
#211    Element.rebuild (package:flutter/src/widgets/framework.dart:5529:7)
#212    ComponentElement._firstBuild (package:flutter/src/widgets/framework.dart:5799:5)
#213    StatefulElement._firstBuild (package:flutter/src/widgets/framework.dart:5973:11)
#214    ComponentElement.mount (package:flutter/src/widgets/framework.dart:5793:5)
#215    Element.inflateWidget (package:flutter/src/widgets/framework.dart:4587:20)
#216    Element.updateChild (package:flutter/src/widgets/framework.dart:4059:18)
#217    ComponentElement.performRebuild (package:flutter/src/widgets/framework.dart:5841:16)
#218    Element.rebuild (package:flutter/src/widgets/framework.dart:5529:7)
#219    ComponentElement._firstBuild (package:flutter/src/widgets/framework.dart:5799:5)
#220    ComponentElement.mount (package:flutter/src/widgets/framework.dart:5793:5)
#221    Element.inflateWidget (package:flutter/src/widgets/framework.dart:4587:20)
#222    Element.updateChild (package:flutter/src/widgets/framework.dart:4059:18)
#223    ComponentElement.performRebuild (package:flutter/src/widgets/framework.dart:5841:16)
#224    Element.rebuild (package:flutter/src/widgets/framework.dart:5529:7)
#225    ComponentElement._firstBuild (package:flutter/src/widgets/framework.dart:5799:5)
#226    ComponentElement.mount (package:flutter/src/widgets/framework.dart:5793:5)
#227    Element.inflateWidget (package:flutter/src/widgets/framework.dart:4587:20)
#228    Element.updateChild (package:flutter/src/widgets/framework.dart:4059:18)
#229    SingleChildRenderObjectElement.mount (package:flutter/src/widgets/framework.dart:7115:14)
#230    Element.inflateWidget (package:flutter/src/widgets/framework.dart:4587:20)
#231    Element.updateChild (package:flutter/src/widgets/framework.dart:4059:18)
#232    ComponentElement.performRebuild (package:flutter/src/widgets/framework.dart:5841:16)
#233    Element.rebuild (package:flutter/src/widgets/framework.dart:5529:7)
#234    ComponentElement._firstBuild (package:flutter/src/widgets/framework.dart:5799:5)
#235    ComponentElement.mount (package:flutter/src/widgets/framework.dart:5793:5)
#236    Element.inflateWidget (package:flutter/src/widgets/framework.dart:4587:20)
#237    Element.updateChild (package:flutter/src/widgets/framework.dart:4059:18)
#238    ComponentElement.performRebuild (package:flutter/src/widgets/framework.dart:5841:16)
#239    Element.rebuild (package:flutter/src/widgets/framework.dart:5529:7)
#240    ComponentElement._firstBuild (package:flutter/src/widgets/framework.dart:5799:5)
#241    ComponentElement.mount (package:flutter/src/widgets/framework.dart:5793:5)
#242    Element.inflateWidget (package:flutter/src/widgets/framework.dart:4587:20)
#243    Element.updateChild (package:flutter/src/widgets/framework.dart:4059:18)
#244    ComponentElement.performRebuild (package:flutter/src/widgets/framework.dart:5841:16)
#245    StatefulElement.performRebuild (package:flutter/src/widgets/framework.dart:5982:11)
#246    Element.rebuild (package:flutter/src/widgets/framework.dart:5529:7)
#247    ComponentElement._firstBuild (package:flutter/src/widgets/framework.dart:5799:5)
#248    StatefulElement._firstBuild (package:flutter/src/widgets/framework.dart:5973:11)
#249    ComponentElement.mount (package:flutter/src/widgets/framework.dart:5793:5)
#250    Element.inflateWidget (package:flutter/src/widgets/framework.dart:4587:20)
#251    Element.updateChild (package:flutter/src/widgets/framework.dart:4059:18)
#252    ComponentElement.performRebuild (package:flutter/src/widgets/framework.dart:5841:16)
#253    StatefulElement.performRebuild (package:flutter/src/widgets/framework.dart:5982:11)
#254    Element.rebuild (package:flutter/src/widgets/framework.dart:5529:7)
#255    ComponentElement._firstBuild (package:flutter/src/widgets/framework.dart:5799:5)
#256    StatefulElement._firstBuild (package:flutter/src/widgets/framework.dart:5973:11)
#257    ComponentElement.mount (package:flutter/src/widgets/framework.dart:5793:5)
#258    Element.inflateWidget (package:flutter/src/widgets/framework.dart:4587:20)
#259    Element.updateChild (package:flutter/src/widgets/framework.dart:4059:18)
#260    ComponentElement.performRebuild (package:flutter/src/widgets/framework.dart:5841:16)
#261    StatefulElement.performRebuild (package:flutter/src/widgets/framework.dart:5982:11)
#262    Element.rebuild (package:flutter/src/widgets/framework.dart:5529:7)
#263    ComponentElement._firstBuild (package:flutter/src/widgets/framework.dart:5799:5)
#264    StatefulElement._firstBuild (package:flutter/src/widgets/framework.dart:5973:11)
#265    ComponentElement.mount (package:flutter/src/widgets/framework.dart:5793:5)
#266    Element.inflateWidget (package:flutter/src/widgets/framework.dart:4587:20)
#267    Element.updateChild (package:flutter/src/widgets/framework.dart:4059:18)
#268    SingleChildRenderObjectElement.mount (package:flutter/src/widgets/framework.dart:7115:14)
#269    Element.inflateWidget (package:flutter/src/widgets/framework.dart:4587:20)
#270    Element.updateChild (package:flutter/src/widgets/framework.dart:4059:18)
#271    ComponentElement.performRebuild (package:flutter/src/widgets/framework.dart:5841:16)
#272    Element.rebuild (package:flutter/src/widgets/framework.dart:5529:7)
#273    ComponentElement._firstBuild (package:flutter/src/widgets/framework.dart:5799:5)
#274    ComponentElement.mount (package:flutter/src/widgets/framework.dart:5793:5)
#275    Element.inflateWidget (package:flutter/src/widgets/framework.dart:4587:20)
#276    Element.updateChild (package:flutter/src/widgets/framework.dart:4059:18)
#277    ComponentElement.performRebuild (package:flutter/src/widgets/framework.dart:5841:16)
#278    Element.rebuild (package:flutter/src/widgets/framework.dart:5529:7)
#279    ComponentElement._firstBuild (package:flutter/src/widgets/framework.dart:5799:5)
#280    ComponentElement.mount (package:flutter/src/widgets/framework.dart:5793:5)
#281    Element.inflateWidget (package:flutter/src/widgets/framework.dart:4587:20)
#282    Element.updateChild (package:flutter/src/widgets/framework.dart:4059:18)
#283    ComponentElement.performRebuild (package:flutter/src/widgets/framework.dart:5841:16)
#284    Element.rebuild (package:flutter/src/widgets/framework.dart:5529:7)
#285    ComponentElement._firstBuild (package:flutter/src/widgets/framework.dart:5799:5)
#286    ComponentElement.mount (package:flutter/src/widgets/framework.dart:5793:5)
#287    Element.inflateWidget (package:flutter/src/widgets/framework.dart:4587:20)
#288    Element.updateChild (package:flutter/src/widgets/framework.dart:4059:18)
#289    ComponentElement.performRebuild (package:flutter/src/widgets/framework.dart:5841:16)
#290    StatefulElement.performRebuild (package:flutter/src/widgets/framework.dart:5982:11)
#291    Element.rebuild (package:flutter/src/widgets/framework.dart:5529:7)
#292    ComponentElement._firstBuild (package:flutter/src/widgets/framework.dart:5799:5)
#293    StatefulElement._firstBuild (package:flutter/src/widgets/framework.dart:5973:11)
#294    ComponentElement.mount (package:flutter/src/widgets/framework.dart:5793:5)
#295    Element.inflateWidget (package:flutter/src/widgets/framework.dart:4587:20)
#296    Element.updateChild (package:flutter/src/widgets/framework.dart:4059:18)
#297    ComponentElement.performRebuild (package:flutter/src/widgets/framework.dart:5841:16)
#298    StatefulElement.performRebuild (package:flutter/src/widgets/framework.dart:5982:11)
#299    Element.rebuild (package:flutter/src/widgets/framework.dart:5529:7)
#300    ComponentElement._firstBuild (package:flutter/src/widgets/framework.dart:5799:5)
#301    StatefulElement._firstBuild (package:flutter/src/widgets/framework.dart:5973:11)
#302    ComponentElement.mount (package:flutter/src/widgets/framework.dart:5793:5)
#303    Element.inflateWidget (package:flutter/src/widgets/framework.dart:4587:20)
#304    MultiChildRenderObjectElement.inflateWidget (package:flutter/src/widgets/framework.dart:7264:36)
#305    MultiChildRenderObjectElement.mount (package:flutter/src/widgets/framework.dart:7279:32)
#306    Element.inflateWidget (package:flutter/src/widgets/framework.dart:4587:20)
#307    Element.updateChild (package:flutter/src/widgets/framework.dart:4059:18)
#308    ComponentElement.performRebuild (package:flutter/src/widgets/framework.dart:5841:16)
#309    StatefulElement.performRebuild (package:flutter/src/widgets/framework.dart:5982:11)
#310    Element.rebuild (package:flutter/src/widgets/framework.dart:5529:7)
#311    ComponentElement._firstBuild (package:flutter/src/widgets/framework.dart:5799:5)
#312    StatefulElement._firstBuild (package:flutter/src/widgets/framework.dart:5973:11)
#313    ComponentElement.mount (package:flutter/src/widgets/framework.dart:5793:5)
#314    Element.inflateWidget (package:flutter/src/widgets/framework.dart:4587:20)
#315    Element.updateChild (package:flutter/src/widgets/framework.dart:4059:18)
#316    ComponentElement.performRebuild (package:flutter/src/widgets/framework.dart:5841:16)
#317    Element.rebuild (package:flutter/src/widgets/framework.dart:5529:7)
#318    ComponentElement._firstBuild (package:flutter/src/widgets/framework.dart:5799:5)
#319    ComponentElement.mount (package:flutter/src/widgets/framework.dart:5793:5)
#320    Element.inflateWidget (package:flutter/src/widgets/framework.dart:4587:20)
#321    Element.updateChild (package:flutter/src/widgets/framework.dart:4059:18)
#322    ComponentElement.performRebuild (package:flutter/src/widgets/framework.dart:5841:16)
#323    Element.rebuild (package:flutter/src/widgets/framework.dart:5529:7)
#324    ComponentElement._firstBuild (package:flutter/src/widgets/framework.dart:5799:5)
#325    ComponentElement.mount (package:flutter/src/widgets/framework.dart:5793:5)
#326    Element.inflateWidget (package:flutter/src/widgets/framework.dart:4587:20)
#327    Element.updateChild (package:flutter/src/widgets/framework.dart:4059:18)
#328    ComponentElement.performRebuild (package:flutter/src/widgets/framework.dart:5841:16)
#329    StatefulElement.performRebuild (package:flutter/src/widgets/framework.dart:5982:11)
#330    Element.rebuild (package:flutter/src/widgets/framework.dart:5529:7)
#331    ComponentElement._firstBuild (package:flutter/src/widgets/framework.dart:5799:5)
#332    StatefulElement._firstBuild (package:flutter/src/widgets/framework.dart:5973:11)
#333    ComponentElement.mount (package:flutter/src/widgets/framework.dart:5793:5)
#334    Element.inflateWidget (package:flutter/src/widgets/framework.dart:4587:20)
#335    Element.updateChild (package:flutter/src/widgets/framework.dart:4059:18)
#336    ComponentElement.performRebuild (package:flutter/src/widgets/framework.dart:5841:16)
#337    Element.rebuild (package:flutter/src/widgets/framework.dart:5529:7)
#338    ComponentElement._firstBuild (package:flutter/src/widgets/framework.dart:5799:5)
#339    ComponentElement.mount (package:flutter/src/widgets/framework.dart:5793:5)
#340    Element.inflateWidget (package:flutter/src/widgets/framework.dart:4587:20)
#341    Element.updateChild (package:flutter/src/widgets/framework.dart:4059:18)
#342    ComponentElement.performRebuild (package:flutter/src/widgets/framework.dart:5841:16)
#343    StatefulElement.performRebuild (package:flutter/src/widgets/framework.dart:5982:11)
#344    Element.rebuild (package:flutter/src/widgets/framework.dart:5529:7)
#345    ComponentElement._firstBuild (package:flutter/src/widgets/framework.dart:5799:5)
#346    StatefulElement._firstBuild (package:flutter/src/widgets/framework.dart:5973:11)
#347    ComponentElement.mount (package:flutter/src/widgets/framework.dart:5793:5)
#348    Element.inflateWidget (package:flutter/src/widgets/framework.dart:4587:20)
#349    Element.updateChild (package:flutter/src/widgets/framework.dart:4059:18)
#350    ComponentElement.performRebuild (package:flutter/src/widgets/framework.dart:5841:16)
#351    StatefulElement.performRebuild (package:flutter/src/widgets/framework.dart:5982:11)
#352    Element.rebuild (package:flutter/src/widgets/framework.dart:5529:7)
#353    ComponentElement._firstBuild (package:flutter/src/widgets/framework.dart:5799:5)
#354    StatefulElement._firstBuild (package:flutter/src/widgets/framework.dart:5973:11)
#355    ComponentElement.mount (package:flutter/src/widgets/framework.dart:5793:5)
#356    Element.inflateWidget (package:flutter/src/widgets/framework.dart:4587:20)
#357    Element.updateChild (package:flutter/src/widgets/framework.dart:4059:18)
#358    SingleChildRenderObjectElement.mount (package:flutter/src/widgets/framework.dart:7115:14)
#359    Element.inflateWidget (package:flutter/src/widgets/framework.dart:4587:20)
#360    Element.updateChild (package:flutter/src/widgets/framework.dart:4059:18)
#361    SingleChildRenderObjectElement.mount (package:flutter/src/widgets/framework.dart:7115:14)
#362    Element.inflateWidget (package:flutter/src/widgets/framework.dart:4587:20)
#363    Element.updateChild (package:flutter/src/widgets/framework.dart:4059:18)
#364    ComponentElement.performRebuild (package:flutter/src/widgets/framework.dart:5841:16)
#365    Element.rebuild (package:flutter/src/widgets/framework.dart:5529:7)
#366    ComponentElement._firstBuild (package:flutter/src/widgets/framework.dart:5799:5)
#367    ComponentElement.mount (package:flutter/src/widgets/framework.dart:5793:5)
#368    Element.inflateWidget (package:flutter/src/widgets/framework.dart:4587:20)
#369    Element.updateChild (package:flutter/src/widgets/framework.dart:4059:18)
#370    ComponentElement.performRebuild (package:flutter/src/widgets/framework.dart:5841:16)
#371    Element.rebuild (package:flutter/src/widgets/framework.dart:5529:7)
#372    ComponentElement._firstBuild (package:flutter/src/widgets/framework.dart:5799:5)
#373    ComponentElement.mount (package:flutter/src/widgets/framework.dart:5793:5)
#374    Element.inflateWidget (package:flutter/src/widgets/framework.dart:4587:20)
#375    Element.updateChild (package:flutter/src/widgets/framework.dart:4059:18)
#376    ComponentElement.performRebuild (package:flutter/src/widgets/framework.dart:5841:16)
#377    StatefulElement.performRebuild (package:flutter/src/widgets/framework.dart:5982:11)
#378    Element.rebuild (package:flutter/src/widgets/framework.dart:5529:7)
#379    ComponentElement._firstBuild (package:flutter/src/widgets/framework.dart:5799:5)
#380    StatefulElement._firstBuild (package:flutter/src/widgets/framework.dart:5973:11)
#381    ComponentElement.mount (package:flutter/src/widgets/framework.dart:5793:5)
#382    Element.inflateWidget (package:flutter/src/widgets/framework.dart:4587:20)
#383    Element.updateChild (package:flutter/src/widgets/framework.dart:4059:18)
#384    ComponentElement.performRebuild (package:flutter/src/widgets/framework.dart:5841:16)
#385    Element.rebuild (package:flutter/src/widgets/framework.dart:5529:7)
#386    ComponentElement._firstBuild (package:flutter/src/widgets/framework.dart:5799:5)
#387    ComponentElement.mount (package:flutter/src/widgets/framework.dart:5793:5)
#388    Element.inflateWidget (package:flutter/src/widgets/framework.dart:4587:20)
#389    Element.updateChild (package:flutter/src/widgets/framework.dart:4059:18)
#390    ComponentElement.performRebuild (package:flutter/src/widgets/framework.dart:5841:16)
#391    Element.rebuild (package:flutter/src/widgets/framework.dart:5529:7)
#392    ComponentElement._firstBuild (package:flutter/src/widgets/framework.dart:5799:5)
#393    ComponentElement.mount (package:flutter/src/widgets/framework.dart:5793:5)
#394    Element.inflateWidget (package:flutter/src/widgets/framework.dart:4587:20)
#395    Element.updateChild (package:flutter/src/widgets/framework.dart:4059:18)
#396    ComponentElement.performRebuild (package:flutter/src/widgets/framework.dart:5841:16)
#397    StatefulElement.performRebuild (package:flutter/src/widgets/framework.dart:5982:11)
#398    Element.rebuild (package:flutter/src/widgets/framework.dart:5529:7)
#399    ComponentElement._firstBuild (package:flutter/src/widgets/framework.dart:5799:5)
#400    StatefulElement._firstBuild (package:flutter/src/widgets/framework.dart:5973:11)
#401    ComponentElement.mount (package:flutter/src/widgets/framework.dart:5793:5)
#402    Element.inflateWidget (package:flutter/src/widgets/framework.dart:4587:20)
#403    Element.updateChild (package:flutter/src/widgets/framework.dart:4059:18)
#404    ComponentElement.performRebuild (package:flutter/src/widgets/framework.dart:5841:16)
#405    StatefulElement.performRebuild (package:flutter/src/widgets/framework.dart:5982:11)
#406    Element.rebuild (package:flutter/src/widgets/framework.dart:5529:7)
#407    ComponentElement._firstBuild (package:flutter/src/widgets/framework.dart:5799:5)
#408    StatefulElement._firstBuild (package:flutter/src/widgets/framework.dart:5973:11)
#409    ComponentElement.mount (package:flutter/src/widgets/framework.dart:5793:5)
#410    Element.inflateWidget (package:flutter/src/widgets/framework.dart:4587:20)
#411    Element.updateChild (package:flutter/src/widgets/framework.dart:4059:18)
#412    ComponentElement.performRebuild (package:flutter/src/widgets/framework.dart:5841:16)
#413    StatefulElement.performRebuild (package:flutter/src/widgets/framework.dart:5982:11)
#414    Element.rebuild (package:flutter/src/widgets/framework.dart:5529:7)
#415    ComponentElement._firstBuild (package:flutter/src/widgets/framework.dart:5799:5)
#416    StatefulElement._firstBuild (package:flutter/src/widgets/framework.dart:5973:11)
#417    ComponentElement.mount (package:flutter/src/widgets/framework.dart:5793:5)
#418    Element.inflateWidget (package:flutter/src/widgets/framework.dart:4587:20)
#419    Element.updateChild (package:flutter/src/widgets/framework.dart:4059:18)
#420    ComponentElement.performRebuild (package:flutter/src/widgets/framework.dart:5841:16)
#421    Element.rebuild (package:flutter/src/widgets/framework.dart:5529:7)
#422    ComponentElement._firstBuild (package:flutter/src/widgets/framework.dart:5799:5)
#423    ComponentElement.mount (package:flutter/src/widgets/framework.dart:5793:5)
#424    Element.inflateWidget (package:flutter/src/widgets/framework.dart:4587:20)
#425    Element.updateChild (package:flutter/src/widgets/framework.dart:4059:18)
#426    ComponentElement.performRebuild (package:flutter/src/widgets/framework.dart:5841:16)
#427    StatefulElement.performRebuild (package:flutter/src/widgets/framework.dart:5982:11)
#428    Element.rebuild (package:flutter/src/widgets/framework.dart:5529:7)
#429    ComponentElement._firstBuild (package:flutter/src/widgets/framework.dart:5799:5)
#430    StatefulElement._firstBuild (package:flutter/src/widgets/framework.dart:5973:11)
#431    ComponentElement.mount (package:flutter/src/widgets/framework.dart:5793:5)
#432    Element.inflateWidget (package:flutter/src/widgets/framework.dart:4587:20)
#433    Element.updateChild (package:flutter/src/widgets/framework.dart:4059:18)
#434    SingleChildRenderObjectElement.mount (package:flutter/src/widgets/framework.dart:7115:14)
#435    Element.inflateWidget (package:flutter/src/widgets/framework.dart:4587:20)
#436    Element.updateChild (package:flutter/src/widgets/framework.dart:4059:18)
#437    ComponentElement.performRebuild (package:flutter/src/widgets/framework.dart:5841:16)
#438    Element.rebuild (package:flutter/src/widgets/framework.dart:5529:7)
#439    ComponentElement._firstBuild (package:flutter/src/widgets/framework.dart:5799:5)
#440    ComponentElement.mount (package:flutter/src/widgets/framework.dart:5793:5)
#441    Element.inflateWidget (package:flutter/src/widgets/framework.dart:4587:20)
#442    Element.updateChild (package:flutter/src/widgets/framework.dart:4059:18)
#443    ComponentElement.performRebuild (package:flutter/src/widgets/framework.dart:5841:16)
#444    StatefulElement.performRebuild (package:flutter/src/widgets/framework.dart:5982:11)
#445    Element.rebuild (package:flutter/src/widgets/framework.dart:5529:7)
#446    ComponentElement._firstBuild (package:flutter/src/widgets/framework.dart:5799:5)
#447    StatefulElement._firstBuild (package:flutter/src/widgets/framework.dart:5973:11)
#448    ComponentElement.mount (package:flutter/src/widgets/framework.dart:5793:5)
#449    Element.inflateWidget (package:flutter/src/widgets/framework.dart:4587:20)
#450    Element.updateChild (package:flutter/src/widgets/framework.dart:4059:18)
#451    ComponentElement.performRebuild (package:flutter/src/widgets/framework.dart:5841:16)
#452    Element.rebuild (package:flutter/src/widgets/framework.dart:5529:7)
#453    ComponentElement._firstBuild (package:flutter/src/widgets/framework.dart:5799:5)
#454    ComponentElement.mount (package:flutter/src/widgets/framework.dart:5793:5)
#455    Element.inflateWidget (package:flutter/src/widgets/framework.dart:4587:20)
#456    Element.updateChild (package:flutter/src/widgets/framework.dart:4059:18)
#457    SingleChildRenderObjectElement.mount (package:flutter/src/widgets/framework.dart:7115:14)
#458    Element.inflateWidget (package:flutter/src/widgets/framework.dart:4587:20)
#459    Element.updateChild (package:flutter/src/widgets/framework.dart:4059:18)
#460    SingleChildRenderObjectElement.mount (package:flutter/src/widgets/framework.dart:7115:14)
#461    Element.inflateWidget (package:flutter/src/widgets/framework.dart:4587:20)
#462    Element.updateChild (package:flutter/src/widgets/framework.dart:4059:18)
#463    ComponentElement.performRebuild (package:flutter/src/widgets/framework.dart:5841:16)
#464    Element.rebuild (package:flutter/src/widgets/framework.dart:5529:7)
#465    ComponentElement._firstBuild (package:flutter/src/widgets/framework.dart:5799:5)
#466    ComponentElement.mount (package:flutter/src/widgets/framework.dart:5793:5)
#467    Element.inflateWidget (package:flutter/src/widgets/framework.dart:4587:20)
#468    Element.updateChild (package:flutter/src/widgets/framework.dart:4059:18)
#469    ComponentElement.performRebuild (package:flutter/src/widgets/framework.dart:5841:16)
#470    Element.rebuild (package:flutter/src/widgets/framework.dart:5529:7)
#471    ComponentElement._firstBuild (package:flutter/src/widgets/framework.dart:5799:5)
#472    ComponentElement.mount (package:flutter/src/widgets/framework.dart:5793:5)
#473    Element.inflateWidget (package:flutter/src/widgets/framework.dart:4587:20)
#474    MultiChildRenderObjectElement.inflateWidget (package:flutter/src/widgets/framework.dart:7264:36)
#475    MultiChildRenderObjectElement.mount (package:flutter/src/widgets/framework.dart:7279:32)
#476    Element.inflateWidget (package:flutter/src/widgets/framework.dart:4587:20)
#477    Element.updateChild (package:flutter/src/widgets/framework.dart:4059:18)
#478    ComponentElement.performRebuild (package:flutter/src/widgets/framework.dart:5841:16)
#479    Element.rebuild (package:flutter/src/widgets/framework.dart:5529:7)
#480    ComponentElement._firstBuild (package:flutter/src/widgets/framework.dart:5799:5)
#481    ComponentElement.mount (package:flutter/src/widgets/framework.dart:5793:5)
#482    Element.inflateWidget (package:flutter/src/widgets/framework.dart:4587:20)
#483    Element.updateChild (package:flutter/src/widgets/framework.dart:4059:18)
#484    ComponentElement.performRebuild (package:flutter/src/widgets/framework.dart:5841:16)
#485    Element.rebuild (package:flutter/src/widgets/framework.dart:5529:7)
#486    ComponentElement._firstBuild (package:flutter/src/widgets/framework.dart:5799:5)
#487    ComponentElement.mount (package:flutter/src/widgets/framework.dart:5793:5)
#488    Element.inflateWidget (package:flutter/src/widgets/framework.dart:4587:20)
#489    Element.updateChild (package:flutter/src/widgets/framework.dart:4059:18)
#490    ComponentElement.performRebuild (package:flutter/src/widgets/framework.dart:5841:16)
#491    StatefulElement.performRebuild (package:flutter/src/widgets/framework.dart:5982:11)
#492    Element.rebuild (package:flutter/src/widgets/framework.dart:5529:7)
#493    ComponentElement._firstBuild (package:flutter/src/widgets/framework.dart:5799:5)
#494    StatefulElement._firstBuild (package:flutter/src/widgets/framework.dart:5973:11)
#495    ComponentElement.mount (package:flutter/src/widgets/framework.dart:5793:5)
#496    Element.inflateWidget (package:flutter/src/widgets/framework.dart:4587:20)
#497    Element.updateChild (package:flutter/src/widgets/framework.dart:4059:18)
#498    ComponentElement.performRebuild (package:flutter/src/widgets/framework.dart:5841:16)
#499    Element.rebuild (package:flutter/src/widgets/framework.dart:5529:7)
00:03 +91: C:/Users/andrvoicu/Desktop/repos/collectarr-app/test/app_shell_test.dart: app shell shows Manage destination for standard accounts
#500    ComponentElement._firstBuild (package:flutter/src/widgets/framework.dart:5799:5)
#501    ComponentElement.mount (package:flutter/src/widgets/framework.dart:5793:5)
#502    Element.inflateWidget (package:flutter/src/widgets/framework.dart:4587:20)
#503    Element.updateChild (package:flutter/src/widgets/framework.dart:4059:18)
#504    ComponentElement.performRebuild (package:flutter/src/widgets/framework.dart:5841:16)
#505    Element.rebuild (package:flutter/src/widgets/framework.dart:5529:7)
#506    ComponentElement._firstBuild (package:flutter/src/widgets/framework.dart:5799:5)
#507    ComponentElement.mount (package:flutter/src/widgets/framework.dart:5793:5)
#508    Element.inflateWidget (package:flutter/src/widgets/framework.dart:4587:20)
00:03 +92: C:/Users/andrvoicu/Desktop/repos/collectarr-app/test/app_shell_test.dart: app shell shows Manage destination for standard accounts
00:03 +93: C:/Users/andrvoicu/Desktop/repos/collectarr-app/test/app_shell_test.dart: app shell shows Manage destination for standard accounts
#509    Element.updateChild (package:flutter/src/widgets/framework.dart:4059:18)
#510    ComponentElement.performRebuild (package:flutter/src/widgets/framework.dart:5841:16)
#511    Element.rebuild (package:flutter/src/widgets/framework.dart:5529:7)
#512    ComponentElement._firstBuild (package:flutter/src/widgets/framework.dart:5799:5)
#513    ComponentElement.mount (package:flutter/src/widgets/framework.dart:5793:5)
#514    Element.inflateWidget (package:flutter/src/widgets/framework.dart:4587:20)
#515    Element.updateChild (package:flutter/src/widgets/framework.dart:4059:18)
#516    ComponentElement.performRebuild (package:flutter/src/widgets/framework.dart:5841:16)
#517    Element.rebuild (package:flutter/src/widgets/framework.dart:5529:7)
#518    ComponentElement._firstBuild (package:flutter/src/widgets/framework.dart:5799:5)
#519    ComponentElement.mount (package:flutter/src/widgets/framework.dart:5793:5)
#520    Element.inflateWidget (package:flutter/src/widgets/framework.dart:4587:20)
#521    Element.updateChild (package:flutter/src/widgets/framework.dart:4059:18)
#522    ComponentElement.performRebuild (package:flutter/src/widgets/framework.dart:5841:16)
#523    Element.rebuild (package:flutter/src/widgets/framework.dart:5529:7)
#524    ComponentElement._firstBuild (package:flutter/src/widgets/framework.dart:5799:5)
#525    ComponentElement.mount (package:flutter/src/widgets/framework.dart:5793:5)
#526    Element.inflateWidget (package:flutter/src/widgets/framework.dart:4587:20)
#527    Element.updateChild (package:flutter/src/widgets/framework.dart:4059:18)
#528    ComponentElement.performRebuild (package:flutter/src/widgets/framework.dart:5841:16)
#529    Element.rebuild (package:flutter/src/widgets/framework.dart:5529:7)
#530    ComponentElement._firstBuild (package:flutter/src/widgets/framework.dart:5799:5)
#531    ComponentElement.mount (package:flutter/src/widgets/framework.dart:5793:5)
#532    Element.inflateWidget (package:flutter/src/widgets/framework.dart:4587:20)
#533    Element.updateChild (package:flutter/src/widgets/framework.dart:4059:18)
#534    ComponentElement.performRebuild (package:flutter/src/widgets/framework.dart:5841:16)
#535    Element.rebuild (package:flutter/src/widgets/framework.dart:5529:7)
#536    ComponentElement._firstBuild (package:flutter/src/widgets/framework.dart:5799:5)
#537    ComponentElement.mount (package:flutter/src/widgets/framework.dart:5793:5)
#538    Element.inflateWidget (package:flutter/src/widgets/framework.dart:4587:20)
#539    Element.updateChild (package:flutter/src/widgets/framework.dart:4059:18)
#540    ComponentElement.performRebuild (package:flutter/src/widgets/framework.dart:5841:16)
#541    StatefulElement.performRebuild (package:flutter/src/widgets/framework.dart:5982:11)
#542    Element.rebuild (package:flutter/src/widgets/framework.dart:5529:7)
#543    ComponentElement._firstBuild (package:flutter/src/widgets/framework.dart:5799:5)
#544    StatefulElement._firstBuild (package:flutter/src/widgets/framework.dart:5973:11)
#545    ComponentElement.mount (package:flutter/src/widgets/framework.dart:5793:5)
#546    Element.inflateWidget (package:flutter/src/widgets/framework.dart:4587:20)
#547    Element.updateChild (package:flutter/src/widgets/framework.dart:4059:18)
#548    ComponentElement.performRebuild (package:flutter/src/widgets/framework.dart:5841:16)
#549    Element.rebuild (package:flutter/src/widgets/framework.dart:5529:7)
#550    ComponentElement._firstBuild (package:flutter/src/widgets/framework.dart:5799:5)
#551    ComponentElement.mount (package:flutter/src/widgets/framework.dart:5793:5)
#552    Element.inflateWidget (package:flutter/src/widgets/framework.dart:4587:20)
#553    Element.updateChild (package:flutter/src/widgets/framework.dart:4059:18)
#554    ComponentElement.performRebuild (package:flutter/src/widgets/framework.dart:5841:16)
#555    Element.rebuild (package:flutter/src/widgets/framework.dart:5529:7)
#556    ComponentElement._firstBuild (package:flutter/src/widgets/framework.dart:5799:5)
#557    ComponentElement.mount (package:flutter/src/widgets/framework.dart:5793:5)
#558    Element.inflateWidget (package:flutter/src/widgets/framework.dart:4587:20)
#559    Element.updateChild (package:flutter/src/widgets/framework.dart:4059:18)
#560    ComponentElement.performRebuild (package:flutter/src/widgets/framework.dart:5841:16)
#561    Element.rebuild (package:flutter/src/widgets/framework.dart:5529:7)
#562    ComponentElement._firstBuild (package:flutter/src/widgets/framework.dart:5799:5)
#563    ComponentElement.mount (package:flutter/src/widgets/framework.dart:5793:5)
#564    Element.inflateWidget (package:flutter/src/widgets/framework.dart:4587:20)
#565    Element.updateChild (package:flutter/src/widgets/framework.dart:4059:18)
#566    ComponentElement.performRebuild (package:flutter/src/widgets/framework.dart:5841:16)
#567    Element.rebuild (package:flutter/src/widgets/framework.dart:5529:7)
#568    ComponentElement._firstBuild (package:flutter/src/widgets/framework.dart:5799:5)
#569    ComponentElement.mount (package:flutter/src/widgets/framework.dart:5793:5)
#570    Element.inflateWidget (package:flutter/src/widgets/framework.dart:4587:20)
#571    Element.updateChild (package:flutter/src/widgets/framework.dart:4059:18)
#572    ComponentElement.performRebuild (package:flutter/src/widgets/framework.dart:5841:16)
#573    Element.rebuild (package:flutter/src/widgets/framework.dart:5529:7)
#574    ComponentElement._firstBuild (package:flutter/src/widgets/framework.dart:5799:5)
#575    ComponentElement.mount (package:flutter/src/widgets/framework.dart:5793:5)
#576    Element.inflateWidget (package:flutter/src/widgets/framework.dart:4587:20)
#577    MultiChildRenderObjectElement.inflateWidget (package:flutter/src/widgets/framework.dart:7264:36)
#578    MultiChildRenderObjectElement.mount (package:flutter/src/widgets/framework.dart:7279:32)
#579    Element.inflateWidget (package:flutter/src/widgets/framework.dart:4587:20)
#580    Element.updateChild (package:flutter/src/widgets/framework.dart:4059:18)
#581    ComponentElement.performRebuild (package:flutter/src/widgets/framework.dart:5841:16)
#582    Element.rebuild (package:flutter/src/widgets/framework.dart:5529:7)
#583    ComponentElement._firstBuild (package:flutter/src/widgets/framework.dart:5799:5)
#584    ComponentElement.mount (package:flutter/src/widgets/framework.dart:5793:5)
#585    Element.inflateWidget (package:flutter/src/widgets/framework.dart:4587:20)
#586    Element.updateChild (package:flutter/src/widgets/framework.dart:4059:18)
#587    ComponentElement.performRebuild (package:flutter/src/widgets/framework.dart:5841:16)
#588    StatefulElement.performRebuild (package:flutter/src/widgets/framework.dart:5982:11)
#589    Element.rebuild (package:flutter/src/widgets/framework.dart:5529:7)
#590    ComponentElement._firstBuild (package:flutter/src/widgets/framework.dart:5799:5)
#591    StatefulElement._firstBuild (package:flutter/src/widgets/framework.dart:5973:11)
#592    ComponentElement.mount (package:flutter/src/widgets/framework.dart:5793:5)
#593    Element.inflateWidget (package:flutter/src/widgets/framework.dart:4587:20)
#594    Element.updateChild (package:flutter/src/widgets/framework.dart:4059:18)
#595    ComponentElement.performRebuild (package:flutter/src/widgets/framework.dart:5841:16)
#596    Element.rebuild (package:flutter/src/widgets/framework.dart:5529:7)
#597    ComponentElement._firstBuild (package:flutter/src/widgets/framework.dart:5799:5)
#598    ComponentElement.mount (package:flutter/src/widgets/framework.dart:5793:5)
#599    Element.inflateWidget (package:flutter/src/widgets/framework.dart:4587:20)
#600    Element.updateChild (package:flutter/src/widgets/framework.dart:4059:18)
#601    ComponentElement.performRebuild (package:flutter/src/widgets/framework.dart:5841:16)
#602    Element.rebuild (package:flutter/src/widgets/framework.dart:5529:7)
#603    ComponentElement._firstBuild (package:flutter/src/widgets/framework.dart:5799:5)
#604    ComponentElement.mount (package:flutter/src/widgets/framework.dart:5793:5)
#605    Element.inflateWidget (package:flutter/src/widgets/framework.dart:4587:20)
#606    Element.updateChild (package:flutter/src/widgets/framework.dart:4059:18)
#607    ComponentElement.performRebuild (package:flutter/src/widgets/framework.dart:5841:16)
#608    StatefulElement.performRebuild (package:flutter/src/widgets/framework.dart:5982:11)
#609    Element.rebuild (package:flutter/src/widgets/framework.dart:5529:7)
#610    ComponentElement._firstBuild (package:flutter/src/widgets/framework.dart:5799:5)
#611    StatefulElement._firstBuild (package:flutter/src/widgets/framework.dart:5973:11)
#612    ComponentElement.mount (package:flutter/src/widgets/framework.dart:5793:5)
#613    Element.inflateWidget (package:flutter/src/widgets/framework.dart:4587:20)
#614    Element.updateChild (package:flutter/src/widgets/framework.dart:4059:18)
#615    SingleChildRenderObjectElement.mount (package:flutter/src/widgets/framework.dart:7115:14)
#616    Element.inflateWidget (package:flutter/src/widgets/framework.dart:4587:20)
#617    Element.updateChild (package:flutter/src/widgets/framework.dart:4059:18)
#618    ComponentElement.performRebuild (package:flutter/src/widgets/framework.dart:5841:16)
#619    Element.rebuild (package:flutter/src/widgets/framework.dart:5529:7)
#620    ComponentElement._firstBuild (package:flutter/src/widgets/framework.dart:5799:5)
#621    ComponentElement.mount (package:flutter/src/widgets/framework.dart:5793:5)
#622    Element.inflateWidget (package:flutter/src/widgets/framework.dart:4587:20)
#623    Element.updateChild (package:flutter/src/widgets/framework.dart:4059:18)
#624    SingleChildRenderObjectElement.mount (package:flutter/src/widgets/framework.dart:7115:14)
#625    Element.inflateWidget (package:flutter/src/widgets/framework.dart:4587:20)
#626    Element.updateChild (package:flutter/src/widgets/framework.dart:4059:18)
#627    ComponentElement.performRebuild (package:flutter/src/widgets/framework.dart:5841:16)
#628    StatefulElement.performRebuild (package:flutter/src/widgets/framework.dart:5982:11)
#629    Element.rebuild (package:flutter/src/widgets/framework.dart:5529:7)
#630    ComponentElement._firstBuild (package:flutter/src/widgets/framework.dart:5799:5)
#631    StatefulElement._firstBuild (package:flutter/src/widgets/framework.dart:5973:11)
#632    ComponentElement.mount (package:flutter/src/widgets/framework.dart:5793:5)
#633    Element.inflateWidget (package:flutter/src/widgets/framework.dart:4587:20)
#634    Element.updateChild (package:flutter/src/widgets/framework.dart:4059:18)
#635    ComponentElement.performRebuild (package:flutter/src/widgets/framework.dart:5841:16)
#636    StatefulElement.performRebuild (package:flutter/src/widgets/framework.dart:5982:11)
#637    Element.rebuild (package:flutter/src/widgets/framework.dart:5529:7)
#638    ComponentElement._firstBuild (package:flutter/src/widgets/framework.dart:5799:5)
#639    StatefulElement._firstBuild (package:flutter/src/widgets/framework.dart:5973:11)
#640    ComponentElement.mount (package:flutter/src/widgets/framework.dart:5793:5)
#641    Element.inflateWidget (package:flutter/src/widgets/framework.dart:4587:20)
#642    Element.updateChild (package:flutter/src/widgets/framework.dart:4059:18)
#643    ComponentElement.performRebuild (package:flutter/src/widgets/framework.dart:5841:16)
#644    Element.rebuild (package:flutter/src/widgets/framework.dart:5529:7)
#645    ComponentElement._firstBuild (package:flutter/src/widgets/framework.dart:5799:5)
#646    ComponentElement.mount (package:flutter/src/widgets/framework.dart:5793:5)
#647    Element.inflateWidget (package:flutter/src/widgets/framework.dart:4587:20)
#648    Element.updateChild (package:flutter/src/widgets/framework.dart:4059:18)
#649    ComponentElement.performRebuild (package:flutter/src/widgets/framework.dart:5841:16)
#650    Element.rebuild (package:flutter/src/widgets/framework.dart:5529:7)
#651    ComponentElement._firstBuild (package:flutter/src/widgets/framework.dart:5799:5)
#652    ComponentElement.mount (package:flutter/src/widgets/framework.dart:5793:5)
#653    Element.inflateWidget (package:flutter/src/widgets/framework.dart:4587:20)
#654    Element.updateChild (package:flutter/src/widgets/framework.dart:4059:18)
#655    ComponentElement.performRebuild (package:flutter/src/widgets/framework.dart:5841:16)
#656    Element.rebuild (package:flutter/src/widgets/framework.dart:5529:7)
#657    ComponentElement._firstBuild (package:flutter/src/widgets/framework.dart:5799:5)
#658    ComponentElement.mount (package:flutter/src/widgets/framework.dart:5793:5)
#659    Element.inflateWidget (package:flutter/src/widgets/framework.dart:4587:20)
#660    Element.updateChild (package:flutter/src/widgets/framework.dart:4059:18)
#661    ComponentElement.performRebuild (package:flutter/src/widgets/framework.dart:5841:16)
#662    StatefulElement.performRebuild (package:flutter/src/widgets/framework.dart:5982:11)
#663    Element.rebuild (package:flutter/src/widgets/framework.dart:5529:7)
#664    ComponentElement._firstBuild (package:flutter/src/widgets/framework.dart:5799:5)
#665    StatefulElement._firstBuild (package:flutter/src/widgets/framework.dart:5973:11)
#666    ComponentElement.mount (package:flutter/src/widgets/framework.dart:5793:5)
#667    Element.inflateWidget (package:flutter/src/widgets/framework.dart:4587:20)
#668    Element.updateChild (package:flutter/src/widgets/framework.dart:4059:18)
#669    ComponentElement.performRebuild (package:flutter/src/widgets/framework.dart:5841:16)
#670    Element.rebuild (package:flutter/src/widgets/framework.dart:5529:7)
#671    ComponentElement._firstBuild (package:flutter/src/widgets/framework.dart:5799:5)
#672    ComponentElement.mount (package:flutter/src/widgets/framework.dart:5793:5)
#673    Element.inflateWidget (package:flutter/src/widgets/framework.dart:4587:20)
#674    Element.updateChild (package:flutter/src/widgets/framework.dart:4059:18)
#675    ComponentElement.performRebuild (package:flutter/src/widgets/framework.dart:5841:16)
#676    StatefulElement.performRebuild (package:flutter/src/widgets/framework.dart:5982:11)
#677    Element.rebuild (package:flutter/src/widgets/framework.dart:5529:7)
#678    ComponentElement._firstBuild (package:flutter/src/widgets/framework.dart:5799:5)
#679    StatefulElement._firstBuild (package:flutter/src/widgets/framework.dart:5973:11)
#680    ComponentElement.mount (package:flutter/src/widgets/framework.dart:5793:5)
#681    Element.inflateWidget (package:flutter/src/widgets/framework.dart:4587:20)
#682    Element.updateChild (package:flutter/src/widgets/framework.dart:4059:18)
#683    ComponentElement.performRebuild (package:flutter/src/widgets/framework.dart:5841:16)
#684    Element.rebuild (package:flutter/src/widgets/framework.dart:5529:7)
#685    ComponentElement._firstBuild (package:flutter/src/widgets/framework.dart:5799:5)
#686    ComponentElement.mount (package:flutter/src/widgets/framework.dart:5793:5)
#687    Element.inflateWidget (package:flutter/src/widgets/framework.dart:4587:20)
#688    Element.updateChild (package:flutter/src/widgets/framework.dart:4059:18)
#689    ComponentElement.performRebuild (package:flutter/src/widgets/framework.dart:5841:16)
#690    StatefulElement.performRebuild (package:flutter/src/widgets/framework.dart:5982:11)
#691    Element.rebuild (package:flutter/src/widgets/framework.dart:5529:7)
#692    ComponentElement._firstBuild (package:flutter/src/widgets/framework.dart:5799:5)
#693    StatefulElement._firstBuild (package:flutter/src/widgets/framework.dart:5973:11)
#694    ComponentElement.mount (package:flutter/src/widgets/framework.dart:5793:5)
#695    Element.inflateWidget (package:flutter/src/widgets/framework.dart:4587:20)
#696    Element.updateChild (package:flutter/src/widgets/framework.dart:4059:18)
#697    ComponentElement.performRebuild (package:flutter/src/widgets/framework.dart:5841:16)
#698    Element.rebuild (package:flutter/src/widgets/framework.dart:5529:7)
#699    ComponentElement._firstBuild (package:flutter/src/widgets/framework.dart:5799:5)
#700    ComponentElement.mount (package:flutter/src/widgets/framework.dart:5793:5)
#701    Element.inflateWidget (package:flutter/src/widgets/framework.dart:4587:20)
#702    Element.updateChild (package:flutter/src/widgets/framework.dart:4059:18)
#703    SingleChildRenderObjectElement.mount (package:flutter/src/widgets/framework.dart:7115:14)
#704    Element.inflateWidget (package:flutter/src/widgets/framework.dart:4587:20)
#705    Element.updateChild (package:flutter/src/widgets/framework.dart:4059:18)
#706    ComponentElement.performRebuild (package:flutter/src/widgets/framework.dart:5841:16)
#707    Element.rebuild (package:flutter/src/widgets/framework.dart:5529:7)
#708    ComponentElement._firstBuild (package:flutter/src/widgets/framework.dart:5799:5)
#709    ComponentElement.mount (package:flutter/src/widgets/framework.dart:5793:5)
#710    Element.inflateWidget (package:flutter/src/widgets/framework.dart:4587:20)
#711    Element.updateChild (package:flutter/src/widgets/framework.dart:4059:18)
#712    SingleChildRenderObjectElement.mount (package:flutter/src/widgets/framework.dart:7115:14)
#713    Element.inflateWidget (package:flutter/src/widgets/framework.dart:4587:20)
#714    Element.updateChild (package:flutter/src/widgets/framework.dart:4059:18)
#715    SingleChildRenderObjectElement.mount (package:flutter/src/widgets/framework.dart:7115:14)
#716    Element.inflateWidget (package:flutter/src/widgets/framework.dart:4587:20)
#717    Element.updateChild (package:flutter/src/widgets/framework.dart:4059:18)
#718    ComponentElement.performRebuild (package:flutter/src/widgets/framework.dart:5841:16)
#719    StatefulElement.performRebuild (package:flutter/src/widgets/framework.dart:5982:11)
#720    Element.rebuild (package:flutter/src/widgets/framework.dart:5529:7)
#721    ComponentElement._firstBuild (package:flutter/src/widgets/framework.dart:5799:5)
#722    StatefulElement._firstBuild (package:flutter/src/widgets/framework.dart:5973:11)
#723    ComponentElement.mount (package:flutter/src/widgets/framework.dart:5793:5)
#724    Element.inflateWidget (package:flutter/src/widgets/framework.dart:4587:20)
#725    Element.updateChild (package:flutter/src/widgets/framework.dart:4059:18)
#726    SingleChildRenderObjectElement.mount (package:flutter/src/widgets/framework.dart:7115:14)
#727    Element.inflateWidget (package:flutter/src/widgets/framework.dart:4587:20)
#728    Element.updateChild (package:flutter/src/widgets/framework.dart:4059:18)
#729    ComponentElement.performRebuild (package:flutter/src/widgets/framework.dart:5841:16)
#730    StatefulElement.performRebuild (package:flutter/src/widgets/framework.dart:5982:11)
#731    Element.rebuild (package:flutter/src/widgets/framework.dart:5529:7)
#732    ComponentElement._firstBuild (package:flutter/src/widgets/framework.dart:5799:5)
#733    StatefulElement._firstBuild (package:flutter/src/widgets/framework.dart:5973:11)
#734    ComponentElement.mount (package:flutter/src/widgets/framework.dart:5793:5)
#735    Element.inflateWidget (package:flutter/src/widgets/framework.dart:4587:20)
#736    Element.updateChild (package:flutter/src/widgets/framework.dart:4059:18)
#737    SingleChildRenderObjectElement.mount (package:flutter/src/widgets/framework.dart:7115:14)
#738    Element.inflateWidget (package:flutter/src/widgets/framework.dart:4587:20)
#739    Element.updateChild (package:flutter/src/widgets/framework.dart:4059:18)
#740    SingleChildRenderObjectElement.mount (package:flutter/src/widgets/framework.dart:7115:14)
#741    Element.inflateWidget (package:flutter/src/widgets/framework.dart:4587:20)
#742    Element.updateChild (package:flutter/src/widgets/framework.dart:4059:18)
#743    ComponentElement.performRebuild (package:flutter/src/widgets/framework.dart:5841:16)
#744    StatefulElement.performRebuild (package:flutter/src/widgets/framework.dart:5982:11)
#745    Element.rebuild (package:flutter/src/widgets/framework.dart:5529:7)
#746    ComponentElement._firstBuild (package:flutter/src/widgets/framework.dart:5799:5)
#747    StatefulElement._firstBuild (package:flutter/src/widgets/framework.dart:5973:11)
#748    ComponentElement.mount (package:flutter/src/widgets/framework.dart:5793:5)
#749    Element.inflateWidget (package:flutter/src/widgets/framework.dart:4587:20)
#750    Element.updateChild (package:flutter/src/widgets/framework.dart:4059:18)
#751    SingleChildRenderObjectElement.mount (package:flutter/src/widgets/framework.dart:7115:14)
#752    Element.inflateWidget (package:flutter/src/widgets/framework.dart:4587:20)
#753    Element.updateChild (package:flutter/src/widgets/framework.dart:4059:18)
#754    ComponentElement.performRebuild (package:flutter/src/widgets/framework.dart:5841:16)
#755    StatefulElement.performRebuild (package:flutter/src/widgets/framework.dart:5982:11)
#756    Element.rebuild (package:flutter/src/widgets/framework.dart:5529:7)
#757    ComponentElement._firstBuild (package:flutter/src/widgets/framework.dart:5799:5)
#758    StatefulElement._firstBuild (package:flutter/src/widgets/framework.dart:5973:11)
#759    ComponentElement.mount (package:flutter/src/widgets/framework.dart:5793:5)
#760    Element.inflateWidget (package:flutter/src/widgets/framework.dart:4587:20)
#761    Element.updateChild (package:flutter/src/widgets/framework.dart:4059:18)
#762    SingleChildRenderObjectElement.mount (package:flutter/src/widgets/framework.dart:7115:14)
#763    Element.inflateWidget (package:flutter/src/widgets/framework.dart:4587:20)
#764    Element.updateChild (package:flutter/src/widgets/framework.dart:4059:18)
#765    SingleChildRenderObjectElement.mount (package:flutter/src/widgets/framework.dart:7115:14)
#766    Element.inflateWidget (package:flutter/src/widgets/framework.dart:4587:20)
#767    Element.updateChild (package:flutter/src/widgets/framework.dart:4059:18)
#768    ComponentElement.performRebuild (package:flutter/src/widgets/framework.dart:5841:16)
#769    StatefulElement.performRebuild (package:flutter/src/widgets/framework.dart:5982:11)
#770    Element.rebuild (package:flutter/src/widgets/framework.dart:5529:7)
#771    ComponentElement._firstBuild (package:flutter/src/widgets/framework.dart:5799:5)
#772    StatefulElement._firstBuild (package:flutter/src/widgets/framework.dart:5973:11)
#773    ComponentElement.mount (package:flutter/src/widgets/framework.dart:5793:5)
#774    Element.inflateWidget (package:flutter/src/widgets/framework.dart:4587:20)
#775    Element.updateChild (package:flutter/src/widgets/framework.dart:4059:18)
#776    SingleChildRenderObjectElement.mount (package:flutter/src/widgets/framework.dart:7115:14)
#777    Element.inflateWidget (package:flutter/src/widgets/framework.dart:4587:20)
#778    Element.updateChild (package:flutter/src/widgets/framework.dart:4059:18)
#779    SingleChildRenderObjectElement.mount (package:flutter/src/widgets/framework.dart:7115:14)
#780    Element.inflateWidget (package:flutter/src/widgets/framework.dart:4587:20)
#781    Element.updateChild (package:flutter/src/widgets/framework.dart:4059:18)
#782    SingleChildRenderObjectElement.mount (package:flutter/src/widgets/framework.dart:7115:14)
#783    Element.inflateWidget (package:flutter/src/widgets/framework.dart:4587:20)
#784    Element.updateChild (package:flutter/src/widgets/framework.dart:4059:18)
#785    ComponentElement.performRebuild (package:flutter/src/widgets/framework.dart:5841:16)
#786    StatefulElement.performRebuild (package:flutter/src/widgets/framework.dart:5982:11)
#787    Element.rebuild (package:flutter/src/widgets/framework.dart:5529:7)
#788    ComponentElement._firstBuild (package:flutter/src/widgets/framework.dart:5799:5)
#789    StatefulElement._firstBuild (package:flutter/src/widgets/framework.dart:5973:11)
#790    ComponentElement.mount (package:flutter/src/widgets/framework.dart:5793:5)
#791    Element.inflateWidget (package:flutter/src/widgets/framework.dart:4587:20)
#792    Element.updateChild (package:flutter/src/widgets/framework.dart:4059:18)
#793    SingleChildRenderObjectElement.mount (package:flutter/src/widgets/framework.dart:7115:14)
#794    Element.inflateWidget (package:flutter/src/widgets/framework.dart:4587:20)
#795    Element.updateChild (package:flutter/src/widgets/framework.dart:4059:18)
#796    ComponentElement.performRebuild (package:flutter/src/widgets/framework.dart:5841:16)
#797    StatefulElement.performRebuild (package:flutter/src/widgets/framework.dart:5982:11)
#798    Element.rebuild (package:flutter/src/widgets/framework.dart:5529:7)
#799    ComponentElement._firstBuild (package:flutter/src/widgets/framework.dart:5799:5)
#800    StatefulElement._firstBuild (package:flutter/src/widgets/framework.dart:5973:11)
#801    ComponentElement.mount (package:flutter/src/widgets/framework.dart:5793:5)
#802    Element.inflateWidget (package:flutter/src/widgets/framework.dart:4587:20)
#803    Element.updateChild (package:flutter/src/widgets/framework.dart:4059:18)
#804    ComponentElement.performRebuild (package:flutter/src/widgets/framework.dart:5841:16)
#805    Element.rebuild (package:flutter/src/widgets/framework.dart:5529:7)
#806    ComponentElement._firstBuild (package:flutter/src/widgets/framework.dart:5799:5)
#807    ComponentElement.mount (package:flutter/src/widgets/framework.dart:5793:5)
#808    Element.inflateWidget (package:flutter/src/widgets/framework.dart:4587:20)
#809    Element.updateChild (package:flutter/src/widgets/framework.dart:4059:18)
#810    ComponentElement.performRebuild (package:flutter/src/widgets/framework.dart:5841:16)
#811    StatefulElement.performRebuild (package:flutter/src/widgets/framework.dart:5982:11)
#812    Element.rebuild (package:flutter/src/widgets/framework.dart:5529:7)
#813    ComponentElement._firstBuild (package:flutter/src/widgets/framework.dart:5799:5)
#814    StatefulElement._firstBuild (package:flutter/src/widgets/framework.dart:5973:11)
#815    ComponentElement.mount (package:flutter/src/widgets/framework.dart:5793:5)
#816    Element.inflateWidget (package:flutter/src/widgets/framework.dart:4587:20)
#817    Element.updateChild (package:flutter/src/widgets/framework.dart:4059:18)
#818    ComponentElement.performRebuild (package:flutter/src/widgets/framework.dart:5841:16)
#819    StatefulElement.performRebuild (package:flutter/src/widgets/framework.dart:5982:11)
#820    Element.rebuild (package:flutter/src/widgets/framework.dart:5529:7)
#821    ComponentElement._firstBuild (package:flutter/src/widgets/framework.dart:5799:5)
#822    StatefulElement._firstBuild (package:flutter/src/widgets/framework.dart:5973:11)
#823    ComponentElement.mount (package:flutter/src/widgets/framework.dart:5793:5)
#824    Element.inflateWidget (package:flutter/src/widgets/framework.dart:4587:20)
#825    Element.updateChild (package:flutter/src/widgets/framework.dart:4059:18)
#826    ComponentElement.performRebuild (package:flutter/src/widgets/framework.dart:5841:16)
#827    StatefulElement.performRebuild (package:flutter/src/widgets/framework.dart:5982:11)
#828    Element.rebuild (package:flutter/src/widgets/framework.dart:5529:7)
#829    ComponentElement._firstBuild (package:flutter/src/widgets/framework.dart:5799:5)
#830    StatefulElement._firstBuild (package:flutter/src/widgets/framework.dart:5973:11)
#831    ComponentElement.mount (package:flutter/src/widgets/framework.dart:5793:5)
#832    Element.inflateWidget (package:flutter/src/widgets/framework.dart:4587:20)
#833    Element.updateChild (package:flutter/src/widgets/framework.dart:4059:18)
#834    SingleChildRenderObjectElement.mount (package:flutter/src/widgets/framework.dart:7115:14)
#835    Element.inflateWidget (package:flutter/src/widgets/framework.dart:4587:20)
#836    Element.updateChild (package:flutter/src/widgets/framework.dart:4059:18)
#837    ComponentElement.performRebuild (package:flutter/src/widgets/framework.dart:5841:16)
#838    Element.rebuild (package:flutter/src/widgets/framework.dart:5529:7)
#839    ComponentElement._firstBuild (package:flutter/src/widgets/framework.dart:5799:5)
#840    ComponentElement.mount (package:flutter/src/widgets/framework.dart:5793:5)
#841    Element.inflateWidget (package:flutter/src/widgets/framework.dart:4587:20)
#842    Element.updateChild (package:flutter/src/widgets/framework.dart:4059:18)
#843    SingleChildRenderObjectElement.mount (package:flutter/src/widgets/framework.dart:7115:14)
#844    Element.inflateWidget (package:flutter/src/widgets/framework.dart:4587:20)
#845    Element.updateChild (package:flutter/src/widgets/framework.dart:4059:18)
#846    ComponentElement.performRebuild (package:flutter/src/widgets/framework.dart:5841:16)
#847    StatefulElement.performRebuild (package:flutter/src/widgets/framework.dart:5982:11)
#848    Element.rebuild (package:flutter/src/widgets/framework.dart:5529:7)
#849    ComponentElement._firstBuild (package:flutter/src/widgets/framework.dart:5799:5)
#850    StatefulElement._firstBuild (package:flutter/src/widgets/framework.dart:5973:11)
#851    ComponentElement.mount (package:flutter/src/widgets/framework.dart:5793:5)
#852    Element.inflateWidget (package:flutter/src/widgets/framework.dart:4587:20)
#853    Element.updateChild (package:flutter/src/widgets/framework.dart:4059:18)
#854    ComponentElement.performRebuild (package:flutter/src/widgets/framework.dart:5841:16)
#855    Element.rebuild (package:flutter/src/widgets/framework.dart:5529:7)
#856    ComponentElement._firstBuild (package:flutter/src/widgets/framework.dart:5799:5)
#857    ComponentElement.mount (package:flutter/src/widgets/framework.dart:5793:5)
#858    Element.inflateWidget (package:flutter/src/widgets/framework.dart:4587:20)
#859    Element.updateChild (package:flutter/src/widgets/framework.dart:4059:18)
#860    ComponentElement.performRebuild (package:flutter/src/widgets/framework.dart:5841:16)
#861    Element.rebuild (package:flutter/src/widgets/framework.dart:5529:7)
#862    ComponentElement._firstBuild (package:flutter/src/widgets/framework.dart:5799:5)
#863    ComponentElement.mount (package:flutter/src/widgets/framework.dart:5793:5)
#864    Element.inflateWidget (package:flutter/src/widgets/framework.dart:4587:20)
#865    Element.updateChild (package:flutter/src/widgets/framework.dart:4059:18)
#866    ComponentElement.performRebuild (package:flutter/src/widgets/framework.dart:5841:16)
#867    StatefulElement.performRebuild (package:flutter/src/widgets/framework.dart:5982:11)
#868    Element.rebuild (package:flutter/src/widgets/framework.dart:5529:7)
#869    ComponentElement._firstBuild (package:flutter/src/widgets/framework.dart:5799:5)
#870    StatefulElement._firstBuild (package:flutter/src/widgets/framework.dart:5973:11)
#871    ComponentElement.mount (package:flutter/src/widgets/framework.dart:5793:5)
#872    Element.inflateWidget (package:flutter/src/widgets/framework.dart:4587:20)
#873    Element.updateChild (package:flutter/src/widgets/framework.dart:4059:18)
#874    ComponentElement.performRebuild (package:flutter/src/widgets/framework.dart:5841:16)
#875    Element.rebuild (package:flutter/src/widgets/framework.dart:5529:7)
#876    ComponentElement._firstBuild (package:flutter/src/widgets/framework.dart:5799:5)
#877    ComponentElement.mount (package:flutter/src/widgets/framework.dart:5793:5)
#878    Element.inflateWidget (package:flutter/src/widgets/framework.dart:4587:20)
#879    Element.updateChild (package:flutter/src/widgets/framework.dart:4059:18)
#880    ComponentElement.performRebuild (package:flutter/src/widgets/framework.dart:5841:16)
#881    Element.rebuild (package:flutter/src/widgets/framework.dart:5529:7)
#882    ComponentElement._firstBuild (package:flutter/src/widgets/framework.dart:5799:5)
#883    ComponentElement.mount (package:flutter/src/widgets/framework.dart:5793:5)
#884    Element.inflateWidget (package:flutter/src/widgets/framework.dart:4587:20)
#885    Element.updateChild (package:flutter/src/widgets/framework.dart:4059:18)
#886    SingleChildRenderObjectElement.mount (package:flutter/src/widgets/framework.dart:7115:14)
#887    Element.inflateWidget (package:flutter/src/widgets/framework.dart:4587:20)
#888    Element.updateChild (package:flutter/src/widgets/framework.dart:4059:18)
#889    ComponentElement.performRebuild (package:flutter/src/widgets/framework.dart:5841:16)
#890    Element.rebuild (package:flutter/src/widgets/framework.dart:5529:7)
#891    ComponentElement._firstBuild (package:flutter/src/widgets/framework.dart:5799:5)
#892    ComponentElement.mount (package:flutter/src/widgets/framework.dart:5793:5)
#893    Element.inflateWidget (package:flutter/src/widgets/framework.dart:4587:20)
#894    Element.updateChild (package:flutter/src/widgets/framework.dart:4059:18)
#895    ComponentElement.performRebuild (package:flutter/src/widgets/framework.dart:5841:16)
#896    Element.rebuild (package:flutter/src/widgets/framework.dart:5529:7)
#897    ComponentElement._firstBuild (package:flutter/src/widgets/framework.dart:5799:5)
#898    ComponentElement.mount (package:flutter/src/widgets/framework.dart:5793:5)
#899    Element.inflateWidget (package:flutter/src/widgets/framework.dart:4587:20)
#900    Element.updateChild (package:flutter/src/widgets/framework.dart:4059:18)
#901    ComponentElement.performRebuild (package:flutter/src/widgets/framework.dart:5841:16)
#902    StatefulElement.performRebuild (package:flutter/src/widgets/framework.dart:5982:11)
#903    Element.rebuild (package:flutter/src/widgets/framework.dart:5529:7)
#904    ComponentElement._firstBuild (package:flutter/src/widgets/framework.dart:5799:5)
#905    StatefulElement._firstBuild (package:flutter/src/widgets/framework.dart:5973:11)
#906    ComponentElement.mount (package:flutter/src/widgets/framework.dart:5793:5)
#907    Element.inflateWidget (package:flutter/src/widgets/framework.dart:4587:20)
#908    Element.updateChild (package:flutter/src/widgets/framework.dart:4059:18)
#909    ComponentElement.performRebuild (package:flutter/src/widgets/framework.dart:5841:16)
#910    StatefulElement.performRebuild (package:flutter/src/widgets/framework.dart:5982:11)
#911    Element.rebuild (package:flutter/src/widgets/framework.dart:5529:7)
#912    ComponentElement._firstBuild (package:flutter/src/widgets/framework.dart:5799:5)
#913    StatefulElement._firstBuild (package:flutter/src/widgets/framework.dart:5973:11)
#914    ComponentElement.mount (package:flutter/src/widgets/framework.dart:5793:5)
#915    Element.inflateWidget (package:flutter/src/widgets/framework.dart:4587:20)
#916    Element.updateChild (package:flutter/src/widgets/framework.dart:4059:18)
#917    ComponentElement.performRebuild (package:flutter/src/widgets/framework.dart:5841:16)
#918    StatefulElement.performRebuild (package:flutter/src/widgets/framework.dart:5982:11)
#919    Element.rebuild (package:flutter/src/widgets/framework.dart:5529:7)
#920    ComponentElement._firstBuild (package:flutter/src/widgets/framework.dart:5799:5)
#921    StatefulElement._firstBuild (package:flutter/src/widgets/framework.dart:5973:11)
#922    ComponentElement.mount (package:flutter/src/widgets/framework.dart:5793:5)
#923    Element.inflateWidget (package:flutter/src/widgets/framework.dart:4587:20)
#924    Element.updateChild (package:flutter/src/widgets/framework.dart:4059:18)
#925    SingleChildRenderObjectElement.mount (package:flutter/src/widgets/framework.dart:7115:14)
#926    Element.inflateWidget (package:flutter/src/widgets/framework.dart:4587:20)
#927    Element.updateChild (package:flutter/src/widgets/framework.dart:4059:18)
#928    ComponentElement.performRebuild (package:flutter/src/widgets/framework.dart:5841:16)
#929    Element.rebuild (package:flutter/src/widgets/framework.dart:5529:7)
#930    ComponentElement._firstBuild (package:flutter/src/widgets/framework.dart:5799:5)
#931    ComponentElement.mount (package:flutter/src/widgets/framework.dart:5793:5)
#932    Element.inflateWidget (package:flutter/src/widgets/framework.dart:4587:20)
#933    Element.updateChild (package:flutter/src/widgets/framework.dart:4059:18)
#934    ComponentElement.performRebuild (package:flutter/src/widgets/framework.dart:5841:16)
#935    Element.rebuild (package:flutter/src/widgets/framework.dart:5529:7)
#936    ComponentElement._firstBuild (package:flutter/src/widgets/framework.dart:5799:5)
#937    ComponentElement.mount (package:flutter/src/widgets/framework.dart:5793:5)
#938    Element.inflateWidget (package:flutter/src/widgets/framework.dart:4587:20)
#939    Element.updateChild (package:flutter/src/widgets/framework.dart:4059:18)
#940    ComponentElement.performRebuild (package:flutter/src/widgets/framework.dart:5841:16)
#941    Element.rebuild (package:flutter/src/widgets/framework.dart:5529:7)
#942    ComponentElement._firstBuild (package:flutter/src/widgets/framework.dart:5799:5)
#943    ComponentElement.mount (package:flutter/src/widgets/framework.dart:5793:5)
#944    Element.inflateWidget (package:flutter/src/widgets/framework.dart:4587:20)
#945    Element.updateChild (package:flutter/src/widgets/framework.dart:4059:18)
#946    ComponentElement.performRebuild (package:flutter/src/widgets/framework.dart:5841:16)
#947    StatefulElement.performRebuild (package:flutter/src/widgets/framework.dart:5982:11)
#948    Element.rebuild (package:flutter/src/widgets/framework.dart:5529:7)
#949    ComponentElement._firstBuild (package:flutter/src/widgets/framework.dart:5799:5)
#950    StatefulElement._firstBuild (package:flutter/src/widgets/framework.dart:5973:11)
#951    ComponentElement.mount (package:flutter/src/widgets/framework.dart:5793:5)
#952    Element.inflateWidget (package:flutter/src/widgets/framework.dart:4587:20)
#953    Element.updateChild (package:flutter/src/widgets/framework.dart:4059:18)
#954    ComponentElement.performRebuild (package:flutter/src/widgets/framework.dart:5841:16)
#955    StatefulElement.performRebuild (package:flutter/src/widgets/framework.dart:5982:11)
#956    Element.rebuild (package:flutter/src/widgets/framework.dart:5529:7)
#957    ComponentElement._firstBuild (package:flutter/src/widgets/framework.dart:5799:5)
#958    StatefulElement._firstBuild (package:flutter/src/widgets/framework.dart:5973:11)
#959    ComponentElement.mount (package:flutter/src/widgets/framework.dart:5793:5)
#960    Element.inflateWidget (package:flutter/src/widgets/framework.dart:4587:20)
#961    MultiChildRenderObjectElement.inflateWidget (package:flutter/src/widgets/framework.dart:7264:36)
#962    Element.updateChild (package:flutter/src/widgets/framework.dart:4059:18)
#963    Element.updateChildren (package:flutter/src/widgets/framework.dart:4255:32)
#964    MultiChildRenderObjectElement.update (package:flutter/src/widgets/framework.dart:7295:17)
#965    Element.updateChild (package:flutter/src/widgets/framework.dart:4037:15)
#966    ComponentElement.performRebuild (package:flutter/src/widgets/framework.dart:5841:16)
#967    StatefulElement.performRebuild (package:flutter/src/widgets/framework.dart:5982:11)
#968    Element.rebuild (package:flutter/src/widgets/framework.dart:5529:7)
#969    StatefulElement.update (package:flutter/src/widgets/framework.dart:6007:5)
#970    Element.updateChild (package:flutter/src/widgets/framework.dart:4037:15)
#971    ComponentElement.performRebuild (package:flutter/src/widgets/framework.dart:5841:16)
#972    Element.rebuild (package:flutter/src/widgets/framework.dart:5529:7)
#973    ProxyElement.update (package:flutter/src/widgets/framework.dart:6149:5)
#974    Element.updateChild (package:flutter/src/widgets/framework.dart:4037:15)
#975    ComponentElement.performRebuild (package:flutter/src/widgets/framework.dart:5841:16)
#976    Element.rebuild (package:flutter/src/widgets/framework.dart:5529:7)
#977    ProxyElement.update (package:flutter/src/widgets/framework.dart:6149:5)
#978    _InheritedNotifierElement.update (package:flutter/src/widgets/inherited_notifier.dart:108:11)
#979    Element.updateChild (package:flutter/src/widgets/framework.dart:4037:15)
#980    ComponentElement.performRebuild (package:flutter/src/widgets/framework.dart:5841:16)
#981    StatefulElement.performRebuild (package:flutter/src/widgets/framework.dart:5982:11)
#982    Element.rebuild (package:flutter/src/widgets/framework.dart:5529:7)
#983    StatefulElement.update (package:flutter/src/widgets/framework.dart:6007:5)
#984    Element.updateChild (package:flutter/src/widgets/framework.dart:4037:15)
#985    ComponentElement.performRebuild (package:flutter/src/widgets/framework.dart:5841:16)
#986    Element.rebuild (package:flutter/src/widgets/framework.dart:5529:7)
#987    ProxyElement.update (package:flutter/src/widgets/framework.dart:6149:5)
#988    _InheritedNotifierElement.update (package:flutter/src/widgets/inherited_notifier.dart:108:11)
#989    Element.updateChild (package:flutter/src/widgets/framework.dart:4037:15)
#990    ComponentElement.performRebuild (package:flutter/src/widgets/framework.dart:5841:16)
#991    StatefulElement.performRebuild (package:flutter/src/widgets/framework.dart:5982:11)
#992    Element.rebuild (package:flutter/src/widgets/framework.dart:5529:7)
#993    StatefulElement.update (package:flutter/src/widgets/framework.dart:6007:5)
#994    Element.updateChild (package:flutter/src/widgets/framework.dart:4037:15)
#995    ComponentElement.performRebuild (package:flutter/src/widgets/framework.dart:5841:16)
#996    StatefulElement.performRebuild (package:flutter/src/widgets/framework.dart:5982:11)
#997    Element.rebuild (package:flutter/src/widgets/framework.dart:5529:7)
#998    StatefulElement.update (package:flutter/src/widgets/framework.dart:6007:5)
#999    Element.updateChild (package:flutter/src/widgets/framework.dart:4037:15)
#1000   SingleChildRenderObjectElement.update (package:flutter/src/widgets/framework.dart:7122:14)
#1001   Element.updateChild (package:flutter/src/widgets/framework.dart:4037:15)
#1002   SingleChildRenderObjectElement.update (package:flutter/src/widgets/framework.dart:7122:14)
#1003   Element.updateChild (package:flutter/src/widgets/framework.dart:4037:15)
#1004   ComponentElement.performRebuild (package:flutter/src/widgets/framework.dart:5841:16)
#1005   Element.rebuild (package:flutter/src/widgets/framework.dart:5529:7)
#1006   ProxyElement.update (package:flutter/src/widgets/framework.dart:6149:5)
#1007   Element.updateChild (package:flutter/src/widgets/framework.dart:4037:15)
#1008   ComponentElement.performRebuild (package:flutter/src/widgets/framework.dart:5841:16)
#1009   Element.rebuild (package:flutter/src/widgets/framework.dart:5529:7)
#1010   ProxyElement.update (package:flutter/src/widgets/framework.dart:6149:5)
#1011   Element.updateChild (package:flutter/src/widgets/framework.dart:4037:15)
#1012   ComponentElement.performRebuild (package:flutter/src/widgets/framework.dart:5841:16)
#1013   StatefulElement.performRebuild (package:flutter/src/widgets/framework.dart:5982:11)
#1014   Element.rebuild (package:flutter/src/widgets/framework.dart:5529:7)
#1015   StatefulElement.update (package:flutter/src/widgets/framework.dart:6007:5)
#1016   Element.updateChild (package:flutter/src/widgets/framework.dart:4037:15)
#1017   ComponentElement.performRebuild (package:flutter/src/widgets/framework.dart:5841:16)
#1018   Element.rebuild (package:flutter/src/widgets/framework.dart:5529:7)
#1019   ProxyElement.update (package:flutter/src/widgets/framework.dart:6149:5)
#1020   Element.updateChild (package:flutter/src/widgets/framework.dart:4037:15)
#1021   ComponentElement.performRebuild (package:flutter/src/widgets/framework.dart:5841:16)
#1022   Element.rebuild (package:flutter/src/widgets/framework.dart:5529:7)
#1023   ProxyElement.update (package:flutter/src/widgets/framework.dart:6149:5)
#1024   _InheritedNotifierElement.update (package:flutter/src/widgets/inherited_notifier.dart:108:11)
#1025   Element.updateChild (package:flutter/src/widgets/framework.dart:4037:15)
#1026   ComponentElement.performRebuild (package:flutter/src/widgets/framework.dart:5841:16)
#1027   StatefulElement.performRebuild (package:flutter/src/widgets/framework.dart:5982:11)
#1028   Element.rebuild (package:flutter/src/widgets/framework.dart:5529:7)
#1029   StatefulElement.update (package:flutter/src/widgets/framework.dart:6007:5)
#1030   Element.updateChild (package:flutter/src/widgets/framework.dart:4037:15)
#1031   ComponentElement.performRebuild (package:flutter/src/widgets/framework.dart:5841:16)
#1032   Element.rebuild (package:flutter/src/widgets/framework.dart:5529:7)
#1033   ProxyElement.update (package:flutter/src/widgets/framework.dart:6149:5)
#1034   Element.updateChild (package:flutter/src/widgets/framework.dart:4037:15)
#1035   ComponentElement.performRebuild (package:flutter/src/widgets/framework.dart:5841:16)
#1036   Element.rebuild (package:flutter/src/widgets/framework.dart:5529:7)
#1037   StatelessElement.update (package:flutter/src/widgets/framework.dart:5895:5)
#1038   Element.updateChild (package:flutter/src/widgets/framework.dart:4037:15)
#1039   ComponentElement.performRebuild (package:flutter/src/widgets/framework.dart:5841:16)
#1040   Element.rebuild (package:flutter/src/widgets/framework.dart:5529:7)
#1041   ProxyElement.update (package:flutter/src/widgets/framework.dart:6149:5)
#1042   Element.updateChild (package:flutter/src/widgets/framework.dart:4037:15)
#1043   ComponentElement.performRebuild (package:flutter/src/widgets/framework.dart:5841:16)
#1044   Element.rebuild (package:flutter/src/widgets/framework.dart:5529:7)
#1045   ProxyElement.update (package:flutter/src/widgets/framework.dart:6149:5)
#1046   Element.updateChild (package:flutter/src/widgets/framework.dart:4037:15)
#1047   ComponentElement.performRebuild (package:flutter/src/widgets/framework.dart:5841:16)
#1048   StatefulElement.performRebuild (package:flutter/src/widgets/framework.dart:5982:11)
#1049   Element.rebuild (package:flutter/src/widgets/framework.dart:5529:7)
#1050   BuildScope._tryRebuild (package:flutter/src/widgets/framework.dart:2750:15)
#1051   BuildScope._flushDirtyElements (package:flutter/src/widgets/framework.dart:2807:11)
#1052   BuildOwner.buildScope (package:flutter/src/widgets/framework.dart:3111:18)
#1053   AutomatedTestWidgetsFlutterBinding.drawFrame (package:flutter_test/src/binding.dart:2431:19)
#1054   RendererBinding._handlePersistentFrameCallback (package:flutter/src/rendering/binding.dart:509:5)
#1055   SchedulerBinding._invokeFrameCallback (package:flutter/src/scheduler/binding.dart:1430:15)
#1056   SchedulerBinding.handleDrawFrame (package:flutter/src/scheduler/binding.dart:1345:9)
#1057   AutomatedTestWidgetsFlutterBinding.pump.<anonymous closure> (package:flutter_test/src/binding.dart:2260:9)
#1058   _rootRun (dart:async/zone_root.dart:35:13)
#1059   _CustomZone.run (dart:async/zone.dart:726:19)
#1060   TestAsyncUtils.guard (package:flutter_test/src/test_async_utils.dart:74:41)
#1061   AutomatedTestWidgetsFlutterBinding.pump (package:flutter_test/src/binding.dart:2249:27)
#1062   WidgetTester.pump.<anonymous closure> (package:flutter_test/src/widget_tester.dart:652:53)
#1063   _rootRun (dart:async/zone_root.dart:35:13)
#1064   _CustomZone.run (dart:async/zone.dart:726:19)
#1065   TestAsyncUtils.guard (package:flutter_test/src/test_async_utils.dart:74:41)
#1066   WidgetTester.pump (package:flutter_test/src/widget_tester.dart:652:27)
#1067   pumpUntilSettled (file:///C:/Users/andrvoicu/Desktop/repos/collectarr-app/test/helpers/test_constants.dart:31:18)
#1068   main.<anonymous closure> (file:///C:/Users/andrvoicu/Desktop/repos/collectarr-app/test/app_shell_test.dart:170:11)
<asynchronous suspension>
#1069   testWidgets.<anonymous closure>.<anonymous closure> (package:flutter_test/src/widget_tester.dart:192:15)
<asynchronous suspension>
#1070   TestWidgetsFlutterBinding._runTestBody (package:flutter_test/src/binding.dart:1952:5)
<asynchronous suspension>
#1071   StackZoneSpecification._registerCallback.<anonymous closure> (package:stack_trace/src/stack_zone_specification.dart:114:42)
<asynchronous suspension>
This warning will only appear on debug builds.
00:03 +94: C:/Users/andrvoicu/Desktop/repos/collectarr-app/test/app_shell_test.dart: app shell shows admin destination for admin accounts
00:03 +95: C:/Users/andrvoicu/Desktop/repos/collectarr-app/test/app_shell_test.dart: app shell shows admin destination for admin accounts
00:03 +96: C:/Users/andrvoicu/Desktop/repos/collectarr-app/test/app_shell_test.dart: app shell shows admin destination for admin accounts
00:03 +97: C:/Users/andrvoicu/Desktop/repos/collectarr-app/test/app_shell_test.dart: app shell shows admin destination for admin accounts
00:03 +98: C:/Users/andrvoicu/Desktop/repos/collectarr-app/test/app_shell_test.dart: app shell shows admin destination for admin accounts
00:03 +99: C:/Users/andrvoicu/Desktop/repos/collectarr-app/test/app_shell_test.dart: app shell shows admin destination for admin accounts
00:03 +100: C:/Users/andrvoicu/Desktop/repos/collectarr-app/test/app_shell_test.dart: app shell shows admin destination for admin accounts
00:03 +101: C:/Users/andrvoicu/Desktop/repos/collectarr-app/test/app_shell_test.dart: app shell shows admin destination for admin accounts
00:03 +102: C:/Users/andrvoicu/Desktop/repos/collectarr-app/test/app_shell_test.dart: app shell shows admin destination for admin accounts
00:03 +103: C:/Users/andrvoicu/Desktop/repos/collectarr-app/test/app_shell_test.dart: app shell shows admin destination for admin accounts
WARNING (drift): It looks like you've created the database class LocalDatabase multiple times. When these two databases use the same QueryExecutor, race conditions will occur and might corrupt the database. 
Try to follow the advice at https://drift.simonbinder.eu/faq/#using-the-database or, if you know what you're doing, set driftRuntimeOptions.dontWarnAboutMultipleDatabases = true
Here is the stacktrace from when the database was opened a second time:
#0      GeneratedDatabase._handleInstantiated (package:drift/src/runtime/api/db_base.dart:96:30)
#1      GeneratedDatabase._whenConstructed (package:drift/src/runtime/api/db_base.dart:73:12)
#2      new GeneratedDatabase (package:drift/src/runtime/api/db_base.dart:64:5)
#3      new _$LocalDatabase (package:collectarr_app/core/db/local_database.g.dart:12351:38)
#4      new LocalDatabase (package:collectarr_app/core/db/local_database.dart:387:9)
#5      localDatabaseProvider.<anonymous closure> (package:collectarr_app/state/local_database_provider.dart:5:14)
#6      Provider.create (package:riverpod/src/providers/provider.dart:59:36)
#7      $ProviderElement.create (package:riverpod/src/providers/provider.dart:343:32)
#8      ProviderElement.buildState (package:riverpod/src/core/element.dart:684:28)
#9      ProviderElement.mount (package:riverpod/src/core/element.dart:537:7)
#10     ProviderElement.flush (package:riverpod/src/core/element.dart:640:7)
#11     $ProviderBaseImpl._addListener (package:riverpod/src/core/provider/provider.dart:119:24)
#12     ProviderElement.listen (package:riverpod/src/core/element.dart:923:28)
#13     Ref.watch (package:riverpod/src/core/ref.dart:655:20)
#14     overdueLoanOwnedItemIdsProvider.<anonymous closure> (package:collectarr_app/features/library/home/home_counts.dart:26:35)
#15     FutureProvider.create (package:riverpod/src/providers/future_provider.dart:142:46)
#16     $FutureProviderElement.create.<anonymous closure> (package:riverpod/src/providers/future_provider.dart:167:45)
#17     ElementWithFuture.handleFuture.<anonymous closure> (package:riverpod/src/core/element.dart:206:30)
#18     ElementWithFuture._handleAsync (package:riverpod/src/core/element.dart:270:35)
#19     ElementWithFuture.handleFuture (package:riverpod/src/core/element.dart:200:12)
#20     $FutureProviderElement.create (package:riverpod/src/providers/future_provider.dart:167:12)
#21     ProviderElement.buildState (package:riverpod/src/core/element.dart:684:28)
#22     ProviderElement.mount (package:riverpod/src/core/element.dart:537:7)
#23     ProviderElement.flush (package:riverpod/src/core/element.dart:640:7)
#24     $ProviderBaseImpl._addListener (package:riverpod/src/core/provider/provider.dart:119:24)
#25     ProviderContainer.listen (package:riverpod/src/core/provider_container.dart:960:26)
#26     ConsumerStatefulElement.watch.<anonymous closure> (package:flutter_riverpod/src/core/consumer.dart:475:37)
#27     _LinkedHashMapMixin.putIfAbsent (dart:_compact_hash:682:23)
#28     ConsumerStatefulElement.watch (package:flutter_riverpod/src/core/consumer.dart:468:14)
#29     _LibraryHomePageState.build (package:collectarr_app/features/library/home/home_page.dart:90:41)
#30     StatefulElement.build (package:flutter/src/widgets/framework.dart:5931:27)
#31     ConsumerStatefulElement.build (package:flutter_riverpod/src/core/consumer.dart:445:20)
#32     ComponentElement.performRebuild (package:flutter/src/widgets/framework.dart:5817:15)
#33     StatefulElement.performRebuild (package:flutter/src/widgets/framework.dart:5982:11)
#34     Element.rebuild (package:flutter/src/widgets/framework.dart:5529:7)
#35     ComponentElement._firstBuild (package:flutter/src/widgets/framework.dart:5799:5)
#36     StatefulElement._firstBuild (package:flutter/src/widgets/framework.dart:5973:11)
#37     ComponentElement.mount (package:flutter/src/widgets/framework.dart:5793:5)
#38     Element.inflateWidget (package:flutter/src/widgets/framework.dart:4587:20)
#39     Element.updateChild (package:flutter/src/widgets/framework.dart:4059:18)
#40     ComponentElement.performRebuild (package:flutter/src/widgets/framework.dart:5841:16)
#41     Element.rebuild (package:flutter/src/widgets/framework.dart:5529:7)
#42     ComponentElement._firstBuild (package:flutter/src/widgets/framework.dart:5799:5)
#43     ComponentElement.mount (package:flutter/src/widgets/framework.dart:5793:5)
#44     Element.inflateWidget (package:flutter/src/widgets/framework.dart:4587:20)
#45     Element.updateChild (package:flutter/src/widgets/framework.dart:4059:18)
#46     SingleChildRenderObjectElement.mount (package:flutter/src/widgets/framework.dart:7115:14)
#47     Element.inflateWidget (package:flutter/src/widgets/framework.dart:4587:20)
#48     Element.updateChild (package:flutter/src/widgets/framework.dart:4059:18)
#49     ComponentElement.performRebuild (package:flutter/src/widgets/framework.dart:5841:16)
#50     Element.rebuild (package:flutter/src/widgets/framework.dart:5529:7)
#51     ComponentElement._firstBuild (package:flutter/src/widgets/framework.dart:5799:5)
#52     ComponentElement.mount (package:flutter/src/widgets/framework.dart:5793:5)
#53     Element.inflateWidget (package:flutter/src/widgets/framework.dart:4587:20)
#54     Element.updateChild (package:flutter/src/widgets/framework.dart:4059:18)
#55     SingleChildRenderObjectElement.mount (package:flutter/src/widgets/framework.dart:7115:14)
#56     Element.inflateWidget (package:flutter/src/widgets/framework.dart:4587:20)
#57     Element.updateChild (package:flutter/src/widgets/framework.dart:4059:18)
#58     SingleChildRenderObjectElement.mount (package:flutter/src/widgets/framework.dart:7115:14)
#59     Element.inflateWidget (package:flutter/src/widgets/framework.dart:4587:20)
#60     Element.updateChild (package:flutter/src/widgets/framework.dart:4059:18)
#61     ComponentElement.performRebuild (package:flutter/src/widgets/framework.dart:5841:16)
#62     StatefulElement.performRebuild (package:flutter/src/widgets/framework.dart:5982:11)
#63     Element.rebuild (package:flutter/src/widgets/framework.dart:5529:7)
#64     ComponentElement._firstBuild (package:flutter/src/widgets/framework.dart:5799:5)
#65     StatefulElement._firstBuild (package:flutter/src/widgets/framework.dart:5973:11)
#66     ComponentElement.mount (package:flutter/src/widgets/framework.dart:5793:5)
#67     Element.inflateWidget (package:flutter/src/widgets/framework.dart:4587:20)
#68     Element.updateChild (package:flutter/src/widgets/framework.dart:4059:18)
#69     SingleChildRenderObjectElement.mount (package:flutter/src/widgets/framework.dart:7115:14)
#70     Element.inflateWidget (package:flutter/src/widgets/framework.dart:4587:20)
#71     Element.updateChild (package:flutter/src/widgets/framework.dart:4059:18)
#72     ComponentElement.performRebuild (package:flutter/src/widgets/framework.dart:5841:16)
#73     StatefulElement.performRebuild (package:flutter/src/widgets/framework.dart:5982:11)
#74     Element.rebuild (package:flutter/src/widgets/framework.dart:5529:7)
#75     ComponentElement._firstBuild (package:flutter/src/widgets/framework.dart:5799:5)
#76     StatefulElement._firstBuild (package:flutter/src/widgets/framework.dart:5973:11)
#77     ComponentElement.mount (package:flutter/src/widgets/framework.dart:5793:5)
#78     Element.inflateWidget (package:flutter/src/widgets/framework.dart:4587:20)
#79     Element.updateChild (package:flutter/src/widgets/framework.dart:4059:18)
#80     SingleChildRenderObjectElement.mount (package:flutter/src/widgets/framework.dart:7115:14)
#81     Element.inflateWidget (package:flutter/src/widgets/framework.dart:4587:20)
#82     Element.updateChild (package:flutter/src/widgets/framework.dart:4059:18)
#83     SingleChildRenderObjectElement.mount (package:flutter/src/widgets/framework.dart:7115:14)
#84     Element.inflateWidget (package:flutter/src/widgets/framework.dart:4587:20)
#85     Element.updateChild (package:flutter/src/widgets/framework.dart:4059:18)
#86     ComponentElement.performRebuild (package:flutter/src/widgets/framework.dart:5841:16)
#87     StatefulElement.performRebuild (package:flutter/src/widgets/framework.dart:5982:11)
#88     Element.rebuild (package:flutter/src/widgets/framework.dart:5529:7)
#89     ComponentElement._firstBuild (package:flutter/src/widgets/framework.dart:5799:5)
#90     StatefulElement._firstBuild (package:flutter/src/widgets/framework.dart:5973:11)
#91     ComponentElement.mount (package:flutter/src/widgets/framework.dart:5793:5)
#92     Element.inflateWidget (package:flutter/src/widgets/framework.dart:4587:20)
#93     Element.updateChild (package:flutter/src/widgets/framework.dart:4059:18)
#94     SingleChildRenderObjectElement.mount (package:flutter/src/widgets/framework.dart:7115:14)
#95     Element.inflateWidget (package:flutter/src/widgets/framework.dart:4587:20)
#96     Element.updateChild (package:flutter/src/widgets/framework.dart:4059:18)
#97     ComponentElement.performRebuild (package:flutter/src/widgets/framework.dart:5841:16)
#98     StatefulElement.performRebuild (package:flutter/src/widgets/framework.dart:5982:11)
#99     Element.rebuild (package:flutter/src/widgets/framework.dart:5529:7)
#100    ComponentElement._firstBuild (package:flutter/src/widgets/framework.dart:5799:5)
#101    StatefulElement._firstBuild (package:flutter/src/widgets/framework.dart:5973:11)
#102    ComponentElement.mount (package:flutter/src/widgets/framework.dart:5793:5)
#103    Element.inflateWidget (package:flutter/src/widgets/framework.dart:4587:20)
#104    Element.updateChild (package:flutter/src/widgets/framework.dart:4059:18)
#105    SingleChildRenderObjectElement.mount (package:flutter/src/widgets/framework.dart:7115:14)
#106    Element.inflateWidget (package:flutter/src/widgets/framework.dart:4587:20)
#107    Element.updateChild (package:flutter/src/widgets/framework.dart:4059:18)
#108    SingleChildRenderObjectElement.mount (package:flutter/src/widgets/framework.dart:7115:14)
#109    Element.inflateWidget (package:flutter/src/widgets/framework.dart:4587:20)
#110    Element.updateChild (package:flutter/src/widgets/framework.dart:4059:18)
#111    ComponentElement.performRebuild (package:flutter/src/widgets/framework.dart:5841:16)
#112    StatefulElement.performRebuild (package:flutter/src/widgets/framework.dart:5982:11)
#113    Element.rebuild (package:flutter/src/widgets/framework.dart:5529:7)
#114    ComponentElement._firstBuild (package:flutter/src/widgets/framework.dart:5799:5)
#115    StatefulElement._firstBuild (package:flutter/src/widgets/framework.dart:5973:11)
#116    ComponentElement.mount (package:flutter/src/widgets/framework.dart:5793:5)
#117    Element.inflateWidget (package:flutter/src/widgets/framework.dart:4587:20)
#118    Element.updateChild (package:flutter/src/widgets/framework.dart:4059:18)
#119    SingleChildRenderObjectElement.mount (package:flutter/src/widgets/framework.dart:7115:14)
#120    Element.inflateWidget (package:flutter/src/widgets/framework.dart:4587:20)
#121    Element.updateChild (package:flutter/src/widgets/framework.dart:4059:18)
#122    SingleChildRenderObjectElement.mount (package:flutter/src/widgets/framework.dart:7115:14)
#123    Element.inflateWidget (package:flutter/src/widgets/framework.dart:4587:20)
#124    Element.updateChild (package:flutter/src/widgets/framework.dart:4059:18)
#125    SingleChildRenderObjectElement.mount (package:flutter/src/widgets/framework.dart:7115:14)
#126    Element.inflateWidget (package:flutter/src/widgets/framework.dart:4587:20)
#127    Element.updateChild (package:flutter/src/widgets/framework.dart:4059:18)
#128    ComponentElement.performRebuild (package:flutter/src/widgets/framework.dart:5841:16)
#129    StatefulElement.performRebuild (package:flutter/src/widgets/framework.dart:5982:11)
#130    Element.rebuild (package:flutter/src/widgets/framework.dart:5529:7)
#131    ComponentElement._firstBuild (package:flutter/src/widgets/framework.dart:5799:5)
#132    StatefulElement._firstBuild (package:flutter/src/widgets/framework.dart:5973:11)
#133    ComponentElement.mount (package:flutter/src/widgets/framework.dart:5793:5)
#134    Element.inflateWidget (package:flutter/src/widgets/framework.dart:4587:20)
#135    Element.updateChild (package:flutter/src/widgets/framework.dart:4059:18)
#136    SingleChildRenderObjectElement.mount (package:flutter/src/widgets/framework.dart:7115:14)
#137    Element.inflateWidget (package:flutter/src/widgets/framework.dart:4587:20)
#138    Element.updateChild (package:flutter/src/widgets/framework.dart:4059:18)
#139    ComponentElement.performRebuild (package:flutter/src/widgets/framework.dart:5841:16)
#140    StatefulElement.performRebuild (package:flutter/src/widgets/framework.dart:5982:11)
#141    Element.rebuild (package:flutter/src/widgets/framework.dart:5529:7)
#142    ComponentElement._firstBuild (package:flutter/src/widgets/framework.dart:5799:5)
#143    StatefulElement._firstBuild (package:flutter/src/widgets/framework.dart:5973:11)
#144    ComponentElement.mount (package:flutter/src/widgets/framework.dart:5793:5)
#145    Element.inflateWidget (package:flutter/src/widgets/framework.dart:4587:20)
#146    Element.updateChild (package:flutter/src/widgets/framework.dart:4059:18)
#147    ComponentElement.performRebuild (package:flutter/src/widgets/framework.dart:5841:16)
#148    Element.rebuild (package:flutter/src/widgets/framework.dart:5529:7)
#149    ComponentElement._firstBuild (package:flutter/src/widgets/framework.dart:5799:5)
#150    ComponentElement.mount (package:flutter/src/widgets/framework.dart:5793:5)
#151    Element.inflateWidget (package:flutter/src/widgets/framework.dart:4587:20)
#152    Element.updateChild (package:flutter/src/widgets/framework.dart:4059:18)
#153    ComponentElement.performRebuild (package:flutter/src/widgets/framework.dart:5841:16)
#154    StatefulElement.performRebuild (package:flutter/src/widgets/framework.dart:5982:11)
#155    Element.rebuild (package:flutter/src/widgets/framework.dart:5529:7)
#156    ComponentElement._firstBuild (package:flutter/src/widgets/framework.dart:5799:5)
#157    StatefulElement._firstBuild (package:flutter/src/widgets/framework.dart:5973:11)
#158    ComponentElement.mount (package:flutter/src/widgets/framework.dart:5793:5)
#159    Element.inflateWidget (package:flutter/src/widgets/framework.dart:4587:20)
#160    Element.updateChild (package:flutter/src/widgets/framework.dart:4059:18)
#161    ComponentElement.performRebuild (package:flutter/src/widgets/framework.dart:5841:16)
#162    StatefulElement.performRebuild (package:flutter/src/widgets/framework.dart:5982:11)
#163    Element.rebuild (package:flutter/src/widgets/framework.dart:5529:7)
#164    ComponentElement._firstBuild (package:flutter/src/widgets/framework.dart:5799:5)
#165    StatefulElement._firstBuild (package:flutter/src/widgets/framework.dart:5973:11)
#166    ComponentElement.mount (package:flutter/src/widgets/framework.dart:5793:5)
#167    Element.inflateWidget (package:flutter/src/widgets/framework.dart:4587:20)
#168    Element.updateChild (package:flutter/src/widgets/framework.dart:4059:18)
#169    ComponentElement.performRebuild (package:flutter/src/widgets/framework.dart:5841:16)
#170    StatefulElement.performRebuild (package:flutter/src/widgets/framework.dart:5982:11)
#171    Element.rebuild (package:flutter/src/widgets/framework.dart:5529:7)
#172    ComponentElement._firstBuild (package:flutter/src/widgets/framework.dart:5799:5)
#173    StatefulElement._firstBuild (package:flutter/src/widgets/framework.dart:5973:11)
#174    ComponentElement.mount (package:flutter/src/widgets/framework.dart:5793:5)
#175    Element.inflateWidget (package:flutter/src/widgets/framework.dart:4587:20)
#176    Element.updateChild (package:flutter/src/widgets/framework.dart:4059:18)
#177    SingleChildRenderObjectElement.mount (package:flutter/src/widgets/framework.dart:7115:14)
#178    Element.inflateWidget (package:flutter/src/widgets/framework.dart:4587:20)
#179    Element.updateChild (package:flutter/src/widgets/framework.dart:4059:18)
#180    ComponentElement.performRebuild (package:flutter/src/widgets/framework.dart:5841:16)
#181    Element.rebuild (package:flutter/src/widgets/framework.dart:5529:7)
#182    ComponentElement._firstBuild (package:flutter/src/widgets/framework.dart:5799:5)
#183    ComponentElement.mount (package:flutter/src/widgets/framework.dart:5793:5)
#184    Element.inflateWidget (package:flutter/src/widgets/framework.dart:4587:20)
#185    Element.updateChild (package:flutter/src/widgets/framework.dart:4059:18)
#186    SingleChildRenderObjectElement.mount (package:flutter/src/widgets/framework.dart:7115:14)
#187    Element.inflateWidget (package:flutter/src/widgets/framework.dart:4587:20)
#188    Element.updateChild (package:flutter/src/widgets/framework.dart:4059:18)
#189    ComponentElement.performRebuild (package:flutter/src/widgets/framework.dart:5841:16)
#190    StatefulElement.performRebuild (package:flutter/src/widgets/framework.dart:5982:11)
#191    Element.rebuild (package:flutter/src/widgets/framework.dart:5529:7)
#192    ComponentElement._firstBuild (package:flutter/src/widgets/framework.dart:5799:5)
#193    StatefulElement._firstBuild (package:flutter/src/widgets/framework.dart:5973:11)
#194    ComponentElement.mount (package:flutter/src/widgets/framework.dart:5793:5)
#195    Element.inflateWidget (package:flutter/src/widgets/framework.dart:4587:20)
#196    Element.updateChild (package:flutter/src/widgets/framework.dart:4059:18)
#197    ComponentElement.performRebuild (package:flutter/src/widgets/framework.dart:5841:16)
#198    Element.rebuild (package:flutter/src/widgets/framework.dart:5529:7)
#199    ComponentElement._firstBuild (package:flutter/src/widgets/framework.dart:5799:5)
#200    ComponentElement.mount (package:flutter/src/widgets/framework.dart:5793:5)
#201    Element.inflateWidget (package:flutter/src/widgets/framework.dart:4587:20)
#202    Element.updateChild (package:flutter/src/widgets/framework.dart:4059:18)
#203    ComponentElement.performRebuild (package:flutter/src/widgets/framework.dart:5841:16)
#204    Element.rebuild (package:flutter/src/widgets/framework.dart:5529:7)
#205    ComponentElement._firstBuild (package:flutter/src/widgets/framework.dart:5799:5)
#206    ComponentElement.mount (package:flutter/src/widgets/framework.dart:5793:5)
#207    Element.inflateWidget (package:flutter/src/widgets/framework.dart:4587:20)
#208    Element.updateChild (package:flutter/src/widgets/framework.dart:4059:18)
#209    ComponentElement.performRebuild (package:flutter/src/widgets/framework.dart:5841:16)
#210    StatefulElement.performRebuild (package:flutter/src/widgets/framework.dart:5982:11)
#211    Element.rebuild (package:flutter/src/widgets/framework.dart:5529:7)
#212    ComponentElement._firstBuild (package:flutter/src/widgets/framework.dart:5799:5)
#213    StatefulElement._firstBuild (package:flutter/src/widgets/framework.dart:5973:11)
#214    ComponentElement.mount (package:flutter/src/widgets/framework.dart:5793:5)
#215    Element.inflateWidget (package:flutter/src/widgets/framework.dart:4587:20)
#216    Element.updateChild (package:flutter/src/widgets/framework.dart:4059:18)
#217    ComponentElement.performRebuild (package:flutter/src/widgets/framework.dart:5841:16)
#218    Element.rebuild (package:flutter/src/widgets/framework.dart:5529:7)
#219    ComponentElement._firstBuild (package:flutter/src/widgets/framework.dart:5799:5)
#220    ComponentElement.mount (package:flutter/src/widgets/framework.dart:5793:5)
#221    Element.inflateWidget (package:flutter/src/widgets/framework.dart:4587:20)
#222    Element.updateChild (package:flutter/src/widgets/framework.dart:4059:18)
#223    ComponentElement.performRebuild (package:flutter/src/widgets/framework.dart:5841:16)
#224    Element.rebuild (package:flutter/src/widgets/framework.dart:5529:7)
#225    ComponentElement._firstBuild (package:flutter/src/widgets/framework.dart:5799:5)
#226    ComponentElement.mount (package:flutter/src/widgets/framework.dart:5793:5)
#227    Element.inflateWidget (package:flutter/src/widgets/framework.dart:4587:20)
#228    Element.updateChild (package:flutter/src/widgets/framework.dart:4059:18)
#229    SingleChildRenderObjectElement.mount (package:flutter/src/widgets/framework.dart:7115:14)
#230    Element.inflateWidget (package:flutter/src/widgets/framework.dart:4587:20)
#231    Element.updateChild (package:flutter/src/widgets/framework.dart:4059:18)
#232    ComponentElement.performRebuild (package:flutter/src/widgets/framework.dart:5841:16)
#233    Element.rebuild (package:flutter/src/widgets/framework.dart:5529:7)
#234    ComponentElement._firstBuild (package:flutter/src/widgets/framework.dart:5799:5)
#235    ComponentElement.mount (package:flutter/src/widgets/framework.dart:5793:5)
#236    Element.inflateWidget (package:flutter/src/widgets/framework.dart:4587:20)
#237    Element.updateChild (package:flutter/src/widgets/framework.dart:4059:18)
#238    ComponentElement.performRebuild (package:flutter/src/widgets/framework.dart:5841:16)
#239    Element.rebuild (package:flutter/src/widgets/framework.dart:5529:7)
#240    ComponentElement._firstBuild (package:flutter/src/widgets/framework.dart:5799:5)
#241    ComponentElement.mount (package:flutter/src/widgets/framework.dart:5793:5)
#242    Element.inflateWidget (package:flutter/src/widgets/framework.dart:4587:20)
#243    Element.updateChild (package:flutter/src/widgets/framework.dart:4059:18)
#244    ComponentElement.performRebuild (package:flutter/src/widgets/framework.dart:5841:16)
#245    StatefulElement.performRebuild (package:flutter/src/widgets/framework.dart:5982:11)
#246    Element.rebuild (package:flutter/src/widgets/framework.dart:5529:7)
#247    ComponentElement._firstBuild (package:flutter/src/widgets/framework.dart:5799:5)
#248    StatefulElement._firstBuild (package:flutter/src/widgets/framework.dart:5973:11)
#249    ComponentElement.mount (package:flutter/src/widgets/framework.dart:5793:5)
#250    Element.inflateWidget (package:flutter/src/widgets/framework.dart:4587:20)
#251    Element.updateChild (package:flutter/src/widgets/framework.dart:4059:18)
#252    ComponentElement.performRebuild (package:flutter/src/widgets/framework.dart:5841:16)
#253    StatefulElement.performRebuild (package:flutter/src/widgets/framework.dart:5982:11)
#254    Element.rebuild (package:flutter/src/widgets/framework.dart:5529:7)
#255    ComponentElement._firstBuild (package:flutter/src/widgets/framework.dart:5799:5)
#256    StatefulElement._firstBuild (package:flutter/src/widgets/framework.dart:5973:11)
#257    ComponentElement.mount (package:flutter/src/widgets/framework.dart:5793:5)
#258    Element.inflateWidget (package:flutter/src/widgets/framework.dart:4587:20)
#259    Element.updateChild (package:flutter/src/widgets/framework.dart:4059:18)
#260    ComponentElement.performRebuild (package:flutter/src/widgets/framework.dart:5841:16)
#261    StatefulElement.performRebuild (package:flutter/src/widgets/framework.dart:5982:11)
#262    Element.rebuild (package:flutter/src/widgets/framework.dart:5529:7)
#263    ComponentElement._firstBuild (package:flutter/src/widgets/framework.dart:5799:5)
#264    StatefulElement._firstBuild (package:flutter/src/widgets/framework.dart:5973:11)
#265    ComponentElement.mount (package:flutter/src/widgets/framework.dart:5793:5)
#266    Element.inflateWidget (package:flutter/src/widgets/framework.dart:4587:20)
#267    Element.updateChild (package:flutter/src/widgets/framework.dart:4059:18)
#268    SingleChildRenderObjectElement.mount (package:flutter/src/widgets/framework.dart:7115:14)
#269    Element.inflateWidget (package:flutter/src/widgets/framework.dart:4587:20)
#270    Element.updateChild (package:flutter/src/widgets/framework.dart:4059:18)
#271    ComponentElement.performRebuild (package:flutter/src/widgets/framework.dart:5841:16)
#272    Element.rebuild (package:flutter/src/widgets/framework.dart:5529:7)
#273    ComponentElement._firstBuild (package:flutter/src/widgets/framework.dart:5799:5)
#274    ComponentElement.mount (package:flutter/src/widgets/framework.dart:5793:5)
#275    Element.inflateWidget (package:flutter/src/widgets/framework.dart:4587:20)
#276    Element.updateChild (package:flutter/src/widgets/framework.dart:4059:18)
#277    ComponentElement.performRebuild (package:flutter/src/widgets/framework.dart:5841:16)
#278    Element.rebuild (package:flutter/src/widgets/framework.dart:5529:7)
#279    ComponentElement._firstBuild (package:flutter/src/widgets/framework.dart:5799:5)
#280    ComponentElement.mount (package:flutter/src/widgets/framework.dart:5793:5)
#281    Element.inflateWidget (package:flutter/src/widgets/framework.dart:4587:20)
#282    Element.updateChild (package:flutter/src/widgets/framework.dart:4059:18)
#283    ComponentElement.performRebuild (package:flutter/src/widgets/framework.dart:5841:16)
#284    Element.rebuild (package:flutter/src/widgets/framework.dart:5529:7)
#285    ComponentElement._firstBuild (package:flutter/src/widgets/framework.dart:5799:5)
#286    ComponentElement.mount (package:flutter/src/widgets/framework.dart:5793:5)
#287    Element.inflateWidget (package:flutter/src/widgets/framework.dart:4587:20)
#288    Element.updateChild (package:flutter/src/widgets/framework.dart:4059:18)
#289    ComponentElement.performRebuild (package:flutter/src/widgets/framework.dart:5841:16)
#290    StatefulElement.performRebuild (package:flutter/src/widgets/framework.dart:5982:11)
#291    Element.rebuild (package:flutter/src/widgets/framework.dart:5529:7)
#292    ComponentElement._firstBuild (package:flutter/src/widgets/framework.dart:5799:5)
#293    StatefulElement._firstBuild (package:flutter/src/widgets/framework.dart:5973:11)
#294    ComponentElement.mount (package:flutter/src/widgets/framework.dart:5793:5)
#295    Element.inflateWidget (package:flutter/src/widgets/framework.dart:4587:20)
#296    Element.updateChild (package:flutter/src/widgets/framework.dart:4059:18)
#297    ComponentElement.performRebuild (package:flutter/src/widgets/framework.dart:5841:16)
#298    StatefulElement.performRebuild (package:flutter/src/widgets/framework.dart:5982:11)
#299    Element.rebuild (package:flutter/src/widgets/framework.dart:5529:7)
#300    ComponentElement._firstBuild (package:flutter/src/widgets/framework.dart:5799:5)
#301    StatefulElement._firstBuild (package:flutter/src/widgets/framework.dart:5973:11)
#302    ComponentElement.mount (package:flutter/src/widgets/framework.dart:5793:5)
#303    Element.inflateWidget (package:flutter/src/widgets/framework.dart:4587:20)
#304    MultiChildRenderObjectElement.inflateWidget (package:flutter/src/widgets/framework.dart:7264:36)
#305    MultiChildRenderObjectElement.mount (package:flutter/src/widgets/framework.dart:7279:32)
#306    Element.inflateWidget (package:flutter/src/widgets/framework.dart:4587:20)
#307    Element.updateChild (package:flutter/src/widgets/framework.dart:4059:18)
#308    ComponentElement.performRebuild (package:flutter/src/widgets/framework.dart:5841:16)
#309    StatefulElement.performRebuild (package:flutter/src/widgets/framework.dart:5982:11)
#310    Element.rebuild (package:flutter/src/widgets/framework.dart:5529:7)
#311    ComponentElement._firstBuild (package:flutter/src/widgets/framework.dart:5799:5)
#312    StatefulElement._firstBuild (package:flutter/src/widgets/framework.dart:5973:11)
#313    ComponentElement.mount (package:flutter/src/widgets/framework.dart:5793:5)
#314    Element.inflateWidget (package:flutter/src/widgets/framework.dart:4587:20)
#315    Element.updateChild (package:flutter/src/widgets/framework.dart:4059:18)
#316    ComponentElement.performRebuild (package:flutter/src/widgets/framework.dart:5841:16)
#317    Element.rebuild (package:flutter/src/widgets/framework.dart:5529:7)
#318    ComponentElement._firstBuild (package:flutter/src/widgets/framework.dart:5799:5)
#319    ComponentElement.mount (package:flutter/src/widgets/framework.dart:5793:5)
#320    Element.inflateWidget (package:flutter/src/widgets/framework.dart:4587:20)
#321    Element.updateChild (package:flutter/src/widgets/framework.dart:4059:18)
#322    ComponentElement.performRebuild (package:flutter/src/widgets/framework.dart:5841:16)
#323    Element.rebuild (package:flutter/src/widgets/framework.dart:5529:7)
#324    ComponentElement._firstBuild (package:flutter/src/widgets/framework.dart:5799:5)
#325    ComponentElement.mount (package:flutter/src/widgets/framework.dart:5793:5)
#326    Element.inflateWidget (package:flutter/src/widgets/framework.dart:4587:20)
#327    Element.updateChild (package:flutter/src/widgets/framework.dart:4059:18)
#328    ComponentElement.performRebuild (package:flutter/src/widgets/framework.dart:5841:16)
#329    StatefulElement.performRebuild (package:flutter/src/widgets/framework.dart:5982:11)
#330    Element.rebuild (package:flutter/src/widgets/framework.dart:5529:7)
#331    ComponentElement._firstBuild (package:flutter/src/widgets/framework.dart:5799:5)
#332    StatefulElement._firstBuild (package:flutter/src/widgets/framework.dart:5973:11)
#333    ComponentElement.mount (package:flutter/src/widgets/framework.dart:5793:5)
#334    Element.inflateWidget (package:flutter/src/widgets/framework.dart:4587:20)
#335    Element.updateChild (package:flutter/src/widgets/framework.dart:4059:18)
#336    ComponentElement.performRebuild (package:flutter/src/widgets/framework.dart:5841:16)
#337    Element.rebuild (package:flutter/src/widgets/framework.dart:5529:7)
#338    ComponentElement._firstBuild (package:flutter/src/widgets/framework.dart:5799:5)
#339    ComponentElement.mount (package:flutter/src/widgets/framework.dart:5793:5)
#340    Element.inflateWidget (package:flutter/src/widgets/framework.dart:4587:20)
#341    Element.updateChild (package:flutter/src/widgets/framework.dart:4059:18)
#342    ComponentElement.performRebuild (package:flutter/src/widgets/framework.dart:5841:16)
#343    StatefulElement.performRebuild (package:flutter/src/widgets/framework.dart:5982:11)
#344    Element.rebuild (package:flutter/src/widgets/framework.dart:5529:7)
#345    ComponentElement._firstBuild (package:flutter/src/widgets/framework.dart:5799:5)
#346    StatefulElement._firstBuild (package:flutter/src/widgets/framework.dart:5973:11)
#347    ComponentElement.mount (package:flutter/src/widgets/framework.dart:5793:5)
#348    Element.inflateWidget (package:flutter/src/widgets/framework.dart:4587:20)
#349    Element.updateChild (package:flutter/src/widgets/framework.dart:4059:18)
#350    ComponentElement.performRebuild (package:flutter/src/widgets/framework.dart:5841:16)
#351    StatefulElement.performRebuild (package:flutter/src/widgets/framework.dart:5982:11)
#352    Element.rebuild (package:flutter/src/widgets/framework.dart:5529:7)
#353    ComponentElement._firstBuild (package:flutter/src/widgets/framework.dart:5799:5)
#354    StatefulElement._firstBuild (package:flutter/src/widgets/framework.dart:5973:11)
#355    ComponentElement.mount (package:flutter/src/widgets/framework.dart:5793:5)
#356    Element.inflateWidget (package:flutter/src/widgets/framework.dart:4587:20)
#357    Element.updateChild (package:flutter/src/widgets/framework.dart:4059:18)
#358    SingleChildRenderObjectElement.mount (package:flutter/src/widgets/framework.dart:7115:14)
#359    Element.inflateWidget (package:flutter/src/widgets/framework.dart:4587:20)
#360    Element.updateChild (package:flutter/src/widgets/framework.dart:4059:18)
#361    SingleChildRenderObjectElement.mount (package:flutter/src/widgets/framework.dart:7115:14)
#362    Element.inflateWidget (package:flutter/src/widgets/framework.dart:4587:20)
#363    Element.updateChild (package:flutter/src/widgets/framework.dart:4059:18)
#364    ComponentElement.performRebuild (package:flutter/src/widgets/framework.dart:5841:16)
#365    Element.rebuild (package:flutter/src/widgets/framework.dart:5529:7)
#366    ComponentElement._firstBuild (package:flutter/src/widgets/framework.dart:5799:5)
#367    ComponentElement.mount (package:flutter/src/widgets/framework.dart:5793:5)
#368    Element.inflateWidget (package:flutter/src/widgets/framework.dart:4587:20)
#369    Element.updateChild (package:flutter/src/widgets/framework.dart:4059:18)
#370    ComponentElement.performRebuild (package:flutter/src/widgets/framework.dart:5841:16)
#371    Element.rebuild (package:flutter/src/widgets/framework.dart:5529:7)
#372    ComponentElement._firstBuild (package:flutter/src/widgets/framework.dart:5799:5)
#373    ComponentElement.mount (package:flutter/src/widgets/framework.dart:5793:5)
#374    Element.inflateWidget (package:flutter/src/widgets/framework.dart:4587:20)
#375    Element.updateChild (package:flutter/src/widgets/framework.dart:4059:18)
#376    ComponentElement.performRebuild (package:flutter/src/widgets/framework.dart:5841:16)
#377    StatefulElement.performRebuild (package:flutter/src/widgets/framework.dart:5982:11)
#378    Element.rebuild (package:flutter/src/widgets/framework.dart:5529:7)
#379    ComponentElement._firstBuild (package:flutter/src/widgets/framework.dart:5799:5)
#380    StatefulElement._firstBuild (package:flutter/src/widgets/framework.dart:5973:11)
#381    ComponentElement.mount (package:flutter/src/widgets/framework.dart:5793:5)
#382    Element.inflateWidget (package:flutter/src/widgets/framework.dart:4587:20)
#383    Element.updateChild (package:flutter/src/widgets/framework.dart:4059:18)
#384    ComponentElement.performRebuild (package:flutter/src/widgets/framework.dart:5841:16)
#385    Element.rebuild (package:flutter/src/widgets/framework.dart:5529:7)
#386    ComponentElement._firstBuild (package:flutter/src/widgets/framework.dart:5799:5)
#387    ComponentElement.mount (package:flutter/src/widgets/framework.dart:5793:5)
#388    Element.inflateWidget (package:flutter/src/widgets/framework.dart:4587:20)
#389    Element.updateChild (package:flutter/src/widgets/framework.dart:4059:18)
#390    ComponentElement.performRebuild (package:flutter/src/widgets/framework.dart:5841:16)
#391    Element.rebuild (package:flutter/src/widgets/framework.dart:5529:7)
#392    ComponentElement._firstBuild (package:flutter/src/widgets/framework.dart:5799:5)
#393    ComponentElement.mount (package:flutter/src/widgets/framework.dart:5793:5)
#394    Element.inflateWidget (package:flutter/src/widgets/framework.dart:4587:20)
#395    Element.updateChild (package:flutter/src/widgets/framework.dart:4059:18)
#396    ComponentElement.performRebuild (package:flutter/src/widgets/framework.dart:5841:16)
#397    StatefulElement.performRebuild (package:flutter/src/widgets/framework.dart:5982:11)
#398    Element.rebuild (package:flutter/src/widgets/framework.dart:5529:7)
#399    ComponentElement._firstBuild (package:flutter/src/widgets/framework.dart:5799:5)
#400    StatefulElement._firstBuild (package:flutter/src/widgets/framework.dart:5973:11)
#401    ComponentElement.mount (package:flutter/src/widgets/framework.dart:5793:5)
#402    Element.inflateWidget (package:flutter/src/widgets/framework.dart:4587:20)
#403    Element.updateChild (package:flutter/src/widgets/framework.dart:4059:18)
#404    ComponentElement.performRebuild (package:flutter/src/widgets/framework.dart:5841:16)
#405    StatefulElement.performRebuild (package:flutter/src/widgets/framework.dart:5982:11)
#406    Element.rebuild (package:flutter/src/widgets/framework.dart:5529:7)
#407    ComponentElement._firstBuild (package:flutter/src/widgets/framework.dart:5799:5)
#408    StatefulElement._firstBuild (package:flutter/src/widgets/framework.dart:5973:11)
#409    ComponentElement.mount (package:flutter/src/widgets/framework.dart:5793:5)
#410    Element.inflateWidget (package:flutter/src/widgets/framework.dart:4587:20)
#411    Element.updateChild (package:flutter/src/widgets/framework.dart:4059:18)
#412    ComponentElement.performRebuild (package:flutter/src/widgets/framework.dart:5841:16)
#413    StatefulElement.performRebuild (package:flutter/src/widgets/framework.dart:5982:11)
#414    Element.rebuild (package:flutter/src/widgets/framework.dart:5529:7)
#415    ComponentElement._firstBuild (package:flutter/src/widgets/framework.dart:5799:5)
#416    StatefulElement._firstBuild (package:flutter/src/widgets/framework.dart:5973:11)
#417    ComponentElement.mount (package:flutter/src/widgets/framework.dart:5793:5)
#418    Element.inflateWidget (package:flutter/src/widgets/framework.dart:4587:20)
#419    Element.updateChild (package:flutter/src/widgets/framework.dart:4059:18)
#420    ComponentElement.performRebuild (package:flutter/src/widgets/framework.dart:5841:16)
#421    Element.rebuild (package:flutter/src/widgets/framework.dart:5529:7)
#422    ComponentElement._firstBuild (package:flutter/src/widgets/framework.dart:5799:5)
#423    ComponentElement.mount (package:flutter/src/widgets/framework.dart:5793:5)
#424    Element.inflateWidget (package:flutter/src/widgets/framework.dart:4587:20)
#425    Element.updateChild (package:flutter/src/widgets/framework.dart:4059:18)
#426    ComponentElement.performRebuild (package:flutter/src/widgets/framework.dart:5841:16)
#427    StatefulElement.performRebuild (package:flutter/src/widgets/framework.dart:5982:11)
#428    Element.rebuild (package:flutter/src/widgets/framework.dart:5529:7)
#429    ComponentElement._firstBuild (package:flutter/src/widgets/framework.dart:5799:5)
#430    StatefulElement._firstBuild (package:flutter/src/widgets/framework.dart:5973:11)
#431    ComponentElement.mount (package:flutter/src/widgets/framework.dart:5793:5)
#432    Element.inflateWidget (package:flutter/src/widgets/framework.dart:4587:20)
#433    Element.updateChild (package:flutter/src/widgets/framework.dart:4059:18)
#434    SingleChildRenderObjectElement.mount (package:flutter/src/widgets/framework.dart:7115:14)
#435    Element.inflateWidget (package:flutter/src/widgets/framework.dart:4587:20)
#436    Element.updateChild (package:flutter/src/widgets/framework.dart:4059:18)
#437    ComponentElement.performRebuild (package:flutter/src/widgets/framework.dart:5841:16)
#438    Element.rebuild (package:flutter/src/widgets/framework.dart:5529:7)
#439    ComponentElement._firstBuild (package:flutter/src/widgets/framework.dart:5799:5)
#440    ComponentElement.mount (package:flutter/src/widgets/framework.dart:5793:5)
#441    Element.inflateWidget (package:flutter/src/widgets/framework.dart:4587:20)
#442    Element.updateChild (package:flutter/src/widgets/framework.dart:4059:18)
#443    ComponentElement.performRebuild (package:flutter/src/widgets/framework.dart:5841:16)
#444    StatefulElement.performRebuild (package:flutter/src/widgets/framework.dart:5982:11)
#445    Element.rebuild (package:flutter/src/widgets/framework.dart:5529:7)
#446    ComponentElement._firstBuild (package:flutter/src/widgets/framework.dart:5799:5)
#447    StatefulElement._firstBuild (package:flutter/src/widgets/framework.dart:5973:11)
#448    ComponentElement.mount (package:flutter/src/widgets/framework.dart:5793:5)
#449    Element.inflateWidget (package:flutter/src/widgets/framework.dart:4587:20)
#450    Element.updateChild (package:flutter/src/widgets/framework.dart:4059:18)
#451    ComponentElement.performRebuild (package:flutter/src/widgets/framework.dart:5841:16)
#452    Element.rebuild (package:flutter/src/widgets/framework.dart:5529:7)
#453    ComponentElement._firstBuild (package:flutter/src/widgets/framework.dart:5799:5)
#454    ComponentElement.mount (package:flutter/src/widgets/framework.dart:5793:5)
#455    Element.inflateWidget (package:flutter/src/widgets/framework.dart:4587:20)
#456    Element.updateChild (package:flutter/src/widgets/framework.dart:4059:18)
#457    SingleChildRenderObjectElement.mount (package:flutter/src/widgets/framework.dart:7115:14)
#458    Element.inflateWidget (package:flutter/src/widgets/framework.dart:4587:20)
#459    Element.updateChild (package:flutter/src/widgets/framework.dart:4059:18)
#460    SingleChildRenderObjectElement.mount (package:flutter/src/widgets/framework.dart:7115:14)
#461    Element.inflateWidget (package:flutter/src/widgets/framework.dart:4587:20)
#462    Element.updateChild (package:flutter/src/widgets/framework.dart:4059:18)
#463    ComponentElement.performRebuild (package:flutter/src/widgets/framework.dart:5841:16)
#464    Element.rebuild (package:flutter/src/widgets/framework.dart:5529:7)
#465    ComponentElement._firstBuild (package:flutter/src/widgets/framework.dart:5799:5)
#466    ComponentElement.mount (package:flutter/src/widgets/framework.dart:5793:5)
#467    Element.inflateWidget (package:flutter/src/widgets/framework.dart:4587:20)
#468    Element.updateChild (package:flutter/src/widgets/framework.dart:4059:18)
#469    ComponentElement.performRebuild (package:flutter/src/widgets/framework.dart:5841:16)
#470    Element.rebuild (package:flutter/src/widgets/framework.dart:5529:7)
#471    ComponentElement._firstBuild (package:flutter/src/widgets/framework.dart:5799:5)
#472    ComponentElement.mount (package:flutter/src/widgets/framework.dart:5793:5)
#473    Element.inflateWidget (package:flutter/src/widgets/framework.dart:4587:20)
#474    MultiChildRenderObjectElement.inflateWidget (package:flutter/src/widgets/framework.dart:7264:36)
#475    MultiChildRenderObjectElement.mount (package:flutter/src/widgets/framework.dart:7279:32)
#476    Element.inflateWidget (package:flutter/src/widgets/framework.dart:4587:20)
#477    Element.updateChild (package:flutter/src/widgets/framework.dart:4059:18)
#478    ComponentElement.performRebuild (package:flutter/src/widgets/framework.dart:5841:16)
#479    Element.rebuild (package:flutter/src/widgets/framework.dart:5529:7)
#480    ComponentElement._firstBuild (package:flutter/src/widgets/framework.dart:5799:5)
#481    ComponentElement.mount (package:flutter/src/widgets/framework.dart:5793:5)
#482    Element.inflateWidget (package:flutter/src/widgets/framework.dart:4587:20)
#483    Element.updateChild (package:flutter/src/widgets/framework.dart:4059:18)
#484    ComponentElement.performRebuild (package:flutter/src/widgets/framework.dart:5841:16)
#485    Element.rebuild (package:flutter/src/widgets/framework.dart:5529:7)
#486    ComponentElement._firstBuild (package:flutter/src/widgets/framework.dart:5799:5)
#487    ComponentElement.mount (package:flutter/src/widgets/framework.dart:5793:5)
#488    Element.inflateWidget (package:flutter/src/widgets/framework.dart:4587:20)
#489    Element.updateChild (package:flutter/src/widgets/framework.dart:4059:18)
#490    ComponentElement.performRebuild (package:flutter/src/widgets/framework.dart:5841:16)
#491    StatefulElement.performRebuild (package:flutter/src/widgets/framework.dart:5982:11)
#492    Element.rebuild (package:flutter/src/widgets/framework.dart:5529:7)
#493    ComponentElement._firstBuild (package:flutter/src/widgets/framework.dart:5799:5)
#494    StatefulElement._firstBuild (package:flutter/src/widgets/framework.dart:5973:11)
#495    ComponentElement.mount (package:flutter/src/widgets/framework.dart:5793:5)
#496    Element.inflateWidget (package:flutter/src/widgets/framework.dart:4587:20)
#497    Element.updateChild (package:flutter/src/widgets/framework.dart:4059:18)
#498    ComponentElement.performRebuild (package:flutter/src/widgets/framework.dart:5841:16)
#499    Element.rebuild (package:flutter/src/widgets/framework.dart:5529:7)
#500    ComponentElement._firstBuild (package:flutter/src/widgets/framework.dart:5799:5)
#501    ComponentElement.mount (package:flutter/src/widgets/framework.dart:5793:5)
#502    Element.inflateWidget (package:flutter/src/widgets/framework.dart:4587:20)
#503    Element.updateChild (package:flutter/src/widgets/framework.dart:4059:18)
#504    ComponentElement.performRebuild (package:flutter/src/widgets/framework.dart:5841:16)
#505    Element.rebuild (package:flutter/src/widgets/framework.dart:5529:7)
#506    ComponentElement._firstBuild (package:flutter/src/widgets/framework.dart:5799:5)
#507    ComponentElement.mount (package:flutter/src/widgets/framework.dart:5793:5)
#508    Element.inflateWidget (package:flutter/src/widgets/framework.dart:4587:20)
#509    Element.updateChild (package:flutter/src/widgets/framework.dart:4059:18)
#510    ComponentElement.performRebuild (package:flutter/src/widgets/framework.dart:5841:16)
#511    Element.rebuild (package:flutter/src/widgets/framework.dart:5529:7)
#512    ComponentElement._firstBuild (package:flutter/src/widgets/framework.dart:5799:5)
#513    ComponentElement.mount (package:flutter/src/widgets/framework.dart:5793:5)
#514    Element.inflateWidget (package:flutter/src/widgets/framework.dart:4587:20)
#515    Element.updateChild (package:flutter/src/widgets/framework.dart:4059:18)
#516    ComponentElement.performRebuild (package:flutter/src/widgets/framework.dart:5841:16)
#517    Element.rebuild (package:flutter/src/widgets/framework.dart:5529:7)
#518    ComponentElement._firstBuild (package:flutter/src/widgets/framework.dart:5799:5)
#519    ComponentElement.mount (package:flutter/src/widgets/framework.dart:5793:5)
#520    Element.inflateWidget (package:flutter/src/widgets/framework.dart:4587:20)
#521    Element.updateChild (package:flutter/src/widgets/framework.dart:4059:18)
#522    ComponentElement.performRebuild (package:flutter/src/widgets/framework.dart:5841:16)
#523    Element.rebuild (package:flutter/src/widgets/framework.dart:5529:7)
#524    ComponentElement._firstBuild (package:flutter/src/widgets/framework.dart:5799:5)
#525    ComponentElement.mount (package:flutter/src/widgets/framework.dart:5793:5)
#526    Element.inflateWidget (package:flutter/src/widgets/framework.dart:4587:20)
#527    Element.updateChild (package:flutter/src/widgets/framework.dart:4059:18)
#528    ComponentElement.performRebuild (package:flutter/src/widgets/framework.dart:5841:16)
#529    Element.rebuild (package:flutter/src/widgets/framework.dart:5529:7)
#530    ComponentElement._firstBuild (package:flutter/src/widgets/framework.dart:5799:5)
#531    ComponentElement.mount (package:flutter/src/widgets/framework.dart:5793:5)
#532    Element.inflateWidget (package:flutter/src/widgets/framework.dart:4587:20)
#533    Element.updateChild (package:flutter/src/widgets/framework.dart:4059:18)
#534    ComponentElement.performRebuild (package:flutter/src/widgets/framework.dart:5841:16)
#535    Element.rebuild (package:flutter/src/widgets/framework.dart:5529:7)
#536    ComponentElement._firstBuild (package:flutter/src/widgets/framework.dart:5799:5)
#537    ComponentElement.mount (package:flutter/src/widgets/framework.dart:5793:5)
#538    Element.inflateWidget (package:flutter/src/widgets/framework.dart:4587:20)
#539    Element.updateChild (package:flutter/src/widgets/framework.dart:4059:18)
#540    ComponentElement.performRebuild (package:flutter/src/widgets/framework.dart:5841:16)
#541    StatefulElement.performRebuild (package:flutter/src/widgets/framework.dart:5982:11)
#542    Element.rebuild (package:flutter/src/widgets/framework.dart:5529:7)
#543    ComponentElement._firstBuild (package:flutter/src/widgets/framework.dart:5799:5)
#544    StatefulElement._firstBuild (package:flutter/src/widgets/framework.dart:5973:11)
#545    ComponentElement.mount (package:flutter/src/widgets/framework.dart:5793:5)
#546    Element.inflateWidget (package:flutter/src/widgets/framework.dart:4587:20)
#547    Element.updateChild (package:flutter/src/widgets/framework.dart:4059:18)
#548    ComponentElement.performRebuild (package:flutter/src/widgets/framework.dart:5841:16)
#549    Element.rebuild (package:flutter/src/widgets/framework.dart:5529:7)
#550    ComponentElement._firstBuild (package:flutter/src/widgets/framework.dart:5799:5)
#551    ComponentElement.mount (package:flutter/src/widgets/framework.dart:5793:5)
#552    Element.inflateWidget (package:flutter/src/widgets/framework.dart:4587:20)
#553    Element.updateChild (package:flutter/src/widgets/framework.dart:4059:18)
#554    ComponentElement.performRebuild (package:flutter/src/widgets/framework.dart:5841:16)
#555    Element.rebuild (package:flutter/src/widgets/framework.dart:5529:7)
#556    ComponentElement._firstBuild (package:flutter/src/widgets/framework.dart:5799:5)
#557    ComponentElement.mount (package:flutter/src/widgets/framework.dart:5793:5)
#558    Element.inflateWidget (package:flutter/src/widgets/framework.dart:4587:20)
#559    Element.updateChild (package:flutter/src/widgets/framework.dart:4059:18)
#560    ComponentElement.performRebuild (package:flutter/src/widgets/framework.dart:5841:16)
#561    Element.rebuild (package:flutter/src/widgets/framework.dart:5529:7)
#562    ComponentElement._firstBuild (package:flutter/src/widgets/framework.dart:5799:5)
#563    ComponentElement.mount (package:flutter/src/widgets/framework.dart:5793:5)
#564    Element.inflateWidget (package:flutter/src/widgets/framework.dart:4587:20)
#565    Element.updateChild (package:flutter/src/widgets/framework.dart:4059:18)
#566    ComponentElement.performRebuild (package:flutter/src/widgets/framework.dart:5841:16)
#567    Element.rebuild (package:flutter/src/widgets/framework.dart:5529:7)
#568    ComponentElement._firstBuild (package:flutter/src/widgets/framework.dart:5799:5)
#569    ComponentElement.mount (package:flutter/src/widgets/framework.dart:5793:5)
#570    Element.inflateWidget (package:flutter/src/widgets/framework.dart:4587:20)
#571    Element.updateChild (package:flutter/src/widgets/framework.dart:4059:18)
#572    ComponentElement.performRebuild (package:flutter/src/widgets/framework.dart:5841:16)
#573    Element.rebuild (package:flutter/src/widgets/framework.dart:5529:7)
#574    ComponentElement._firstBuild (package:flutter/src/widgets/framework.dart:5799:5)
#575    ComponentElement.mount (package:flutter/src/widgets/framework.dart:5793:5)
#576    Element.inflateWidget (package:flutter/src/widgets/framework.dart:4587:20)
#577    MultiChildRenderObjectElement.inflateWidget (package:flutter/src/widgets/framework.dart:7264:36)
#578    MultiChildRenderObjectElement.mount (package:flutter/src/widgets/framework.dart:7279:32)
#579    Element.inflateWidget (package:flutter/src/widgets/framework.dart:4587:20)
#580    Element.updateChild (package:flutter/src/widgets/framework.dart:4059:18)
#581    ComponentElement.performRebuild (package:flutter/src/widgets/framework.dart:5841:16)
#582    Element.rebuild (package:flutter/src/widgets/framework.dart:5529:7)
#583    ComponentElement._firstBuild (package:flutter/src/widgets/framework.dart:5799:5)
#584    ComponentElement.mount (package:flutter/src/widgets/framework.dart:5793:5)
#585    Element.inflateWidget (package:flutter/src/widgets/framework.dart:4587:20)
#586    Element.updateChild (package:flutter/src/widgets/framework.dart:4059:18)
#587    ComponentElement.performRebuild (package:flutter/src/widgets/framework.dart:5841:16)
#588    StatefulElement.performRebuild (package:flutter/src/widgets/framework.dart:5982:11)
#589    Element.rebuild (package:flutter/src/widgets/framework.dart:5529:7)
#590    ComponentElement._firstBuild (package:flutter/src/widgets/framework.dart:5799:5)
#591    StatefulElement._firstBuild (package:flutter/src/widgets/framework.dart:5973:11)
#592    ComponentElement.mount (package:flutter/src/widgets/framework.dart:5793:5)
#593    Element.inflateWidget (package:flutter/src/widgets/framework.dart:4587:20)
#594    Element.updateChild (package:flutter/src/widgets/framework.dart:4059:18)
#595    ComponentElement.performRebuild (package:flutter/src/widgets/framework.dart:5841:16)
#596    Element.rebuild (package:flutter/src/widgets/framework.dart:5529:7)
#597    ComponentElement._firstBuild (package:flutter/src/widgets/framework.dart:5799:5)
#598    ComponentElement.mount (package:flutter/src/widgets/framework.dart:5793:5)
#599    Element.inflateWidget (package:flutter/src/widgets/framework.dart:4587:20)
#600    Element.updateChild (package:flutter/src/widgets/framework.dart:4059:18)
#601    ComponentElement.performRebuild (package:flutter/src/widgets/framework.dart:5841:16)
#602    Element.rebuild (package:flutter/src/widgets/framework.dart:5529:7)
#603    ComponentElement._firstBuild (package:flutter/src/widgets/framework.dart:5799:5)
#604    ComponentElement.mount (package:flutter/src/widgets/framework.dart:5793:5)
#605    Element.inflateWidget (package:flutter/src/widgets/framework.dart:4587:20)
#606    Element.updateChild (package:flutter/src/widgets/framework.dart:4059:18)
#607    ComponentElement.performRebuild (package:flutter/src/widgets/framework.dart:5841:16)
#608    StatefulElement.performRebuild (package:flutter/src/widgets/framework.dart:5982:11)
#609    Element.rebuild (package:flutter/src/widgets/framework.dart:5529:7)
#610    ComponentElement._firstBuild (package:flutter/src/widgets/framework.dart:5799:5)
#611    StatefulElement._firstBuild (package:flutter/src/widgets/framework.dart:5973:11)
#612    ComponentElement.mount (package:flutter/src/widgets/framework.dart:5793:5)
#613    Element.inflateWidget (package:flutter/src/widgets/framework.dart:4587:20)
#614    Element.updateChild (package:flutter/src/widgets/framework.dart:4059:18)
#615    SingleChildRenderObjectElement.mount (package:flutter/src/widgets/framework.dart:7115:14)
#616    Element.inflateWidget (package:flutter/src/widgets/framework.dart:4587:20)
#617    Element.updateChild (package:flutter/src/widgets/framework.dart:4059:18)
#618    ComponentElement.performRebuild (package:flutter/src/widgets/framework.dart:5841:16)
#619    Element.rebuild (package:flutter/src/widgets/framework.dart:5529:7)
#620    ComponentElement._firstBuild (package:flutter/src/widgets/framework.dart:5799:5)
#621    ComponentElement.mount (package:flutter/src/widgets/framework.dart:5793:5)
#622    Element.inflateWidget (package:flutter/src/widgets/framework.dart:4587:20)
#623    Element.updateChild (package:flutter/src/widgets/framework.dart:4059:18)
#624    SingleChildRenderObjectElement.mount (package:flutter/src/widgets/framework.dart:7115:14)
#625    Element.inflateWidget (package:flutter/src/widgets/framework.dart:4587:20)
#626    Element.updateChild (package:flutter/src/widgets/framework.dart:4059:18)
#627    ComponentElement.performRebuild (package:flutter/src/widgets/framework.dart:5841:16)
#628    StatefulElement.performRebuild (package:flutter/src/widgets/framework.dart:5982:11)
#629    Element.rebuild (package:flutter/src/widgets/framework.dart:5529:7)
#630    ComponentElement._firstBuild (package:flutter/src/widgets/framework.dart:5799:5)
#631    StatefulElement._firstBuild (package:flutter/src/widgets/framework.dart:5973:11)
#632    ComponentElement.mount (package:flutter/src/widgets/framework.dart:5793:5)
#633    Element.inflateWidget (package:flutter/src/widgets/framework.dart:4587:20)
#634    Element.updateChild (package:flutter/src/widgets/framework.dart:4059:18)
#635    ComponentElement.performRebuild (package:flutter/src/widgets/framework.dart:5841:16)
#636    StatefulElement.performRebuild (package:flutter/src/widgets/framework.dart:5982:11)
#637    Element.rebuild (package:flutter/src/widgets/framework.dart:5529:7)
#638    ComponentElement._firstBuild (package:flutter/src/widgets/framework.dart:5799:5)
#639    StatefulElement._firstBuild (package:flutter/src/widgets/framework.dart:5973:11)
#640    ComponentElement.mount (package:flutter/src/widgets/framework.dart:5793:5)
#641    Element.inflateWidget (package:flutter/src/widgets/framework.dart:4587:20)
#642    Element.updateChild (package:flutter/src/widgets/framework.dart:4059:18)
#643    ComponentElement.performRebuild (package:flutter/src/widgets/framework.dart:5841:16)
#644    Element.rebuild (package:flutter/src/widgets/framework.dart:5529:7)
#645    ComponentElement._firstBuild (package:flutter/src/widgets/framework.dart:5799:5)
#646    ComponentElement.mount (package:flutter/src/widgets/framework.dart:5793:5)
#647    Element.inflateWidget (package:flutter/src/widgets/framework.dart:4587:20)
#648    Element.updateChild (package:flutter/src/widgets/framework.dart:4059:18)
#649    ComponentElement.performRebuild (package:flutter/src/widgets/framework.dart:5841:16)
#650    Element.rebuild (package:flutter/src/widgets/framework.dart:5529:7)
#651    ComponentElement._firstBuild (package:flutter/src/widgets/framework.dart:5799:5)
#652    ComponentElement.mount (package:flutter/src/widgets/framework.dart:5793:5)
00:04 +103 -1: C:/Users/andrvoicu/Desktop/repos/collectarr-app/test/app_shell_test.dart: app shell shows admin destination for admin accounts
#653    Element.inflateWidget (package:flutter/src/widgets/framework.dart:4587:20)
#654    Element.updateChild (package:flutter/src/widgets/framework.dart:4059:18)
#655    ComponentElement.performRebuild (package:flutter/src/widgets/framework.dart:5841:16)
#656    Element.rebuild (package:flutter/src/widgets/framework.dart:5529:7)
#657    ComponentElement._firstBuild (package:flutter/src/widgets/framework.dart:5799:5)
#658    ComponentElement.mount (package:flutter/src/widgets/framework.dart:5793:5)
#659    Element.inflateWidget (package:flutter/src/widgets/framework.dart:4587:20)
#660    Element.updateChild (package:flutter/src/widgets/framework.dart:4059:18)
00:04 +103 -1: C:/Users/andrvoicu/Desktop/repos/collectarr-app/test/features/catalog/media_catalog_provider_test.dart: media catalog provider falls back when Core is unavailable [E]
  Expected: contains all of ['comic', 'manga']
    Actual: MappedListIterable<CatalogMediaType, String>:[
              'comic',
              'movie',
              'tv',
              'game',
              'boardgame',
              'book',
              'music'
            ]
     Which: has no match for 'manga' at index 1
  
  package:matcher                                              expect
  package:flutter_test/src/widget_tester.dart 473:18           expect
  test\features\catalog\media_catalog_provider_test.dart 22:5  main.<fn>
  
00:04 +103 -1: C:/Users/andrvoicu/Desktop/repos/collectarr-app/test/app_shell_test.dart: app shell shows admin destination for admin accounts
#661    ComponentElement.performRebuild (package:flutter/src/widgets/framework.dart:5841:16)
#662    StatefulElement.performRebuild (package:flutter/src/widgets/framework.dart:5982:11)
#663    Element.rebuild (package:flutter/src/widgets/framework.dart:5529:7)
#664    ComponentElement._firstBuild (package:flutter/src/widgets/framework.dart:5799:5)
#665    StatefulElement._firstBuild (package:flutter/src/widgets/framework.dart:5973:11)
#666    ComponentElement.mount (package:flutter/src/widgets/framework.dart:5793:5)
#667    Element.inflateWidget (package:flutter/src/widgets/framework.dart:4587:20)
#668    Element.updateChild (package:flutter/src/widgets/framework.dart:4059:18)
#669    ComponentElement.performRebuild (package:flutter/src/widgets/framework.dart:5841:16)
#670    Element.rebuild (package:flutter/src/widgets/framework.dart:5529:7)
#671    ComponentElement._firstBuild (package:flutter/src/widgets/framework.dart:5799:5)
#672    ComponentElement.mount (package:flutter/src/widgets/framework.dart:5793:5)
#673    Element.inflateWidget (package:flutter/src/widgets/framework.dart:4587:20)
#674    Element.updateChild (package:flutter/src/widgets/framework.dart:4059:18)
#675    ComponentElement.performRebuild (package:flutter/src/widgets/framework.dart:5841:16)
#676    StatefulElement.performRebuild (package:flutter/src/widgets/framework.dart:5982:11)
#677    Element.rebuild (package:flutter/src/widgets/framework.dart:5529:7)
#678    ComponentElement._firstBuild (package:flutter/src/widgets/framework.dart:5799:5)
#679    StatefulElement._firstBuild (package:flutter/src/widgets/framework.dart:5973:11)
#680    ComponentElement.mount (package:flutter/src/widgets/framework.dart:5793:5)
#681    Element.inflateWidget (package:flutter/src/widgets/framework.dart:4587:20)
#682    Element.updateChild (package:flutter/src/widgets/framework.dart:4059:18)
#683    ComponentElement.performRebuild (package:flutter/src/widgets/framework.dart:5841:16)
#684    Element.rebuild (package:flutter/src/widgets/framework.dart:5529:7)
#685    ComponentElement._firstBuild (package:flutter/src/widgets/framework.dart:5799:5)
#686    ComponentElement.mount (package:flutter/src/widgets/framework.dart:5793:5)
#687    Element.inflateWidget (package:flutter/src/widgets/framework.dart:4587:20)
#688    Element.updateChild (package:flutter/src/widgets/framework.dart:4059:18)
#689    ComponentElement.performRebuild (package:flutter/src/widgets/framework.dart:5841:16)
#690    StatefulElement.performRebuild (package:flutter/src/widgets/framework.dart:5982:11)
#691    Element.rebuild (package:flutter/src/widgets/framework.dart:5529:7)
#692    ComponentElement._firstBuild (package:flutter/src/widgets/framework.dart:5799:5)
#693    StatefulElement._firstBuild (package:flutter/src/widgets/framework.dart:5973:11)
#694    ComponentElement.mount (package:flutter/src/widgets/framework.dart:5793:5)
#695    Element.inflateWidget (package:flutter/src/widgets/framework.dart:4587:20)
#696    Element.updateChild (package:flutter/src/widgets/framework.dart:4059:18)
#697    ComponentElement.performRebuild (package:flutter/src/widgets/framework.dart:5841:16)
#698    Element.rebuild (package:flutter/src/widgets/framework.dart:5529:7)
#699    ComponentElement._firstBuild (package:flutter/src/widgets/framework.dart:5799:5)
#700    ComponentElement.mount (package:flutter/src/widgets/framework.dart:5793:5)
#701    Element.inflateWidget (package:flutter/src/widgets/framework.dart:4587:20)
#702    Element.updateChild (package:flutter/src/widgets/framework.dart:4059:18)
#703    SingleChildRenderObjectElement.mount (package:flutter/src/widgets/framework.dart:7115:14)
#704    Element.inflateWidget (package:flutter/src/widgets/framework.dart:4587:20)
#705    Element.updateChild (package:flutter/src/widgets/framework.dart:4059:18)
#706    ComponentElement.performRebuild (package:flutter/src/widgets/framework.dart:5841:16)
#707    Element.rebuild (package:flutter/src/widgets/framework.dart:5529:7)
#708    ComponentElement._firstBuild (package:flutter/src/widgets/framework.dart:5799:5)
#709    ComponentElement.mount (package:flutter/src/widgets/framework.dart:5793:5)
00:04 +104 -1: C:/Users/andrvoicu/Desktop/repos/collectarr-app/test/app_shell_test.dart: app shell shows admin destination for admin accounts
#710    Element.inflateWidget (package:flutter/src/widgets/framework.dart:4587:20)
#711    Element.updateChild (package:flutter/src/widgets/framework.dart:4059:18)
#712    SingleChildRenderObjectElement.mount (package:flutter/src/widgets/framework.dart:7115:14)
#713    Element.inflateWidget (package:flutter/src/widgets/framework.dart:4587:20)
#714    Element.updateChild (package:flutter/src/widgets/framework.dart:4059:18)
#715    SingleChildRenderObjectElement.mount (package:flutter/src/widgets/framework.dart:7115:14)
#716    Element.inflateWidget (package:flutter/src/widgets/framework.dart:4587:20)
#717    Element.updateChild (package:flutter/src/widgets/framework.dart:4059:18)
#718    ComponentElement.performRebuild (package:flutter/src/widgets/framework.dart:5841:16)
00:04 +105 -1: C:/Users/andrvoicu/Desktop/repos/collectarr-app/test/app_shell_test.dart: app shell shows admin destination for admin accounts
#719    StatefulElement.performRebuild (package:flutter/src/widgets/framework.dart:5982:11)
#720    Element.rebuild (package:flutter/src/widgets/framework.dart:5529:7)
#721    ComponentElement._firstBuild (package:flutter/src/widgets/framework.dart:5799:5)
#722    StatefulElement._firstBuild (package:flutter/src/widgets/framework.dart:5973:11)
#723    ComponentElement.mount (package:flutter/src/widgets/framework.dart:5793:5)
#724    Element.inflateWidget (package:flutter/src/widgets/framework.dart:4587:20)
#725    Element.updateChild (package:flutter/src/widgets/framework.dart:4059:18)
#726    SingleChildRenderObjectElement.mount (package:flutter/src/widgets/framework.dart:7115:14)
#727    Element.inflateWidget (package:flutter/src/widgets/framework.dart:4587:20)
#728    Element.updateChild (package:flutter/src/widgets/framework.dart:4059:18)
#729    ComponentElement.performRebuild (package:flutter/src/widgets/framework.dart:5841:16)
#730    StatefulElement.performRebuild (package:flutter/src/widgets/framework.dart:5982:11)
#731    Element.rebuild (package:flutter/src/widgets/framework.dart:5529:7)
#732    ComponentElement._firstBuild (package:flutter/src/widgets/framework.dart:5799:5)
#733    StatefulElement._firstBuild (package:flutter/src/widgets/framework.dart:5973:11)
#734    ComponentElement.mount (package:flutter/src/widgets/framework.dart:5793:5)
#735    Element.inflateWidget (package:flutter/src/widgets/framework.dart:4587:20)
#736    Element.updateChild (package:flutter/src/widgets/framework.dart:4059:18)
#737    SingleChildRenderObjectElement.mount (package:flutter/src/widgets/framework.dart:7115:14)
#738    Element.inflateWidget (package:flutter/src/widgets/framework.dart:4587:20)
#739    Element.updateChild (package:flutter/src/widgets/framework.dart:4059:18)
#740    SingleChildRenderObjectElement.mount (package:flutter/src/widgets/framework.dart:7115:14)
#741    Element.inflateWidget (package:flutter/src/widgets/framework.dart:4587:20)
#742    Element.updateChild (package:flutter/src/widgets/framework.dart:4059:18)
#743    ComponentElement.performRebuild (package:flutter/src/widgets/framework.dart:5841:16)
#744    StatefulElement.performRebuild (package:flutter/src/widgets/framework.dart:5982:11)
#745    Element.rebuild (package:flutter/src/widgets/framework.dart:5529:7)
#746    ComponentElement._firstBuild (package:flutter/src/widgets/framework.dart:5799:5)
#747    StatefulElement._firstBuild (package:flutter/src/widgets/framework.dart:5973:11)
#748    ComponentElement.mount (package:flutter/src/widgets/framework.dart:5793:5)
#749    Element.inflateWidget (package:flutter/src/widgets/framework.dart:4587:20)
#750    Element.updateChild (package:flutter/src/widgets/framework.dart:4059:18)
#751    SingleChildRenderObjectElement.mount (package:flutter/src/widgets/framework.dart:7115:14)
#752    Element.inflateWidget (package:flutter/src/widgets/framework.dart:4587:20)
00:04 +106 -1: C:/Users/andrvoicu/Desktop/repos/collectarr-app/test/app_shell_test.dart: app shell shows admin destination for admin accounts
#753    Element.updateChild (package:flutter/src/widgets/framework.dart:4059:18)
#754    ComponentElement.performRebuild (package:flutter/src/widgets/framework.dart:5841:16)
#755    StatefulElement.performRebuild (package:flutter/src/widgets/framework.dart:5982:11)
#756    Element.rebuild (package:flutter/src/widgets/framework.dart:5529:7)
#757    ComponentElement._firstBuild (package:flutter/src/widgets/framework.dart:5799:5)
#758    StatefulElement._firstBuild (package:flutter/src/widgets/framework.dart:5973:11)
#759    ComponentElement.mount (package:flutter/src/widgets/framework.dart:5793:5)
#760    Element.inflateWidget (package:flutter/src/widgets/framework.dart:4587:20)
#761    Element.updateChild (package:flutter/src/widgets/framework.dart:4059:18)
#762    SingleChildRenderObjectElement.mount (package:flutter/src/widgets/framework.dart:7115:14)
#763    Element.inflateWidget (package:flutter/src/widgets/framework.dart:4587:20)
#764    Element.updateChild (package:flutter/src/widgets/framework.dart:4059:18)
#765    SingleChildRenderObjectElement.mount (package:flutter/src/widgets/framework.dart:7115:14)
#766    Element.inflateWidget (package:flutter/src/widgets/framework.dart:4587:20)
#767    Element.updateChild (package:flutter/src/widgets/framework.dart:4059:18)
#768    ComponentElement.performRebuild (package:flutter/src/widgets/framework.dart:5841:16)
#769    StatefulElement.performRebuild (package:flutter/src/widgets/framework.dart:5982:11)
#770    Element.rebuild (package:flutter/src/widgets/framework.dart:5529:7)
#771    ComponentElement._firstBuild (package:flutter/src/widgets/framework.dart:5799:5)
#772    StatefulElement._firstBuild (package:flutter/src/widgets/framework.dart:5973:11)
#773    ComponentElement.mount (package:flutter/src/widgets/framework.dart:5793:5)
#774    Element.inflateWidget (package:flutter/src/widgets/framework.dart:4587:20)
#775    Element.updateChild (package:flutter/src/widgets/framework.dart:4059:18)
#776    SingleChildRenderObjectElement.mount (package:flutter/src/widgets/framework.dart:7115:14)
#777    Element.inflateWidget (package:flutter/src/widgets/framework.dart:4587:20)
#778    Element.updateChild (package:flutter/src/widgets/framework.dart:4059:18)
00:04 +107 -1: C:/Users/andrvoicu/Desktop/repos/collectarr-app/test/app_shell_test.dart: app shell shows admin destination for admin accounts
#779    SingleChildRenderObjectElement.mount (package:flutter/src/widgets/framework.dart:7115:14)
#780    Element.inflateWidget (package:flutter/src/widgets/framework.dart:4587:20)
#781    Element.updateChild (package:flutter/src/widgets/framework.dart:4059:18)
#782    SingleChildRenderObjectElement.mount (package:flutter/src/widgets/framework.dart:7115:14)
#783    Element.inflateWidget (package:flutter/src/widgets/framework.dart:4587:20)
#784    Element.updateChild (package:flutter/src/widgets/framework.dart:4059:18)
#785    ComponentElement.performRebuild (package:flutter/src/widgets/framework.dart:5841:16)
#786    StatefulElement.performRebuild (package:flutter/src/widgets/framework.dart:5982:11)
#787    Element.rebuild (package:flutter/src/widgets/framework.dart:5529:7)
#788    ComponentElement._firstBuild (package:flutter/src/widgets/framework.dart:5799:5)
#789    StatefulElement._firstBuild (package:flutter/src/widgets/framework.dart:5973:11)
#790    ComponentElement.mount (package:flutter/src/widgets/framework.dart:5793:5)
#791    Element.inflateWidget (package:flutter/src/widgets/framework.dart:4587:20)
#792    Element.updateChild (package:flutter/src/widgets/framework.dart:4059:18)
#793    SingleChildRenderObjectElement.mount (package:flutter/src/widgets/framework.dart:7115:14)
#794    Element.inflateWidget (package:flutter/src/widgets/framework.dart:4587:20)
00:04 +108 -1: C:/Users/andrvoicu/Desktop/repos/collectarr-app/test/app_shell_test.dart: app shell shows admin destination for admin accounts
#795    Element.updateChild (package:flutter/src/widgets/framework.dart:4059:18)
#796    ComponentElement.performRebuild (package:flutter/src/widgets/framework.dart:5841:16)
#797    StatefulElement.performRebuild (package:flutter/src/widgets/framework.dart:5982:11)
#798    Element.rebuild (package:flutter/src/widgets/framework.dart:5529:7)
#799    ComponentElement._firstBuild (package:flutter/src/widgets/framework.dart:5799:5)
#800    StatefulElement._firstBuild (package:flutter/src/widgets/framework.dart:5973:11)
#801    ComponentElement.mount (package:flutter/src/widgets/framework.dart:5793:5)
#802    Element.inflateWidget (package:flutter/src/widgets/framework.dart:4587:20)
#803    Element.updateChild (package:flutter/src/widgets/framework.dart:4059:18)
#804    ComponentElement.performRebuild (package:flutter/src/widgets/framework.dart:5841:16)
#805    Element.rebuild (package:flutter/src/widgets/framework.dart:5529:7)
#806    ComponentElement._firstBuild (package:flutter/src/widgets/framework.dart:5799:5)
#807    ComponentElement.mount (package:flutter/src/widgets/framework.dart:5793:5)
#808    Element.inflateWidget (package:flutter/src/widgets/framework.dart:4587:20)
#809    Element.updateChild (package:flutter/src/widgets/framework.dart:4059:18)
#810    ComponentElement.performRebuild (package:flutter/src/widgets/framework.dart:5841:16)
#811    StatefulElement.performRebuild (package:flutter/src/widgets/framework.dart:5982:11)
#812    Element.rebuild (package:flutter/src/widgets/framework.dart:5529:7)
#813    ComponentElement._firstBuild (package:flutter/src/widgets/framework.dart:5799:5)
#814    StatefulElement._firstBuild (package:flutter/src/widgets/framework.dart:5973:11)
#815    ComponentElement.mount (package:flutter/src/widgets/framework.dart:5793:5)
#816    Element.inflateWidget (package:flutter/src/widgets/framework.dart:4587:20)
#817    Element.updateChild (package:flutter/src/widgets/framework.dart:4059:18)
#818    ComponentElement.performRebuild (package:flutter/src/widgets/framework.dart:5841:16)
#819    StatefulElement.performRebuild (package:flutter/src/widgets/framework.dart:5982:11)
#820    Element.rebuild (package:flutter/src/widgets/framework.dart:5529:7)
#821    ComponentElement._firstBuild (package:flutter/src/widgets/framework.dart:5799:5)
#822    StatefulElement._firstBuild (package:flutter/src/widgets/framework.dart:5973:11)
#823    ComponentElement.mount (package:flutter/src/widgets/framework.dart:5793:5)
#824    Element.inflateWidget (package:flutter/src/widgets/framework.dart:4587:20)
#825    Element.updateChild (package:flutter/src/widgets/framework.dart:4059:18)
#826    ComponentElement.performRebuild (package:flutter/src/widgets/framework.dart:5841:16)
#827    StatefulElement.performRebuild (package:flutter/src/widgets/framework.dart:5982:11)
#828    Element.rebuild (package:flutter/src/widgets/framework.dart:5529:7)
#829    ComponentElement._firstBuild (package:flutter/src/widgets/framework.dart:5799:5)
#830    StatefulElement._firstBuild (package:flutter/src/widgets/framework.dart:5973:11)
#831    ComponentElement.mount (package:flutter/src/widgets/framework.dart:5793:5)
#832    Element.inflateWidget (package:flutter/src/widgets/framework.dart:4587:20)
#833    Element.updateChild (package:flutter/src/widgets/framework.dart:4059:18)
#834    SingleChildRenderObjectElement.mount (package:flutter/src/widgets/framework.dart:7115:14)
#835    Element.inflateWidget (package:flutter/src/widgets/framework.dart:4587:20)
#836    Element.updateChild (package:flutter/src/widgets/framework.dart:4059:18)
#837    ComponentElement.performRebuild (package:flutter/src/widgets/framework.dart:5841:16)
#838    Element.rebuild (package:flutter/src/widgets/framework.dart:5529:7)
#839    ComponentElement._firstBuild (package:flutter/src/widgets/framework.dart:5799:5)
#840    ComponentElement.mount (package:flutter/src/widgets/framework.dart:5793:5)
#841    Element.inflateWidget (package:flutter/src/widgets/framework.dart:4587:20)
#842    Element.updateChild (package:flutter/src/widgets/framework.dart:4059:18)
#843    SingleChildRenderObjectElement.mount (package:flutter/src/widgets/framework.dart:7115:14)
#844    Element.inflateWidget (package:flutter/src/widgets/framework.dart:4587:20)
#845    Element.updateChild (package:flutter/src/widgets/framework.dart:4059:18)
#846    ComponentElement.performRebuild (package:flutter/src/widgets/framework.dart:5841:16)
#847    StatefulElement.performRebuild (package:flutter/src/widgets/framework.dart:5982:11)
#848    Element.rebuild (package:flutter/src/widgets/framework.dart:5529:7)
#849    ComponentElement._firstBuild (package:flutter/src/widgets/framework.dart:5799:5)
#850    StatefulElement._firstBuild (package:flutter/src/widgets/framework.dart:5973:11)
#851    ComponentElement.mount (package:flutter/src/widgets/framework.dart:5793:5)
#852    Element.inflateWidget (package:flutter/src/widgets/framework.dart:4587:20)
#853    Element.updateChild (package:flutter/src/widgets/framework.dart:4059:18)
#854    ComponentElement.performRebuild (package:flutter/src/widgets/framework.dart:5841:16)
#855    Element.rebuild (package:flutter/src/widgets/framework.dart:5529:7)
#856    ComponentElement._firstBuild (package:flutter/src/widgets/framework.dart:5799:5)
#857    ComponentElement.mount (package:flutter/src/widgets/framework.dart:5793:5)
#858    Element.inflateWidget (package:flutter/src/widgets/framework.dart:4587:20)
#859    Element.updateChild (package:flutter/src/widgets/framework.dart:4059:18)
#860    ComponentElement.performRebuild (package:flutter/src/widgets/framework.dart:5841:16)
#861    Element.rebuild (package:flutter/src/widgets/framework.dart:5529:7)
#862    ComponentElement._firstBuild (package:flutter/src/widgets/framework.dart:5799:5)
#863    ComponentElement.mount (package:flutter/src/widgets/framework.dart:5793:5)
#864    Element.inflateWidget (package:flutter/src/widgets/framework.dart:4587:20)
#865    Element.updateChild (package:flutter/src/widgets/framework.dart:4059:18)
#866    ComponentElement.performRebuild (package:flutter/src/widgets/framework.dart:5841:16)
#867    StatefulElement.performRebuild (package:flutter/src/widgets/framework.dart:5982:11)
#868    Element.rebuild (package:flutter/src/widgets/framework.dart:5529:7)
#869    ComponentElement._firstBuild (package:flutter/src/widgets/framework.dart:5799:5)
#870    StatefulElement._firstBuild (package:flutter/src/widgets/framework.dart:5973:11)
#871    ComponentElement.mount (package:flutter/src/widgets/framework.dart:5793:5)
#872    Element.inflateWidget (package:flutter/src/widgets/framework.dart:4587:20)
#873    Element.updateChild (package:flutter/src/widgets/framework.dart:4059:18)
#874    ComponentElement.performRebuild (package:flutter/src/widgets/framework.dart:5841:16)
#875    Element.rebuild (package:flutter/src/widgets/framework.dart:5529:7)
#876    ComponentElement._firstBuild (package:flutter/src/widgets/framework.dart:5799:5)
#877    ComponentElement.mount (package:flutter/src/widgets/framework.dart:5793:5)
#878    Element.inflateWidget (package:flutter/src/widgets/framework.dart:4587:20)
#879    Element.updateChild (package:flutter/src/widgets/framework.dart:4059:18)
#880    ComponentElement.performRebuild (package:flutter/src/widgets/framework.dart:5841:16)
#881    Element.rebuild (package:flutter/src/widgets/framework.dart:5529:7)
#882    ComponentElement._firstBuild (package:flutter/src/widgets/framework.dart:5799:5)
#883    ComponentElement.mount (package:flutter/src/widgets/framework.dart:5793:5)
#884    Element.inflateWidget (package:flutter/src/widgets/framework.dart:4587:20)
#885    Element.updateChild (package:flutter/src/widgets/framework.dart:4059:18)
#886    SingleChildRenderObjectElement.mount (package:flutter/src/widgets/framework.dart:7115:14)
#887    Element.inflateWidget (package:flutter/src/widgets/framework.dart:4587:20)
#888    Element.updateChild (package:flutter/src/widgets/framework.dart:4059:18)
#889    ComponentElement.performRebuild (package:flutter/src/widgets/framework.dart:5841:16)
#890    Element.rebuild (package:flutter/src/widgets/framework.dart:5529:7)
#891    ComponentElement._firstBuild (package:flutter/src/widgets/framework.dart:5799:5)
#892    ComponentElement.mount (package:flutter/src/widgets/framework.dart:5793:5)
#893    Element.inflateWidget (package:flutter/src/widgets/framework.dart:4587:20)
#894    Element.updateChild (package:flutter/src/widgets/framework.dart:4059:18)
#895    ComponentElement.performRebuild (package:flutter/src/widgets/framework.dart:5841:16)
#896    Element.rebuild (package:flutter/src/widgets/framework.dart:5529:7)
#897    ComponentElement._firstBuild (package:flutter/src/widgets/framework.dart:5799:5)
#898    ComponentElement.mount (package:flutter/src/widgets/framework.dart:5793:5)
#899    Element.inflateWidget (package:flutter/src/widgets/framework.dart:4587:20)
#900    Element.updateChild (package:flutter/src/widgets/framework.dart:4059:18)
#901    ComponentElement.performRebuild (package:flutter/src/widgets/framework.dart:5841:16)
#902    StatefulElement.performRebuild (package:flutter/src/widgets/framework.dart:5982:11)
#903    Element.rebuild (package:flutter/src/widgets/framework.dart:5529:7)
#904    ComponentElement._firstBuild (package:flutter/src/widgets/framework.dart:5799:5)
#905    StatefulElement._firstBuild (package:flutter/src/widgets/framework.dart:5973:11)
#906    ComponentElement.mount (package:flutter/src/widgets/framework.dart:5793:5)
#907    Element.inflateWidget (package:flutter/src/widgets/framework.dart:4587:20)
#908    Element.updateChild (package:flutter/src/widgets/framework.dart:4059:18)
#909    ComponentElement.performRebuild (package:flutter/src/widgets/framework.dart:5841:16)
#910    StatefulElement.performRebuild (package:flutter/src/widgets/framework.dart:5982:11)
#911    Element.rebuild (package:flutter/src/widgets/framework.dart:5529:7)
#912    ComponentElement._firstBuild (package:flutter/src/widgets/framework.dart:5799:5)
#913    StatefulElement._firstBuild (package:flutter/src/widgets/framework.dart:5973:11)
#914    ComponentElement.mount (package:flutter/src/widgets/framework.dart:5793:5)
#915    Element.inflateWidget (package:flutter/src/widgets/framework.dart:4587:20)
#916    Element.updateChild (package:flutter/src/widgets/framework.dart:4059:18)
#917    ComponentElement.performRebuild (package:flutter/src/widgets/framework.dart:5841:16)
#918    StatefulElement.performRebuild (package:flutter/src/widgets/framework.dart:5982:11)
#919    Element.rebuild (package:flutter/src/widgets/framework.dart:5529:7)
#920    ComponentElement._firstBuild (package:flutter/src/widgets/framework.dart:5799:5)
#921    StatefulElement._firstBuild (package:flutter/src/widgets/framework.dart:5973:11)
#922    ComponentElement.mount (package:flutter/src/widgets/framework.dart:5793:5)
#923    Element.inflateWidget (package:flutter/src/widgets/framework.dart:4587:20)
#924    Element.updateChild (package:flutter/src/widgets/framework.dart:4059:18)
#925    SingleChildRenderObjectElement.mount (package:flutter/src/widgets/framework.dart:7115:14)
#926    Element.inflateWidget (package:flutter/src/widgets/framework.dart:4587:20)
#927    Element.updateChild (package:flutter/src/widgets/framework.dart:4059:18)
#928    ComponentElement.performRebuild (package:flutter/src/widgets/framework.dart:5841:16)
#929    Element.rebuild (package:flutter/src/widgets/framework.dart:5529:7)
#930    ComponentElement._firstBuild (package:flutter/src/widgets/framework.dart:5799:5)
#931    ComponentElement.mount (package:flutter/src/widgets/framework.dart:5793:5)
#932    Element.inflateWidget (package:flutter/src/widgets/framework.dart:4587:20)
#933    Element.updateChild (package:flutter/src/widgets/framework.dart:4059:18)
#934    ComponentElement.performRebuild (package:flutter/src/widgets/framework.dart:5841:16)
#935    Element.rebuild (package:flutter/src/widgets/framework.dart:5529:7)
#936    ComponentElement._firstBuild (package:flutter/src/widgets/framework.dart:5799:5)
#937    ComponentElement.mount (package:flutter/src/widgets/framework.dart:5793:5)
#938    Element.inflateWidget (package:flutter/src/widgets/framework.dart:4587:20)
#939    Element.updateChild (package:flutter/src/widgets/framework.dart:4059:18)
#940    ComponentElement.performRebuild (package:flutter/src/widgets/framework.dart:5841:16)
#941    Element.rebuild (package:flutter/src/widgets/framework.dart:5529:7)
#942    ComponentElement._firstBuild (package:flutter/src/widgets/framework.dart:5799:5)
#943    ComponentElement.mount (package:flutter/src/widgets/framework.dart:5793:5)
#944    Element.inflateWidget (package:flutter/src/widgets/framework.dart:4587:20)
#945    Element.updateChild (package:flutter/src/widgets/framework.dart:4059:18)
#946    ComponentElement.performRebuild (package:flutter/src/widgets/framework.dart:5841:16)
#947    StatefulElement.performRebuild (package:flutter/src/widgets/framework.dart:5982:11)
#948    Element.rebuild (package:flutter/src/widgets/framework.dart:5529:7)
#949    ComponentElement._firstBuild (package:flutter/src/widgets/framework.dart:5799:5)
#950    StatefulElement._firstBuild (package:flutter/src/widgets/framework.dart:5973:11)
#951    ComponentElement.mount (package:flutter/src/widgets/framework.dart:5793:5)
#952    Element.inflateWidget (package:flutter/src/widgets/framework.dart:4587:20)
#953    Element.updateChild (package:flutter/src/widgets/framework.dart:4059:18)
#954    ComponentElement.performRebuild (package:flutter/src/widgets/framework.dart:5841:16)
#955    StatefulElement.performRebuild (package:flutter/src/widgets/framework.dart:5982:11)
#956    Element.rebuild (package:flutter/src/widgets/framework.dart:5529:7)
#957    ComponentElement._firstBuild (package:flutter/src/widgets/framework.dart:5799:5)
#958    StatefulElement._firstBuild (package:flutter/src/widgets/framework.dart:5973:11)
#959    ComponentElement.mount (package:flutter/src/widgets/framework.dart:5793:5)
#960    Element.inflateWidget (package:flutter/src/widgets/framework.dart:4587:20)
#961    MultiChildRenderObjectElement.inflateWidget (package:flutter/src/widgets/framework.dart:7264:36)
#962    Element.updateChild (package:flutter/src/widgets/framework.dart:4059:18)
#963    Element.updateChildren (package:flutter/src/widgets/framework.dart:4255:32)
#964    MultiChildRenderObjectElement.update (package:flutter/src/widgets/framework.dart:7295:17)
#965    Element.updateChild (package:flutter/src/widgets/framework.dart:4037:15)
#966    ComponentElement.performRebuild (package:flutter/src/widgets/framework.dart:5841:16)
#967    StatefulElement.performRebuild (package:flutter/src/widgets/framework.dart:5982:11)
#968    Element.rebuild (package:flutter/src/widgets/framework.dart:5529:7)
#969    StatefulElement.update (package:flutter/src/widgets/framework.dart:6007:5)
#970    Element.updateChild (package:flutter/src/widgets/framework.dart:4037:15)
#971    ComponentElement.performRebuild (package:flutter/src/widgets/framework.dart:5841:16)
#972    Element.rebuild (package:flutter/src/widgets/framework.dart:5529:7)
#973    ProxyElement.update (package:flutter/src/widgets/framework.dart:6149:5)
#974    Element.updateChild (package:flutter/src/widgets/framework.dart:4037:15)
#975    ComponentElement.performRebuild (package:flutter/src/widgets/framework.dart:5841:16)
#976    Element.rebuild (package:flutter/src/widgets/framework.dart:5529:7)
#977    ProxyElement.update (package:flutter/src/widgets/framework.dart:6149:5)
#978    _InheritedNotifierElement.update (package:flutter/src/widgets/inherited_notifier.dart:108:11)
#979    Element.updateChild (package:flutter/src/widgets/framework.dart:4037:15)
#980    ComponentElement.performRebuild (package:flutter/src/widgets/framework.dart:5841:16)
#981    StatefulElement.performRebuild (package:flutter/src/widgets/framework.dart:5982:11)
#982    Element.rebuild (package:flutter/src/widgets/framework.dart:5529:7)
#983    StatefulElement.update (package:flutter/src/widgets/framework.dart:6007:5)
#984    Element.updateChild (package:flutter/src/widgets/framework.dart:4037:15)
#985    ComponentElement.performRebuild (package:flutter/src/widgets/framework.dart:5841:16)
#986    Element.rebuild (package:flutter/src/widgets/framework.dart:5529:7)
#987    ProxyElement.update (package:flutter/src/widgets/framework.dart:6149:5)
#988    _InheritedNotifierElement.update (package:flutter/src/widgets/inherited_notifier.dart:108:11)
#989    Element.updateChild (package:flutter/src/widgets/framework.dart:4037:15)
#990    ComponentElement.performRebuild (package:flutter/src/widgets/framework.dart:5841:16)
#991    StatefulElement.performRebuild (package:flutter/src/widgets/framework.dart:5982:11)
#992    Element.rebuild (package:flutter/src/widgets/framework.dart:5529:7)
#993    StatefulElement.update (package:flutter/src/widgets/framework.dart:6007:5)
#994    Element.updateChild (package:flutter/src/widgets/framework.dart:4037:15)
#995    ComponentElement.performRebuild (package:flutter/src/widgets/framework.dart:5841:16)
#996    StatefulElement.performRebuild (package:flutter/src/widgets/framework.dart:5982:11)
#997    Element.rebuild (package:flutter/src/widgets/framework.dart:5529:7)
#998    StatefulElement.update (package:flutter/src/widgets/framework.dart:6007:5)
#999    Element.updateChild (package:flutter/src/widgets/framework.dart:4037:15)
#1000   SingleChildRenderObjectElement.update (package:flutter/src/widgets/framework.dart:7122:14)
#1001   Element.updateChild (package:flutter/src/widgets/framework.dart:4037:15)
#1002   SingleChildRenderObjectElement.update (package:flutter/src/widgets/framework.dart:7122:14)
#1003   Element.updateChild (package:flutter/src/widgets/framework.dart:4037:15)
#1004   ComponentElement.performRebuild (package:flutter/src/widgets/framework.dart:5841:16)
#1005   Element.rebuild (package:flutter/src/widgets/framework.dart:5529:7)
#1006   ProxyElement.update (package:flutter/src/widgets/framework.dart:6149:5)
#1007   Element.updateChild (package:flutter/src/widgets/framework.dart:4037:15)
#1008   ComponentElement.performRebuild (package:flutter/src/widgets/framework.dart:5841:16)
#1009   Element.rebuild (package:flutter/src/widgets/framework.dart:5529:7)
#1010   ProxyElement.update (package:flutter/src/widgets/framework.dart:6149:5)
#1011   Element.updateChild (package:flutter/src/widgets/framework.dart:4037:15)
#1012   ComponentElement.performRebuild (package:flutter/src/widgets/framework.dart:5841:16)
#1013   StatefulElement.performRebuild (package:flutter/src/widgets/framework.dart:5982:11)
#1014   Element.rebuild (package:flutter/src/widgets/framework.dart:5529:7)
#1015   StatefulElement.update (package:flutter/src/widgets/framework.dart:6007:5)
#1016   Element.updateChild (package:flutter/src/widgets/framework.dart:4037:15)
#1017   ComponentElement.performRebuild (package:flutter/src/widgets/framework.dart:5841:16)
#1018   Element.rebuild (package:flutter/src/widgets/framework.dart:5529:7)
#1019   ProxyElement.update (package:flutter/src/widgets/framework.dart:6149:5)
#1020   Element.updateChild (package:flutter/src/widgets/framework.dart:4037:15)
#1021   ComponentElement.performRebuild (package:flutter/src/widgets/framework.dart:5841:16)
#1022   Element.rebuild (package:flutter/src/widgets/framework.dart:5529:7)
#1023   ProxyElement.update (package:flutter/src/widgets/framework.dart:6149:5)
#1024   _InheritedNotifierElement.update (package:flutter/src/widgets/inherited_notifier.dart:108:11)
#1025   Element.updateChild (package:flutter/src/widgets/framework.dart:4037:15)
#1026   ComponentElement.performRebuild (package:flutter/src/widgets/framework.dart:5841:16)
#1027   StatefulElement.performRebuild (package:flutter/src/widgets/framework.dart:5982:11)
#1028   Element.rebuild (package:flutter/src/widgets/framework.dart:5529:7)
#1029   StatefulElement.update (package:flutter/src/widgets/framework.dart:6007:5)
#1030   Element.updateChild (package:flutter/src/widgets/framework.dart:4037:15)
#1031   ComponentElement.performRebuild (package:flutter/src/widgets/framework.dart:5841:16)
#1032   Element.rebuild (package:flutter/src/widgets/framework.dart:5529:7)
#1033   ProxyElement.update (package:flutter/src/widgets/framework.dart:6149:5)
#1034   Element.updateChild (package:flutter/src/widgets/framework.dart:4037:15)
#1035   ComponentElement.performRebuild (package:flutter/src/widgets/framework.dart:5841:16)
#1036   Element.rebuild (package:flutter/src/widgets/framework.dart:5529:7)
#1037   StatelessElement.update (package:flutter/src/widgets/framework.dart:5895:5)
#1038   Element.updateChild (package:flutter/src/widgets/framework.dart:4037:15)
#1039   ComponentElement.performRebuild (package:flutter/src/widgets/framework.dart:5841:16)
#1040   Element.rebuild (package:flutter/src/widgets/framework.dart:5529:7)
#1041   ProxyElement.update (package:flutter/src/widgets/framework.dart:6149:5)
#1042   Element.updateChild (package:flutter/src/widgets/framework.dart:4037:15)
#1043   ComponentElement.performRebuild (package:flutter/src/widgets/framework.dart:5841:16)
#1044   Element.rebuild (package:flutter/src/widgets/framework.dart:5529:7)
#1045   ProxyElement.update (package:flutter/src/widgets/framework.dart:6149:5)
#1046   Element.updateChild (package:flutter/src/widgets/framework.dart:4037:15)
#1047   ComponentElement.performRebuild (package:flutter/src/widgets/framework.dart:5841:16)
#1048   StatefulElement.performRebuild (package:flutter/src/widgets/framework.dart:5982:11)
#1049   Element.rebuild (package:flutter/src/widgets/framework.dart:5529:7)
#1050   BuildScope._tryRebuild (package:flutter/src/widgets/framework.dart:2750:15)
#1051   BuildScope._flushDirtyElements (package:flutter/src/widgets/framework.dart:2807:11)
#1052   BuildOwner.buildScope (package:flutter/src/widgets/framework.dart:3111:18)
#1053   AutomatedTestWidgetsFlutterBinding.drawFrame (package:flutter_test/src/binding.dart:2431:19)
#1054   RendererBinding._handlePersistentFrameCallback (package:flutter/src/rendering/binding.dart:509:5)
#1055   SchedulerBinding._invokeFrameCallback (package:flutter/src/scheduler/binding.dart:1430:15)
#1056   SchedulerBinding.handleDrawFrame (package:flutter/src/scheduler/binding.dart:1345:9)
#1057   AutomatedTestWidgetsFlutterBinding.pump.<anonymous closure> (package:flutter_test/src/binding.dart:2260:9)
#1058   _rootRun (dart:async/zone_root.dart:35:13)
#1059   _CustomZone.run (dart:async/zone.dart:726:19)
#1060   TestAsyncUtils.guard (package:flutter_test/src/test_async_utils.dart:74:41)
#1061   AutomatedTestWidgetsFlutterBinding.pump (package:flutter_test/src/binding.dart:2249:27)
#1062   WidgetTester.pump.<anonymous closure> (package:flutter_test/src/widget_tester.dart:652:53)
#1063   _rootRun (dart:async/zone_root.dart:35:13)
#1064   _CustomZone.run (dart:async/zone.dart:726:19)
#1065   TestAsyncUtils.guard (package:flutter_test/src/test_async_utils.dart:74:41)
#1066   WidgetTester.pump (package:flutter_test/src/widget_tester.dart:652:27)
#1067   pumpUntilSettled (file:///C:/Users/andrvoicu/Desktop/repos/collectarr-app/test/helpers/test_constants.dart:31:18)
#1068   main.<anonymous closure> (file:///C:/Users/andrvoicu/Desktop/repos/collectarr-app/test/app_shell_test.dart:202:11)
<asynchronous suspension>
#1069   testWidgets.<anonymous closure>.<anonymous closure> (package:flutter_test/src/widget_tester.dart:192:15)
<asynchronous suspension>
#1070   TestWidgetsFlutterBinding._runTestBody (package:flutter_test/src/binding.dart:1952:5)
<asynchronous suspension>
#1071   StackZoneSpecification._registerCallback.<anonymous closure> (package:stack_trace/src/stack_zone_specification.dart:114:42)
<asynchronous suspension>
This warning will only appear on debug builds.
00:04 +109 -1: C:/Users/andrvoicu/Desktop/repos/collectarr-app/test/features/barcode/barcode_scan_sheet_test.dart: manual-only barcode sheet returns normalized input
00:04 +110 -1: C:/Users/andrvoicu/Desktop/repos/collectarr-app/test/app_shell_test.dart: detail route without request payload redirects to libraries
00:04 +111 -1: C:/Users/andrvoicu/Desktop/repos/collectarr-app/test/app_shell_test.dart: detail route without request payload redirects to libraries
00:04 +112 -1: C:/Users/andrvoicu/Desktop/repos/collectarr-app/test/app_shell_test.dart: detail route without request payload redirects to libraries
00:04 +113 -1: C:/Users/andrvoicu/Desktop/repos/collectarr-app/test/app_shell_test.dart: detail route without request payload redirects to libraries
00:04 +114 -1: C:/Users/andrvoicu/Desktop/repos/collectarr-app/test/app_shell_test.dart: detail route without request payload redirects to libraries
WARNING (drift): It looks like you've created the database class LocalDatabase multiple times. When these two databases use the same QueryExecutor, race conditions will occur and might corrupt the database. 
Try to follow the advice at https://drift.simonbinder.eu/faq/#using-the-database or, if you know what you're doing, set driftRuntimeOptions.dontWarnAboutMultipleDatabases = true
Here is the stacktrace from when the database was opened a second time:
#0      GeneratedDatabase._handleInstantiated (package:drift/src/runtime/api/db_base.dart:96:30)
#1      GeneratedDatabase._whenConstructed (package:drift/src/runtime/api/db_base.dart:73:12)
#2      new GeneratedDatabase (package:drift/src/runtime/api/db_base.dart:64:5)
#3      new _$LocalDatabase (package:collectarr_app/core/db/local_database.g.dart:12351:38)
#4      new LocalDatabase (package:collectarr_app/core/db/local_database.dart:387:9)
#5      localDatabaseProvider.<anonymous closure> (package:collectarr_app/state/local_database_provider.dart:5:14)
#6      Provider.create (package:riverpod/src/providers/provider.dart:59:36)
#7      $ProviderElement.create (package:riverpod/src/providers/provider.dart:343:32)
#8      ProviderElement.buildState (package:riverpod/src/core/element.dart:684:28)
#9      ProviderElement.mount (package:riverpod/src/core/element.dart:537:7)
#10     ProviderElement.flush (package:riverpod/src/core/element.dart:640:7)
#11     $ProviderBaseImpl._addListener (package:riverpod/src/core/provider/provider.dart:119:24)
#12     ProviderElement.listen (package:riverpod/src/core/element.dart:923:28)
#13     Ref.watch (package:riverpod/src/core/ref.dart:655:20)
#14     overdueLoanOwnedItemIdsProvider.<anonymous closure> (package:collectarr_app/features/library/home/home_counts.dart:26:35)
#15     FutureProvider.create (package:riverpod/src/providers/future_provider.dart:142:46)
#16     $FutureProviderElement.create.<anonymous closure> (package:riverpod/src/providers/future_provider.dart:167:45)
#17     ElementWithFuture.handleFuture.<anonymous closure> (package:riverpod/src/core/element.dart:206:30)
#18     ElementWithFuture._handleAsync (package:riverpod/src/core/element.dart:270:35)
#19     ElementWithFuture.handleFuture (package:riverpod/src/core/element.dart:200:12)
#20     $FutureProviderElement.create (package:riverpod/src/providers/future_provider.dart:167:12)
#21     ProviderElement.buildState (package:riverpod/src/core/element.dart:684:28)
#22     ProviderElement.mount (package:riverpod/src/core/element.dart:537:7)
#23     ProviderElement.flush (package:riverpod/src/core/element.dart:640:7)
#24     $ProviderBaseImpl._addListener (package:riverpod/src/core/provider/provider.dart:119:24)
#25     ProviderContainer.listen (package:riverpod/src/core/provider_container.dart:960:26)
#26     ConsumerStatefulElement.watch.<anonymous closure> (package:flutter_riverpod/src/core/consumer.dart:475:37)
#27     _LinkedHashMapMixin.putIfAbsent (dart:_compact_hash:682:23)
#28     ConsumerStatefulElement.watch (package:flutter_riverpod/src/core/consumer.dart:468:14)
#29     _LibraryHomePageState.build (package:collectarr_app/features/library/home/home_page.dart:90:41)
#30     StatefulElement.build (package:flutter/src/widgets/framework.dart:5931:27)
#31     ConsumerStatefulElement.build (package:flutter_riverpod/src/core/consumer.dart:445:20)
#32     ComponentElement.performRebuild (package:flutter/src/widgets/framework.dart:5817:15)
#33     StatefulElement.performRebuild (package:flutter/src/widgets/framework.dart:5982:11)
#34     Element.rebuild (package:flutter/src/widgets/framework.dart:5529:7)
#35     ComponentElement._firstBuild (package:flutter/src/widgets/framework.dart:5799:5)
#36     StatefulElement._firstBuild (package:flutter/src/widgets/framework.dart:5973:11)
#37     ComponentElement.mount (package:flutter/src/widgets/framework.dart:5793:5)
#38     Element.inflateWidget (package:flutter/src/widgets/framework.dart:4587:20)
#39     Element.updateChild (package:flutter/src/widgets/framework.dart:4059:18)
#40     ComponentElement.performRebuild (package:flutter/src/widgets/framework.dart:5841:16)
#41     Element.rebuild (package:flutter/src/widgets/framework.dart:5529:7)
#42     ComponentElement._firstBuild (package:flutter/src/widgets/framework.dart:5799:5)
#43     ComponentElement.mount (package:flutter/src/widgets/framework.dart:5793:5)
#44     Element.inflateWidget (package:flutter/src/widgets/framework.dart:4587:20)
#45     Element.updateChild (package:flutter/src/widgets/framework.dart:4059:18)
#46     SingleChildRenderObjectElement.mount (package:flutter/src/widgets/framework.dart:7115:14)
#47     Element.inflateWidget (package:flutter/src/widgets/framework.dart:4587:20)
#48     Element.updateChild (package:flutter/src/widgets/framework.dart:4059:18)
#49     ComponentElement.performRebuild (package:flutter/src/widgets/framework.dart:5841:16)
#50     Element.rebuild (package:flutter/src/widgets/framework.dart:5529:7)
#51     ComponentElement._firstBuild (package:flutter/src/widgets/framework.dart:5799:5)
#52     ComponentElement.mount (package:flutter/src/widgets/framework.dart:5793:5)
#53     Element.inflateWidget (package:flutter/src/widgets/framework.dart:4587:20)
#54     Element.updateChild (package:flutter/src/widgets/framework.dart:4059:18)
#55     SingleChildRenderObjectElement.mount (package:flutter/src/widgets/framework.dart:7115:14)
#56     Element.inflateWidget (package:flutter/src/widgets/framework.dart:4587:20)
#57     Element.updateChild (package:flutter/src/widgets/framework.dart:4059:18)
#58     SingleChildRenderObjectElement.mount (package:flutter/src/widgets/framework.dart:7115:14)
#59     Element.inflateWidget (package:flutter/src/widgets/framework.dart:4587:20)
#60     Element.updateChild (package:flutter/src/widgets/framework.dart:4059:18)
#61     ComponentElement.performRebuild (package:flutter/src/widgets/framework.dart:5841:16)
#62     StatefulElement.performRebuild (package:flutter/src/widgets/framework.dart:5982:11)
#63     Element.rebuild (package:flutter/src/widgets/framework.dart:5529:7)
#64     ComponentElement._firstBuild (package:flutter/src/widgets/framework.dart:5799:5)
#65     StatefulElement._firstBuild (package:flutter/src/widgets/framework.dart:5973:11)
#66     ComponentElement.mount (package:flutter/src/widgets/framework.dart:5793:5)
#67     Element.inflateWidget (package:flutter/src/widgets/framework.dart:4587:20)
#68     Element.updateChild (package:flutter/src/widgets/framework.dart:4059:18)
#69     SingleChildRenderObjectElement.mount (package:flutter/src/widgets/framework.dart:7115:14)
#70     Element.inflateWidget (package:flutter/src/widgets/framework.dart:4587:20)
#71     Element.updateChild (package:flutter/src/widgets/framework.dart:4059:18)
#72     ComponentElement.performRebuild (package:flutter/src/widgets/framework.dart:5841:16)
#73     StatefulElement.performRebuild (package:flutter/src/widgets/framework.dart:5982:11)
#74     Element.rebuild (package:flutter/src/widgets/framework.dart:5529:7)
#75     ComponentElement._firstBuild (package:flutter/src/widgets/framework.dart:5799:5)
#76     StatefulElement._firstBuild (package:flutter/src/widgets/framework.dart:5973:11)
#77     ComponentElement.mount (package:flutter/src/widgets/framework.dart:5793:5)
#78     Element.inflateWidget (package:flutter/src/widgets/framework.dart:4587:20)
#79     Element.updateChild (package:flutter/src/widgets/framework.dart:4059:18)
#80     SingleChildRenderObjectElement.mount (package:flutter/src/widgets/framework.dart:7115:14)
#81     Element.inflateWidget (package:flutter/src/widgets/framework.dart:4587:20)
#82     Element.updateChild (package:flutter/src/widgets/framework.dart:4059:18)
#83     SingleChildRenderObjectElement.mount (package:flutter/src/widgets/framework.dart:7115:14)
#84     Element.inflateWidget (package:flutter/src/widgets/framework.dart:4587:20)
#85     Element.updateChild (package:flutter/src/widgets/framework.dart:4059:18)
#86     ComponentElement.performRebuild (package:flutter/src/widgets/framework.dart:5841:16)
#87     StatefulElement.performRebuild (package:flutter/src/widgets/framework.dart:5982:11)
#88     Element.rebuild (package:flutter/src/widgets/framework.dart:5529:7)
#89     ComponentElement._firstBuild (package:flutter/src/widgets/framework.dart:5799:5)
#90     StatefulElement._firstBuild (package:flutter/src/widgets/framework.dart:5973:11)
#91     ComponentElement.mount (package:flutter/src/widgets/framework.dart:5793:5)
#92     Element.inflateWidget (package:flutter/src/widgets/framework.dart:4587:20)
#93     Element.updateChild (package:flutter/src/widgets/framework.dart:4059:18)
#94     SingleChildRenderObjectElement.mount (package:flutter/src/widgets/framework.dart:7115:14)
#95     Element.inflateWidget (package:flutter/src/widgets/framework.dart:4587:20)
#96     Element.updateChild (package:flutter/src/widgets/framework.dart:4059:18)
#97     ComponentElement.performRebuild (package:flutter/src/widgets/framework.dart:5841:16)
#98     StatefulElement.performRebuild (package:flutter/src/widgets/framework.dart:5982:11)
#99     Element.rebuild (package:flutter/src/widgets/framework.dart:5529:7)
#100    ComponentElement._firstBuild (package:flutter/src/widgets/framework.dart:5799:5)
#101    StatefulElement._firstBuild (package:flutter/src/widgets/framework.dart:5973:11)
#102    ComponentElement.mount (package:flutter/src/widgets/framework.dart:5793:5)
#103    Element.inflateWidget (package:flutter/src/widgets/framework.dart:4587:20)
#104    Element.updateChild (package:flutter/src/widgets/framework.dart:4059:18)
#105    SingleChildRenderObjectElement.mount (package:flutter/src/widgets/framework.dart:7115:14)
#106    Element.inflateWidget (package:flutter/src/widgets/framework.dart:4587:20)
#107    Element.updateChild (package:flutter/src/widgets/framework.dart:4059:18)
#108    SingleChildRenderObjectElement.mount (package:flutter/src/widgets/framework.dart:7115:14)
#109    Element.inflateWidget (package:flutter/src/widgets/framework.dart:4587:20)
#110    Element.updateChild (package:flutter/src/widgets/framework.dart:4059:18)
#111    ComponentElement.performRebuild (package:flutter/src/widgets/framework.dart:5841:16)
#112    StatefulElement.performRebuild (package:flutter/src/widgets/framework.dart:5982:11)
#113    Element.rebuild (package:flutter/src/widgets/framework.dart:5529:7)
#114    ComponentElement._firstBuild (package:flutter/src/widgets/framework.dart:5799:5)
#115    StatefulElement._firstBuild (package:flutter/src/widgets/framework.dart:5973:11)
#116    ComponentElement.mount (package:flutter/src/widgets/framework.dart:5793:5)
#117    Element.inflateWidget (package:flutter/src/widgets/framework.dart:4587:20)
#118    Element.updateChild (package:flutter/src/widgets/framework.dart:4059:18)
#119    SingleChildRenderObjectElement.mount (package:flutter/src/widgets/framework.dart:7115:14)
#120    Element.inflateWidget (package:flutter/src/widgets/framework.dart:4587:20)
#121    Element.updateChild (package:flutter/src/widgets/framework.dart:4059:18)
#122    SingleChildRenderObjectElement.mount (package:flutter/src/widgets/framework.dart:7115:14)
#123    Element.inflateWidget (package:flutter/src/widgets/framework.dart:4587:20)
#124    Element.updateChild (package:flutter/src/widgets/framework.dart:4059:18)
#125    SingleChildRenderObjectElement.mount (package:flutter/src/widgets/framework.dart:7115:14)
#126    Element.inflateWidget (package:flutter/src/widgets/framework.dart:4587:20)
#127    Element.updateChild (package:flutter/src/widgets/framework.dart:4059:18)
#128    ComponentElement.performRebuild (package:flutter/src/widgets/framework.dart:5841:16)
#129    StatefulElement.performRebuild (package:flutter/src/widgets/framework.dart:5982:11)
#130    Element.rebuild (package:flutter/src/widgets/framework.dart:5529:7)
#131    ComponentElement._firstBuild (package:flutter/src/widgets/framework.dart:5799:5)
#132    StatefulElement._firstBuild (package:flutter/src/widgets/framework.dart:5973:11)
#133    ComponentElement.mount (package:flutter/src/widgets/framework.dart:5793:5)
#134    Element.inflateWidget (package:flutter/src/widgets/framework.dart:4587:20)
#135    Element.updateChild (package:flutter/src/widgets/framework.dart:4059:18)
#136    SingleChildRenderObjectElement.mount (package:flutter/src/widgets/framework.dart:7115:14)
#137    Element.inflateWidget (package:flutter/src/widgets/framework.dart:4587:20)
#138    Element.updateChild (package:flutter/src/widgets/framework.dart:4059:18)
#139    ComponentElement.performRebuild (package:flutter/src/widgets/framework.dart:5841:16)
#140    StatefulElement.performRebuild (package:flutter/src/widgets/framework.dart:5982:11)
#141    Element.rebuild (package:flutter/src/widgets/framework.dart:5529:7)
#142    ComponentElement._firstBuild (package:flutter/src/widgets/framework.dart:5799:5)
#143    StatefulElement._firstBuild (package:flutter/src/widgets/framework.dart:5973:11)
#144    ComponentElement.mount (package:flutter/src/widgets/framework.dart:5793:5)
#145    Element.inflateWidget (package:flutter/src/widgets/framework.dart:4587:20)
#146    Element.updateChild (package:flutter/src/widgets/framework.dart:4059:18)
#147    ComponentElement.performRebuild (package:flutter/src/widgets/framework.dart:5841:16)
#148    Element.rebuild (package:flutter/src/widgets/framework.dart:5529:7)
#149    ComponentElement._firstBuild (package:flutter/src/widgets/framework.dart:5799:5)
#150    ComponentElement.mount (package:flutter/src/widgets/framework.dart:5793:5)
#151    Element.inflateWidget (package:flutter/src/widgets/framework.dart:4587:20)
#152    Element.updateChild (package:flutter/src/widgets/framework.dart:4059:18)
#153    ComponentElement.performRebuild (package:flutter/src/widgets/framework.dart:5841:16)
#154    StatefulElement.performRebuild (package:flutter/src/widgets/framework.dart:5982:11)
#155    Element.rebuild (package:flutter/src/widgets/framework.dart:5529:7)
#156    ComponentElement._firstBuild (package:flutter/src/widgets/framework.dart:5799:5)
#157    StatefulElement._firstBuild (package:flutter/src/widgets/framework.dart:5973:11)
#158    ComponentElement.mount (package:flutter/src/widgets/framework.dart:5793:5)
#159    Element.inflateWidget (package:flutter/src/widgets/framework.dart:4587:20)
#160    Element.updateChild (package:flutter/src/widgets/framework.dart:4059:18)
#161    ComponentElement.performRebuild (package:flutter/src/widgets/framework.dart:5841:16)
#162    StatefulElement.performRebuild (package:flutter/src/widgets/framework.dart:5982:11)
#163    Element.rebuild (package:flutter/src/widgets/framework.dart:5529:7)
#164    ComponentElement._firstBuild (package:flutter/src/widgets/framework.dart:5799:5)
#165    StatefulElement._firstBuild (package:flutter/src/widgets/framework.dart:5973:11)
#166    ComponentElement.mount (package:flutter/src/widgets/framework.dart:5793:5)
#167    Element.inflateWidget (package:flutter/src/widgets/framework.dart:4587:20)
#168    Element.updateChild (package:flutter/src/widgets/framework.dart:4059:18)
#169    ComponentElement.performRebuild (package:flutter/src/widgets/framework.dart:5841:16)
#170    StatefulElement.performRebuild (package:flutter/src/widgets/framework.dart:5982:11)
#171    Element.rebuild (package:flutter/src/widgets/framework.dart:5529:7)
#172    ComponentElement._firstBuild (package:flutter/src/widgets/framework.dart:5799:5)
#173    StatefulElement._firstBuild (package:flutter/src/widgets/framework.dart:5973:11)
#174    ComponentElement.mount (package:flutter/src/widgets/framework.dart:5793:5)
#175    Element.inflateWidget (package:flutter/src/widgets/framework.dart:4587:20)
#176    Element.updateChild (package:flutter/src/widgets/framework.dart:4059:18)
#177    SingleChildRenderObjectElement.mount (package:flutter/src/widgets/framework.dart:7115:14)
#178    Element.inflateWidget (package:flutter/src/widgets/framework.dart:4587:20)
#179    Element.updateChild (package:flutter/src/widgets/framework.dart:4059:18)
#180    ComponentElement.performRebuild (package:flutter/src/widgets/framework.dart:5841:16)
#181    Element.rebuild (package:flutter/src/widgets/framework.dart:5529:7)
#182    ComponentElement._firstBuild (package:flutter/src/widgets/framework.dart:5799:5)
#183    ComponentElement.mount (package:flutter/src/widgets/framework.dart:5793:5)
#184    Element.inflateWidget (package:flutter/src/widgets/framework.dart:4587:20)
#185    Element.updateChild (package:flutter/src/widgets/framework.dart:4059:18)
#186    SingleChildRenderObjectElement.mount (package:flutter/src/widgets/framework.dart:7115:14)
#187    Element.inflateWidget (package:flutter/src/widgets/framework.dart:4587:20)
#188    Element.updateChild (package:flutter/src/widgets/framework.dart:4059:18)
#189    ComponentElement.performRebuild (package:flutter/src/widgets/framework.dart:5841:16)
#190    StatefulElement.performRebuild (package:flutter/src/widgets/framework.dart:5982:11)
#191    Element.rebuild (package:flutter/src/widgets/framework.dart:5529:7)
#192    ComponentElement._firstBuild (package:flutter/src/widgets/framework.dart:5799:5)
#193    StatefulElement._firstBuild (package:flutter/src/widgets/framework.dart:5973:11)
#194    ComponentElement.mount (package:flutter/src/widgets/framework.dart:5793:5)
#195    Element.inflateWidget (package:flutter/src/widgets/framework.dart:4587:20)
#196    Element.updateChild (package:flutter/src/widgets/framework.dart:4059:18)
#197    ComponentElement.performRebuild (package:flutter/src/widgets/framework.dart:5841:16)
#198    Element.rebuild (package:flutter/src/widgets/framework.dart:5529:7)
#199    ComponentElement._firstBuild (package:flutter/src/widgets/framework.dart:5799:5)
#200    ComponentElement.mount (package:flutter/src/widgets/framework.dart:5793:5)
#201    Element.inflateWidget (package:flutter/src/widgets/framework.dart:4587:20)
#202    Element.updateChild (package:flutter/src/widgets/framework.dart:4059:18)
#203    ComponentElement.performRebuild (package:flutter/src/widgets/framework.dart:5841:16)
#204    Element.rebuild (package:flutter/src/widgets/framework.dart:5529:7)
#205    ComponentElement._firstBuild (package:flutter/src/widgets/framework.dart:5799:5)
#206    ComponentElement.mount (package:flutter/src/widgets/framework.dart:5793:5)
#207    Element.inflateWidget (package:flutter/src/widgets/framework.dart:4587:20)
#208    Element.updateChild (package:flutter/src/widgets/framework.dart:4059:18)
#209    ComponentElement.performRebuild (package:flutter/src/widgets/framework.dart:5841:16)
#210    StatefulElement.performRebuild (package:flutter/src/widgets/framework.dart:5982:11)
#211    Element.rebuild (package:flutter/src/widgets/framework.dart:5529:7)
#212    ComponentElement._firstBuild (package:flutter/src/widgets/framework.dart:5799:5)
#213    StatefulElement._firstBuild (package:flutter/src/widgets/framework.dart:5973:11)
#214    ComponentElement.mount (package:flutter/src/widgets/framework.dart:5793:5)
#215    Element.inflateWidget (package:flutter/src/widgets/framework.dart:4587:20)
#216    Element.updateChild (package:flutter/src/widgets/framework.dart:4059:18)
#217    ComponentElement.performRebuild (package:flutter/src/widgets/framework.dart:5841:16)
#218    Element.rebuild (package:flutter/src/widgets/framework.dart:5529:7)
#219    ComponentElement._firstBuild (package:flutter/src/widgets/framework.dart:5799:5)
#220    ComponentElement.mount (package:flutter/src/widgets/framework.dart:5793:5)
#221    Element.inflateWidget (package:flutter/src/widgets/framework.dart:4587:20)
#222    Element.updateChild (package:flutter/src/widgets/framework.dart:4059:18)
#223    ComponentElement.performRebuild (package:flutter/src/widgets/framework.dart:5841:16)
#224    Element.rebuild (package:flutter/src/widgets/framework.dart:5529:7)
#225    ComponentElement._firstBuild (package:flutter/src/widgets/framework.dart:5799:5)
#226    ComponentElement.mount (package:flutter/src/widgets/framework.dart:5793:5)
#227    Element.inflateWidget (package:flutter/src/widgets/framework.dart:4587:20)
#228    Element.updateChild (package:flutter/src/widgets/framework.dart:4059:18)
#229    SingleChildRenderObjectElement.mount (package:flutter/src/widgets/framework.dart:7115:14)
#230    Element.inflateWidget (package:flutter/src/widgets/framework.dart:4587:20)
#231    Element.updateChild (package:flutter/src/widgets/framework.dart:4059:18)
#232    ComponentElement.performRebuild (package:flutter/src/widgets/framework.dart:5841:16)
#233    Element.rebuild (package:flutter/src/widgets/framework.dart:5529:7)
#234    ComponentElement._firstBuild (package:flutter/src/widgets/framework.dart:5799:5)
#235    ComponentElement.mount (package:flutter/src/widgets/framework.dart:5793:5)
#236    Element.inflateWidget (package:flutter/src/widgets/framework.dart:4587:20)
#237    Element.updateChild (package:flutter/src/widgets/framework.dart:4059:18)
#238    ComponentElement.performRebuild (package:flutter/src/widgets/framework.dart:5841:16)
#239    Element.rebuild (package:flutter/src/widgets/framework.dart:5529:7)
#240    ComponentElement._firstBuild (package:flutter/src/widgets/framework.dart:5799:5)
#241    ComponentElement.mount (package:flutter/src/widgets/framework.dart:5793:5)
#242    Element.inflateWidget (package:flutter/src/widgets/framework.dart:4587:20)
#243    Element.updateChild (package:flutter/src/widgets/framework.dart:4059:18)
#244    ComponentElement.performRebuild (package:flutter/src/widgets/framework.dart:5841:16)
#245    StatefulElement.performRebuild (package:flutter/src/widgets/framework.dart:5982:11)
#246    Element.rebuild (package:flutter/src/widgets/framework.dart:5529:7)
#247    ComponentElement._firstBuild (package:flutter/src/widgets/framework.dart:5799:5)
#248    StatefulElement._firstBuild (package:flutter/src/widgets/framework.dart:5973:11)
#249    ComponentElement.mount (package:flutter/src/widgets/framework.dart:5793:5)
#250    Element.inflateWidget (package:flutter/src/widgets/framework.dart:4587:20)
#251    Element.updateChild (package:flutter/src/widgets/framework.dart:4059:18)
#252    ComponentElement.performRebuild (package:flutter/src/widgets/framework.dart:5841:16)
#253    StatefulElement.performRebuild (package:flutter/src/widgets/framework.dart:5982:11)
#254    Element.rebuild (package:flutter/src/widgets/framework.dart:5529:7)
#255    ComponentElement._firstBuild (package:flutter/src/widgets/framework.dart:5799:5)
#256    StatefulElement._firstBuild (package:flutter/src/widgets/framework.dart:5973:11)
#257    ComponentElement.mount (package:flutter/src/widgets/framework.dart:5793:5)
#258    Element.inflateWidget (package:flutter/src/widgets/framework.dart:4587:20)
#259    Element.updateChild (package:flutter/src/widgets/framework.dart:4059:18)
#260    ComponentElement.performRebuild (package:flutter/src/widgets/framework.dart:5841:16)
#261    StatefulElement.performRebuild (package:flutter/src/widgets/framework.dart:5982:11)
#262    Element.rebuild (package:flutter/src/widgets/framework.dart:5529:7)
#263    ComponentElement._firstBuild (package:flutter/src/widgets/framework.dart:5799:5)
#264    StatefulElement._firstBuild (package:flutter/src/widgets/framework.dart:5973:11)
#265    ComponentElement.mount (package:flutter/src/widgets/framework.dart:5793:5)
#266    Element.inflateWidget (package:flutter/src/widgets/framework.dart:4587:20)
#267    Element.updateChild (package:flutter/src/widgets/framework.dart:4059:18)
#268    SingleChildRenderObjectElement.mount (package:flutter/src/widgets/framework.dart:7115:14)
#269    Element.inflateWidget (package:flutter/src/widgets/framework.dart:4587:20)
#270    Element.updateChild (package:flutter/src/widgets/framework.dart:4059:18)
#271    ComponentElement.performRebuild (package:flutter/src/widgets/framework.dart:5841:16)
#272    Element.rebuild (package:flutter/src/widgets/framework.dart:5529:7)
#273    ComponentElement._firstBuild (package:flutter/src/widgets/framework.dart:5799:5)
#274    ComponentElement.mount (package:flutter/src/widgets/framework.dart:5793:5)
#275    Element.inflateWidget (package:flutter/src/widgets/framework.dart:4587:20)
#276    Element.updateChild (package:flutter/src/widgets/framework.dart:4059:18)
#277    ComponentElement.performRebuild (package:flutter/src/widgets/framework.dart:5841:16)
#278    Element.rebuild (package:flutter/src/widgets/framework.dart:5529:7)
#279    ComponentElement._firstBuild (package:flutter/src/widgets/framework.dart:5799:5)
#280    ComponentElement.mount (package:flutter/src/widgets/framework.dart:5793:5)
#281    Element.inflateWidget (package:flutter/src/widgets/framework.dart:4587:20)
#282    Element.updateChild (package:flutter/src/widgets/framework.dart:4059:18)
#283    ComponentElement.performRebuild (package:flutter/src/widgets/framework.dart:5841:16)
#284    Element.rebuild (package:flutter/src/widgets/framework.dart:5529:7)
#285    ComponentElement._firstBuild (package:flutter/src/widgets/framework.dart:5799:5)
#286    ComponentElement.mount (package:flutter/src/widgets/framework.dart:5793:5)
#287    Element.inflateWidget (package:flutter/src/widgets/framework.dart:4587:20)
#288    Element.updateChild (package:flutter/src/widgets/framework.dart:4059:18)
#289    ComponentElement.performRebuild (package:flutter/src/widgets/framework.dart:5841:16)
#290    StatefulElement.performRebuild (package:flutter/src/widgets/framework.dart:5982:11)
#291    Element.rebuild (package:flutter/src/widgets/framework.dart:5529:7)
#292    ComponentElement._firstBuild (package:flutter/src/widgets/framework.dart:5799:5)
#293    StatefulElement._firstBuild (package:flutter/src/widgets/framework.dart:5973:11)
#294    ComponentElement.mount (package:flutter/src/widgets/framework.dart:5793:5)
#295    Element.inflateWidget (package:flutter/src/widgets/framework.dart:4587:20)
#296    Element.updateChild (package:flutter/src/widgets/framework.dart:4059:18)
#297    ComponentElement.performRebuild (package:flutter/src/widgets/framework.dart:5841:16)
#298    StatefulElement.performRebuild (package:flutter/src/widgets/framework.dart:5982:11)
#299    Element.rebuild (package:flutter/src/widgets/framework.dart:5529:7)
#300    ComponentElement._firstBuild (package:flutter/src/widgets/framework.dart:5799:5)
#301    StatefulElement._firstBuild (package:flutter/src/widgets/framework.dart:5973:11)
#302    ComponentElement.mount (package:flutter/src/widgets/framework.dart:5793:5)
#303    Element.inflateWidget (package:flutter/src/widgets/framework.dart:4587:20)
#304    MultiChildRenderObjectElement.inflateWidget (package:flutter/src/widgets/framework.dart:7264:36)
#305    MultiChildRenderObjectElement.mount (package:flutter/src/widgets/framework.dart:7279:32)
#306    Element.inflateWidget (package:flutter/src/widgets/framework.dart:4587:20)
#307    Element.updateChild (package:flutter/src/widgets/framework.dart:4059:18)
#308    ComponentElement.performRebuild (package:flutter/src/widgets/framework.dart:5841:16)
#309    StatefulElement.performRebuild (package:flutter/src/widgets/framework.dart:5982:11)
#310    Element.rebuild (package:flutter/src/widgets/framework.dart:5529:7)
#311    ComponentElement._firstBuild (package:flutter/src/widgets/framework.dart:5799:5)
#312    StatefulElement._firstBuild (package:flutter/src/widgets/framework.dart:5973:11)
#313    ComponentElement.mount (package:flutter/src/widgets/framework.dart:5793:5)
#314    Element.inflateWidget (package:flutter/src/widgets/framework.dart:4587:20)
#315    Element.updateChild (package:flutter/src/widgets/framework.dart:4059:18)
#316    ComponentElement.performRebuild (package:flutter/src/widgets/framework.dart:5841:16)
#317    Element.rebuild (package:flutter/src/widgets/framework.dart:5529:7)
#318    ComponentElement._firstBuild (package:flutter/src/widgets/framework.dart:5799:5)
#319    ComponentElement.mount (package:flutter/src/widgets/framework.dart:5793:5)
#320    Element.inflateWidget (package:flutter/src/widgets/framework.dart:4587:20)
#321    Element.updateChild (package:flutter/src/widgets/framework.dart:4059:18)
#322    ComponentElement.performRebuild (package:flutter/src/widgets/framework.dart:5841:16)
#323    Element.rebuild (package:flutter/src/widgets/framework.dart:5529:7)
#324    ComponentElement._firstBuild (package:flutter/src/widgets/framework.dart:5799:5)
#325    ComponentElement.mount (package:flutter/src/widgets/framework.dart:5793:5)
#326    Element.inflateWidget (package:flutter/src/widgets/framework.dart:4587:20)
#327    Element.updateChild (package:flutter/src/widgets/framework.dart:4059:18)
#328    ComponentElement.performRebuild (package:flutter/src/widgets/framework.dart:5841:16)
#329    StatefulElement.performRebuild (package:flutter/src/widgets/framework.dart:5982:11)
#330    Element.rebuild (package:flutter/src/widgets/framework.dart:5529:7)
#331    ComponentElement._firstBuild (package:flutter/src/widgets/framework.dart:5799:5)
#332    StatefulElement._firstBuild (package:flutter/src/widgets/framework.dart:5973:11)
#333    ComponentElement.mount (package:flutter/src/widgets/framework.dart:5793:5)
#334    Element.inflateWidget (package:flutter/src/widgets/framework.dart:4587:20)
#335    Element.updateChild (package:flutter/src/widgets/framework.dart:4059:18)
#336    ComponentElement.performRebuild (package:flutter/src/widgets/framework.dart:5841:16)
#337    Element.rebuild (package:flutter/src/widgets/framework.dart:5529:7)
#338    ComponentElement._firstBuild (package:flutter/src/widgets/framework.dart:5799:5)
#339    ComponentElement.mount (package:flutter/src/widgets/framework.dart:5793:5)
#340    Element.inflateWidget (package:flutter/src/widgets/framework.dart:4587:20)
#341    Element.updateChild (package:flutter/src/widgets/framework.dart:4059:18)
#342    ComponentElement.performRebuild (package:flutter/src/widgets/framework.dart:5841:16)
#343    StatefulElement.performRebuild (package:flutter/src/widgets/framework.dart:5982:11)
#344    Element.rebuild (package:flutter/src/widgets/framework.dart:5529:7)
#345    ComponentElement._firstBuild (package:flutter/src/widgets/framework.dart:5799:5)
#346    StatefulElement._firstBuild (package:flutter/src/widgets/framework.dart:5973:11)
#347    ComponentElement.mount (package:flutter/src/widgets/framework.dart:5793:5)
#348    Element.inflateWidget (package:flutter/src/widgets/framework.dart:4587:20)
#349    Element.updateChild (package:flutter/src/widgets/framework.dart:4059:18)
#350    ComponentElement.performRebuild (package:flutter/src/widgets/framework.dart:5841:16)
#351    StatefulElement.performRebuild (package:flutter/src/widgets/framework.dart:5982:11)
#352    Element.rebuild (package:flutter/src/widgets/framework.dart:5529:7)
#353    ComponentElement._firstBuild (package:flutter/src/widgets/framework.dart:5799:5)
#354    StatefulElement._firstBuild (package:flutter/src/widgets/framework.dart:5973:11)
#355    ComponentElement.mount (package:flutter/src/widgets/framework.dart:5793:5)
#356    Element.inflateWidget (package:flutter/src/widgets/framework.dart:4587:20)
#357    Element.updateChild (package:flutter/src/widgets/framework.dart:4059:18)
#358    SingleChildRenderObjectElement.mount (package:flutter/src/widgets/framework.dart:7115:14)
#359    Element.inflateWidget (package:flutter/src/widgets/framework.dart:4587:20)
#360    Element.updateChild (package:flutter/src/widgets/framework.dart:4059:18)
#361    SingleChildRenderObjectElement.mount (package:flutter/src/widgets/framework.dart:7115:14)
#362    Element.inflateWidget (package:flutter/src/widgets/framework.dart:4587:20)
#363    Element.updateChild (package:flutter/src/widgets/framework.dart:4059:18)
#364    ComponentElement.performRebuild (package:flutter/src/widgets/framework.dart:5841:16)
#365    Element.rebuild (package:flutter/src/widgets/framework.dart:5529:7)
#366    ComponentElement._firstBuild (package:flutter/src/widgets/framework.dart:5799:5)
#367    ComponentElement.mount (package:flutter/src/widgets/framework.dart:5793:5)
#368    Element.inflateWidget (package:flutter/src/widgets/framework.dart:4587:20)
#369    Element.updateChild (package:flutter/src/widgets/framework.dart:4059:18)
#370    ComponentElement.performRebuild (package:flutter/src/widgets/framework.dart:5841:16)
#371    Element.rebuild (package:flutter/src/widgets/framework.dart:5529:7)
#372    ComponentElement._firstBuild (package:flutter/src/widgets/framework.dart:5799:5)
#373    ComponentElement.mount (package:flutter/src/widgets/framework.dart:5793:5)
#374    Element.inflateWidget (package:flutter/src/widgets/framework.dart:4587:20)
#375    Element.updateChild (package:flutter/src/widgets/framework.dart:4059:18)
#376    ComponentElement.performRebuild (package:flutter/src/widgets/framework.dart:5841:16)
#377    StatefulElement.performRebuild (package:flutter/src/widgets/framework.dart:5982:11)
#378    Element.rebuild (package:flutter/src/widgets/framework.dart:5529:7)
#379    ComponentElement._firstBuild (package:flutter/src/widgets/framework.dart:5799:5)
#380    StatefulElement._firstBuild (package:flutter/src/widgets/framework.dart:5973:11)
#381    ComponentElement.mount (package:flutter/src/widgets/framework.dart:5793:5)
#382    Element.inflateWidget (package:flutter/src/widgets/framework.dart:4587:20)
#383    Element.updateChild (package:flutter/src/widgets/framework.dart:4059:18)
#384    ComponentElement.performRebuild (package:flutter/src/widgets/framework.dart:5841:16)
#385    Element.rebuild (package:flutter/src/widgets/framework.dart:5529:7)
#386    ComponentElement._firstBuild (package:flutter/src/widgets/framework.dart:5799:5)
#387    ComponentElement.mount (package:flutter/src/widgets/framework.dart:5793:5)
#388    Element.inflateWidget (package:flutter/src/widgets/framework.dart:4587:20)
#389    Element.updateChild (package:flutter/src/widgets/framework.dart:4059:18)
#390    ComponentElement.performRebuild (package:flutter/src/widgets/framework.dart:5841:16)
#391    Element.rebuild (package:flutter/src/widgets/framework.dart:5529:7)
#392    ComponentElement._firstBuild (package:flutter/src/widgets/framework.dart:5799:5)
#393    ComponentElement.mount (package:flutter/src/widgets/framework.dart:5793:5)
#394    Element.inflateWidget (package:flutter/src/widgets/framework.dart:4587:20)
#395    Element.updateChild (package:flutter/src/widgets/framework.dart:4059:18)
#396    ComponentElement.performRebuild (package:flutter/src/widgets/framework.dart:5841:16)
#397    StatefulElement.performRebuild (package:flutter/src/widgets/framework.dart:5982:11)
#398    Element.rebuild (package:flutter/src/widgets/framework.dart:5529:7)
#399    ComponentElement._firstBuild (package:flutter/src/widgets/framework.dart:5799:5)
#400    StatefulElement._firstBuild (package:flutter/src/widgets/framework.dart:5973:11)
#401    ComponentElement.mount (package:flutter/src/widgets/framework.dart:5793:5)
#402    Element.inflateWidget (package:flutter/src/widgets/framework.dart:4587:20)
#403    Element.updateChild (package:flutter/src/widgets/framework.dart:4059:18)
#404    ComponentElement.performRebuild (package:flutter/src/widgets/framework.dart:5841:16)
#405    StatefulElement.performRebuild (package:flutter/src/widgets/framework.dart:5982:11)
#406    Element.rebuild (package:flutter/src/widgets/framework.dart:5529:7)
#407    ComponentElement._firstBuild (package:flutter/src/widgets/framework.dart:5799:5)
#408    StatefulElement._firstBuild (package:flutter/src/widgets/framework.dart:5973:11)
#409    ComponentElement.mount (package:flutter/src/widgets/framework.dart:5793:5)
#410    Element.inflateWidget (package:flutter/src/widgets/framework.dart:4587:20)
#411    Element.updateChild (package:flutter/src/widgets/framework.dart:4059:18)
#412    ComponentElement.performRebuild (package:flutter/src/widgets/framework.dart:5841:16)
#413    StatefulElement.performRebuild (package:flutter/src/widgets/framework.dart:5982:11)
#414    Element.rebuild (package:flutter/src/widgets/framework.dart:5529:7)
#415    ComponentElement._firstBuild (package:flutter/src/widgets/framework.dart:5799:5)
#416    StatefulElement._firstBuild (package:flutter/src/widgets/framework.dart:5973:11)
#417    ComponentElement.mount (package:flutter/src/widgets/framework.dart:5793:5)
#418    Element.inflateWidget (package:flutter/src/widgets/framework.dart:4587:20)
#419    Element.updateChild (package:flutter/src/widgets/framework.dart:4059:18)
#420    ComponentElement.performRebuild (package:flutter/src/widgets/framework.dart:5841:16)
#421    Element.rebuild (package:flutter/src/widgets/framework.dart:5529:7)
#422    ComponentElement._firstBuild (package:flutter/src/widgets/framework.dart:5799:5)
#423    ComponentElement.mount (package:flutter/src/widgets/framework.dart:5793:5)
#424    Element.inflateWidget (package:flutter/src/widgets/framework.dart:4587:20)
#425    Element.updateChild (package:flutter/src/widgets/framework.dart:4059:18)
#426    ComponentElement.performRebuild (package:flutter/src/widgets/framework.dart:5841:16)
#427    StatefulElement.performRebuild (package:flutter/src/widgets/framework.dart:5982:11)
#428    Element.rebuild (package:flutter/src/widgets/framework.dart:5529:7)
#429    ComponentElement._firstBuild (package:flutter/src/widgets/framework.dart:5799:5)
#430    StatefulElement._firstBuild (package:flutter/src/widgets/framework.dart:5973:11)
#431    ComponentElement.mount (package:flutter/src/widgets/framework.dart:5793:5)
#432    Element.inflateWidget (package:flutter/src/widgets/framework.dart:4587:20)
#433    Element.updateChild (package:flutter/src/widgets/framework.dart:4059:18)
#434    SingleChildRenderObjectElement.mount (package:flutter/src/widgets/framework.dart:7115:14)
#435    Element.inflateWidget (package:flutter/src/widgets/framework.dart:4587:20)
#436    Element.updateChild (package:flutter/src/widgets/framework.dart:4059:18)
#437    ComponentElement.performRebuild (package:flutter/src/widgets/framework.dart:5841:16)
#438    Element.rebuild (package:flutter/src/widgets/framework.dart:5529:7)
#439    ComponentElement._firstBuild (package:flutter/src/widgets/framework.dart:5799:5)
#440    ComponentElement.mount (package:flutter/src/widgets/framework.dart:5793:5)
#441    Element.inflateWidget (package:flutter/src/widgets/framework.dart:4587:20)
#442    Element.updateChild (package:flutter/src/widgets/framework.dart:4059:18)
#443    ComponentElement.performRebuild (package:flutter/src/widgets/framework.dart:5841:16)
#444    StatefulElement.performRebuild (package:flutter/src/widgets/framework.dart:5982:11)
#445    Element.rebuild (package:flutter/src/widgets/framework.dart:5529:7)
#446    ComponentElement._firstBuild (package:flutter/src/widgets/framework.dart:5799:5)
#447    StatefulElement._firstBuild (package:flutter/src/widgets/framework.dart:5973:11)
#448    ComponentElement.mount (package:flutter/src/widgets/framework.dart:5793:5)
#449    Element.inflateWidget (package:flutter/src/widgets/framework.dart:4587:20)
#450    Element.updateChild (package:flutter/src/widgets/framework.dart:4059:18)
#451    ComponentElement.performRebuild (package:flutter/src/widgets/framework.dart:5841:16)
#452    Element.rebuild (package:flutter/src/widgets/framework.dart:5529:7)
#453    ComponentElement._firstBuild (package:flutter/src/widgets/framework.dart:5799:5)
#454    ComponentElement.mount (package:flutter/src/widgets/framework.dart:5793:5)
#455    Element.inflateWidget (package:flutter/src/widgets/framework.dart:4587:20)
#456    Element.updateChild (package:flutter/src/widgets/framework.dart:4059:18)
#457    SingleChildRenderObjectElement.mount (package:flutter/src/widgets/framework.dart:7115:14)
#458    Element.inflateWidget (package:flutter/src/widgets/framework.dart:4587:20)
#459    Element.updateChild (package:flutter/src/widgets/framework.dart:4059:18)
#460    SingleChildRenderObjectElement.mount (package:flutter/src/widgets/framework.dart:7115:14)
#461    Element.inflateWidget (package:flutter/src/widgets/framework.dart:4587:20)
#462    Element.updateChild (package:flutter/src/widgets/framework.dart:4059:18)
#463    ComponentElement.performRebuild (package:flutter/src/widgets/framework.dart:5841:16)
#464    Element.rebuild (package:flutter/src/widgets/framework.dart:5529:7)
#465    ComponentElement._firstBuild (package:flutter/src/widgets/framework.dart:5799:5)
#466    ComponentElement.mount (package:flutter/src/widgets/framework.dart:5793:5)
#467    Element.inflateWidget (package:flutter/src/widgets/framework.dart:4587:20)
#468    Element.updateChild (package:flutter/src/widgets/framework.dart:4059:18)
#469    ComponentElement.performRebuild (package:flutter/src/widgets/framework.dart:5841:16)
#470    Element.rebuild (package:flutter/src/widgets/framework.dart:5529:7)
#471    ComponentElement._firstBuild (package:flutter/src/widgets/framework.dart:5799:5)
#472    ComponentElement.mount (package:flutter/src/widgets/framework.dart:5793:5)
#473    Element.inflateWidget (package:flutter/src/widgets/framework.dart:4587:20)
#474    MultiChildRenderObjectElement.inflateWidget (package:flutter/src/widgets/framework.dart:7264:36)
#475    MultiChildRenderObjectElement.mount (package:flutter/src/widgets/framework.dart:7279:32)
#476    Element.inflateWidget (package:flutter/src/widgets/framework.dart:4587:20)
#477    Element.updateChild (package:flutter/src/widgets/framework.dart:4059:18)
#478    ComponentElement.performRebuild (package:flutter/src/widgets/framework.dart:5841:16)
#479    Element.rebuild (package:flutter/src/widgets/framework.dart:5529:7)
#480    ComponentElement._firstBuild (package:flutter/src/widgets/framework.dart:5799:5)
#481    ComponentElement.mount (package:flutter/src/widgets/framework.dart:5793:5)
#482    Element.inflateWidget (package:flutter/src/widgets/framework.dart:4587:20)
#483    Element.updateChild (package:flutter/src/widgets/framework.dart:4059:18)
#484    ComponentElement.performRebuild (package:flutter/src/widgets/framework.dart:5841:16)
#485    Element.rebuild (package:flutter/src/widgets/framework.dart:5529:7)
#486    ComponentElement._firstBuild (package:flutter/src/widgets/framework.dart:5799:5)
#487    ComponentElement.mount (package:flutter/src/widgets/framework.dart:5793:5)
#488    Element.inflateWidget (package:flutter/src/widgets/framework.dart:4587:20)
#489    Element.updateChild (package:flutter/src/widgets/framework.dart:4059:18)
#490    ComponentElement.performRebuild (package:flutter/src/widgets/framework.dart:5841:16)
#491    StatefulElement.performRebuild (package:flutter/src/widgets/framework.dart:5982:11)
#492    Element.rebuild (package:flutter/src/widgets/framework.dart:5529:7)
#493    ComponentElement._firstBuild (package:flutter/src/widgets/framework.dart:5799:5)
#494    StatefulElement._firstBuild (package:flutter/src/widgets/framework.dart:5973:11)
#495    ComponentElement.mount (package:flutter/src/widgets/framework.dart:5793:5)
#496    Element.inflateWidget (package:flutter/src/widgets/framework.dart:4587:20)
#497    Element.updateChild (package:flutter/src/widgets/framework.dart:4059:18)
#498    ComponentElement.performRebuild (package:flutter/src/widgets/framework.dart:5841:16)
#499    Element.rebuild (package:flutter/src/widgets/framework.dart:5529:7)
#500    ComponentElement._firstBuild (package:flutter/src/widgets/framework.dart:5799:5)
#501    ComponentElement.mount (package:flutter/src/widgets/framework.dart:5793:5)
#502    Element.inflateWidget (package:flutter/src/widgets/framework.dart:4587:20)
#503    Element.updateChild (package:flutter/src/widgets/framework.dart:4059:18)
#504    ComponentElement.performRebuild (package:flutter/src/widgets/framework.dart:5841:16)
#505    Element.rebuild (package:flutter/src/widgets/framework.dart:5529:7)
#506    ComponentElement._firstBuild (package:flutter/src/widgets/framework.dart:5799:5)
#507    ComponentElement.mount (package:flutter/src/widgets/framework.dart:5793:5)
#508    Element.inflateWidget (package:flutter/src/widgets/framework.dart:4587:20)
#509    Element.updateChild (package:flutter/src/widgets/framework.dart:4059:18)
#510    ComponentElement.performRebuild (package:flutter/src/widgets/framework.dart:5841:16)
#511    Element.rebuild (package:flutter/src/widgets/framework.dart:5529:7)
#512    ComponentElement._firstBuild (package:flutter/src/widgets/framework.dart:5799:5)
#513    ComponentElement.mount (package:flutter/src/widgets/framework.dart:5793:5)
#514    Element.inflateWidget (package:flutter/src/widgets/framework.dart:4587:20)
#515    Element.updateChild (package:flutter/src/widgets/framework.dart:4059:18)
#516    ComponentElement.performRebuild (package:flutter/src/widgets/framework.dart:5841:16)
#517    Element.rebuild (package:flutter/src/widgets/framework.dart:5529:7)
#518    ComponentElement._firstBuild (package:flutter/src/widgets/framework.dart:5799:5)
#519    ComponentElement.mount (package:flutter/src/widgets/framework.dart:5793:5)
#520    Element.inflateWidget (package:flutter/src/widgets/framework.dart:4587:20)
#521    Element.updateChild (package:flutter/src/widgets/framework.dart:4059:18)
#522    ComponentElement.performRebuild (package:flutter/src/widgets/framework.dart:5841:16)
#523    Element.rebuild (package:flutter/src/widgets/framework.dart:5529:7)
#524    ComponentElement._firstBuild (package:flutter/src/widgets/framework.dart:5799:5)
#525    ComponentElement.mount (package:flutter/src/widgets/framework.dart:5793:5)
#526    Element.inflateWidget (package:flutter/src/widgets/framework.dart:4587:20)
#527    Element.updateChild (package:flutter/src/widgets/framework.dart:4059:18)
#528    ComponentElement.performRebuild (package:flutter/src/widgets/framework.dart:5841:16)
#529    Element.rebuild (package:flutter/src/widgets/framework.dart:5529:7)
#530    ComponentElement._firstBuild (package:flutter/src/widgets/framework.dart:5799:5)
#531    ComponentElement.mount (package:flutter/src/widgets/framework.dart:5793:5)
#532    Element.inflateWidget (package:flutter/src/widgets/framework.dart:4587:20)
#533    Element.updateChild (package:flutter/src/widgets/framework.dart:4059:18)
#534    ComponentElement.performRebuild (package:flutter/src/widgets/framework.dart:5841:16)
#535    Element.rebuild (package:flutter/src/widgets/framework.dart:5529:7)
#536    ComponentElement._firstBuild (package:flutter/src/widgets/framework.dart:5799:5)
#537    ComponentElement.mount (package:flutter/src/widgets/framework.dart:5793:5)
#538    Element.inflateWidget (package:flutter/src/widgets/framework.dart:4587:20)
#539    Element.updateChild (package:flutter/src/widgets/framework.dart:4059:18)
#540    ComponentElement.performRebuild (package:flutter/src/widgets/framework.dart:5841:16)
#541    StatefulElement.performRebuild (package:flutter/src/widgets/framework.dart:5982:11)
#542    Element.rebuild (package:flutter/src/widgets/framework.dart:5529:7)
#543    ComponentElement._firstBuild (package:flutter/src/widgets/framework.dart:5799:5)
#544    StatefulElement._firstBuild (package:flutter/src/widgets/framework.dart:5973:11)
#545    ComponentElement.mount (package:flutter/src/widgets/framework.dart:5793:5)
#546    Element.inflateWidget (package:flutter/src/widgets/framework.dart:4587:20)
#547    Element.updateChild (package:flutter/src/widgets/framework.dart:4059:18)
#548    ComponentElement.performRebuild (package:flutter/src/widgets/framework.dart:5841:16)
#549    Element.rebuild (package:flutter/src/widgets/framework.dart:5529:7)
#550    ComponentElement._firstBuild (package:flutter/src/widgets/framework.dart:5799:5)
#551    ComponentElement.mount (package:flutter/src/widgets/framework.dart:5793:5)
#552    Element.inflateWidget (package:flutter/src/widgets/framework.dart:4587:20)
#553    Element.updateChild (package:flutter/src/widgets/framework.dart:4059:18)
#554    ComponentElement.performRebuild (package:flutter/src/widgets/framework.dart:5841:16)
#555    Element.rebuild (package:flutter/src/widgets/framework.dart:5529:7)
#556    ComponentElement._firstBuild (package:flutter/src/widgets/framework.dart:5799:5)
#557    ComponentElement.mount (package:flutter/src/widgets/framework.dart:5793:5)
#558    Element.inflateWidget (package:flutter/src/widgets/framework.dart:4587:20)
#559    Element.updateChild (package:flutter/src/widgets/framework.dart:4059:18)
#560    ComponentElement.performRebuild (package:flutter/src/widgets/framework.dart:5841:16)
#561    Element.rebuild (package:flutter/src/widgets/framework.dart:5529:7)
#562    ComponentElement._firstBuild (package:flutter/src/widgets/framework.dart:5799:5)
#563    ComponentElement.mount (package:flutter/src/widgets/framework.dart:5793:5)
#564    Element.inflateWidget (package:flutter/src/widgets/framework.dart:4587:20)
#565    Element.updateChild (package:flutter/src/widgets/framework.dart:4059:18)
#566    ComponentElement.performRebuild (package:flutter/src/widgets/framework.dart:5841:16)
#567    Element.rebuild (package:flutter/src/widgets/framework.dart:5529:7)
#568    ComponentElement._firstBuild (package:flutter/src/widgets/framework.dart:5799:5)
#569    ComponentElement.mount (package:flutter/src/widgets/framework.dart:5793:5)
#570    Element.inflateWidget (package:flutter/src/widgets/framework.dart:4587:20)
#571    Element.updateChild (package:flutter/src/widgets/framework.dart:4059:18)
#572    ComponentElement.performRebuild (package:flutter/src/widgets/framework.dart:5841:16)
#573    Element.rebuild (package:flutter/src/widgets/framework.dart:5529:7)
#574    ComponentElement._firstBuild (package:flutter/src/widgets/framework.dart:5799:5)
#575    ComponentElement.mount (package:flutter/src/widgets/framework.dart:5793:5)
#576    Element.inflateWidget (package:flutter/src/widgets/framework.dart:4587:20)
#577    MultiChildRenderObjectElement.inflateWidget (package:flutter/src/widgets/framework.dart:7264:36)
#578    MultiChildRenderObjectElement.mount (package:flutter/src/widgets/framework.dart:7279:32)
#579    Element.inflateWidget (package:flutter/src/widgets/framework.dart:4587:20)
#580    Element.updateChild (package:flutter/src/widgets/framework.dart:4059:18)
#581    ComponentElement.performRebuild (package:flutter/src/widgets/framework.dart:5841:16)
#582    Element.rebuild (package:flutter/src/widgets/framework.dart:5529:7)
#583    ComponentElement._firstBuild (package:flutter/src/widgets/framework.dart:5799:5)
#584    ComponentElement.mount (package:flutter/src/widgets/framework.dart:5793:5)
#585    Element.inflateWidget (package:flutter/src/widgets/framework.dart:4587:20)
#586    Element.updateChild (package:flutter/src/widgets/framework.dart:4059:18)
#587    ComponentElement.performRebuild (package:flutter/src/widgets/framework.dart:5841:16)
#588    StatefulElement.performRebuild (package:flutter/src/widgets/framework.dart:5982:11)
#589    Element.rebuild (package:flutter/src/widgets/framework.dart:5529:7)
#590    ComponentElement._firstBuild (package:flutter/src/widgets/framework.dart:5799:5)
#591    StatefulElement._firstBuild (package:flutter/src/widgets/framework.dart:5973:11)
#592    ComponentElement.mount (package:flutter/src/widgets/framework.dart:5793:5)
#593    Element.inflateWidget (package:flutter/src/widgets/framework.dart:4587:20)
#594    Element.updateChild (package:flutter/src/widgets/framework.dart:4059:18)
#595    ComponentElement.performRebuild (package:flutter/src/widgets/framework.dart:5841:16)
#596    Element.rebuild (package:flutter/src/widgets/framework.dart:5529:7)
#597    ComponentElement._firstBuild (package:flutter/src/widgets/framework.dart:5799:5)
#598    ComponentElement.mount (package:flutter/src/widgets/framework.dart:5793:5)
#599    Element.inflateWidget (package:flutter/src/widgets/framework.dart:4587:20)
#600    Element.updateChild (package:flutter/src/widgets/framework.dart:4059:18)
#601    ComponentElement.performRebuild (package:flutter/src/widgets/framework.dart:5841:16)
#602    Element.rebuild (package:flutter/src/widgets/framework.dart:5529:7)
#603    ComponentElement._firstBuild (package:flutter/src/widgets/framework.dart:5799:5)
#604    ComponentElement.mount (package:flutter/src/widgets/framework.dart:5793:5)
#605    Element.inflateWidget (package:flutter/src/widgets/framework.dart:4587:20)
#606    Element.updateChild (package:flutter/src/widgets/framework.dart:4059:18)
#607    ComponentElement.performRebuild (package:flutter/src/widgets/framework.dart:5841:16)
#608    StatefulElement.performRebuild (package:flutter/src/widgets/framework.dart:5982:11)
#609    Element.rebuild (package:flutter/src/widgets/framework.dart:5529:7)
#610    ComponentElement._firstBuild (package:flutter/src/widgets/framework.dart:5799:5)
#611    StatefulElement._firstBuild (package:flutter/src/widgets/framework.dart:5973:11)
#612    ComponentElement.mount (package:flutter/src/widgets/framework.dart:5793:5)
#613    Element.inflateWidget (package:flutter/src/widgets/framework.dart:4587:20)
#614    Element.updateChild (package:flutter/src/widgets/framework.dart:4059:18)
#615    SingleChildRenderObjectElement.mount (package:flutter/src/widgets/framework.dart:7115:14)
#616    Element.inflateWidget (package:flutter/src/widgets/framework.dart:4587:20)
#617    Element.updateChild (package:flutter/src/widgets/framework.dart:4059:18)
#618    ComponentElement.performRebuild (package:flutter/src/widgets/framework.dart:5841:16)
#619    Element.rebuild (package:flutter/src/widgets/framework.dart:5529:7)
#620    ComponentElement._firstBuild (package:flutter/src/widgets/framework.dart:5799:5)
#621    ComponentElement.mount (package:flutter/src/widgets/framework.dart:5793:5)
#622    Element.inflateWidget (package:flutter/src/widgets/framework.dart:4587:20)
#623    Element.updateChild (package:flutter/src/widgets/framework.dart:4059:18)
#624    SingleChildRenderObjectElement.mount (package:flutter/src/widgets/framework.dart:7115:14)
#625    Element.inflateWidget (package:flutter/src/widgets/framework.dart:4587:20)
#626    Element.updateChild (package:flutter/src/widgets/framework.dart:4059:18)
#627    ComponentElement.performRebuild (package:flutter/src/widgets/framework.dart:5841:16)
#628    StatefulElement.performRebuild (package:flutter/src/widgets/framework.dart:5982:11)
#629    Element.rebuild (package:flutter/src/widgets/framework.dart:5529:7)
#630    ComponentElement._firstBuild (package:flutter/src/widgets/framework.dart:5799:5)
#631    StatefulElement._firstBuild (package:flutter/src/widgets/framework.dart:5973:11)
#632    ComponentElement.mount (package:flutter/src/widgets/framework.dart:5793:5)
#633    Element.inflateWidget (package:flutter/src/widgets/framework.dart:4587:20)
#634    Element.updateChild (package:flutter/src/widgets/framework.dart:4059:18)
#635    ComponentElement.performRebuild (package:flutter/src/widgets/framework.dart:5841:16)
#636    StatefulElement.performRebuild (package:flutter/src/widgets/framework.dart:5982:11)
#637    Element.rebuild (package:flutter/src/widgets/framework.dart:5529:7)
#638    ComponentElement._firstBuild (package:flutter/src/widgets/framework.dart:5799:5)
#639    StatefulElement._firstBuild (package:flutter/src/widgets/framework.dart:5973:11)
#640    ComponentElement.mount (package:flutter/src/widgets/framework.dart:5793:5)
#641    Element.inflateWidget (package:flutter/src/widgets/framework.dart:4587:20)
#642    Element.updateChild (package:flutter/src/widgets/framework.dart:4059:18)
#643    ComponentElement.performRebuild (package:flutter/src/widgets/framework.dart:5841:16)
#644    Element.rebuild (package:flutter/src/widgets/framework.dart:5529:7)
#645    ComponentElement._firstBuild (package:flutter/src/widgets/framework.dart:5799:5)
#646    ComponentElement.mount (package:flutter/src/widgets/framework.dart:5793:5)
#647    Element.inflateWidget (package:flutter/src/widgets/framework.dart:4587:20)
#648    Element.updateChild (package:flutter/src/widgets/framework.dart:4059:18)
#649    ComponentElement.performRebuild (package:flutter/src/widgets/framework.dart:5841:16)
#650    Element.rebuild (package:flutter/src/widgets/framework.dart:5529:7)
#651    ComponentElement._firstBuild (package:flutter/src/widgets/framework.dart:5799:5)
#652    ComponentElement.mount (package:flutter/src/widgets/framework.dart:5793:5)
#653    Element.inflateWidget (package:flutter/src/widgets/framework.dart:4587:20)
#654    Element.updateChild (package:flutter/src/widgets/framework.dart:4059:18)
#655    ComponentElement.performRebuild (package:flutter/src/widgets/framework.dart:5841:16)
#656    Element.rebuild (package:flutter/src/widgets/framework.dart:5529:7)
#657    ComponentElement._firstBuild (package:flutter/src/widgets/framework.dart:5799:5)
#658    ComponentElement.mount (package:flutter/src/widgets/framework.dart:5793:5)
#659    Element.inflateWidget (package:flutter/src/widgets/framework.dart:4587:20)
#660    Element.updateChild (package:flutter/src/widgets/framework.dart:4059:18)
#661    ComponentElement.performRebuild (package:flutter/src/widgets/framework.dart:5841:16)
#662    StatefulElement.performRebuild (package:flutter/src/widgets/framework.dart:5982:11)
#663    Element.rebuild (package:flutter/src/widgets/framework.dart:5529:7)
#664    ComponentElement._firstBuild (package:flutter/src/widgets/framework.dart:5799:5)
#665    StatefulElement._firstBuild (package:flutter/src/widgets/framework.dart:5973:11)
#666    ComponentElement.mount (package:flutter/src/widgets/framework.dart:5793:5)
#667    Element.inflateWidget (package:flutter/src/widgets/framework.dart:4587:20)
#668    Element.updateChild (package:flutter/src/widgets/framework.dart:4059:18)
#669    ComponentElement.performRebuild (package:flutter/src/widgets/framework.dart:5841:16)
#670    Element.rebuild (package:flutter/src/widgets/framework.dart:5529:7)
#671    ComponentElement._firstBuild (package:flutter/src/widgets/framework.dart:5799:5)
#672    ComponentElement.mount (package:flutter/src/widgets/framework.dart:5793:5)
#673    Element.inflateWidget (package:flutter/src/widgets/framework.dart:4587:20)
#674    Element.updateChild (package:flutter/src/widgets/framework.dart:4059:18)
#675    ComponentElement.performRebuild (package:flutter/src/widgets/framework.dart:5841:16)
#676    StatefulElement.performRebuild (package:flutter/src/widgets/framework.dart:5982:11)
#677    Element.rebuild (package:flutter/src/widgets/framework.dart:5529:7)
#678    ComponentElement._firstBuild (package:flutter/src/widgets/framework.dart:5799:5)
#679    StatefulElement._firstBuild (package:flutter/src/widgets/framework.dart:5973:11)
#680    ComponentElement.mount (package:flutter/src/widgets/framework.dart:5793:5)
#681    Element.inflateWidget (package:flutter/src/widgets/framework.dart:4587:20)
#682    Element.updateChild (package:flutter/src/widgets/framework.dart:4059:18)
#683    ComponentElement.performRebuild (package:flutter/src/widgets/framework.dart:5841:16)
#684    Element.rebuild (package:flutter/src/widgets/framework.dart:5529:7)
#685    ComponentElement._firstBuild (package:flutter/src/widgets/framework.dart:5799:5)
#686    ComponentElement.mount (package:flutter/src/widgets/framework.dart:5793:5)
#687    Element.inflateWidget (package:flutter/src/widgets/framework.dart:4587:20)
#688    Element.updateChild (package:flutter/src/widgets/framework.dart:4059:18)
#689    ComponentElement.performRebuild (package:flutter/src/widgets/framework.dart:5841:16)
#690    StatefulElement.performRebuild (package:flutter/src/widgets/framework.dart:5982:11)
#691    Element.rebuild (package:flutter/src/widgets/framework.dart:5529:7)
#692    ComponentElement._firstBuild (package:flutter/src/widgets/framework.dart:5799:5)
#693    StatefulElement._firstBuild (package:flutter/src/widgets/framework.dart:5973:11)
#694    ComponentElement.mount (package:flutter/src/widgets/framework.dart:5793:5)
#695    Element.inflateWidget (package:flutter/src/widgets/framework.dart:4587:20)
#696    Element.updateChild (package:flutter/src/widgets/framework.dart:4059:18)
#697    ComponentElement.performRebuild (package:flutter/src/widgets/framework.dart:5841:16)
#698    Element.rebuild (package:flutter/src/widgets/framework.dart:5529:7)
#699    ComponentElement._firstBuild (package:flutter/src/widgets/framework.dart:5799:5)
#700    ComponentElement.mount (package:flutter/src/widgets/framework.dart:5793:5)
#701    Element.inflateWidget (package:flutter/src/widgets/framework.dart:4587:20)
#702    Element.updateChild (package:flutter/src/widgets/framework.dart:4059:18)
#703    SingleChildRenderObjectElement.mount (package:flutter/src/widgets/framework.dart:7115:14)
#704    Element.inflateWidget (package:flutter/src/widgets/framework.dart:4587:20)
#705    Element.updateChild (package:flutter/src/widgets/framework.dart:4059:18)
#706    ComponentElement.performRebuild (package:flutter/src/widgets/framework.dart:5841:16)
#707    Element.rebuild (package:flutter/src/widgets/framework.dart:5529:7)
#708    ComponentElement._firstBuild (package:flutter/src/widgets/framework.dart:5799:5)
#709    ComponentElement.mount (package:flutter/src/widgets/framework.dart:5793:5)
#710    Element.inflateWidget (package:flutter/src/widgets/framework.dart:4587:20)
#711    Element.updateChild (package:flutter/src/widgets/framework.dart:4059:18)
#712    SingleChildRenderObjectElement.mount (package:flutter/src/widgets/framework.dart:7115:14)
#713    Element.inflateWidget (package:flutter/src/widgets/framework.dart:4587:20)
#714    Element.updateChild (package:flutter/src/widgets/framework.dart:4059:18)
#715    SingleChildRenderObjectElement.mount (package:flutter/src/widgets/framework.dart:7115:14)
#716    Element.inflateWidget (package:flutter/src/widgets/framework.dart:4587:20)
#717    Element.updateChild (package:flutter/src/widgets/framework.dart:4059:18)
#718    ComponentElement.performRebuild (package:flutter/src/widgets/framework.dart:5841:16)
#719    StatefulElement.performRebuild (package:flutter/src/widgets/framework.dart:5982:11)
#720    Element.rebuild (package:flutter/src/widgets/framework.dart:5529:7)
#721    ComponentElement._firstBuild (package:flutter/src/widgets/framework.dart:5799:5)
#722    StatefulElement._firstBuild (package:flutter/src/widgets/framework.dart:5973:11)
#723    ComponentElement.mount (package:flutter/src/widgets/framework.dart:5793:5)
#724    Element.inflateWidget (package:flutter/src/widgets/framework.dart:4587:20)
#725    Element.updateChild (package:flutter/src/widgets/framework.dart:4059:18)
#726    SingleChildRenderObjectElement.mount (package:flutter/src/widgets/framework.dart:7115:14)
#727    Element.inflateWidget (package:flutter/src/widgets/framework.dart:4587:20)
#728    Element.updateChild (package:flutter/src/widgets/framework.dart:4059:18)
#729    ComponentElement.performRebuild (package:flutter/src/widgets/framework.dart:5841:16)
#730    StatefulElement.performRebuild (package:flutter/src/widgets/framework.dart:5982:11)
#731    Element.rebuild (package:flutter/src/widgets/framework.dart:5529:7)
#732    ComponentElement._firstBuild (package:flutter/src/widgets/framework.dart:5799:5)
#733    StatefulElement._firstBuild (package:flutter/src/widgets/framework.dart:5973:11)
#734    ComponentElement.mount (package:flutter/src/widgets/framework.dart:5793:5)
#735    Element.inflateWidget (package:flutter/src/widgets/framework.dart:4587:20)
#736    Element.updateChild (package:flutter/src/widgets/framework.dart:4059:18)
#737    SingleChildRenderObjectElement.mount (package:flutter/src/widgets/framework.dart:7115:14)
#738    Element.inflateWidget (package:flutter/src/widgets/framework.dart:4587:20)
#739    Element.updateChild (package:flutter/src/widgets/framework.dart:4059:18)
#740    SingleChildRenderObjectElement.mount (package:flutter/src/widgets/framework.dart:7115:14)
#741    Element.inflateWidget (package:flutter/src/widgets/framework.dart:4587:20)
#742    Element.updateChild (package:flutter/src/widgets/framework.dart:4059:18)
#743    ComponentElement.performRebuild (package:flutter/src/widgets/framework.dart:5841:16)
#744    StatefulElement.performRebuild (package:flutter/src/widgets/framework.dart:5982:11)
#745    Element.rebuild (package:flutter/src/widgets/framework.dart:5529:7)
#746    ComponentElement._firstBuild (package:flutter/src/widgets/framework.dart:5799:5)
#747    StatefulElement._firstBuild (package:flutter/src/widgets/framework.dart:5973:11)
#748    ComponentElement.mount (package:flutter/src/widgets/framework.dart:5793:5)
#749    Element.inflateWidget (package:flutter/src/widgets/framework.dart:4587:20)
#750    Element.updateChild (package:flutter/src/widgets/framework.dart:4059:18)
#751    SingleChildRenderObjectElement.mount (package:flutter/src/widgets/framework.dart:7115:14)
#752    Element.inflateWidget (package:flutter/src/widgets/framework.dart:4587:20)
#753    Element.updateChild (package:flutter/src/widgets/framework.dart:4059:18)
#754    ComponentElement.performRebuild (package:flutter/src/widgets/framework.dart:5841:16)
#755    StatefulElement.performRebuild (package:flutter/src/widgets/framework.dart:5982:11)
#756    Element.rebuild (package:flutter/src/widgets/framework.dart:5529:7)
#757    ComponentElement._firstBuild (package:flutter/src/widgets/framework.dart:5799:5)
#758    StatefulElement._firstBuild (package:flutter/src/widgets/framework.dart:5973:11)
#759    ComponentElement.mount (package:flutter/src/widgets/framework.dart:5793:5)
#760    Element.inflateWidget (package:flutter/src/widgets/framework.dart:4587:20)
#761    Element.updateChild (package:flutter/src/widgets/framework.dart:4059:18)
#762    SingleChildRenderObjectElement.mount (package:flutter/src/widgets/framework.dart:7115:14)
#763    Element.inflateWidget (package:flutter/src/widgets/framework.dart:4587:20)
#764    Element.updateChild (package:flutter/src/widgets/framework.dart:4059:18)
#765    SingleChildRenderObjectElement.mount (package:flutter/src/widgets/framework.dart:7115:14)
#766    Element.inflateWidget (package:flutter/src/widgets/framework.dart:4587:20)
#767    Element.updateChild (package:flutter/src/widgets/framework.dart:4059:18)
#768    ComponentElement.performRebuild (package:flutter/src/widgets/framework.dart:5841:16)
#769    StatefulElement.performRebuild (package:flutter/src/widgets/framework.dart:5982:11)
#770    Element.rebuild (package:flutter/src/widgets/framework.dart:5529:7)
#771    ComponentElement._firstBuild (package:flutter/src/widgets/framework.dart:5799:5)
#772    StatefulElement._firstBuild (package:flutter/src/widgets/framework.dart:5973:11)
#773    ComponentElement.mount (package:flutter/src/widgets/framework.dart:5793:5)
#774    Element.inflateWidget (package:flutter/src/widgets/framework.dart:4587:20)
#775    Element.updateChild (package:flutter/src/widgets/framework.dart:4059:18)
#776    SingleChildRenderObjectElement.mount (package:flutter/src/widgets/framework.dart:7115:14)
#777    Element.inflateWidget (package:flutter/src/widgets/framework.dart:4587:20)
#778    Element.updateChild (package:flutter/src/widgets/framework.dart:4059:18)
#779    SingleChildRenderObjectElement.mount (package:flutter/src/widgets/framework.dart:7115:14)
#780    Element.inflateWidget (package:flutter/src/widgets/framework.dart:4587:20)
#781    Element.updateChild (package:flutter/src/widgets/framework.dart:4059:18)
#782    SingleChildRenderObjectElement.mount (package:flutter/src/widgets/framework.dart:7115:14)
#783    Element.inflateWidget (package:flutter/src/widgets/framework.dart:4587:20)
#784    Element.updateChild (package:flutter/src/widgets/framework.dart:4059:18)
#785    ComponentElement.performRebuild (package:flutter/src/widgets/framework.dart:5841:16)
#786    StatefulElement.performRebuild (package:flutter/src/widgets/framework.dart:5982:11)
#787    Element.rebuild (package:flutter/src/widgets/framework.dart:5529:7)
#788    ComponentElement._firstBuild (package:flutter/src/widgets/framework.dart:5799:5)
#789    StatefulElement._firstBuild (package:flutter/src/widgets/framework.dart:5973:11)
#790    ComponentElement.mount (package:flutter/src/widgets/framework.dart:5793:5)
#791    Element.inflateWidget (package:flutter/src/widgets/framework.dart:4587:20)
#792    Element.updateChild (package:flutter/src/widgets/framework.dart:4059:18)
#793    SingleChildRenderObjectElement.mount (package:flutter/src/widgets/framework.dart:7115:14)
#794    Element.inflateWidget (package:flutter/src/widgets/framework.dart:4587:20)
#795    Element.updateChild (package:flutter/src/widgets/framework.dart:4059:18)
#796    ComponentElement.performRebuild (package:flutter/src/widgets/framework.dart:5841:16)
#797    StatefulElement.performRebuild (package:flutter/src/widgets/framework.dart:5982:11)
#798    Element.rebuild (package:flutter/src/widgets/framework.dart:5529:7)
#799    ComponentElement._firstBuild (package:flutter/src/widgets/framework.dart:5799:5)
#800    StatefulElement._firstBuild (package:flutter/src/widgets/framework.dart:5973:11)
#801    ComponentElement.mount (package:flutter/src/widgets/framework.dart:5793:5)
#802    Element.inflateWidget (package:flutter/src/widgets/framework.dart:4587:20)
#803    Element.updateChild (package:flutter/src/widgets/framework.dart:4059:18)
#804    ComponentElement.performRebuild (package:flutter/src/widgets/framework.dart:5841:16)
#805    Element.rebuild (package:flutter/src/widgets/framework.dart:5529:7)
#806    ComponentElement._firstBuild (package:flutter/src/widgets/framework.dart:5799:5)
#807    ComponentElement.mount (package:flutter/src/widgets/framework.dart:5793:5)
#808    Element.inflateWidget (package:flutter/src/widgets/framework.dart:4587:20)
#809    Element.updateChild (package:flutter/src/widgets/framework.dart:4059:18)
#810    ComponentElement.performRebuild (package:flutter/src/widgets/framework.dart:5841:16)
#811    StatefulElement.performRebuild (package:flutter/src/widgets/framework.dart:5982:11)
#812    Element.rebuild (package:flutter/src/widgets/framework.dart:5529:7)
#813    ComponentElement._firstBuild (package:flutter/src/widgets/framework.dart:5799:5)
#814    StatefulElement._firstBuild (package:flutter/src/widgets/framework.dart:5973:11)
#815    ComponentElement.mount (package:flutter/src/widgets/framework.dart:5793:5)
#816    Element.inflateWidget (package:flutter/src/widgets/framework.dart:4587:20)
#817    Element.updateChild (package:flutter/src/widgets/framework.dart:4059:18)
#818    ComponentElement.performRebuild (package:flutter/src/widgets/framework.dart:5841:16)
#819    StatefulElement.performRebuild (package:flutter/src/widgets/framework.dart:5982:11)
#820    Element.rebuild (package:flutter/src/widgets/framework.dart:5529:7)
#821    ComponentElement._firstBuild (package:flutter/src/widgets/framework.dart:5799:5)
#822    StatefulElement._firstBuild (package:flutter/src/widgets/framework.dart:5973:11)
#823    ComponentElement.mount (package:flutter/src/widgets/framework.dart:5793:5)
#824    Element.inflateWidget (package:flutter/src/widgets/framework.dart:4587:20)
#825    Element.updateChild (package:flutter/src/widgets/framework.dart:4059:18)
#826    ComponentElement.performRebuild (package:flutter/src/widgets/framework.dart:5841:16)
#827    StatefulElement.performRebuild (package:flutter/src/widgets/framework.dart:5982:11)
#828    Element.rebuild (package:flutter/src/widgets/framework.dart:5529:7)
#829    ComponentElement._firstBuild (package:flutter/src/widgets/framework.dart:5799:5)
#830    StatefulElement._firstBuild (package:flutter/src/widgets/framework.dart:5973:11)
#831    ComponentElement.mount (package:flutter/src/widgets/framework.dart:5793:5)
#832    Element.inflateWidget (package:flutter/src/widgets/framework.dart:4587:20)
#833    Element.updateChild (package:flutter/src/widgets/framework.dart:4059:18)
#834    SingleChildRenderObjectElement.mount (package:flutter/src/widgets/framework.dart:7115:14)
#835    Element.inflateWidget (package:flutter/src/widgets/framework.dart:4587:20)
#836    Element.updateChild (package:flutter/src/widgets/framework.dart:4059:18)
#837    ComponentElement.performRebuild (package:flutter/src/widgets/framework.dart:5841:16)
#838    Element.rebuild (package:flutter/src/widgets/framework.dart:5529:7)
#839    ComponentElement._firstBuild (package:flutter/src/widgets/framework.dart:5799:5)
#840    ComponentElement.mount (package:flutter/src/widgets/framework.dart:5793:5)
#841    Element.inflateWidget (package:flutter/src/widgets/framework.dart:4587:20)
#842    Element.updateChild (package:flutter/src/widgets/framework.dart:4059:18)
#843    SingleChildRenderObjectElement.mount (package:flutter/src/widgets/framework.dart:7115:14)
#844    Element.inflateWidget (package:flutter/src/widgets/framework.dart:4587:20)
#845    Element.updateChild (package:flutter/src/widgets/framework.dart:4059:18)
#846    ComponentElement.performRebuild (package:flutter/src/widgets/framework.dart:5841:16)
#847    StatefulElement.performRebuild (package:flutter/src/widgets/framework.dart:5982:11)
#848    Element.rebuild (package:flutter/src/widgets/framework.dart:5529:7)
#849    ComponentElement._firstBuild (package:flutter/src/widgets/framework.dart:5799:5)
#850    StatefulElement._firstBuild (package:flutter/src/widgets/framework.dart:5973:11)
#851    ComponentElement.mount (package:flutter/src/widgets/framework.dart:5793:5)
#852    Element.inflateWidget (package:flutter/src/widgets/framework.dart:4587:20)
#853    Element.updateChild (package:flutter/src/widgets/framework.dart:4059:18)
#854    ComponentElement.performRebuild (package:flutter/src/widgets/framework.dart:5841:16)
#855    Element.rebuild (package:flutter/src/widgets/framework.dart:5529:7)
#856    ComponentElement._firstBuild (package:flutter/src/widgets/framework.dart:5799:5)
#857    ComponentElement.mount (package:flutter/src/widgets/framework.dart:5793:5)
#858    Element.inflateWidget (package:flutter/src/widgets/framework.dart:4587:20)
#859    Element.updateChild (package:flutter/src/widgets/framework.dart:4059:18)
#860    ComponentElement.performRebuild (package:flutter/src/widgets/framework.dart:5841:16)
#861    Element.rebuild (package:flutter/src/widgets/framework.dart:5529:7)
#862    ComponentElement._firstBuild (package:flutter/src/widgets/framework.dart:5799:5)
#863    ComponentElement.mount (package:flutter/src/widgets/framework.dart:5793:5)
#864    Element.inflateWidget (package:flutter/src/widgets/framework.dart:4587:20)
#865    Element.updateChild (package:flutter/src/widgets/framework.dart:4059:18)
#866    ComponentElement.performRebuild (package:flutter/src/widgets/framework.dart:5841:16)
#867    StatefulElement.performRebuild (package:flutter/src/widgets/framework.dart:5982:11)
#868    Element.rebuild (package:flutter/src/widgets/framework.dart:5529:7)
#869    ComponentElement._firstBuild (package:flutter/src/widgets/framework.dart:5799:5)
#870    StatefulElement._firstBuild (package:flutter/src/widgets/framework.dart:5973:11)
#871    ComponentElement.mount (package:flutter/src/widgets/framework.dart:5793:5)
#872    Element.inflateWidget (package:flutter/src/widgets/framework.dart:4587:20)
#873    Element.updateChild (package:flutter/src/widgets/framework.dart:4059:18)
#874    ComponentElement.performRebuild (package:flutter/src/widgets/framework.dart:5841:16)
#875    Element.rebuild (package:flutter/src/widgets/framework.dart:5529:7)
#876    ComponentElement._firstBuild (package:flutter/src/widgets/framework.dart:5799:5)
#877    ComponentElement.mount (package:flutter/src/widgets/framework.dart:5793:5)
#878    Element.inflateWidget (package:flutter/src/widgets/framework.dart:4587:20)
#879    Element.updateChild (package:flutter/src/widgets/framework.dart:4059:18)
#880    ComponentElement.performRebuild (package:flutter/src/widgets/framework.dart:5841:16)
#881    Element.rebuild (package:flutter/src/widgets/framework.dart:5529:7)
#882    ComponentElement._firstBuild (package:flutter/src/widgets/framework.dart:5799:5)
#883    ComponentElement.mount (package:flutter/src/widgets/framework.dart:5793:5)
#884    Element.inflateWidget (package:flutter/src/widgets/framework.dart:4587:20)
#885    Element.updateChild (package:flutter/src/widgets/framework.dart:4059:18)
#886    SingleChildRenderObjectElement.mount (package:flutter/src/widgets/framework.dart:7115:14)
#887    Element.inflateWidget (package:flutter/src/widgets/framework.dart:4587:20)
#888    Element.updateChild (package:flutter/src/widgets/framework.dart:4059:18)
#889    ComponentElement.performRebuild (package:flutter/src/widgets/framework.dart:5841:16)
#890    Element.rebuild (package:flutter/src/widgets/framework.dart:5529:7)
#891    ComponentElement._firstBuild (package:flutter/src/widgets/framework.dart:5799:5)
#892    ComponentElement.mount (package:flutter/src/widgets/framework.dart:5793:5)
#893    Element.inflateWidget (package:flutter/src/widgets/framework.dart:4587:20)
#894    Element.updateChild (package:flutter/src/widgets/framework.dart:4059:18)
#895    ComponentElement.performRebuild (package:flutter/src/widgets/framework.dart:5841:16)
#896    Element.rebuild (package:flutter/src/widgets/framework.dart:5529:7)
#897    ComponentElement._firstBuild (package:flutter/src/widgets/framework.dart:5799:5)
#898    ComponentElement.mount (package:flutter/src/widgets/framework.dart:5793:5)
#899    Element.inflateWidget (package:flutter/src/widgets/framework.dart:4587:20)
#900    Element.updateChild (package:flutter/src/widgets/framework.dart:4059:18)
#901    ComponentElement.performRebuild (package:flutter/src/widgets/framework.dart:5841:16)
#902    StatefulElement.performRebuild (package:flutter/src/widgets/framework.dart:5982:11)
#903    Element.rebuild (package:flutter/src/widgets/framework.dart:5529:7)
#904    ComponentElement._firstBuild (package:flutter/src/widgets/framework.dart:5799:5)
#905    StatefulElement._firstBuild (package:flutter/src/widgets/framework.dart:5973:11)
#906    ComponentElement.mount (package:flutter/src/widgets/framework.dart:5793:5)
#907    Element.inflateWidget (package:flutter/src/widgets/framework.dart:4587:20)
#908    Element.updateChild (package:flutter/src/widgets/framework.dart:4059:18)
#909    ComponentElement.performRebuild (package:flutter/src/widgets/framework.dart:5841:16)
#910    StatefulElement.performRebuild (package:flutter/src/widgets/framework.dart:5982:11)
#911    Element.rebuild (package:flutter/src/widgets/framework.dart:5529:7)
#912    ComponentElement._firstBuild (package:flutter/src/widgets/framework.dart:5799:5)
#913    StatefulElement._firstBuild (package:flutter/src/widgets/framework.dart:5973:11)
#914    ComponentElement.mount (package:flutter/src/widgets/framework.dart:5793:5)
#915    Element.inflateWidget (package:flutter/src/widgets/framework.dart:4587:20)
#916    Element.updateChild (package:flutter/src/widgets/framework.dart:4059:18)
#917    ComponentElement.performRebuild (package:flutter/src/widgets/framework.dart:5841:16)
#918    StatefulElement.performRebuild (package:flutter/src/widgets/framework.dart:5982:11)
#919    Element.rebuild (package:flutter/src/widgets/framework.dart:5529:7)
#920    ComponentElement._firstBuild (package:flutter/src/widgets/framework.dart:5799:5)
#921    StatefulElement._firstBuild (package:flutter/src/widgets/framework.dart:5973:11)
#922    ComponentElement.mount (package:flutter/src/widgets/framework.dart:5793:5)
#923    Element.inflateWidget (package:flutter/src/widgets/framework.dart:4587:20)
#924    Element.updateChild (package:flutter/src/widgets/framework.dart:4059:18)
#925    SingleChildRenderObjectElement.mount (package:flutter/src/widgets/framework.dart:7115:14)
#926    Element.inflateWidget (package:flutter/src/widgets/framework.dart:4587:20)
#927    Element.updateChild (package:flutter/src/widgets/framework.dart:4059:18)
#928    ComponentElement.performRebuild (package:flutter/src/widgets/framework.dart:5841:16)
#929    Element.rebuild (package:flutter/src/widgets/framework.dart:5529:7)
#930    ComponentElement._firstBuild (package:flutter/src/widgets/framework.dart:5799:5)
#931    ComponentElement.mount (package:flutter/src/widgets/framework.dart:5793:5)
#932    Element.inflateWidget (package:flutter/src/widgets/framework.dart:4587:20)
#933    Element.updateChild (package:flutter/src/widgets/framework.dart:4059:18)
#934    ComponentElement.performRebuild (package:flutter/src/widgets/framework.dart:5841:16)
#935    Element.rebuild (package:flutter/src/widgets/framework.dart:5529:7)
#936    ComponentElement._firstBuild (package:flutter/src/widgets/framework.dart:5799:5)
#937    ComponentElement.mount (package:flutter/src/widgets/framework.dart:5793:5)
#938    Element.inflateWidget (package:flutter/src/widgets/framework.dart:4587:20)
#939    Element.updateChild (package:flutter/src/widgets/framework.dart:4059:18)
#940    ComponentElement.performRebuild (package:flutter/src/widgets/framework.dart:5841:16)
#941    Element.rebuild (package:flutter/src/widgets/framework.dart:5529:7)
#942    ComponentElement._firstBuild (package:flutter/src/widgets/framework.dart:5799:5)
#943    ComponentElement.mount (package:flutter/src/widgets/framework.dart:5793:5)
#944    Element.inflateWidget (package:flutter/src/widgets/framework.dart:4587:20)
#945    Element.updateChild (package:flutter/src/widgets/framework.dart:4059:18)
#946    ComponentElement.performRebuild (package:flutter/src/widgets/framework.dart:5841:16)
#947    StatefulElement.performRebuild (package:flutter/src/widgets/framework.dart:5982:11)
#948    Element.rebuild (package:flutter/src/widgets/framework.dart:5529:7)
#949    ComponentElement._firstBuild (package:flutter/src/widgets/framework.dart:5799:5)
#950    StatefulElement._firstBuild (package:flutter/src/widgets/framework.dart:5973:11)
#951    ComponentElement.mount (package:flutter/src/widgets/framework.dart:5793:5)
#952    Element.inflateWidget (package:flutter/src/widgets/framework.dart:4587:20)
#953    Element.updateChild (package:flutter/src/widgets/framework.dart:4059:18)
#954    ComponentElement.performRebuild (package:flutter/src/widgets/framework.dart:5841:16)
#955    StatefulElement.performRebuild (package:flutter/src/widgets/framework.dart:5982:11)
#956    Element.rebuild (package:flutter/src/widgets/framework.dart:5529:7)
#957    ComponentElement._firstBuild (package:flutter/src/widgets/framework.dart:5799:5)
#958    StatefulElement._firstBuild (package:flutter/src/widgets/framework.dart:5973:11)
#959    ComponentElement.mount (package:flutter/src/widgets/framework.dart:5793:5)
#960    Element.inflateWidget (package:flutter/src/widgets/framework.dart:4587:20)
#961    MultiChildRenderObjectElement.inflateWidget (package:flutter/src/widgets/framework.dart:7264:36)
#962    Element.updateChild (package:flutter/src/widgets/framework.dart:4059:18)
#963    Element.updateChildren (package:flutter/src/widgets/framework.dart:4255:32)
#964    MultiChildRenderObjectElement.update (package:flutter/src/widgets/framework.dart:7295:17)
#965    Element.updateChild (package:flutter/src/widgets/framework.dart:4037:15)
#966    ComponentElement.performRebuild (package:flutter/src/widgets/framework.dart:5841:16)
#967    StatefulElement.performRebuild (package:flutter/src/widgets/framework.dart:5982:11)
#968    Element.rebuild (package:flutter/src/widgets/framework.dart:5529:7)
#969    StatefulElement.update (package:flutter/src/widgets/framework.dart:6007:5)
#970    Element.updateChild (package:flutter/src/widgets/framework.dart:4037:15)
#971    ComponentElement.performRebuild (package:flutter/src/widgets/framework.dart:5841:16)
#972    Element.rebuild (package:flutter/src/widgets/framework.dart:5529:7)
#973    ProxyElement.update (package:flutter/src/widgets/framework.dart:6149:5)
#974    Element.updateChild (package:flutter/src/widgets/framework.dart:4037:15)
#975    ComponentElement.performRebuild (package:flutter/src/widgets/framework.dart:5841:16)
#976    Element.rebuild (package:flutter/src/widgets/framework.dart:5529:7)
#977    ProxyElement.update (package:flutter/src/widgets/framework.dart:6149:5)
#978    _InheritedNotifierElement.update (package:flutter/src/widgets/inherited_notifier.dart:108:11)
#979    Element.updateChild (package:flutter/src/widgets/framework.dart:4037:15)
#980    ComponentElement.performRebuild (package:flutter/src/widgets/framework.dart:5841:16)
#981    StatefulElement.performRebuild (package:flutter/src/widgets/framework.dart:5982:11)
#982    Element.rebuild (package:flutter/src/widgets/framework.dart:5529:7)
#983    StatefulElement.update (package:flutter/src/widgets/framework.dart:6007:5)
#984    Element.updateChild (package:flutter/src/widgets/framework.dart:4037:15)
#985    ComponentElement.performRebuild (package:flutter/src/widgets/framework.dart:5841:16)
#986    Element.rebuild (package:flutter/src/widgets/framework.dart:5529:7)
#987    ProxyElement.update (package:flutter/src/widgets/framework.dart:6149:5)
#988    _InheritedNotifierElement.update (package:flutter/src/widgets/inherited_notifier.dart:108:11)
#989    Element.updateChild (package:flutter/src/widgets/framework.dart:4037:15)
#990    ComponentElement.performRebuild (package:flutter/src/widgets/framework.dart:5841:16)
#991    StatefulElement.performRebuild (package:flutter/src/widgets/framework.dart:5982:11)
#992    Element.rebuild (package:flutter/src/widgets/framework.dart:5529:7)
#993    StatefulElement.update (package:flutter/src/widgets/framework.dart:6007:5)
#994    Element.updateChild (package:flutter/src/widgets/framework.dart:4037:15)
#995    ComponentElement.performRebuild (package:flutter/src/widgets/framework.dart:5841:16)
#996    StatefulElement.performRebuild (package:flutter/src/widgets/framework.dart:5982:11)
#997    Element.rebuild (package:flutter/src/widgets/framework.dart:5529:7)
#998    StatefulElement.update (package:flutter/src/widgets/framework.dart:6007:5)
#999    Element.updateChild (package:flutter/src/widgets/framework.dart:4037:15)
#1000   SingleChildRenderObjectElement.update (package:flutter/src/widgets/framework.dart:7122:14)
#1001   Element.updateChild (package:flutter/src/widgets/framework.dart:4037:15)
#1002   SingleChildRenderObjectElement.update (package:flutter/src/widgets/framework.dart:7122:14)
#1003   Element.updateChild (package:flutter/src/widgets/framework.dart:4037:15)
#1004   ComponentElement.performRebuild (package:flutter/src/widgets/framework.dart:5841:16)
#1005   Element.rebuild (package:flutter/src/widgets/framework.dart:5529:7)
#1006   ProxyElement.update (package:flutter/src/widgets/framework.dart:6149:5)
#1007   Element.updateChild (package:flutter/src/widgets/framework.dart:4037:15)
#1008   ComponentElement.performRebuild (package:flutter/src/widgets/framework.dart:5841:16)
#1009   Element.rebuild (package:flutter/src/widgets/framework.dart:5529:7)
#1010   ProxyElement.update (package:flutter/src/widgets/framework.dart:6149:5)
#1011   Element.updateChild (package:flutter/src/widgets/framework.dart:4037:15)
#1012   ComponentElement.performRebuild (package:flutter/src/widgets/framework.dart:5841:16)
#1013   StatefulElement.performRebuild (package:flutter/src/widgets/framework.dart:5982:11)
#1014   Element.rebuild (package:flutter/src/widgets/framework.dart:5529:7)
#1015   StatefulElement.update (package:flutter/src/widgets/framework.dart:6007:5)
#1016   Element.updateChild (package:flutter/src/widgets/framework.dart:4037:15)
#1017   ComponentElement.performRebuild (package:flutter/src/widgets/framework.dart:5841:16)
#1018   Element.rebuild (package:flutter/src/widgets/framework.dart:5529:7)
#1019   ProxyElement.update (package:flutter/src/widgets/framework.dart:6149:5)
#1020   Element.updateChild (package:flutter/src/widgets/framework.dart:4037:15)
#1021   ComponentElement.performRebuild (package:flutter/src/widgets/framework.dart:5841:16)
#1022   Element.rebuild (package:flutter/src/widgets/framework.dart:5529:7)
#1023   ProxyElement.update (package:flutter/src/widgets/framework.dart:6149:5)
#1024   _InheritedNotifierElement.update (package:flutter/src/widgets/inherited_notifier.dart:108:11)
#1025   Element.updateChild (package:flutter/src/widgets/framework.dart:4037:15)
#1026   ComponentElement.performRebuild (package:flutter/src/widgets/framework.dart:5841:16)
#1027   StatefulElement.performRebuild (package:flutter/src/widgets/framework.dart:5982:11)
#1028   Element.rebuild (package:flutter/src/widgets/framework.dart:5529:7)
#1029   StatefulElement.update (package:flutter/src/widgets/framework.dart:6007:5)
#1030   Element.updateChild (package:flutter/src/widgets/framework.dart:4037:15)
#1031   ComponentElement.performRebuild (package:flutter/src/widgets/framework.dart:5841:16)
#1032   Element.rebuild (package:flutter/src/widgets/framework.dart:5529:7)
#1033   ProxyElement.update (package:flutter/src/widgets/framework.dart:6149:5)
#1034   Element.updateChild (package:flutter/src/widgets/framework.dart:4037:15)
#1035   ComponentElement.performRebuild (package:flutter/src/widgets/framework.dart:5841:16)
#1036   Element.rebuild (package:flutter/src/widgets/framework.dart:5529:7)
#1037   StatelessElement.update (package:flutter/src/widgets/framework.dart:5895:5)
#1038   Element.updateChild (package:flutter/src/widgets/framework.dart:4037:15)
#1039   ComponentElement.performRebuild (package:flutter/src/widgets/framework.dart:5841:16)
#1040   Element.rebuild (package:flutter/src/widgets/framework.dart:5529:7)
#1041   ProxyElement.update (package:flutter/src/widgets/framework.dart:6149:5)
#1042   Element.updateChild (package:flutter/src/widgets/framework.dart:4037:15)
#1043   ComponentElement.performRebuild (package:flutter/src/widgets/framework.dart:5841:16)
#1044   Element.rebuild (package:flutter/src/widgets/framework.dart:5529:7)
#1045   ProxyElement.update (package:flutter/src/widgets/framework.dart:6149:5)
#1046   Element.updateChild (package:flutter/src/widgets/framework.dart:4037:15)
#1047   ComponentElement.performRebuild (package:flutter/src/widgets/framework.dart:5841:16)
#1048   StatefulElement.performRebuild (package:flutter/src/widgets/framework.dart:5982:11)
#1049   Element.rebuild (package:flutter/src/widgets/framework.dart:5529:7)
#1050   BuildScope._tryRebuild (package:flutter/src/widgets/framework.dart:2750:15)
#1051   BuildScope._flushDirtyElements (package:flutter/src/widgets/framework.dart:2807:11)
#1052   BuildOwner.buildScope (package:flutter/src/widgets/framework.dart:3111:18)
#1053   AutomatedTestWidgetsFlutterBinding.drawFrame (package:flutter_test/src/binding.dart:2431:19)
#1054   RendererBinding._handlePersistentFrameCallback (package:flutter/src/rendering/binding.dart:509:5)
#1055   SchedulerBinding._invokeFrameCallback (package:flutter/src/scheduler/binding.dart:1430:15)
#1056   SchedulerBinding.handleDrawFrame (package:flutter/src/scheduler/binding.dart:1345:9)
#1057   AutomatedTestWidgetsFlutterBinding.pump.<anonymous closure> (package:flutter_test/src/binding.dart:2260:9)
#1058   _rootRun (dart:async/zone_root.dart:35:13)
#1059   _CustomZone.run (dart:async/zone.dart:726:19)
#1060   TestAsyncUtils.guard (package:flutter_test/src/test_async_utils.dart:74:41)
#1061   AutomatedTestWidgetsFlutterBinding.pump (package:flutter_test/src/binding.dart:2249:27)
#1062   WidgetTester.pump.<anonymous closure> (package:flutter_test/src/widget_tester.dart:652:53)
#1063   _rootRun (dart:async/zone_root.dart:35:13)
#1064   _CustomZone.run (dart:async/zone.dart:726:19)
#1065   TestAsyncUtils.guard (package:flutter_test/src/test_async_utils.dart:74:41)
#1066   WidgetTester.pump (package:flutter_test/src/widget_tester.dart:652:27)
#1067   pumpUntilSettled (file:///C:/Users/andrvoicu/Desktop/repos/collectarr-app/test/helpers/test_constants.dart:31:18)
#1068   main.<anonymous closure> (file:///C:/Users/andrvoicu/Desktop/repos/collectarr-app/test/app_shell_test.dart:235:11)
<asynchronous suspension>
#1069   testWidgets.<anonymous closure>.<anonymous closure> (package:flutter_test/src/widget_tester.dart:192:15)
<asynchronous suspension>
#1070   TestWidgetsFlutterBinding._runTestBody (package:flutter_test/src/binding.dart:1952:5)
<asynchronous suspension>
#1071   StackZoneSpecification._registerCallback.<anonymous closure> (package:stack_trace/src/stack_zone_specification.dart:114:42)
<asynchronous suspension>
This warning will only appear on debug builds.
00:04 +115 -1: C:/Users/andrvoicu/Desktop/repos/collectarr-app/test/features/catalog/media_tracking_status_field_test.dart: renders profile labels and reports storage values
00:04 +116 -1: C:/Users/andrvoicu/Desktop/repos/collectarr-app/test/features/catalog/media_tracking_status_field_test.dart: renders profile labels and reports storage values
00:04 +117 -1: C:/Users/andrvoicu/Desktop/repos/collectarr-app/test/features/catalog/media_tracking_status_field_test.dart: renders profile labels and reports storage values
00:04 +118 -1: C:/Users/andrvoicu/Desktop/repos/collectarr-app/test/features/catalog/media_tracking_status_field_test.dart: renders profile labels and reports storage values
00:05 +119 -1: C:/Users/andrvoicu/Desktop/repos/collectarr-app/test/features/catalog/media_tracking_status_field_test.dart: renders profile labels and reports storage values
00:05 +120 -1: C:/Users/andrvoicu/Desktop/repos/collectarr-app/test/features/catalog/media_tracking_status_field_test.dart: renders profile labels and reports storage values
00:05 +121 -1: C:/Users/andrvoicu/Desktop/repos/collectarr-app/test/features/catalog/media_tracking_status_field_test.dart: renders profile labels and reports storage values
00:05 +122 -1: C:/Users/andrvoicu/Desktop/repos/collectarr-app/test/features/catalog/media_tracking_status_field_test.dart: renders profile labels and reports storage values
00:05 +123 -1: C:/Users/andrvoicu/Desktop/repos/collectarr-app/test/features/catalog/media_tracking_status_field_test.dart: renders profile labels and reports storage values
00:05 +124 -1: C:/Users/andrvoicu/Desktop/repos/collectarr-app/test/features/catalog/media_tracking_status_field_test.dart: renders profile labels and reports storage values
00:05 +125 -1: C:/Users/andrvoicu/Desktop/repos/collectarr-app/test/features/catalog/media_tracking_status_field_test.dart: renders profile labels and reports storage values
00:05 +126 -1: C:/Users/andrvoicu/Desktop/repos/collectarr-app/test/features/catalog/media_tracking_status_field_test.dart: renders profile labels and reports storage values
00:05 +127 -1: C:/Users/andrvoicu/Desktop/repos/collectarr-app/test/features/collection/collection_csv_test.dart: collection csv exports and parses owned shelf rows
00:05 +128 -1: C:/Users/andrvoicu/Desktop/repos/collectarr-app/test/features/collection/collection_csv_test.dart: collection csv exports clz-friendly shelf rows
00:05 +129 -1: C:/Users/andrvoicu/Desktop/repos/collectarr-app/test/features/collection/collection_csv_test.dart: collection csv exports media-aware clz-friendly headers
00:05 +130 -1: C:/Users/andrvoicu/Desktop/repos/collectarr-app/test/features/collection/collection_csv_test.dart: collection csv parses clz-style aliases and money fields
00:05 +131 -1: C:/Users/andrvoicu/Desktop/repos/collectarr-app/test/features/collection/collection_csv_test.dart: collection csv parses structured location ids directly
00:05 +132 -1: C:/Users/andrvoicu/Desktop/repos/collectarr-app/test/features/collection/collection_csv_test.dart: collection csv parses decimal and thousands money separators
00:05 +133 -1: C:/Users/andrvoicu/Desktop/repos/collectarr-app/test/features/collection/collection_csv_test.dart: collection csv keeps clz rows without collectarr ids for matching
00:05 +134 -1: C:/Users/andrvoicu/Desktop/repos/collectarr-app/test/features/collection/collection_csv_test.dart: collection csv parses quoted newlines
00:05 +135 -1: C:/Users/andrvoicu/Desktop/repos/collectarr-app/test/features/collection/collection_csv_test.dart: collection csv parses non-iso date formats
00:05 +136 -1: C:/Users/andrvoicu/Desktop/repos/collectarr-app/test/features/collection/collection_csv_test.dart: csv export includes custom field columns
00:05 +137 -1: C:/Users/andrvoicu/Desktop/repos/collectarr-app/test/features/collection/collection_csv_test.dart: csv parse extracts cf_ columns into customFieldValues
00:05 +138 -1: C:/Users/andrvoicu/Desktop/repos/collectarr-app/test/features/collection/collection_csv_test.dart: csv roundtrip preserves custom field values
00:05 +139 -1: C:/Users/andrvoicu/Desktop/repos/collectarr-app/test/features/collection/collection_mutations_test.dart: collection mutations enqueue personal sync changes
00:06 +140 -1: C:/Users/andrvoicu/Desktop/repos/collectarr-app/test/features/collection/collection_mutations_test.dart: collection mutations stamp owned item createdAt and owner identity
00:06 +141 -1: C:/Users/andrvoicu/Desktop/repos/collectarr-app/test/features/collection/collection_mutations_test.dart: collection mutations request online-first sync after local changes
00:06 +142 -1: C:/Users/andrvoicu/Desktop/repos/collectarr-app/test/features/collection/collection_page_test.dart: shelf page shows local collection stats and filters
00:06 +143 -1: C:/Users/andrvoicu/Desktop/repos/collectarr-app/test/features/collection/collection_page_test.dart: shelf page shows local collection stats and filters
00:06 +144 -1: C:/Users/andrvoicu/Desktop/repos/collectarr-app/test/features/collection/collection_page_test.dart: shelf page shows local collection stats and filters
00:06 +145 -1: C:/Users/andrvoicu/Desktop/repos/collectarr-app/test/features/collection/collection_page_test.dart: shelf page shows local collection stats and filters
00:06 +146 -1: C:/Users/andrvoicu/Desktop/repos/collectarr-app/test/features/collection/collection_page_test.dart: shelf page shows local collection stats and filters
00:06 +147 -1: C:/Users/andrvoicu/Desktop/repos/collectarr-app/test/features/collection/collection_page_test.dart: shelf page shows local collection stats and filters
00:06 +148 -1: C:/Users/andrvoicu/Desktop/repos/collectarr-app/test/features/collection/collection_page_test.dart: shelf page shows local collection stats and filters
00:06 +149 -1: C:/Users/andrvoicu/Desktop/repos/collectarr-app/test/features/collection/collection_page_test.dart: shelf page shows local collection stats and filters
00:06 +150 -1: C:/Users/andrvoicu/Desktop/repos/collectarr-app/test/features/collection/collection_page_test.dart: shelf page shows local collection stats and filters
00:06 +151 -1: C:/Users/andrvoicu/Desktop/repos/collectarr-app/test/features/collection/collection_page_test.dart: shelf page shows local collection stats and filters
00:06 +152 -1: C:/Users/andrvoicu/Desktop/repos/collectarr-app/test/features/collection/collection_page_test.dart: shelf page shows local collection stats and filters
00:06 +153 -1: C:/Users/andrvoicu/Desktop/repos/collectarr-app/test/features/collection/collection_page_test.dart: shelf page shows local collection stats and filters
00:06 +154 -1: C:/Users/andrvoicu/Desktop/repos/collectarr-app/test/features/collection/collection_page_test.dart: shelf page shows local collection stats and filters
00:06 +155 -1: C:/Users/andrvoicu/Desktop/repos/collectarr-app/test/features/collection/collection_page_test.dart: shelf page shows local collection stats and filters
00:06 +156 -1: C:/Users/andrvoicu/Desktop/repos/collectarr-app/test/features/collection/collection_page_test.dart: shelf page shows local collection stats and filters
00:06 +157 -1: C:/Users/andrvoicu/Desktop/repos/collectarr-app/test/features/collection/collection_page_test.dart: shelf page shows local collection stats and filters
00:06 +158 -1: C:/Users/andrvoicu/Desktop/repos/collectarr-app/test/features/collection/collection_page_test.dart: shelf page shows local collection stats and filters
00:06 +159 -1: C:/Users/andrvoicu/Desktop/repos/collectarr-app/test/features/collection/collection_page_test.dart: shelf page shows local collection stats and filters
00:06 +160 -1: C:/Users/andrvoicu/Desktop/repos/collectarr-app/test/features/collection/collection_page_test.dart: shelf page shows local collection stats and filters
00:06 +161 -1: C:/Users/andrvoicu/Desktop/repos/collectarr-app/test/features/collection/collection_page_test.dart: shelf page shows local collection stats and filters
00:06 +162 -1: C:/Users/andrvoicu/Desktop/repos/collectarr-app/test/features/collection/collection_page_test.dart: shelf page shows local collection stats and filters
00:06 +163 -1: C:/Users/andrvoicu/Desktop/repos/collectarr-app/test/features/collection/collection_page_test.dart: shelf page shows local collection stats and filters
00:06 +164 -1: C:/Users/andrvoicu/Desktop/repos/collectarr-app/test/features/collection/collection_page_test.dart: shelf page shows local collection stats and filters
00:06 +165 -1: C:/Users/andrvoicu/Desktop/repos/collectarr-app/test/features/collection/collection_page_test.dart: shelf page shows local collection stats and filters
00:06 +166 -1: C:/Users/andrvoicu/Desktop/repos/collectarr-app/test/features/collection/collection_page_test.dart: shelf page shows local collection stats and filters
00:06 +167 -1: C:/Users/andrvoicu/Desktop/repos/collectarr-app/test/features/collection/collection_page_test.dart: shelf page shows local collection stats and filters
00:06 +168 -1: C:/Users/andrvoicu/Desktop/repos/collectarr-app/test/features/collection/collection_page_test.dart: shelf page shows local collection stats and filters
00:07 +169 -1: C:/Users/andrvoicu/Desktop/repos/collectarr-app/test/features/collection/collection_page_test.dart: shelf page shows local collection stats and filters
00:07 +170 -1: C:/Users/andrvoicu/Desktop/repos/collectarr-app/test/features/collection/collection_page_test.dart: shelf page shows local collection stats and filters
00:07 +171 -1: C:/Users/andrvoicu/Desktop/repos/collectarr-app/test/features/collection/collection_page_test.dart: shelf page shows local collection stats and filters
00:07 +172 -1: C:/Users/andrvoicu/Desktop/repos/collectarr-app/test/features/collection/collection_page_test.dart: shelf page shows local collection stats and filters
00:07 +173 -1: C:/Users/andrvoicu/Desktop/repos/collectarr-app/test/features/collection/collection_page_test.dart: shelf page shows local collection stats and filters
00:07 +174 -1: C:/Users/andrvoicu/Desktop/repos/collectarr-app/test/features/collection/collection_page_test.dart: shelf page shows local collection stats and filters
00:07 +175 -1: C:/Users/andrvoicu/Desktop/repos/collectarr-app/test/features/collection/collection_page_test.dart: shelf page shows local collection stats and filters
00:07 +176 -1: C:/Users/andrvoicu/Desktop/repos/collectarr-app/test/features/collection/collection_page_test.dart: shelf page shows local collection stats and filters
00:07 +177 -1: C:/Users/andrvoicu/Desktop/repos/collectarr-app/test/features/collection/collection_page_test.dart: shelf page shows local collection stats and filters
00:07 +178 -1: C:/Users/andrvoicu/Desktop/repos/collectarr-app/test/features/collection/collection_page_test.dart: shelf page shows local collection stats and filters
00:07 +179 -1: C:/Users/andrvoicu/Desktop/repos/collectarr-app/test/features/collection/collection_page_test.dart: shelf page shows local collection stats and filters
00:07 +180 -1: C:/Users/andrvoicu/Desktop/repos/collectarr-app/test/features/collection/collection_page_test.dart: shelf page shows local collection stats and filters
00:07 +181 -1: C:/Users/andrvoicu/Desktop/repos/collectarr-app/test/features/library/add/library_add_dialog_test.dart: preview catalog ids stay deterministic and reserved
00:07 +182 -1: C:/Users/andrvoicu/Desktop/repos/collectarr-app/test/features/library/add/library_add_dialog_test.dart: book provider add merge preserves preview creators
00:07 +183 -1: C:/Users/andrvoicu/Desktop/repos/collectarr-app/test/features/library/add/library_add_dialog_test.dart: local cover image preprocessor applies crop and rotation transforms
00:07 +184 -1: C:/Users/andrvoicu/Desktop/repos/collectarr-app/test/features/library/add/library_add_dialog_test.dart: generic add dialog exposes scanned barcode in manual flow
00:08 +185 -1: C:/Users/andrvoicu/Desktop/repos/collectarr-app/test/features/library/add/library_add_dialog_test.dart: generic add dialog exposes scanned barcode in manual flow
00:08 +186 -1: C:/Users/andrvoicu/Desktop/repos/collectarr-app/test/features/library/add/library_add_dialog_test.dart: generic add dialog exposes scanned barcode in manual flow
00:08 +187 -1: C:/Users/andrvoicu/Desktop/repos/collectarr-app/test/features/library/add/library_add_dialog_test.dart: generic add dialog exposes scanned barcode in manual flow
00:08 +188 -1: C:/Users/andrvoicu/Desktop/repos/collectarr-app/test/features/library/add/library_add_dialog_test.dart: generic add dialog exposes scanned barcode in manual flow
00:08 +189 -1: C:/Users/andrvoicu/Desktop/repos/collectarr-app/test/features/library/add/library_add_dialog_test.dart: generic add dialog exposes scanned barcode in manual flow
00:08 +190 -1: C:/Users/andrvoicu/Desktop/repos/collectarr-app/test/features/library/add/library_add_dialog_test.dart: generic add dialog exposes scanned barcode in manual flow
00:08 +191 -1: C:/Users/andrvoicu/Desktop/repos/collectarr-app/test/features/library/add/library_add_dialog_test.dart: generic add dialog exposes scanned barcode in manual flow
00:08 +192 -1: C:/Users/andrvoicu/Desktop/repos/collectarr-app/test/features/library/add/library_add_dialog_test.dart: generic add dialog exposes scanned barcode in manual flow
00:08 +193 -1: C:/Users/andrvoicu/Desktop/repos/collectarr-app/test/features/library/add/library_add_dialog_test.dart: generic add dialog exposes scanned barcode in manual flow
00:08 +194 -1: C:/Users/andrvoicu/Desktop/repos/collectarr-app/test/features/library/add/library_add_dialog_test.dart: generic add dialog exposes scanned barcode in manual flow
00:08 +195 -1: C:/Users/andrvoicu/Desktop/repos/collectarr-app/test/features/library/add/library_add_dialog_test.dart: generic add dialog exposes scanned barcode in manual flow
00:08 +196 -1: C:/Users/andrvoicu/Desktop/repos/collectarr-app/test/features/library/add/library_add_dialog_test.dart: generic add dialog exposes scanned barcode in manual flow
00:08 +197 -1: C:/Users/andrvoicu/Desktop/repos/collectarr-app/test/features/library/add/library_add_dialog_test.dart: generic add dialog exposes scanned barcode in manual flow
00:08 +198 -1: C:/Users/andrvoicu/Desktop/repos/collectarr-app/test/features/library/add/library_add_dialog_test.dart: generic add dialog exposes scanned barcode in manual flow
00:08 +199 -1: C:/Users/andrvoicu/Desktop/repos/collectarr-app/test/features/library/add/library_add_dialog_test.dart: generic add dialog exposes scanned barcode in manual flow
00:08 +200 -1: C:/Users/andrvoicu/Desktop/repos/collectarr-app/test/features/library/add/library_add_ownership_type_test.dart: manual add flow surfaces digital ownership type
00:08 +201 -1: C:/Users/andrvoicu/Desktop/repos/collectarr-app/test/features/library/add/library_add_ownership_type_test.dart: manual add flow surfaces digital ownership type
00:09 +201 -1: C:/Users/andrvoicu/Desktop/repos/collectarr-app/test/features/library/add/library_add_dialog_test.dart: generic add dialog applies persisted prefill defaults
WARNING (drift): It looks like you've created the database class LocalDatabase multiple times. When these two databases use the same QueryExecutor, race conditions will occur and might corrupt the database. 
Try to follow the advice at https://drift.simonbinder.eu/faq/#using-the-database or, if you know what you're doing, set driftRuntimeOptions.dontWarnAboutMultipleDatabases = true
Here is the stacktrace from when the database was opened a second time:
#0      GeneratedDatabase._handleInstantiated (package:drift/src/runtime/api/db_base.dart:96:30)
#1      GeneratedDatabase._whenConstructed (package:drift/src/runtime/api/db_base.dart:73:12)
#2      new GeneratedDatabase (package:drift/src/runtime/api/db_base.dart:64:5)
#3      new _$LocalDatabase (package:collectarr_app/core/db/local_database.g.dart:12351:38)
#4      new LocalDatabase (package:collectarr_app/core/db/local_database.dart:387:9)
#5      main.<anonymous closure> (file:///C:/Users/andrvoicu/Desktop/repos/collectarr-app/test/features/library/add/library_add_dialog_test.dart:183:16)
#6      testWidgets.<anonymous closure>.<anonymous closure> (package:flutter_test/src/widget_tester.dart:192:29)
<asynchronous suspension>
#7      TestWidgetsFlutterBinding._runTestBody (package:flutter_test/src/binding.dart:1952:5)
<asynchronous suspension>
#8      StackZoneSpecification._registerCallback.<anonymous closure> (package:stack_trace/src/stack_zone_specification.dart:114:42)
<asynchronous suspension>
This warning will only appear on debug builds.
00:09 +202 -1: C:/Users/andrvoicu/Desktop/repos/collectarr-app/test/features/library/add/library_add_ownership_type_test.dart: manual add flow surfaces digital ownership type
00:09 +203 -1: C:/Users/andrvoicu/Desktop/repos/collectarr-app/test/features/library/add/library_add_ownership_type_test.dart: manual add flow surfaces digital ownership type
00:09 +204 -1: C:/Users/andrvoicu/Desktop/repos/collectarr-app/test/features/library/add/library_add_ownership_type_test.dart: manual add flow surfaces digital ownership type
00:09 +205 -1: C:/Users/andrvoicu/Desktop/repos/collectarr-app/test/features/library/add/library_add_ownership_type_test.dart: manual add flow surfaces digital ownership type
00:09 +206 -1: C:/Users/andrvoicu/Desktop/repos/collectarr-app/test/features/library/add/library_add_ownership_type_test.dart: manual add flow surfaces digital ownership type
00:09 +207 -1: C:/Users/andrvoicu/Desktop/repos/collectarr-app/test/features/library/add/library_add_ownership_type_test.dart: manual add flow surfaces digital ownership type
00:09 +208 -1: C:/Users/andrvoicu/Desktop/repos/collectarr-app/test/features/library/add/library_add_ownership_type_test.dart: manual add flow surfaces digital ownership type
00:09 +209 -1: C:/Users/andrvoicu/Desktop/repos/collectarr-app/test/features/library/add/library_add_ownership_type_test.dart: manual add flow surfaces digital ownership type
00:09 +210 -1: C:/Users/andrvoicu/Desktop/repos/collectarr-app/test/features/library/add/library_add_ownership_type_test.dart: manual add flow surfaces digital ownership type
00:09 +211 -1: C:/Users/andrvoicu/Desktop/repos/collectarr-app/test/features/library/add/library_add_ownership_type_test.dart: manual add flow surfaces digital ownership type
00:09 +211 -1: C:/Users/andrvoicu/Desktop/repos/collectarr-app/test/features/library/add/library_add_dialog_test.dart: generic add dialog searches provider candidates
WARNING (drift): It looks like you've created the database class LocalDatabase multiple times. When these two databases use the same QueryExecutor, race conditions will occur and might corrupt the database. 
Try to follow the advice at https://drift.simonbinder.eu/faq/#using-the-database or, if you know what you're doing, set driftRuntimeOptions.dontWarnAboutMultipleDatabases = true
Here is the stacktrace from when the database was opened a second time:
#0      GeneratedDatabase._handleInstantiated (package:drift/src/runtime/api/db_base.dart:96:30)
#1      GeneratedDatabase._whenConstructed (package:drift/src/runtime/api/db_base.dart:73:12)
#2      new GeneratedDatabase (package:drift/src/runtime/api/db_base.dart:64:5)
#3      new _$LocalDatabase (package:collectarr_app/core/db/local_database.g.dart:12351:38)
#4      new LocalDatabase (package:collectarr_app/core/db/local_database.dart:387:9)
#5      localDatabaseProvider.<anonymous closure> (package:collectarr_app/state/local_database_provider.dart:5:14)
#6      Provider.create (package:riverpod/src/providers/provider.dart:59:36)
#7      $ProviderElement.create (package:riverpod/src/providers/provider.dart:343:32)
#8      ProviderElement.buildState (package:riverpod/src/core/element.dart:684:28)
#9      ProviderElement.mount (package:riverpod/src/core/element.dart:537:7)
#10     ProviderElement.flush (package:riverpod/src/core/element.dart:640:7)
#11     $ProviderBaseImpl._addListener (package:riverpod/src/core/provider/provider.dart:119:24)
#12     ProviderContainer.listen (package:riverpod/src/core/provider_container.dart:960:26)
#13     ProviderContainer.read (package:riverpod/src/core/provider_container.dart:917:17)
#14     ConsumerStatefulElement.read (package:flutter_riverpod/src/core/consumer.dart:543:59)
#15     _LibraryAddDialogState._loadAvailableLocations (package:collectarr_app/features/library/add/library_add_dialog.dart:2338:38)
#16     _LibraryAddDialogState.initState (package:collectarr_app/features/library/add/library_add_dialog.dart:659:5)
#17     StatefulElement._firstBuild (package:flutter/src/widgets/framework.dart:5950:55)
#18     ComponentElement.mount (package:flutter/src/widgets/framework.dart:5793:5)
#19     Element.inflateWidget (package:flutter/src/widgets/framework.dart:4587:20)
#20     Element.updateChild (package:flutter/src/widgets/framework.dart:4059:18)
#21     ComponentElement.performRebuild (package:flutter/src/widgets/framework.dart:5841:16)
#22     Element.rebuild (package:flutter/src/widgets/framework.dart:5529:7)
#23     ComponentElement._firstBuild (package:flutter/src/widgets/framework.dart:5799:5)
#24     ComponentElement.mount (package:flutter/src/widgets/framework.dart:5793:5)
#25     Element.inflateWidget (package:flutter/src/widgets/framework.dart:4587:20)
#26     Element.updateChild (package:flutter/src/widgets/framework.dart:4059:18)
#27     ComponentElement.performRebuild (package:flutter/src/widgets/framework.dart:5841:16)
#28     Element.rebuild (package:flutter/src/widgets/framework.dart:5529:7)
#29     ComponentElement._firstBuild (package:flutter/src/widgets/framework.dart:5799:5)
#30     ComponentElement.mount (package:flutter/src/widgets/framework.dart:5793:5)
#31     Element.inflateWidget (package:flutter/src/widgets/framework.dart:4587:20)
#32     Element.updateChild (package:flutter/src/widgets/framework.dart:4059:18)
#33     ComponentElement.performRebuild (package:flutter/src/widgets/framework.dart:5841:16)
#34     Element.rebuild (package:flutter/src/widgets/framework.dart:5529:7)
#35     ComponentElement._firstBuild (package:flutter/src/widgets/framework.dart:5799:5)
#36     ComponentElement.mount (package:flutter/src/widgets/framework.dart:5793:5)
#37     Element.inflateWidget (package:flutter/src/widgets/framework.dart:4587:20)
#38     Element.updateChild (package:flutter/src/widgets/framework.dart:4059:18)
#39     ComponentElement.performRebuild (package:flutter/src/widgets/framework.dart:5841:16)
#40     Element.rebuild (package:flutter/src/widgets/framework.dart:5529:7)
#41     ComponentElement._firstBuild (package:flutter/src/widgets/framework.dart:5799:5)
#42     ComponentElement.mount (package:flutter/src/widgets/framework.dart:5793:5)
#43     Element.inflateWidget (package:flutter/src/widgets/framework.dart:4587:20)
#44     MultiChildRenderObjectElement.inflateWidget (package:flutter/src/widgets/framework.dart:7264:36)
#45     MultiChildRenderObjectElement.mount (package:flutter/src/widgets/framework.dart:7279:32)
#46     Element.inflateWidget (package:flutter/src/widgets/framework.dart:4587:20)
#47     Element.updateChild (package:flutter/src/widgets/framework.dart:4059:18)
#48     ComponentElement.performRebuild (package:flutter/src/widgets/framework.dart:5841:16)
#49     Element.rebuild (package:flutter/src/widgets/framework.dart:5529:7)
#50     ComponentElement._firstBuild (package:flutter/src/widgets/framework.dart:5799:5)
#51     ComponentElement.mount (package:flutter/src/widgets/framework.dart:5793:5)
#52     Element.inflateWidget (package:flutter/src/widgets/framework.dart:4587:20)
#53     Element.updateChild (package:flutter/src/widgets/framework.dart:4059:18)
#54     ComponentElement.performRebuild (package:flutter/src/widgets/framework.dart:5841:16)
#55     StatefulElement.performRebuild (package:flutter/src/widgets/framework.dart:5982:11)
#56     Element.rebuild (package:flutter/src/widgets/framework.dart:5529:7)
#57     ComponentElement._firstBuild (package:flutter/src/widgets/framework.dart:5799:5)
#58     StatefulElement._firstBuild (package:flutter/src/widgets/framework.dart:5973:11)
#59     ComponentElement.mount (package:flutter/src/widgets/framework.dart:5793:5)
#60     Element.inflateWidget (package:flutter/src/widgets/framework.dart:4587:20)
#61     Element.updateChild (package:flutter/src/widgets/framework.dart:4059:18)
#62     ComponentElement.performRebuild (package:flutter/src/widgets/framework.dart:5841:16)
#63     Element.rebuild (package:flutter/src/widgets/framework.dart:5529:7)
#64     ComponentElement._firstBuild (package:flutter/src/widgets/framework.dart:5799:5)
#65     ComponentElement.mount (package:flutter/src/widgets/framework.dart:5793:5)
#66     Element.inflateWidget (package:flutter/src/widgets/framework.dart:4587:20)
#67     Element.updateChild (package:flutter/src/widgets/framework.dart:4059:18)
#68     ComponentElement.performRebuild (package:flutter/src/widgets/framework.dart:5841:16)
#69     Element.rebuild (package:flutter/src/widgets/framework.dart:5529:7)
#70     ComponentElement._firstBuild (package:flutter/src/widgets/framework.dart:5799:5)
#71     ComponentElement.mount (package:flutter/src/widgets/framework.dart:5793:5)
#72     Element.inflateWidget (package:flutter/src/widgets/framework.dart:4587:20)
#73     Element.updateChild (package:flutter/src/widgets/framework.dart:4059:18)
#74     ComponentElement.performRebuild (package:flutter/src/widgets/framework.dart:5841:16)
#75     StatefulElement.performRebuild (package:flutter/src/widgets/framework.dart:5982:11)
#76     Element.rebuild (package:flutter/src/widgets/framework.dart:5529:7)
#77     ComponentElement._firstBuild (package:flutter/src/widgets/framework.dart:5799:5)
#78     StatefulElement._firstBuild (package:flutter/src/widgets/framework.dart:5973:11)
#79     ComponentElement.mount (package:flutter/src/widgets/framework.dart:5793:5)
#80     Element.inflateWidget (package:flutter/src/widgets/framework.dart:4587:20)
#81     Element.updateChild (package:flutter/src/widgets/framework.dart:4059:18)
#82     SingleChildRenderObjectElement.mount (package:flutter/src/widgets/framework.dart:7115:14)
#83     Element.inflateWidget (package:flutter/src/widgets/framework.dart:4587:20)
#84     Element.updateChild (package:flutter/src/widgets/framework.dart:4059:18)
#85     ComponentElement.performRebuild (package:flutter/src/widgets/framework.dart:5841:16)
#86     Element.rebuild (package:flutter/src/widgets/framework.dart:5529:7)
#87     ComponentElement._firstBuild (package:flutter/src/widgets/framework.dart:5799:5)
#88     ComponentElement.mount (package:flutter/src/widgets/framework.dart:5793:5)
#89     Element.inflateWidget (package:flutter/src/widgets/framework.dart:4587:20)
#90     Element.updateChild (package:flutter/src/widgets/framework.dart:4059:18)
#91     SingleChildRenderObjectElement.mount (package:flutter/src/widgets/framework.dart:7115:14)
#92     Element.inflateWidget (package:flutter/src/widgets/framework.dart:4587:20)
#93     Element.updateChild (package:flutter/src/widgets/framework.dart:4059:18)
#94     ComponentElement.performRebuild (package:flutter/src/widgets/framework.dart:5841:16)
#95     StatefulElement.performRebuild (package:flutter/src/widgets/framework.dart:5982:11)
#96     Element.rebuild (package:flutter/src/widgets/framework.dart:5529:7)
#97     ComponentElement._firstBuild (package:flutter/src/widgets/framework.dart:5799:5)
#98     StatefulElement._firstBuild (package:flutter/src/widgets/framework.dart:5973:11)
#99     ComponentElement.mount (package:flutter/src/widgets/framework.dart:5793:5)
#100    Element.inflateWidget (package:flutter/src/widgets/framework.dart:4587:20)
#101    Element.updateChild (package:flutter/src/widgets/framework.dart:4059:18)
#102    ComponentElement.performRebuild (package:flutter/src/widgets/framework.dart:5841:16)
#103    StatefulElement.performRebuild (package:flutter/src/widgets/framework.dart:5982:11)
#104    Element.rebuild (package:flutter/src/widgets/framework.dart:5529:7)
#105    ComponentElement._firstBuild (package:flutter/src/widgets/framework.dart:5799:5)
#106    StatefulElement._firstBuild (package:flutter/src/widgets/framework.dart:5973:11)
#107    ComponentElement.mount (package:flutter/src/widgets/framework.dart:5793:5)
#108    Element.inflateWidget (package:flutter/src/widgets/framework.dart:4587:20)
#109    Element.updateChild (package:flutter/src/widgets/framework.dart:4059:18)
#110    ComponentElement.performRebuild (package:flutter/src/widgets/framework.dart:5841:16)
#111    Element.rebuild (package:flutter/src/widgets/framework.dart:5529:7)
#112    ComponentElement._firstBuild (package:flutter/src/widgets/framework.dart:5799:5)
#113    ComponentElement.mount (package:flutter/src/widgets/framework.dart:5793:5)
#114    Element.inflateWidget (package:flutter/src/widgets/framework.dart:4587:20)
#115    Element.updateChild (package:flutter/src/widgets/framework.dart:4059:18)
#116    ComponentElement.performRebuild (package:flutter/src/widgets/framework.dart:5841:16)
#117    Element.rebuild (package:flutter/src/widgets/framework.dart:5529:7)
#118    ComponentElement._firstBuild (package:flutter/src/widgets/framework.dart:5799:5)
#119    ComponentElement.mount (package:flutter/src/widgets/framework.dart:5793:5)
#120    Element.inflateWidget (package:flutter/src/widgets/framework.dart:4587:20)
#121    Element.updateChild (package:flutter/src/widgets/framework.dart:4059:18)
#122    ComponentElement.performRebuild (package:flutter/src/widgets/framework.dart:5841:16)
#123    Element.rebuild (package:flutter/src/widgets/framework.dart:5529:7)
#124    ComponentElement._firstBuild (package:flutter/src/widgets/framework.dart:5799:5)
#125    ComponentElement.mount (package:flutter/src/widgets/framework.dart:5793:5)
#126    Element.inflateWidget (package:flutter/src/widgets/framework.dart:4587:20)
#127    Element.updateChild (package:flutter/src/widgets/framework.dart:4059:18)
#128    ComponentElement.performRebuild (package:flutter/src/widgets/framework.dart:5841:16)
#129    StatefulElement.performRebuild (package:flutter/src/widgets/framework.dart:5982:11)
#130    Element.rebuild (package:flutter/src/widgets/framework.dart:5529:7)
#131    ComponentElement._firstBuild (package:flutter/src/widgets/framework.dart:5799:5)
#132    StatefulElement._firstBuild (package:flutter/src/widgets/framework.dart:5973:11)
#133    ComponentElement.mount (package:flutter/src/widgets/framework.dart:5793:5)
#134    Element.inflateWidget (package:flutter/src/widgets/framework.dart:4587:20)
#135    Element.updateChild (package:flutter/src/widgets/framework.dart:4059:18)
#136    ComponentElement.performRebuild (package:flutter/src/widgets/framework.dart:5841:16)
#137    Element.rebuild (package:flutter/src/widgets/framework.dart:5529:7)
#138    ComponentElement._firstBuild (package:flutter/src/widgets/framework.dart:5799:5)
#139    ComponentElement.mount (package:flutter/src/widgets/framework.dart:5793:5)
#140    Element.inflateWidget (package:flutter/src/widgets/framework.dart:4587:20)
#141    Element.updateChild (package:flutter/src/widgets/framework.dart:4059:18)
#142    ComponentElement.performRebuild (package:flutter/src/widgets/framework.dart:5841:16)
#143    StatefulElement.performRebuild (package:flutter/src/widgets/framework.dart:5982:11)
#144    Element.rebuild (package:flutter/src/widgets/framework.dart:5529:7)
#145    ComponentElement._firstBuild (package:flutter/src/widgets/framework.dart:5799:5)
#146    StatefulElement._firstBuild (package:flutter/src/widgets/framework.dart:5973:11)
#147    ComponentElement.mount (package:flutter/src/widgets/framework.dart:5793:5)
#148    Element.inflateWidget (package:flutter/src/widgets/framework.dart:4587:20)
#149    Element.updateChild (package:flutter/src/widgets/framework.dart:4059:18)
#150    SingleChildRenderObjectElement.mount (package:flutter/src/widgets/framework.dart:7115:14)
#151    Element.inflateWidget (package:flutter/src/widgets/framework.dart:4587:20)
#152    Element.updateChild (package:flutter/src/widgets/framework.dart:4059:18)
#153    ComponentElement.performRebuild (package:flutter/src/widgets/framework.dart:5841:16)
#154    Element.rebuild (package:flutter/src/widgets/framework.dart:5529:7)
#155    ComponentElement._firstBuild (package:flutter/src/widgets/framework.dart:5799:5)
#156    ComponentElement.mount (package:flutter/src/widgets/framework.dart:5793:5)
#157    Element.inflateWidget (package:flutter/src/widgets/framework.dart:4587:20)
#158    Element.updateChild (package:flutter/src/widgets/framework.dart:4059:18)
#159    SingleChildRenderObjectElement.mount (package:flutter/src/widgets/framework.dart:7115:14)
#160    Element.inflateWidget (package:flutter/src/widgets/framework.dart:4587:20)
#161    Element.updateChild (package:flutter/src/widgets/framework.dart:4059:18)
#162    SingleChildRenderObjectElement.mount (package:flutter/src/widgets/framework.dart:7115:14)
#163    Element.inflateWidget (package:flutter/src/widgets/framework.dart:4587:20)
#164    Element.updateChild (package:flutter/src/widgets/framework.dart:4059:18)
#165    ComponentElement.performRebuild (package:flutter/src/widgets/framework.dart:5841:16)
#166    StatefulElement.performRebuild (package:flutter/src/widgets/framework.dart:5982:11)
#167    Element.rebuild (package:flutter/src/widgets/framework.dart:5529:7)
#168    ComponentElement._firstBuild (package:flutter/src/widgets/framework.dart:5799:5)
#169    StatefulElement._firstBuild (package:flutter/src/widgets/framework.dart:5973:11)
#170    ComponentElement.mount (package:flutter/src/widgets/framework.dart:5793:5)
#171    Element.inflateWidget (package:flutter/src/widgets/framework.dart:4587:20)
#172    Element.updateChild (package:flutter/src/widgets/framework.dart:4059:18)
#173    SingleChildRenderObjectElement.mount (package:flutter/src/widgets/framework.dart:7115:14)
#174    Element.inflateWidget (package:flutter/src/widgets/framework.dart:4587:20)
#175    Element.updateChild (package:flutter/src/widgets/framework.dart:4059:18)
#176    ComponentElement.performRebuild (package:flutter/src/widgets/framework.dart:5841:16)
#177    StatefulElement.performRebuild (package:flutter/src/widgets/framework.dart:5982:11)
#178    Element.rebuild (package:flutter/src/widgets/framework.dart:5529:7)
#179    ComponentElement._firstBuild (package:flutter/src/widgets/framework.dart:5799:5)
#180    StatefulElement._firstBuild (package:flutter/src/widgets/framework.dart:5973:11)
#181    ComponentElement.mount (package:flutter/src/widgets/framework.dart:5793:5)
#182    Element.inflateWidget (package:flutter/src/widgets/framework.dart:4587:20)
#183    Element.updateChild (package:flutter/src/widgets/framework.dart:4059:18)
#184    SingleChildRenderObjectElement.mount (package:flutter/src/widgets/framework.dart:7115:14)
#185    Element.inflateWidget (package:flutter/src/widgets/framework.dart:4587:20)
#186    Element.updateChild (package:flutter/src/widgets/framework.dart:4059:18)
#187    SingleChildRenderObjectElement.mount (package:flutter/src/widgets/framework.dart:7115:14)
#188    Element.inflateWidget (package:flutter/src/widgets/framework.dart:4587:20)
#189    Element.updateChild (package:flutter/src/widgets/framework.dart:4059:18)
#190    ComponentElement.performRebuild (package:flutter/src/widgets/framework.dart:5841:16)
#191    StatefulElement.performRebuild (package:flutter/src/widgets/framework.dart:5982:11)
#192    Element.rebuild (package:flutter/src/widgets/framework.dart:5529:7)
#193    ComponentElement._firstBuild (package:flutter/src/widgets/framework.dart:5799:5)
#194    StatefulElement._firstBuild (package:flutter/src/widgets/framework.dart:5973:11)
#195    ComponentElement.mount (package:flutter/src/widgets/framework.dart:5793:5)
#196    Element.inflateWidget (package:flutter/src/widgets/framework.dart:4587:20)
#197    Element.updateChild (package:flutter/src/widgets/framework.dart:4059:18)
#198    SingleChildRenderObjectElement.mount (package:flutter/src/widgets/framework.dart:7115:14)
#199    Element.inflateWidget (package:flutter/src/widgets/framework.dart:4587:20)
#200    Element.updateChild (package:flutter/src/widgets/framework.dart:4059:18)
#201    ComponentElement.performRebuild (package:flutter/src/widgets/framework.dart:5841:16)
#202    StatefulElement.performRebuild (package:flutter/src/widgets/framework.dart:5982:11)
#203    Element.rebuild (package:flutter/src/widgets/framework.dart:5529:7)
#204    ComponentElement._firstBuild (package:flutter/src/widgets/framework.dart:5799:5)
#205    StatefulElement._firstBuild (package:flutter/src/widgets/framework.dart:5973:11)
#206    ComponentElement.mount (package:flutter/src/widgets/framework.dart:5793:5)
#207    Element.inflateWidget (package:flutter/src/widgets/framework.dart:4587:20)
#208    Element.updateChild (package:flutter/src/widgets/framework.dart:4059:18)
#209    SingleChildRenderObjectElement.mount (package:flutter/src/widgets/framework.dart:7115:14)
#210    Element.inflateWidget (package:flutter/src/widgets/framework.dart:4587:20)
#211    Element.updateChild (package:flutter/src/widgets/framework.dart:4059:18)
#212    SingleChildRenderObjectElement.mount (package:flutter/src/widgets/framework.dart:7115:14)
#213    Element.inflateWidget (package:flutter/src/widgets/framework.dart:4587:20)
#214    Element.updateChild (package:flutter/src/widgets/framework.dart:4059:18)
#215    ComponentElement.performRebuild (package:flutter/src/widgets/framework.dart:5841:16)
#216    StatefulElement.performRebuild (package:flutter/src/widgets/framework.dart:5982:11)
#217    Element.rebuild (package:flutter/src/widgets/framework.dart:5529:7)
#218    ComponentElement._firstBuild (package:flutter/src/widgets/framework.dart:5799:5)
#219    StatefulElement._firstBuild (package:flutter/src/widgets/framework.dart:5973:11)
#220    ComponentElement.mount (package:flutter/src/widgets/framework.dart:5793:5)
#221    Element.inflateWidget (package:flutter/src/widgets/framework.dart:4587:20)
#222    Element.updateChild (package:flutter/src/widgets/framework.dart:4059:18)
#223    SingleChildRenderObjectElement.mount (package:flutter/src/widgets/framework.dart:7115:14)
#224    Element.inflateWidget (package:flutter/src/widgets/framework.dart:4587:20)
#225    Element.updateChild (package:flutter/src/widgets/framework.dart:4059:18)
#226    SingleChildRenderObjectElement.mount (package:flutter/src/widgets/framework.dart:7115:14)
#227    Element.inflateWidget (package:flutter/src/widgets/framework.dart:4587:20)
#228    Element.updateChild (package:flutter/src/widgets/framework.dart:4059:18)
#229    SingleChildRenderObjectElement.mount (package:flutter/src/widgets/framework.dart:7115:14)
#230    Element.inflateWidget (package:flutter/src/widgets/framework.dart:4587:20)
#231    Element.updateChild (package:flutter/src/widgets/framework.dart:4059:18)
#232    ComponentElement.performRebuild (package:flutter/src/widgets/framework.dart:5841:16)
#233    StatefulElement.performRebuild (package:flutter/src/widgets/framework.dart:5982:11)
#234    Element.rebuild (package:flutter/src/widgets/framework.dart:5529:7)
#235    ComponentElement._firstBuild (package:flutter/src/widgets/framework.dart:5799:5)
#236    StatefulElement._firstBuild (package:flutter/src/widgets/framework.dart:5973:11)
#237    ComponentElement.mount (package:flutter/src/widgets/framework.dart:5793:5)
#238    Element.inflateWidget (package:flutter/src/widgets/framework.dart:4587:20)
#239    Element.updateChild (package:flutter/src/widgets/framework.dart:4059:18)
#240    SingleChildRenderObjectElement.mount (package:flutter/src/widgets/framework.dart:7115:14)
#241    Element.inflateWidget (package:flutter/src/widgets/framework.dart:4587:20)
#242    Element.updateChild (package:flutter/src/widgets/framework.dart:4059:18)
#243    ComponentElement.performRebuild (package:flutter/src/widgets/framework.dart:5841:16)
#244    StatefulElement.performRebuild (package:flutter/src/widgets/framework.dart:5982:11)
#245    Element.rebuild (package:flutter/src/widgets/framework.dart:5529:7)
#246    ComponentElement._firstBuild (package:flutter/src/widgets/framework.dart:5799:5)
#247    StatefulElement._firstBuild (package:flutter/src/widgets/framework.dart:5973:11)
#248    ComponentElement.mount (package:flutter/src/widgets/framework.dart:5793:5)
#249    Element.inflateWidget (package:flutter/src/widgets/framework.dart:4587:20)
#250    Element.updateChild (package:flutter/src/widgets/framework.dart:4059:18)
#251    ComponentElement.performRebuild (package:flutter/src/widgets/framework.dart:5841:16)
#252    Element.rebuild (package:flutter/src/widgets/framework.dart:5529:7)
#253    ComponentElement._firstBuild (package:flutter/src/widgets/framework.dart:5799:5)
#254    ComponentElement.mount (package:flutter/src/widgets/framework.dart:5793:5)
#255    Element.inflateWidget (package:flutter/src/widgets/framework.dart:4587:20)
#256    Element.updateChild (package:flutter/src/widgets/framework.dart:4059:18)
#257    ComponentElement.performRebuild (package:flutter/src/widgets/framework.dart:5841:16)
#258    StatefulElement.performRebuild (package:flutter/src/widgets/framework.dart:5982:11)
#259    Element.rebuild (package:flutter/src/widgets/framework.dart:5529:7)
#260    ComponentElement._firstBuild (package:flutter/src/widgets/framework.dart:5799:5)
#261    StatefulElement._firstBuild (package:flutter/src/widgets/framework.dart:5973:11)
#262    ComponentElement.mount (package:flutter/src/widgets/framework.dart:5793:5)
#263    Element.inflateWidget (package:flutter/src/widgets/framework.dart:4587:20)
#264    Element.updateChild (package:flutter/src/widgets/framework.dart:4059:18)
#265    ComponentElement.performRebuild (package:flutter/src/widgets/framework.dart:5841:16)
#266    StatefulElement.performRebuild (package:flutter/src/widgets/framework.dart:5982:11)
#267    Element.rebuild (package:flutter/src/widgets/framework.dart:5529:7)
#268    ComponentElement._firstBuild (package:flutter/src/widgets/framework.dart:5799:5)
#269    StatefulElement._firstBuild (package:flutter/src/widgets/framework.dart:5973:11)
#270    ComponentElement.mount (package:flutter/src/widgets/framework.dart:5793:5)
#271    Element.inflateWidget (package:flutter/src/widgets/framework.dart:4587:20)
#272    Element.updateChild (package:flutter/src/widgets/framework.dart:4059:18)
#273    ComponentElement.performRebuild (package:flutter/src/widgets/framework.dart:5841:16)
#274    StatefulElement.performRebuild (package:flutter/src/widgets/framework.dart:5982:11)
#275    Element.rebuild (package:flutter/src/widgets/framework.dart:5529:7)
#276    ComponentElement._firstBuild (package:flutter/src/widgets/framework.dart:5799:5)
#277    StatefulElement._firstBuild (package:flutter/src/widgets/framework.dart:5973:11)
#278    ComponentElement.mount (package:flutter/src/widgets/framework.dart:5793:5)
#279    Element.inflateWidget (package:flutter/src/widgets/framework.dart:4587:20)
#280    Element.updateChild (package:flutter/src/widgets/framework.dart:4059:18)
#281    SingleChildRenderObjectElement.mount (package:flutter/src/widgets/framework.dart:7115:14)
#282    Element.inflateWidget (package:flutter/src/widgets/framework.dart:4587:20)
#283    Element.updateChild (package:flutter/src/widgets/framework.dart:4059:18)
#284    ComponentElement.performRebuild (package:flutter/src/widgets/framework.dart:5841:16)
#285    Element.rebuild (package:flutter/src/widgets/framework.dart:5529:7)
#286    ComponentElement._firstBuild (package:flutter/src/widgets/framework.dart:5799:5)
#287    ComponentElement.mount (package:flutter/src/widgets/framework.dart:5793:5)
#288    Element.inflateWidget (package:flutter/src/widgets/framework.dart:4587:20)
#289    Element.updateChild (package:flutter/src/widgets/framework.dart:4059:18)
#290    SingleChildRenderObjectElement.mount (package:flutter/src/widgets/framework.dart:7115:14)
#291    Element.inflateWidget (package:flutter/src/widgets/framework.dart:4587:20)
#292    Element.updateChild (package:flutter/src/widgets/framework.dart:4059:18)
#293    ComponentElement.performRebuild (package:flutter/src/widgets/framework.dart:5841:16)
#294    StatefulElement.performRebuild (package:flutter/src/widgets/framework.dart:5982:11)
#295    Element.rebuild (package:flutter/src/widgets/framework.dart:5529:7)
#296    ComponentElement._firstBuild (package:flutter/src/widgets/framework.dart:5799:5)
#297    StatefulElement._firstBuild (package:flutter/src/widgets/framework.dart:5973:11)
#298    ComponentElement.mount (package:flutter/src/widgets/framework.dart:5793:5)
#299    Element.inflateWidget (package:flutter/src/widgets/framework.dart:4587:20)
#300    Element.updateChild (package:flutter/src/widgets/framework.dart:4059:18)
#301    ComponentElement.performRebuild (package:flutter/src/widgets/framework.dart:5841:16)
#302    Element.rebuild (package:flutter/src/widgets/framework.dart:5529:7)
#303    ComponentElement._firstBuild (package:flutter/src/widgets/framework.dart:5799:5)
#304    ComponentElement.mount (package:flutter/src/widgets/framework.dart:5793:5)
#305    Element.inflateWidget (package:flutter/src/widgets/framework.dart:4587:20)
#306    Element.updateChild (package:flutter/src/widgets/framework.dart:4059:18)
#307    ComponentElement.performRebuild (package:flutter/src/widgets/framework.dart:5841:16)
#308    Element.rebuild (package:flutter/src/widgets/framework.dart:5529:7)
#309    ComponentElement._firstBuild (package:flutter/src/widgets/framework.dart:5799:5)
#310    ComponentElement.mount (package:flutter/src/widgets/framework.dart:5793:5)
#311    Element.inflateWidget (package:flutter/src/widgets/framework.dart:4587:20)
#312    Element.updateChild (package:flutter/src/widgets/framework.dart:4059:18)
#313    ComponentElement.performRebuild (package:flutter/src/widgets/framework.dart:5841:16)
#314    StatefulElement.performRebuild (package:flutter/src/widgets/framework.dart:5982:11)
#315    Element.rebuild (package:flutter/src/widgets/framework.dart:5529:7)
#316    ComponentElement._firstBuild (package:flutter/src/widgets/framework.dart:5799:5)
#317    StatefulElement._firstBuild (package:flutter/src/widgets/framework.dart:5973:11)
#318    ComponentElement.mount (package:flutter/src/widgets/framework.dart:5793:5)
#319    Element.inflateWidget (package:flutter/src/widgets/framework.dart:4587:20)
#320    Element.updateChild (package:flutter/src/widgets/framework.dart:4059:18)
#321    ComponentElement.performRebuild (package:flutter/src/widgets/framework.dart:5841:16)
#322    Element.rebuild (package:flutter/src/widgets/framework.dart:5529:7)
#323    ComponentElement._firstBuild (package:flutter/src/widgets/framework.dart:5799:5)
#324    ComponentElement.mount (package:flutter/src/widgets/framework.dart:5793:5)
#325    Element.inflateWidget (package:flutter/src/widgets/framework.dart:4587:20)
#326    Element.updateChild (package:flutter/src/widgets/framework.dart:4059:18)
#327    ComponentElement.performRebuild (package:flutter/src/widgets/framework.dart:5841:16)
#328    Element.rebuild (package:flutter/src/widgets/framework.dart:5529:7)
#329    ComponentElement._firstBuild (package:flutter/src/widgets/framework.dart:5799:5)
#330    ComponentElement.mount (package:flutter/src/widgets/framework.dart:5793:5)
#331    Element.inflateWidget (package:flutter/src/widgets/framework.dart:4587:20)
#332    Element.updateChild (package:flutter/src/widgets/framework.dart:4059:18)
#333    SingleChildRenderObjectElement.mount (package:flutter/src/widgets/framework.dart:7115:14)
#334    Element.inflateWidget (package:flutter/src/widgets/framework.dart:4587:20)
#335    Element.updateChild (package:flutter/src/widgets/framework.dart:4059:18)
#336    ComponentElement.performRebuild (package:flutter/src/widgets/framework.dart:5841:16)
#337    Element.rebuild (package:flutter/src/widgets/framework.dart:5529:7)
#338    ComponentElement._firstBuild (package:flutter/src/widgets/framework.dart:5799:5)
#339    ComponentElement.mount (package:flutter/src/widgets/framework.dart:5793:5)
#340    Element.inflateWidget (package:flutter/src/widgets/framework.dart:4587:20)
#341    Element.updateChild (package:flutter/src/widgets/framework.dart:4059:18)
#342    ComponentElement.performRebuild (package:flutter/src/widgets/framework.dart:5841:16)
#343    Element.rebuild (package:flutter/src/widgets/framework.dart:5529:7)
#344    ComponentElement._firstBuild (package:flutter/src/widgets/framework.dart:5799:5)
#345    ComponentElement.mount (package:flutter/src/widgets/framework.dart:5793:5)
#346    Element.inflateWidget (package:flutter/src/widgets/framework.dart:4587:20)
#347    Element.updateChild (package:flutter/src/widgets/framework.dart:4059:18)
#348    ComponentElement.performRebuild (package:flutter/src/widgets/framework.dart:5841:16)
#349    StatefulElement.performRebuild (package:flutter/src/widgets/framework.dart:5982:11)
#350    Element.rebuild (package:flutter/src/widgets/framework.dart:5529:7)
#351    ComponentElement._firstBuild (package:flutter/src/widgets/framework.dart:5799:5)
#352    StatefulElement._firstBuild (package:flutter/src/widgets/framework.dart:5973:11)
#353    ComponentElement.mount (package:flutter/src/widgets/framework.dart:5793:5)
#354    Element.inflateWidget (package:flutter/src/widgets/framework.dart:4587:20)
#355    Element.updateChild (package:flutter/src/widgets/framework.dart:4059:18)
#356    ComponentElement.performRebuild (package:flutter/src/widgets/framework.dart:5841:16)
#357    StatefulElement.performRebuild (package:flutter/src/widgets/framework.dart:5982:11)
#358    Element.rebuild (package:flutter/src/widgets/framework.dart:5529:7)
#359    ComponentElement._firstBuild (package:flutter/src/widgets/framework.dart:5799:5)
#360    StatefulElement._firstBuild (package:flutter/src/widgets/framework.dart:5973:11)
#361    ComponentElement.mount (package:flutter/src/widgets/framework.dart:5793:5)
#362    Element.inflateWidget (package:flutter/src/widgets/framework.dart:4587:20)
#363    Element.updateChild (package:flutter/src/widgets/framework.dart:4059:18)
#364    ComponentElement.performRebuild (package:flutter/src/widgets/framework.dart:5841:16)
#365    StatefulElement.performRebuild (package:flutter/src/widgets/framework.dart:5982:11)
#366    Element.rebuild (package:flutter/src/widgets/framework.dart:5529:7)
#367    ComponentElement._firstBuild (package:flutter/src/widgets/framework.dart:5799:5)
#368    StatefulElement._firstBuild (package:flutter/src/widgets/framework.dart:5973:11)
#369    ComponentElement.mount (package:flutter/src/widgets/framework.dart:5793:5)
#370    Element.inflateWidget (package:flutter/src/widgets/framework.dart:4587:20)
#371    Element.updateChild (package:flutter/src/widgets/framework.dart:4059:18)
#372    SingleChildRenderObjectElement.mount (package:flutter/src/widgets/framework.dart:7115:14)
#373    Element.inflateWidget (package:flutter/src/widgets/framework.dart:4587:20)
#374    Element.updateChild (package:flutter/src/widgets/framework.dart:4059:18)
#375    ComponentElement.performRebuild (package:flutter/src/widgets/framework.dart:5841:16)
#376    Element.rebuild (package:flutter/src/widgets/framework.dart:5529:7)
#377    ComponentElement._firstBuild (package:flutter/src/widgets/framework.dart:5799:5)
#378    ComponentElement.mount (package:flutter/src/widgets/framework.dart:5793:5)
#379    Element.inflateWidget (package:flutter/src/widgets/framework.dart:4587:20)
#380    Element.updateChild (package:flutter/src/widgets/framework.dart:4059:18)
#381    ComponentElement.performRebuild (package:flutter/src/widgets/framework.dart:5841:16)
#382    Element.rebuild (package:flutter/src/widgets/framework.dart:5529:7)
#383    ComponentElement._firstBuild (package:flutter/src/widgets/framework.dart:5799:5)
#384    ComponentElement.mount (package:flutter/src/widgets/framework.dart:5793:5)
#385    Element.inflateWidget (package:flutter/src/widgets/framework.dart:4587:20)
#386    Element.updateChild (package:flutter/src/widgets/framework.dart:4059:18)
#387    ComponentElement.performRebuild (package:flutter/src/widgets/framework.dart:5841:16)
#388    Element.rebuild (package:flutter/src/widgets/framework.dart:5529:7)
#389    ComponentElement._firstBuild (package:flutter/src/widgets/framework.dart:5799:5)
#390    ComponentElement.mount (package:flutter/src/widgets/framework.dart:5793:5)
#391    Element.inflateWidget (package:flutter/src/widgets/framework.dart:4587:20)
#392    Element.updateChild (package:flutter/src/widgets/framework.dart:4059:18)
#393    ComponentElement.performRebuild (package:flutter/src/widgets/framework.dart:5841:16)
#394    StatefulElement.performRebuild (package:flutter/src/widgets/framework.dart:5982:11)
#395    Element.rebuild (package:flutter/src/widgets/framework.dart:5529:7)
#396    ComponentElement._firstBuild (package:flutter/src/widgets/framework.dart:5799:5)
#397    StatefulElement._firstBuild (package:flutter/src/widgets/framework.dart:5973:11)
#398    ComponentElement.mount (package:flutter/src/widgets/framework.dart:5793:5)
#399    Element.inflateWidget (package:flutter/src/widgets/framework.dart:4587:20)
#400    Element.updateChild (package:flutter/src/widgets/framework.dart:4059:18)
#401    ComponentElement.performRebuild (package:flutter/src/widgets/framework.dart:5841:16)
#402    StatefulElement.performRebuild (package:flutter/src/widgets/framework.dart:5982:11)
#403    Element.rebuild (package:flutter/src/widgets/framework.dart:5529:7)
#404    ComponentElement._firstBuild (package:flutter/src/widgets/framework.dart:5799:5)
#405    StatefulElement._firstBuild (package:flutter/src/widgets/framework.dart:5973:11)
#406    ComponentElement.mount (package:flutter/src/widgets/framework.dart:5793:5)
#407    Element.inflateWidget (package:flutter/src/widgets/framework.dart:4587:20)
#408    MultiChildRenderObjectElement.inflateWidget (package:flutter/src/widgets/framework.dart:7264:36)
#409    MultiChildRenderObjectElement.mount (package:flutter/src/widgets/framework.dart:7279:32)
#410    Element.inflateWidget (package:flutter/src/widgets/framework.dart:4587:20)
#411    Element.updateChild (package:flutter/src/widgets/framework.dart:4059:18)
#412    ComponentElement.performRebuild (package:flutter/src/widgets/framework.dart:5841:16)
#413    StatefulElement.performRebuild (package:flutter/src/widgets/framework.dart:5982:11)
#414    Element.rebuild (package:flutter/src/widgets/framework.dart:5529:7)
#415    ComponentElement._firstBuild (package:flutter/src/widgets/framework.dart:5799:5)
#416    StatefulElement._firstBuild (package:flutter/src/widgets/framework.dart:5973:11)
#417    ComponentElement.mount (package:flutter/src/widgets/framework.dart:5793:5)
#418    Element.inflateWidget (package:flutter/src/widgets/framework.dart:4587:20)
#419    Element.updateChild (package:flutter/src/widgets/framework.dart:4059:18)
#420    ComponentElement.performRebuild (package:flutter/src/widgets/framework.dart:5841:16)
#421    Element.rebuild (package:flutter/src/widgets/framework.dart:5529:7)
#422    ComponentElement._firstBuild (package:flutter/src/widgets/framework.dart:5799:5)
#423    ComponentElement.mount (package:flutter/src/widgets/framework.dart:5793:5)
#424    Element.inflateWidget (package:flutter/src/widgets/framework.dart:4587:20)
#425    Element.updateChild (package:flutter/src/widgets/framework.dart:4059:18)
#426    ComponentElement.performRebuild (package:flutter/src/widgets/framework.dart:5841:16)
#427    Element.rebuild (package:flutter/src/widgets/framework.dart:5529:7)
#428    ComponentElement._firstBuild (package:flutter/src/widgets/framework.dart:5799:5)
#429    ComponentElement.mount (package:flutter/src/widgets/framework.dart:5793:5)
#430    Element.inflateWidget (package:flutter/src/widgets/framework.dart:4587:20)
#431    Element.updateChild (package:flutter/src/widgets/framework.dart:4059:18)
#432    ComponentElement.performRebuild (package:flutter/src/widgets/framework.dart:5841:16)
#433    StatefulElement.performRebuild (package:flutter/src/widgets/framework.dart:5982:11)
#434    Element.rebuild (package:flutter/src/widgets/framework.dart:5529:7)
#435    ComponentElement._firstBuild (package:flutter/src/widgets/framework.dart:5799:5)
#436    StatefulElement._firstBuild (package:flutter/src/widgets/framework.dart:5973:11)
#437    ComponentElement.mount (package:flutter/src/widgets/framework.dart:5793:5)
#438    Element.inflateWidget (package:flutter/src/widgets/framework.dart:4587:20)
#439    Element.updateChild (package:flutter/src/widgets/framework.dart:4059:18)
#440    ComponentElement.performRebuild (package:flutter/src/widgets/framework.dart:5841:16)
#441    Element.rebuild (package:flutter/src/widgets/framework.dart:5529:7)
#442    ComponentElement._firstBuild (package:flutter/src/widgets/framework.dart:5799:5)
#443    ComponentElement.mount (package:flutter/src/widgets/framework.dart:5793:5)
#444    Element.inflateWidget (package:flutter/src/widgets/framework.dart:4587:20)
#445    Element.updateChild (package:flutter/src/widgets/framework.dart:4059:18)
#446    ComponentElement.performRebuild (package:flutter/src/widgets/framework.dart:5841:16)
#447    StatefulElement.performRebuild (package:flutter/src/widgets/framework.dart:5982:11)
#448    Element.rebuild (package:flutter/src/widgets/framework.dart:5529:7)
#449    ComponentElement._firstBuild (package:flutter/src/widgets/framework.dart:5799:5)
#450    StatefulElement._firstBuild (package:flutter/src/widgets/framework.dart:5973:11)
#451    ComponentElement.mount (package:flutter/src/widgets/framework.dart:5793:5)
#452    Element.inflateWidget (package:flutter/src/widgets/framework.dart:4587:20)
#453    Element.updateChild (package:flutter/src/widgets/framework.dart:4059:18)
#454    ComponentElement.performRebuild (package:flutter/src/widgets/framework.dart:5841:16)
#455    StatefulElement.performRebuild (package:flutter/src/widgets/framework.dart:5982:11)
#456    Element.rebuild (package:flutter/src/widgets/framework.dart:5529:7)
#457    ComponentElement._firstBuild (package:flutter/src/widgets/framework.dart:5799:5)
#458    StatefulElement._firstBuild (package:flutter/src/widgets/framework.dart:5973:11)
#459    ComponentElement.mount (package:flutter/src/widgets/framework.dart:5793:5)
#460    Element.inflateWidget (package:flutter/src/widgets/framework.dart:4587:20)
#461    Element.updateChild (package:flutter/src/widgets/framework.dart:4059:18)
#462    SingleChildRenderObjectElement.mount (package:flutter/src/widgets/framework.dart:7115:14)
#463    Element.inflateWidget (package:flutter/src/widgets/framework.dart:4587:20)
#464    Element.updateChild (package:flutter/src/widgets/framework.dart:4059:18)
#465    SingleChildRenderObjectElement.mount (package:flutter/src/widgets/framework.dart:7115:14)
#466    Element.inflateWidget (package:flutter/src/widgets/framework.dart:4587:20)
#467    Element.updateChild (package:flutter/src/widgets/framework.dart:4059:18)
#468    ComponentElement.performRebuild (package:flutter/src/widgets/framework.dart:5841:16)
#469    Element.rebuild (package:flutter/src/widgets/framework.dart:5529:7)
#470    ComponentElement._firstBuild (package:flutter/src/widgets/framework.dart:5799:5)
#471    ComponentElement.mount (package:flutter/src/widgets/framework.dart:5793:5)
#472    Element.inflateWidget (package:flutter/src/widgets/framework.dart:4587:20)
#473    Element.updateChild (package:flutter/src/widgets/framework.dart:4059:18)
#474    ComponentElement.performRebuild (package:flutter/src/widgets/framework.dart:5841:16)
#475    Element.rebuild (package:flutter/src/widgets/framework.dart:5529:7)
#476    ComponentElement._firstBuild (package:flutter/src/widgets/framework.dart:5799:5)
#477    ComponentElement.mount (package:flutter/src/widgets/framework.dart:5793:5)
#478    Element.inflateWidget (package:flutter/src/widgets/framework.dart:4587:20)
#479    Element.updateChild (package:flutter/src/widgets/framework.dart:4059:18)
#480    ComponentElement.performRebuild (package:flutter/src/widgets/framework.dart:5841:16)
#481    StatefulElement.performRebuild (package:flutter/src/widgets/framework.dart:5982:11)
#482    Element.rebuild (package:flutter/src/widgets/framework.dart:5529:7)
#483    ComponentElement._firstBuild (package:flutter/src/widgets/framework.dart:5799:5)
#484    StatefulElement._firstBuild (package:flutter/src/widgets/framework.dart:5973:11)
#485    ComponentElement.mount (package:flutter/src/widgets/framework.dart:5793:5)
#486    Element.inflateWidget (package:flutter/src/widgets/framework.dart:4587:20)
#487    Element.updateChild (package:flutter/src/widgets/framework.dart:4059:18)
#488    ComponentElement.performRebuild (package:flutter/src/widgets/framework.dart:5841:16)
#489    Element.rebuild (package:flutter/src/widgets/framework.dart:5529:7)
#490    ComponentElement._firstBuild (package:flutter/src/widgets/framework.dart:5799:5)
#491    ComponentElement.mount (package:flutter/src/widgets/framework.dart:5793:5)
#492    Element.inflateWidget (package:flutter/src/widgets/framework.dart:4587:20)
#493    Element.updateChild (package:flutter/src/widgets/framework.dart:4059:18)
#494    SingleChildRenderObjectElement.mount (package:flutter/src/widgets/framework.dart:7115:14)
#495    Element.inflateWidget (package:flutter/src/widgets/framework.dart:4587:20)
#496    Element.updateChild (package:flutter/src/widgets/framework.dart:4059:18)
#497    ComponentElement.performRebuild (package:flutter/src/widgets/framework.dart:5841:16)
#498    StatefulElement.performRebuild (package:flutter/src/widgets/framework.dart:5982:11)
#499    Element.rebuild (package:flutter/src/widgets/framework.dart:5529:7)
#500    ComponentElement._firstBuild (package:flutter/src/widgets/framework.dart:5799:5)
#501    StatefulElement._firstBuild (package:flutter/src/widgets/framework.dart:5973:11)
#502    ComponentElement.mount (package:flutter/src/widgets/framework.dart:5793:5)
#503    Element.inflateWidget (package:flutter/src/widgets/framework.dart:4587:20)
#504    Element.updateChild (package:flutter/src/widgets/framework.dart:4059:18)
#505    ComponentElement.performRebuild (package:flutter/src/widgets/framework.dart:5841:16)
#506    Element.rebuild (package:flutter/src/widgets/framework.dart:5529:7)
#507    ComponentElement._firstBuild (package:flutter/src/widgets/framework.dart:5799:5)
#508    ComponentElement.mount (package:flutter/src/widgets/framework.dart:5793:5)
#509    Element.inflateWidget (package:flutter/src/widgets/framework.dart:4587:20)
#510    Element.updateChild (package:flutter/src/widgets/framework.dart:4059:18)
#511    ComponentElement.performRebuild (package:flutter/src/widgets/framework.dart:5841:16)
#512    Element.rebuild (package:flutter/src/widgets/framework.dart:5529:7)
#513    ComponentElement._firstBuild (package:flutter/src/widgets/framework.dart:5799:5)
#514    ComponentElement.mount (package:flutter/src/widgets/framework.dart:5793:5)
#515    Element.inflateWidget (package:flutter/src/widgets/framework.dart:4587:20)
#516    Element.updateChild (package:flutter/src/widgets/framework.dart:4059:18)
#517    ComponentElement.performRebuild (package:flutter/src/widgets/framework.dart:5841:16)
#518    StatefulElement.performRebuild (package:flutter/src/widgets/framework.dart:5982:11)
#519    Element.rebuild (package:flutter/src/widgets/framework.dart:5529:7)
#520    ComponentElement._firstBuild (package:flutter/src/widgets/framework.dart:5799:5)
#521    StatefulElement._firstBuild (package:flutter/src/widgets/framework.dart:5973:11)
#522    ComponentElement.mount (package:flutter/src/widgets/framework.dart:5793:5)
#523    Element.inflateWidget (package:flutter/src/widgets/framework.dart:4587:20)
#524    Element.updateChild (package:flutter/src/widgets/framework.dart:4059:18)
#525    ComponentElement.performRebuild (package:flutter/src/widgets/framework.dart:5841:16)
#526    Element.rebuild (package:flutter/src/widgets/framework.dart:5529:7)
#527    ComponentElement._firstBuild (package:flutter/src/widgets/framework.dart:5799:5)
#528    ComponentElement.mount (package:flutter/src/widgets/framework.dart:5793:5)
#529    Element.inflateWidget (package:flutter/src/widgets/framework.dart:4587:20)
#530    Element.updateChild (package:flutter/src/widgets/framework.dart:4059:18)
#531    ComponentElement.performRebuild (package:flutter/src/widgets/framework.dart:5841:16)
#532    Element.rebuild (package:flutter/src/widgets/framework.dart:5529:7)
#533    ComponentElement._firstBuild (package:flutter/src/widgets/framework.dart:5799:5)
#534    ComponentElement.mount (package:flutter/src/widgets/framework.dart:5793:5)
#535    Element.inflateWidget (package:flutter/src/widgets/framework.dart:4587:20)
#536    Element.updateChild (package:flutter/src/widgets/framework.dart:4059:18)
#537    ComponentElement.performRebuild (package:flutter/src/widgets/framework.dart:5841:16)
#538    Element.rebuild (package:flutter/src/widgets/framework.dart:5529:7)
#539    ComponentElement._firstBuild (package:flutter/src/widgets/framework.dart:5799:5)
#540    ComponentElement.mount (package:flutter/src/widgets/framework.dart:5793:5)
#541    Element.inflateWidget (package:flutter/src/widgets/framework.dart:4587:20)
#542    Element.updateChild (package:flutter/src/widgets/framework.dart:4059:18)
#543    ComponentElement.performRebuild (package:flutter/src/widgets/framework.dart:5841:16)
#544    Element.rebuild (package:flutter/src/widgets/framework.dart:5529:7)
#545    ComponentElement._firstBuild (package:flutter/src/widgets/framework.dart:5799:5)
#546    ComponentElement.mount (package:flutter/src/widgets/framework.dart:5793:5)
#547    Element.inflateWidget (package:flutter/src/widgets/framework.dart:4587:20)
#548    Element.updateChild (package:flutter/src/widgets/framework.dart:4059:18)
#549    ComponentElement.performRebuild (package:flutter/src/widgets/framework.dart:5841:16)
#550    Element.rebuild (package:flutter/src/widgets/framework.dart:5529:7)
#551    ComponentElement._firstBuild (package:flutter/src/widgets/framework.dart:5799:5)
#552    ComponentElement.mount (package:flutter/src/widgets/framework.dart:5793:5)
#553    Element.inflateWidget (package:flutter/src/widgets/framework.dart:4587:20)
#554    Element.updateChild (package:flutter/src/widgets/framework.dart:4059:18)
#555    ComponentElement.performRebuild (package:flutter/src/widgets/framework.dart:5841:16)
#556    Element.rebuild (package:flutter/src/widgets/framework.dart:5529:7)
#557    ComponentElement._firstBuild (package:flutter/src/widgets/framework.dart:5799:5)
#558    ComponentElement.mount (package:flutter/src/widgets/framework.dart:5793:5)
#559    Element.inflateWidget (package:flutter/src/widgets/framework.dart:4587:20)
#560    Element.updateChild (package:flutter/src/widgets/framework.dart:4059:18)
#561    ComponentElement.performRebuild (package:flutter/src/widgets/framework.dart:5841:16)
#562    Element.rebuild (package:flutter/src/widgets/framework.dart:5529:7)
#563    ComponentElement._firstBuild (package:flutter/src/widgets/framework.dart:5799:5)
#564    ComponentElement.mount (package:flutter/src/widgets/framework.dart:5793:5)
#565    Element.inflateWidget (package:flutter/src/widgets/framework.dart:4587:20)
#566    Element.updateChild (package:flutter/src/widgets/framework.dart:4059:18)
#567    ComponentElement.performRebuild (package:flutter/src/widgets/framework.dart:5841:16)
#568    StatefulElement.performRebuild (package:flutter/src/widgets/framework.dart:5982:11)
#569    Element.rebuild (package:flutter/src/widgets/framework.dart:5529:7)
#570    ComponentElement._firstBuild (package:flutter/src/widgets/framework.dart:5799:5)
#571    StatefulElement._firstBuild (package:flutter/src/widgets/framework.dart:5973:11)
#572    ComponentElement.mount (package:flutter/src/widgets/framework.dart:5793:5)
#573    Element.inflateWidget (package:flutter/src/widgets/framework.dart:4587:20)
#574    Element.updateChild (package:flutter/src/widgets/framework.dart:4059:18)
#575    ComponentElement.performRebuild (package:flutter/src/widgets/framework.dart:5841:16)
#576    Element.rebuild (package:flutter/src/widgets/framework.dart:5529:7)
#577    ComponentElement._firstBuild (package:flutter/src/widgets/framework.dart:5799:5)
#578    ComponentElement.mount (package:flutter/src/widgets/framework.dart:5793:5)
#579    Element.inflateWidget (package:flutter/src/widgets/framework.dart:4587:20)
#580    Element.updateChild (package:flutter/src/widgets/framework.dart:4059:18)
#581    ComponentElement.performRebuild (package:flutter/src/widgets/framework.dart:5841:16)
#582    Element.rebuild (package:flutter/src/widgets/framework.dart:5529:7)
#583    ComponentElement._firstBuild (package:flutter/src/widgets/framework.dart:5799:5)
#584    ComponentElement.mount (package:flutter/src/widgets/framework.dart:5793:5)
#585    Element.inflateWidget (package:flutter/src/widgets/framework.dart:4587:20)
#586    Element.updateChild (package:flutter/src/widgets/framework.dart:4059:18)
#587    ComponentElement.performRebuild (package:flutter/src/widgets/framework.dart:5841:16)
#588    StatefulElement.performRebuild (package:flutter/src/widgets/framework.dart:5982:11)
#589    Element.rebuild (package:flutter/src/widgets/framework.dart:5529:7)
#590    ComponentElement._firstBuild (package:flutter/src/widgets/framework.dart:5799:5)
#591    StatefulElement._firstBuild (package:flutter/src/widgets/framework.dart:5973:11)
#592    ComponentElement.mount (package:flutter/src/widgets/framework.dart:5793:5)
#593    Element.inflateWidget (package:flutter/src/widgets/framework.dart:4587:20)
#594    Element.updateChild (package:flutter/src/widgets/framework.dart:4059:18)
#595    SingleChildRenderObjectElement.mount (package:flutter/src/widgets/framework.dart:7115:14)
#596    Element.inflateWidget (package:flutter/src/widgets/framework.dart:4587:20)
#597    Element.updateChild (package:flutter/src/widgets/framework.dart:4059:18)
#598    ComponentElement.performRebuild (package:flutter/src/widgets/framework.dart:5841:16)
#599    StatefulElement.performRebuild (package:flutter/src/widgets/framework.dart:5982:11)
#600    Element.rebuild (package:flutter/src/widgets/framework.dart:5529:7)
#601    ComponentElement._firstBuild (package:flutter/src/widgets/framework.dart:5799:5)
#602    StatefulElement._firstBuild (package:flutter/src/widgets/framework.dart:5973:11)
#603    ComponentElement.mount (package:flutter/src/widgets/framework.dart:5793:5)
#604    Element.inflateWidget (package:flutter/src/widgets/framework.dart:4587:20)
#605    Element.updateChild (package:flutter/src/widgets/framework.dart:4059:18)
#606    ComponentElement.performRebuild (package:flutter/src/widgets/framework.dart:5841:16)
#607    Element.rebuild (package:flutter/src/widgets/framework.dart:5529:7)
#608    ComponentElement._firstBuild (package:flutter/src/widgets/framework.dart:5799:5)
#609    ComponentElement.mount (package:flutter/src/widgets/framework.dart:5793:5)
#610    Element.inflateWidget (package:flutter/src/widgets/framework.dart:4587:20)
#611    Element.updateChild (package:flutter/src/widgets/framework.dart:4059:18)
#612    SingleChildRenderObjectElement.mount (package:flutter/src/widgets/framework.dart:7115:14)
#613    Element.inflateWidget (package:flutter/src/widgets/framework.dart:4587:20)
#614    Element.updateChild (package:flutter/src/widgets/framework.dart:4059:18)
#615    ComponentElement.performRebuild (package:flutter/src/widgets/framework.dart:5841:16)
#616    Element.rebuild (package:flutter/src/widgets/framework.dart:5529:7)
#617    ComponentElement._firstBuild (package:flutter/src/widgets/framework.dart:5799:5)
#618    ComponentElement.mount (package:flutter/src/widgets/framework.dart:5793:5)
#619    Element.inflateWidget (package:flutter/src/widgets/framework.dart:4587:20)
#620    Element.updateChild (package:flutter/src/widgets/framework.dart:4059:18)
#621    ComponentElement.performRebuild (package:flutter/src/widgets/framework.dart:5841:16)
#622    StatefulElement.performRebuild (package:flutter/src/widgets/framework.dart:5982:11)
#623    Element.rebuild (package:flutter/src/widgets/framework.dart:5529:7)
#624    ComponentElement._firstBuild (package:flutter/src/widgets/framework.dart:5799:5)
#625    StatefulElement._firstBuild (package:flutter/src/widgets/framework.dart:5973:11)
#626    ComponentElement.mount (package:flutter/src/widgets/framework.dart:5793:5)
#627    Element.inflateWidget (package:flutter/src/widgets/framework.dart:4587:20)
#628    Element.updateChild (package:flutter/src/widgets/framework.dart:4059:18)
#629    ComponentElement.performRebuild (package:flutter/src/widgets/framework.dart:5841:16)
#630    StatefulElement.performRebuild (package:flutter/src/widgets/framework.dart:5982:11)
#631    Element.rebuild (package:flutter/src/widgets/framework.dart:5529:7)
#632    ComponentElement._firstBuild (package:flutter/src/widgets/framework.dart:5799:5)
#633    StatefulElement._firstBuild (package:flutter/src/widgets/framework.dart:5973:11)
#634    ComponentElement.mount (package:flutter/src/widgets/framework.dart:5793:5)
#635    Element.inflateWidget (package:flutter/src/widgets/framework.dart:4587:20)
#636    Element.updateChild (package:flutter/src/widgets/framework.dart:4059:18)
#637    ComponentElement.performRebuild (package:flutter/src/widgets/framework.dart:5841:16)
#638    Element.rebuild (package:flutter/src/widgets/framework.dart:5529:7)
#639    ComponentElement._firstBuild (package:flutter/src/widgets/framework.dart:5799:5)
#640    ComponentElement.mount (package:flutter/src/widgets/framework.dart:5793:5)
#641    Element.inflateWidget (package:flutter/src/widgets/framework.dart:4587:20)
#642    Element.updateChild (package:flutter/src/widgets/framework.dart:4059:18)
#643    ComponentElement.performRebuild (package:flutter/src/widgets/framework.dart:5841:16)
#644    Element.rebuild (package:flutter/src/widgets/framework.dart:5529:7)
#645    ComponentElement._firstBuild (package:flutter/src/widgets/framework.dart:5799:5)
#646    ComponentElement.mount (package:flutter/src/widgets/framework.dart:5793:5)
#647    Element.inflateWidget (package:flutter/src/widgets/framework.dart:4587:20)
#648    Element.updateChild (package:flutter/src/widgets/framework.dart:4059:18)
#649    SingleChildRenderObjectElement.mount (package:flutter/src/widgets/framework.dart:7115:14)
#650    Element.inflateWidget (package:flutter/src/widgets/framework.dart:4587:20)
#651    Element.updateChild (package:flutter/src/widgets/framework.dart:4059:18)
#652    ComponentElement.performRebuild (package:flutter/src/widgets/framework.dart:5841:16)
#653    StatefulElement.performRebuild (package:flutter/src/widgets/framework.dart:5982:11)
#654    Element.rebuild (package:flutter/src/widgets/framework.dart:5529:7)
#655    ComponentElement._firstBuild (package:flutter/src/widgets/framework.dart:5799:5)
#656    StatefulElement._firstBuild (package:flutter/src/widgets/framework.dart:5973:11)
#657    ComponentElement.mount (package:flutter/src/widgets/framework.dart:5793:5)
#658    Element.inflateWidget (package:flutter/src/widgets/framework.dart:4587:20)
#659    Element.updateChild (package:flutter/src/widgets/framework.dart:4059:18)
#660    ComponentElement.performRebuild (package:flutter/src/widgets/framework.dart:5841:16)
#661    StatefulElement.performRebuild (package:flutter/src/widgets/framework.dart:5982:11)
#662    Element.rebuild (package:flutter/src/widgets/framework.dart:5529:7)
#663    ComponentElement._firstBuild (package:flutter/src/widgets/framework.dart:5799:5)
#664    StatefulElement._firstBuild (package:flutter/src/widgets/framework.dart:5973:11)
#665    ComponentElement.mount (package:flutter/src/widgets/framework.dart:5793:5)
#666    Element.inflateWidget (package:flutter/src/widgets/framework.dart:4587:20)
#667    Element.updateChild (package:flutter/src/widgets/framework.dart:4059:18)
#668    SingleChildRenderObjectElement.mount (package:flutter/src/widgets/framework.dart:7115:14)
#669    Element.inflateWidget (package:flutter/src/widgets/framework.dart:4587:20)
#670    Element.updateChild (package:flutter/src/widgets/framework.dart:4059:18)
#671    ComponentElement.performRebuild (package:flutter/src/widgets/framework.dart:5841:16)
#672    Element.rebuild (package:flutter/src/widgets/framework.dart:5529:7)
#673    ComponentElement._firstBuild (package:flutter/src/widgets/framework.dart:5799:5)
#674    ComponentElement.mount (package:flutter/src/widgets/framework.dart:5793:5)
#675    Element.inflateWidget (package:flutter/src/widgets/framework.dart:4587:20)
#676    Element.updateChild (package:flutter/src/widgets/framework.dart:4059:18)
#677    ComponentElement.performRebuild (package:flutter/src/widgets/framework.dart:5841:16)
#678    StatefulElement.performRebuild (package:flutter/src/widgets/framework.dart:5982:11)
#679    Element.rebuild (package:flutter/src/widgets/framework.dart:5529:7)
#680    ComponentElement._firstBuild (package:flutter/src/widgets/framework.dart:5799:5)
#681    StatefulElement._firstBuild (package:flutter/src/widgets/framework.dart:5973:11)
#682    ComponentElement.mount (package:flutter/src/widgets/framework.dart:5793:5)
#683    Element.inflateWidget (package:flutter/src/widgets/framework.dart:4587:20)
#684    Element.updateChild (package:flutter/src/widgets/framework.dart:4059:18)
#685    ComponentElement.performRebuild (package:flutter/src/widgets/framework.dart:5841:16)
#686    StatefulElement.performRebuild (package:flutter/src/widgets/framework.dart:5982:11)
#687    Element.rebuild (package:flutter/src/widgets/framework.dart:5529:7)
#688    ComponentElement._firstBuild (package:flutter/src/widgets/framework.dart:5799:5)
#689    StatefulElement._firstBuild (package:flutter/src/widgets/framework.dart:5973:11)
#690    ComponentElement.mount (package:flutter/src/widgets/framework.dart:5793:5)
#691    Element.inflateWidget (package:flutter/src/widgets/framework.dart:4587:20)
#692    Element.updateChild (package:flutter/src/widgets/framework.dart:4059:18)
#693    ComponentElement.performRebuild (package:flutter/src/widgets/framework.dart:5841:16)
#694    Element.rebuild (package:flutter/src/widgets/framework.dart:5529:7)
#695    ComponentElement._firstBuild (package:flutter/src/widgets/framework.dart:5799:5)
#696    ComponentElement.mount (package:flutter/src/widgets/framework.dart:5793:5)
#697    Element.inflateWidget (package:flutter/src/widgets/framework.dart:4587:20)
#698    Element.updateChild (package:flutter/src/widgets/framework.dart:4059:18)
#699    ComponentElement.performRebuild (package:flutter/src/widgets/framework.dart:5841:16)
#700    StatefulElement.performRebuild (package:flutter/src/widgets/framework.dart:5982:11)
#701    Element.rebuild (package:flutter/src/widgets/framework.dart:5529:7)
#702    ComponentElement._firstBuild (package:flutter/src/widgets/framework.dart:5799:5)
#703    StatefulElement._firstBuild (package:flutter/src/widgets/framework.dart:5973:11)
#704    ComponentElement.mount (package:flutter/src/widgets/framework.dart:5793:5)
#705    Element.inflateWidget (package:flutter/src/widgets/framework.dart:4587:20)
#706    Element.updateChild (package:flutter/src/widgets/framework.dart:4059:18)
#707    SingleChildRenderObjectElement.mount (package:flutter/src/widgets/framework.dart:7115:14)
#708    Element.inflateWidget (package:flutter/src/widgets/framework.dart:4587:20)
#709    Element.updateChild (package:flutter/src/widgets/framework.dart:4059:18)
#710    ComponentElement.performRebuild (package:flutter/src/widgets/framework.dart:5841:16)
#711    Element.rebuild (package:flutter/src/widgets/framework.dart:5529:7)
#712    ComponentElement._firstBuild (package:flutter/src/widgets/framework.dart:5799:5)
#713    ComponentElement.mount (package:flutter/src/widgets/framework.dart:5793:5)
#714    Element.inflateWidget (package:flutter/src/widgets/framework.dart:4587:20)
#715    Element.updateChild (package:flutter/src/widgets/framework.dart:4059:18)
#716    ComponentElement.performRebuild (package:flutter/src/widgets/framework.dart:5841:16)
#717    StatefulElement.performRebuild (package:flutter/src/widgets/framework.dart:5982:11)
#718    Element.rebuild (package:flutter/src/widgets/framework.dart:5529:7)
#719    ComponentElement._firstBuild (package:flutter/src/widgets/framework.dart:5799:5)
#720    StatefulElement._firstBuild (package:flutter/src/widgets/framework.dart:5973:11)
#721    ComponentElement.mount (package:flutter/src/widgets/framework.dart:5793:5)
#722    Element.inflateWidget (package:flutter/src/widgets/framework.dart:4587:20)
#723    Element.updateChild (package:flutter/src/widgets/framework.dart:4059:18)
#724    ComponentElement.performRebuild (package:flutter/src/widgets/framework.dart:5841:16)
#725    StatefulElement.performRebuild (package:flutter/src/widgets/framework.dart:5982:11)
#726    Element.rebuild (package:flutter/src/widgets/framework.dart:5529:7)
#727    ComponentElement._firstBuild (package:flutter/src/widgets/framework.dart:5799:5)
#728    StatefulElement._firstBuild (package:flutter/src/widgets/framework.dart:5973:11)
#729    ComponentElement.mount (package:flutter/src/widgets/framework.dart:5793:5)
#730    Element.inflateWidget (package:flutter/src/widgets/framework.dart:4587:20)
#731    Element.updateChild (package:flutter/src/widgets/framework.dart:4059:18)
#732    ComponentElement.performRebuild (package:flutter/src/widgets/framework.dart:5841:16)
#733    Element.rebuild (package:flutter/src/widgets/framework.dart:5529:7)
#734    ComponentElement._firstBuild (package:flutter/src/widgets/framework.dart:5799:5)
#735    ComponentElement.mount (package:flutter/src/widgets/framework.dart:5793:5)
#736    Element.inflateWidget (package:flutter/src/widgets/framework.dart:4587:20)
#737    Element.updateChild (package:flutter/src/widgets/framework.dart:4059:18)
#738    ComponentElement.performRebuild (package:flutter/src/widgets/framework.dart:5841:16)
#739    StatefulElement.performRebuild (package:flutter/src/widgets/framework.dart:5982:11)
#740    Element.rebuild (package:flutter/src/widgets/framework.dart:5529:7)
#741    ComponentElement._firstBuild (package:flutter/src/widgets/framework.dart:5799:5)
#742    StatefulElement._firstBuild (package:flutter/src/widgets/framework.dart:5973:11)
#743    ComponentElement.mount (package:flutter/src/widgets/framework.dart:5793:5)
#744    Element.inflateWidget (package:flutter/src/widgets/framework.dart:4587:20)
#745    Element.updateChild (package:flutter/src/widgets/framework.dart:4059:18)
#746    SingleChildRenderObjectElement.mount (package:flutter/src/widgets/framework.dart:7115:14)
#747    Element.inflateWidget (package:flutter/src/widgets/framework.dart:4587:20)
#748    Element.updateChild (package:flutter/src/widgets/framework.dart:4059:18)
#749    ComponentElement.performRebuild (package:flutter/src/widgets/framework.dart:5841:16)
#750    Element.rebuild (package:flutter/src/widgets/framework.dart:5529:7)
#751    ComponentElement._firstBuild (package:flutter/src/widgets/framework.dart:5799:5)
#752    ComponentElement.mount (package:flutter/src/widgets/framework.dart:5793:5)
#753    Element.inflateWidget (package:flutter/src/widgets/framework.dart:4587:20)
#754    Element.updateChild (package:flutter/src/widgets/framework.dart:4059:18)
#755    ComponentElement.performRebuild (package:flutter/src/widgets/framework.dart:5841:16)
#756    StatefulElement.performRebuild (package:flutter/src/widgets/framework.dart:5982:11)
#757    Element.rebuild (package:flutter/src/widgets/framework.dart:5529:7)
#758    ComponentElement._firstBuild (package:flutter/src/widgets/framework.dart:5799:5)
#759    StatefulElement._firstBuild (package:flutter/src/widgets/framework.dart:5973:11)
#760    ComponentElement.mount (package:flutter/src/widgets/framework.dart:5793:5)
#761    Element.inflateWidget (package:flutter/src/widgets/framework.dart:4587:20)
#762    Element.updateChild (package:flutter/src/widgets/framework.dart:4059:18)
#763    ComponentElement.performRebuild (package:flutter/src/widgets/framework.dart:5841:16)
#764    StatefulElement.performRebuild (package:flutter/src/widgets/framework.dart:5982:11)
#765    Element.rebuild (package:flutter/src/widgets/framework.dart:5529:7)
#766    ComponentElement._firstBuild (package:flutter/src/widgets/framework.dart:5799:5)
#767    StatefulElement._firstBuild (package:flutter/src/widgets/framework.dart:5973:11)
#768    ComponentElement.mount (package:flutter/src/widgets/framework.dart:5793:5)
#769    Element.inflateWidget (package:flutter/src/widgets/framework.dart:4587:20)
#770    Element.updateChild (package:flutter/src/widgets/framework.dart:4059:18)
#771    ComponentElement.performRebuild (package:flutter/src/widgets/framework.dart:5841:16)
#772    Element.rebuild (package:flutter/src/widgets/framework.dart:5529:7)
#773    ComponentElement._firstBuild (package:flutter/src/widgets/framework.dart:5799:5)
#774    ComponentElement.mount (package:flutter/src/widgets/framework.dart:5793:5)
#775    Element.inflateWidget (package:flutter/src/widgets/framework.dart:4587:20)
#776    Element.updateChild (package:flutter/src/widgets/framework.dart:4059:18)
#777    SingleChildRenderObjectElement.mount (package:flutter/src/widgets/framework.dart:7115:14)
#778    Element.inflateWidget (package:flutter/src/widgets/framework.dart:4587:20)
00:09 +212 -1: C:/Users/andrvoicu/Desktop/repos/collectarr-app/test/features/library/add/library_add_ownership_type_test.dart: manual add flow surfaces digital ownership type
00:09 +212 -1: C:/Users/andrvoicu/Desktop/repos/collectarr-app/test/features/library/add/library_add_dialog_test.dart: generic add dialog searches provider candidates
#779    Element.updateChild (package:flutter/src/widgets/framework.dart:4059:18)
#780    ComponentElement.performRebuild (package:flutter/src/widgets/framework.dart:5841:16)
#781    Element.rebuild (package:flutter/src/widgets/framework.dart:5529:7)
#782    ComponentElement._firstBuild (package:flutter/src/widgets/framework.dart:5799:5)
#783    ComponentElement.mount (package:flutter/src/widgets/framework.dart:5793:5)
#784    Element.inflateWidget (package:flutter/src/widgets/framework.dart:4587:20)
#785    Element.updateChild (package:flutter/src/widgets/framework.dart:4059:18)
#786    ComponentElement.performRebuild (package:flutter/src/widgets/framework.dart:5841:16)
#787    StatefulElement.performRebuild (package:flutter/src/widgets/framework.dart:5982:11)
#788    Element.rebuild (package:flutter/src/widgets/framework.dart:5529:7)
#789    ComponentElement._firstBuild (package:flutter/src/widgets/framework.dart:5799:5)
#790    StatefulElement._firstBuild (package:flutter/src/widgets/framework.dart:5973:11)
#791    ComponentElement.mount (package:flutter/src/widgets/framework.dart:5793:5)
#792    Element.inflateWidget (package:flutter/src/widgets/framework.dart:4587:20)
#793    Element.updateChild (package:flutter/src/widgets/framework.dart:4059:18)
#794    ComponentElement.performRebuild (package:flutter/src/widgets/framework.dart:5841:16)
#795    StatefulElement.performRebuild (package:flutter/src/widgets/framework.dart:5982:11)
#796    Element.rebuild (package:flutter/src/widgets/framework.dart:5529:7)
#797    ComponentElement._firstBuild (package:flutter/src/widgets/framework.dart:5799:5)
#798    StatefulElement._firstBuild (package:flutter/src/widgets/framework.dart:5973:11)
#799    ComponentElement.mount (package:flutter/src/widgets/framework.dart:5793:5)
#800    Element.inflateWidget (package:flutter/src/widgets/framework.dart:4587:20)
#801    Element.updateChild (package:flutter/src/widgets/framework.dart:4059:18)
00:09 +213 -1: C:/Users/andrvoicu/Desktop/repos/collectarr-app/test/features/library/add/library_add_ownership_type_test.dart: manual add flow surfaces digital ownership type
00:09 +213 -1: C:/Users/andrvoicu/Desktop/repos/collectarr-app/test/features/library/add/library_add_dialog_test.dart: generic add dialog searches provider candidates
#802    ComponentElement.performRebuild (package:flutter/src/widgets/framework.dart:5841:16)
#803    Element.rebuild (package:flutter/src/widgets/framework.dart:5529:7)
#804    ComponentElement._firstBuild (package:flutter/src/widgets/framework.dart:5799:5)
#805    ComponentElement.mount (package:flutter/src/widgets/framework.dart:5793:5)
#806    Element.inflateWidget (package:flutter/src/widgets/framework.dart:4587:20)
#807    Element.updateChild (package:flutter/src/widgets/framework.dart:4059:18)
#808    ComponentElement.performRebuild (package:flutter/src/widgets/framework.dart:5841:16)
#809    Element.rebuild (package:flutter/src/widgets/framework.dart:5529:7)
#810    ComponentElement._firstBuild (package:flutter/src/widgets/framework.dart:5799:5)
#811    ComponentElement.mount (package:flutter/src/widgets/framework.dart:5793:5)
#812    Element.inflateWidget (package:flutter/src/widgets/framework.dart:4587:20)
#813    Element.updateChild (package:flutter/src/widgets/framework.dart:4059:18)
#814    ComponentElement.performRebuild (package:flutter/src/widgets/framework.dart:5841:16)
#815    StatefulElement.performRebuild (package:flutter/src/widgets/framework.dart:5982:11)
#816    Element.rebuild (package:flutter/src/widgets/framework.dart:5529:7)
#817    ComponentElement._firstBuild (package:flutter/src/widgets/framework.dart:5799:5)
#818    StatefulElement._firstBuild (package:flutter/src/widgets/framework.dart:5973:11)
#819    ComponentElement.mount (package:flutter/src/widgets/framework.dart:5793:5)
#820    Element.inflateWidget (package:flutter/src/widgets/framework.dart:4587:20)
#821    Element.updateChild (package:flutter/src/widgets/framework.dart:4059:18)
#822    ComponentElement.performRebuild (package:flutter/src/widgets/framework.dart:5841:16)
#823    Element.rebuild (package:flutter/src/widgets/framework.dart:5529:7)
#824    ComponentElement._firstBuild (package:flutter/src/widgets/framework.dart:5799:5)
#825    ComponentElement.mount (package:flutter/src/widgets/framework.dart:5793:5)
#826    Element.inflateWidget (package:flutter/src/widgets/framework.dart:4587:20)
#827    Element.updateChild (package:flutter/src/widgets/framework.dart:4059:18)
#828    ComponentElement.performRebuild (package:flutter/src/widgets/framework.dart:5841:16)
#829    StatefulElement.performRebuild (package:flutter/src/widgets/framework.dart:5982:11)
#830    Element.rebuild (package:flutter/src/widgets/framework.dart:5529:7)
#831    ComponentElement._firstBuild (package:flutter/src/widgets/framework.dart:5799:5)
#832    StatefulElement._firstBuild (package:flutter/src/widgets/framework.dart:5973:11)
#833    ComponentElement.mount (package:flutter/src/widgets/framework.dart:5793:5)
#834    Element.inflateWidget (package:flutter/src/widgets/framework.dart:4587:20)
#835    Element.updateChild (package:flutter/src/widgets/framework.dart:4059:18)
#836    ComponentElement.performRebuild (package:flutter/src/widgets/framework.dart:5841:16)
#837    Element.rebuild (package:flutter/src/widgets/framework.dart:5529:7)
#838    ComponentElement._firstBuild (package:flutter/src/widgets/framework.dart:5799:5)
00:09 +214 -1: C:/Users/andrvoicu/Desktop/repos/collectarr-app/test/features/library/add/library_add_ownership_type_test.dart: manual add flow surfaces digital ownership type
00:09 +214 -1: C:/Users/andrvoicu/Desktop/repos/collectarr-app/test/features/library/add/library_add_dialog_test.dart: generic add dialog searches provider candidates
#839    ComponentElement.mount (package:flutter/src/widgets/framework.dart:5793:5)
#840    Element.inflateWidget (package:flutter/src/widgets/framework.dart:4587:20)
#841    Element.updateChild (package:flutter/src/widgets/framework.dart:4059:18)
#842    ComponentElement.performRebuild (package:flutter/src/widgets/framework.dart:5841:16)
#843    StatefulElement.performRebuild (package:flutter/src/widgets/framework.dart:5982:11)
#844    Element.rebuild (package:flutter/src/widgets/framework.dart:5529:7)
#845    ComponentElement._firstBuild (package:flutter/src/widgets/framework.dart:5799:5)
#846    StatefulElement._firstBuild (package:flutter/src/widgets/framework.dart:5973:11)
#847    ComponentElement.mount (package:flutter/src/widgets/framework.dart:5793:5)
#848    Element.inflateWidget (package:flutter/src/widgets/framework.dart:4587:20)
#849    Element.updateChild (package:flutter/src/widgets/framework.dart:4059:18)
#850    ComponentElement.performRebuild (package:flutter/src/widgets/framework.dart:5841:16)
#851    StatefulElement.performRebuild (package:flutter/src/widgets/framework.dart:5982:11)
#852    Element.rebuild (package:flutter/src/widgets/framework.dart:5529:7)
#853    ComponentElement._firstBuild (package:flutter/src/widgets/framework.dart:5799:5)
#854    StatefulElement._firstBuild (package:flutter/src/widgets/framework.dart:5973:11)
#855    ComponentElement.mount (package:flutter/src/widgets/framework.dart:5793:5)
#856    Element.inflateWidget (package:flutter/src/widgets/framework.dart:4587:20)
#857    Element.updateChild (package:flutter/src/widgets/framework.dart:4059:18)
#858    ComponentElement.performRebuild (package:flutter/src/widgets/framework.dart:5841:16)
#859    Element.rebuild (package:flutter/src/widgets/framework.dart:5529:7)
#860    ComponentElement._firstBuild (package:flutter/src/widgets/framework.dart:5799:5)
#861    ComponentElement.mount (package:flutter/src/widgets/framework.dart:5793:5)
#862    Element.inflateWidget (package:flutter/src/widgets/framework.dart:4587:20)
#863    Element.updateChild (package:flutter/src/widgets/framework.dart:4059:18)
#864    ComponentElement.performRebuild (package:flutter/src/widgets/framework.dart:5841:16)
#865    Element.rebuild (package:flutter/src/widgets/framework.dart:5529:7)
#866    ComponentElement._firstBuild (package:flutter/src/widgets/framework.dart:5799:5)
#867    ComponentElement.mount (package:flutter/src/widgets/framework.dart:5793:5)
#868    Element.inflateWidget (package:flutter/src/widgets/framework.dart:4587:20)
#869    Element.updateChild (package:flutter/src/widgets/framework.dart:4059:18)
#870    ComponentElement.performRebuild (package:flutter/src/widgets/framework.dart:5841:16)
#871    StatefulElement.performRebuild (package:flutter/src/widgets/framework.dart:5982:11)
#872    Element.rebuild (package:flutter/src/widgets/framework.dart:5529:7)
#873    ComponentElement._firstBuild (package:flutter/src/widgets/framework.dart:5799:5)
#874    StatefulElement._firstBuild (package:flutter/src/widgets/framework.dart:5973:11)
#875    ComponentElement.mount (package:flutter/src/widgets/framework.dart:5793:5)
#876    Element.inflateWidget (package:flutter/src/widgets/framework.dart:4587:20)
#877    Element.updateChild (package:flutter/src/widgets/framework.dart:4059:18)
#878    ComponentElement.performRebuild (package:flutter/src/widgets/framework.dart:5841:16)
#879    Element.rebuild (package:flutter/src/widgets/framework.dart:5529:7)
#880    ComponentElement._firstBuild (package:flutter/src/widgets/framework.dart:5799:5)
#881    ComponentElement.mount (package:flutter/src/widgets/framework.dart:5793:5)
#882    Element.inflateWidget (package:flutter/src/widgets/framework.dart:4587:20)
#883    Element.updateChild (package:flutter/src/widgets/framework.dart:4059:18)
#884    ComponentElement.performRebuild (package:flutter/src/widgets/framework.dart:5841:16)
#885    StatefulElement.performRebuild (package:flutter/src/widgets/framework.dart:5982:11)
#886    Element.rebuild (package:flutter/src/widgets/framework.dart:5529:7)
#887    ComponentElement._firstBuild (package:flutter/src/widgets/framework.dart:5799:5)
#888    StatefulElement._firstBuild (package:flutter/src/widgets/framework.dart:5973:11)
#889    ComponentElement.mount (package:flutter/src/widgets/framework.dart:5793:5)
#890    Element.inflateWidget (package:flutter/src/widgets/framework.dart:4587:20)
#891    Element.updateChild (package:flutter/src/widgets/framework.dart:4059:18)
#892    ComponentElement.performRebuild (package:flutter/src/widgets/framework.dart:5841:16)
#893    StatefulElement.performRebuild (package:flutter/src/widgets/framework.dart:5982:11)
#894    Element.rebuild (package:flutter/src/widgets/framework.dart:5529:7)
#895    ComponentElement._firstBuild (package:flutter/src/widgets/framework.dart:5799:5)
#896    StatefulElement._firstBuild (package:flutter/src/widgets/framework.dart:5973:11)
#897    ComponentElement.mount (package:flutter/src/widgets/framework.dart:5793:5)
#898    Element.inflateWidget (package:flutter/src/widgets/framework.dart:4587:20)
#899    Element.updateChild (package:flutter/src/widgets/framework.dart:4053:20)
#900    ComponentElement.performRebuild (package:flutter/src/widgets/framework.dart:5841:16)
#901    Element.rebuild (package:flutter/src/widgets/framework.dart:5529:7)
#902    ProxyElement.update (package:flutter/src/widgets/framework.dart:6149:5)
#903    _InheritedNotifierElement.update (package:flutter/src/widgets/inherited_notifier.dart:108:11)
#904    Element.updateChild (package:flutter/src/widgets/framework.dart:4037:15)
#905    ComponentElement.performRebuild (package:flutter/src/widgets/framework.dart:5841:16)
#906    StatefulElement.performRebuild (package:flutter/src/widgets/framework.dart:5982:11)
#907    Element.rebuild (package:flutter/src/widgets/framework.dart:5529:7)
#908    StatefulElement.update (package:flutter/src/widgets/framework.dart:6007:5)
#909    Element.updateChild (package:flutter/src/widgets/framework.dart:4037:15)
#910    ComponentElement.performRebuild (package:flutter/src/widgets/framework.dart:5841:16)
#911    Element.rebuild (package:flutter/src/widgets/framework.dart:5529:7)
#912    ProxyElement.update (package:flutter/src/widgets/framework.dart:6149:5)
#913    _InheritedNotifierElement.update (package:flutter/src/widgets/inherited_notifier.dart:108:11)
#914    Element.updateChild (package:flutter/src/widgets/framework.dart:4037:15)
#915    ComponentElement.performRebuild (package:flutter/src/widgets/framework.dart:5841:16)
#916    StatefulElement.performRebuild (package:flutter/src/widgets/framework.dart:5982:11)
#917    Element.rebuild (package:flutter/src/widgets/framework.dart:5529:7)
#918    StatefulElement.update (package:flutter/src/widgets/framework.dart:6007:5)
#919    Element.updateChild (package:flutter/src/widgets/framework.dart:4037:15)
#920    ComponentElement.performRebuild (package:flutter/src/widgets/framework.dart:5841:16)
#921    StatefulElement.performRebuild (package:flutter/src/widgets/framework.dart:5982:11)
#922    Element.rebuild (package:flutter/src/widgets/framework.dart:5529:7)
#923    StatefulElement.update (package:flutter/src/widgets/framework.dart:6007:5)
#924    Element.updateChild (package:flutter/src/widgets/framework.dart:4037:15)
#925    ComponentElement.performRebuild (package:flutter/src/widgets/framework.dart:5841:16)
#926    Element.rebuild (package:flutter/src/widgets/framework.dart:5529:7)
#927    ProxyElement.update (package:flutter/src/widgets/framework.dart:6149:5)
#928    Element.updateChild (package:flutter/src/widgets/framework.dart:4037:15)
#929    ComponentElement.performRebuild (package:flutter/src/widgets/framework.dart:5841:16)
#930    StatefulElement.performRebuild (package:flutter/src/widgets/framework.dart:5982:11)
#931    Element.rebuild (package:flutter/src/widgets/framework.dart:5529:7)
#932    StatefulElement.update (package:flutter/src/widgets/framework.dart:6007:5)
#933    Element.updateChild (package:flutter/src/widgets/framework.dart:4037:15)
#934    ComponentElement.performRebuild (package:flutter/src/widgets/framework.dart:5841:16)
#935    Element.rebuild (package:flutter/src/widgets/framework.dart:5529:7)
#936    ProxyElement.update (package:flutter/src/widgets/framework.dart:6149:5)
#937    Element.updateChild (package:flutter/src/widgets/framework.dart:4037:15)
#938    ComponentElement.performRebuild (package:flutter/src/widgets/framework.dart:5841:16)
#939    Element.rebuild (package:flutter/src/widgets/framework.dart:5529:7)
#940    ProxyElement.update (package:flutter/src/widgets/framework.dart:6149:5)
#941    Element.updateChild (package:flutter/src/widgets/framework.dart:4037:15)
#942    _RawViewElement._updateChild (package:flutter/src/widgets/view.dart:481:16)
#943    _RawViewElement.update (package:flutter/src/widgets/view.dart:568:5)
#944    Element.updateChild (package:flutter/src/widgets/framework.dart:4037:15)
#945    ComponentElement.performRebuild (package:flutter/src/widgets/framework.dart:5841:16)
#946    Element.rebuild (package:flutter/src/widgets/framework.dart:5529:7)
#947    StatelessElement.update (package:flutter/src/widgets/framework.dart:5895:5)
#948    Element.updateChild (package:flutter/src/widgets/framework.dart:4037:15)
#949    ComponentElement.performRebuild (package:flutter/src/widgets/framework.dart:5841:16)
#950    StatefulElement.performRebuild (package:flutter/src/widgets/framework.dart:5982:11)
#951    Element.rebuild (package:flutter/src/widgets/framework.dart:5529:7)
#952    StatefulElement.update (package:flutter/src/widgets/framework.dart:6007:5)
#953    Element.updateChild (package:flutter/src/widgets/framework.dart:4037:15)
#954    RootElement._rebuild (package:flutter/src/widgets/binding.dart:2091:16)
#955    RootElement.update (package:flutter/src/widgets/binding.dart:2069:5)
#956    RootElement.performRebuild (package:flutter/src/widgets/binding.dart:2083:7)
#957    Element.rebuild (package:flutter/src/widgets/framework.dart:5529:7)
#958    BuildScope._tryRebuild (package:flutter/src/widgets/framework.dart:2750:15)
#959    BuildScope._flushDirtyElements (package:flutter/src/widgets/framework.dart:2807:11)
#960    BuildOwner.buildScope (package:flutter/src/widgets/framework.dart:3111:18)
#961    AutomatedTestWidgetsFlutterBinding.drawFrame (package:flutter_test/src/binding.dart:2431:19)
#962    RendererBinding._handlePersistentFrameCallback (package:flutter/src/rendering/binding.dart:509:5)
#963    SchedulerBinding._invokeFrameCallback (package:flutter/src/scheduler/binding.dart:1430:15)
#964    SchedulerBinding.handleDrawFrame (package:flutter/src/scheduler/binding.dart:1345:9)
#965    AutomatedTestWidgetsFlutterBinding.pump.<anonymous closure> (package:flutter_test/src/binding.dart:2260:9)
#966    _rootRun (dart:async/zone_root.dart:35:13)
#967    _CustomZone.run (dart:async/zone.dart:726:19)
#968    TestAsyncUtils.guard (package:flutter_test/src/test_async_utils.dart:74:41)
#969    AutomatedTestWidgetsFlutterBinding.pump (package:flutter_test/src/binding.dart:2249:27)
#970    WidgetTester.pumpWidget.<anonymous closure> (package:flutter_test/src/widget_tester.dart:598:22)
#971    _rootRun (dart:async/zone_root.dart:35:13)
#972    _CustomZone.run (dart:async/zone.dart:726:19)
#973    TestAsyncUtils.guard (package:flutter_test/src/test_async_utils.dart:74:41)
#974    WidgetTester.pumpWidget (package:flutter_test/src/widget_tester.dart:595:27)
#975    main.<anonymous closure> (file:///C:/Users/andrvoicu/Desktop/repos/collectarr-app/test/features/library/add/library_add_dialog_test.dart:245:18)
#976    testWidgets.<anonymous closure>.<anonymous closure> (package:flutter_test/src/widget_tester.dart:192:29)
<asynchronous suspension>
#977    TestWidgetsFlutterBinding._runTestBody (package:flutter_test/src/binding.dart:1952:5)
<asynchronous suspension>
#978    StackZoneSpecification._registerCallback.<anonymous closure> (package:stack_trace/src/stack_zone_specification.dart:114:42)
<asynchronous suspension>
This warning will only appear on debug builds.
ΓòÉΓòÉΓòí EXCEPTION CAUGHT BY FLUTTER TEST FRAMEWORK Γò₧ΓòÉΓòÉΓòÉΓòÉΓòÉΓòÉΓòÉΓòÉΓòÉΓòÉΓòÉΓòÉΓòÉΓòÉΓòÉΓòÉΓòÉΓòÉΓòÉΓòÉΓòÉΓòÉΓòÉΓòÉΓòÉΓòÉΓòÉΓòÉΓòÉΓòÉΓòÉΓòÉΓòÉΓòÉΓòÉΓòÉΓòÉΓòÉΓòÉΓòÉΓòÉΓòÉΓòÉΓòÉΓòÉΓòÉΓòÉΓòÉΓòÉΓòÉΓòÉΓòÉ
The following TestFailure was thrown running a test:
Expected: 'anilist'
  Actual: 'mangadex'
   Which: is different.
          Expected: anilist
            Actual: mangadex
                    ^
           Differ at offset 0

When the exception was thrown, this was the stack:
#4      main.<anonymous closure> (file:///C:/Users/andrvoicu/Desktop/repos/collectarr-app/test/features/library/add/library_add_dialog_test.dart:271:5)
<asynchronous suspension>
#5      testWidgets.<anonymous closure>.<anonymous closure> (package:flutter_test/src/widget_tester.dart:192:15)
<asynchronous suspension>
#6      TestWidgetsFlutterBinding._runTestBody (package:flutter_test/src/binding.dart:1952:5)
<asynchronous suspension>
<asynchronous suspension>
(elided one frame from package:stack_trace)

This was caught by the test expectation on the following line:
  file:///C:/Users/andrvoicu/Desktop/repos/collectarr-app/test/features/library/add/library_add_dialog_test.dart line 271
The test description was:
  generic add dialog searches provider candidates
ΓòÉΓòÉΓòÉΓòÉΓòÉΓòÉΓòÉΓòÉΓòÉΓòÉΓòÉΓòÉΓòÉΓòÉΓòÉΓòÉΓòÉΓòÉΓòÉΓòÉΓòÉΓòÉΓòÉΓòÉΓòÉΓòÉΓòÉΓòÉΓòÉΓòÉΓòÉΓòÉΓòÉΓòÉΓòÉΓòÉΓòÉΓòÉΓòÉΓòÉΓòÉΓòÉΓòÉΓòÉΓòÉΓòÉΓòÉΓòÉΓòÉΓòÉΓòÉΓòÉΓòÉΓòÉΓòÉΓòÉΓòÉΓòÉΓòÉΓòÉΓòÉΓòÉΓòÉΓòÉΓòÉΓòÉΓòÉΓòÉΓòÉΓòÉΓòÉΓòÉΓòÉΓòÉΓòÉΓòÉΓòÉΓòÉΓòÉΓòÉΓòÉΓòÉΓòÉΓòÉΓòÉΓòÉΓòÉΓòÉΓòÉΓòÉΓòÉΓòÉΓòÉΓòÉΓòÉΓòÉΓòÉΓòÉΓòÉΓòÉ
00:10 +214 -2: C:/Users/andrvoicu/Desktop/repos/collectarr-app/test/features/library/add/library_add_ownership_type_test.dart: manual add flow surfaces digital ownership type
00:10 +214 -2: C:/Users/andrvoicu/Desktop/repos/collectarr-app/test/features/library/add/library_add_dialog_test.dart: generic add dialog searches provider candidates [E]
  Test failed. See exception logs above.
  The test description was: generic add dialog searches provider candidates
  
Warning: At least one test in this suite creates an HttpClient. When running a test suite that uses
TestWidgetsFlutterBinding, all HTTP requests will return status code 400, and no network request
will actually be made. Any test expecting a real network connection and status code will fail.
To test code that needs an HttpClient, provide your own HttpClient implementation to the code under
test, so that your test can consistently provide a testable response to the code under test.
00:10 +215 -2: C:/Users/andrvoicu/Desktop/repos/collectarr-app/test/features/library/add/library_add_ownership_type_test.dart: manual add flow surfaces digital ownership type
00:10 +216 -2: C:/Users/andrvoicu/Desktop/repos/collectarr-app/test/features/library/add/library_add_ownership_type_test.dart: manual add flow surfaces digital ownership type
00:10 +217 -2: C:/Users/andrvoicu/Desktop/repos/collectarr-app/test/features/library/add/library_add_ownership_type_test.dart: manual add flow surfaces digital ownership type
00:10 +217 -3: C:/Users/andrvoicu/Desktop/repos/collectarr-app/test/features/library/add/library_add_ownership_type_test.dart: manual add flow surfaces digital ownership type
00:10 +217 -3: C:/Users/andrvoicu/Desktop/repos/collectarr-app/test/features/library/config/edit_field_config_test.dart: video kinds use studio/network publisher labels [E]
  Expected: 'Studio / Publisher'
    Actual: 'Studio'
     Which: is different. Both strings start the same, but the actual value is missing the following trailing characters:  / Publish ...
  
  package:matcher                                                expect
  package:flutter_test/src/widget_tester.dart 473:18             expect
  test\features\library\config\edit_field_config_test.dart 60:5  main.<fn>
  
00:10 +217 -3: C:/Users/andrvoicu/Desktop/repos/collectarr-app/test/features/library/add/library_add_dialog_test.dart: comic add dialog applies local cover scan hints to search fields
WARNING (drift): It looks like you've created the database class LocalDatabase multiple times. When these two databases use the same QueryExecutor, race conditions will occur and might corrupt the database. 
Try to follow the advice at https://drift.simonbinder.eu/faq/#using-the-database or, if you know what you're doing, set driftRuntimeOptions.dontWarnAboutMultipleDatabases = true
Here is the stacktrace from when the database was opened a second time:
#0      GeneratedDatabase._handleInstantiated (package:drift/src/runtime/api/db_base.dart:96:30)
#1      GeneratedDatabase._whenConstructed (package:drift/src/runtime/api/db_base.dart:73:12)
#2      new GeneratedDatabase (package:drift/src/runtime/api/db_base.dart:64:5)
#3      new _$LocalDatabase (package:collectarr_app/core/db/local_database.g.dart:12351:38)
#4      new LocalDatabase (package:collectarr_app/core/db/local_database.dart:387:9)
#5      localDatabaseProvider.<anonymous closure> (package:collectarr_app/state/local_database_provider.dart:5:14)
#6      Provider.create (package:riverpod/src/providers/provider.dart:59:36)
#7      $ProviderElement.create (package:riverpod/src/providers/provider.dart:343:32)
#8      ProviderElement.buildState (package:riverpod/src/core/element.dart:684:28)
#9      ProviderElement.mount (package:riverpod/src/core/element.dart:537:7)
#10     ProviderElement.flush (package:riverpod/src/core/element.dart:640:7)
#11     $ProviderBaseImpl._addListener (package:riverpod/src/core/provider/provider.dart:119:24)
#12     ProviderContainer.listen (package:riverpod/src/core/provider_container.dart:960:26)
#13     ProviderContainer.read (package:riverpod/src/core/provider_container.dart:917:17)
#14     ConsumerStatefulElement.read (package:flutter_riverpod/src/core/consumer.dart:543:59)
00:10 +218 -3: C:/Users/andrvoicu/Desktop/repos/collectarr-app/test/features/library/add/library_add_ownership_type_test.dart: manual add flow surfaces digital ownership type
00:10 +218 -3: C:/Users/andrvoicu/Desktop/repos/collectarr-app/test/features/library/add/library_add_dialog_test.dart: comic add dialog applies local cover scan hints to search fields
#15     _LibraryAddDialogState._loadAvailableLocations (package:collectarr_app/features/library/add/library_add_dialog.dart:2338:38)
#16     _LibraryAddDialogState.initState (package:collectarr_app/features/library/add/library_add_dialog.dart:659:5)
#17     StatefulElement._firstBuild (package:flutter/src/widgets/framework.dart:5950:55)
#18     ComponentElement.mount (package:flutter/src/widgets/framework.dart:5793:5)
#19     Element.inflateWidget (package:flutter/src/widgets/framework.dart:4587:20)
#20     Element.updateChild (package:flutter/src/widgets/framework.dart:4059:18)
#21     ComponentElement.performRebuild (package:flutter/src/widgets/framework.dart:5841:16)
#22     Element.rebuild (package:flutter/src/widgets/framework.dart:5529:7)
#23     ComponentElement._firstBuild (package:flutter/src/widgets/framework.dart:5799:5)
#24     ComponentElement.mount (package:flutter/src/widgets/framework.dart:5793:5)
#25     Element.inflateWidget (package:flutter/src/widgets/framework.dart:4587:20)
#26     Element.updateChild (package:flutter/src/widgets/framework.dart:4059:18)
#27     ComponentElement.performRebuild (package:flutter/src/widgets/framework.dart:5841:16)
#28     Element.rebuild (package:flutter/src/widgets/framework.dart:5529:7)
#29     ComponentElement._firstBuild (package:flutter/src/widgets/framework.dart:5799:5)
#30     ComponentElement.mount (package:flutter/src/widgets/framework.dart:5793:5)
#31     Element.inflateWidget (package:flutter/src/widgets/framework.dart:4587:20)
#32     Element.updateChild (package:flutter/src/widgets/framework.dart:4059:18)
00:10 +219 -3: C:/Users/andrvoicu/Desktop/repos/collectarr-app/test/features/library/add/library_add_ownership_type_test.dart: manual add flow surfaces digital ownership type
00:10 +219 -3: C:/Users/andrvoicu/Desktop/repos/collectarr-app/test/features/library/add/library_add_dialog_test.dart: comic add dialog applies local cover scan hints to search fields
#33     ComponentElement.performRebuild (package:flutter/src/widgets/framework.dart:5841:16)
#34     Element.rebuild (package:flutter/src/widgets/framework.dart:5529:7)
#35     ComponentElement._firstBuild (package:flutter/src/widgets/framework.dart:5799:5)
#36     ComponentElement.mount (package:flutter/src/widgets/framework.dart:5793:5)
#37     Element.inflateWidget (package:flutter/src/widgets/framework.dart:4587:20)
#38     Element.updateChild (package:flutter/src/widgets/framework.dart:4059:18)
#39     ComponentElement.performRebuild (package:flutter/src/widgets/framework.dart:5841:16)
#40     Element.rebuild (package:flutter/src/widgets/framework.dart:5529:7)
#41     ComponentElement._firstBuild (package:flutter/src/widgets/framework.dart:5799:5)
#42     ComponentElement.mount (package:flutter/src/widgets/framework.dart:5793:5)
#43     Element.inflateWidget (package:flutter/src/widgets/framework.dart:4587:20)
#44     MultiChildRenderObjectElement.inflateWidget (package:flutter/src/widgets/framework.dart:7264:36)
#45     MultiChildRenderObjectElement.mount (package:flutter/src/widgets/framework.dart:7279:32)
#46     Element.inflateWidget (package:flutter/src/widgets/framework.dart:4587:20)
#47     Element.updateChild (package:flutter/src/widgets/framework.dart:4059:18)
#48     ComponentElement.performRebuild (package:flutter/src/widgets/framework.dart:5841:16)
#49     Element.rebuild (package:flutter/src/widgets/framework.dart:5529:7)
#50     ComponentElement._firstBuild (package:flutter/src/widgets/framework.dart:5799:5)
#51     ComponentElement.mount (package:flutter/src/widgets/framework.dart:5793:5)
#52     Element.inflateWidget (package:flutter/src/widgets/framework.dart:4587:20)
#53     Element.updateChild (package:flutter/src/widgets/framework.dart:4059:18)
#54     ComponentElement.performRebuild (package:flutter/src/widgets/framework.dart:5841:16)
#55     StatefulElement.performRebuild (package:flutter/src/widgets/framework.dart:5982:11)
#56     Element.rebuild (package:flutter/src/widgets/framework.dart:5529:7)
#57     ComponentElement._firstBuild (package:flutter/src/widgets/framework.dart:5799:5)
#58     StatefulElement._firstBuild (package:flutter/src/widgets/framework.dart:5973:11)
#59     ComponentElement.mount (package:flutter/src/widgets/framework.dart:5793:5)
#60     Element.inflateWidget (package:flutter/src/widgets/framework.dart:4587:20)
#61     Element.updateChild (package:flutter/src/widgets/framework.dart:4059:18)
#62     ComponentElement.performRebuild (package:flutter/src/widgets/framework.dart:5841:16)
#63     Element.rebuild (package:flutter/src/widgets/framework.dart:5529:7)
#64     ComponentElement._firstBuild (package:flutter/src/widgets/framework.dart:5799:5)
#65     ComponentElement.mount (package:flutter/src/widgets/framework.dart:5793:5)
#66     Element.inflateWidget (package:flutter/src/widgets/framework.dart:4587:20)
#67     Element.updateChild (package:flutter/src/widgets/framework.dart:4059:18)
#68     ComponentElement.performRebuild (package:flutter/src/widgets/framework.dart:5841:16)
#69     Element.rebuild (package:flutter/src/widgets/framework.dart:5529:7)
#70     ComponentElement._firstBuild (package:flutter/src/widgets/framework.dart:5799:5)
#71     ComponentElement.mount (package:flutter/src/widgets/framework.dart:5793:5)
#72     Element.inflateWidget (package:flutter/src/widgets/framework.dart:4587:20)
#73     Element.updateChild (package:flutter/src/widgets/framework.dart:4059:18)
#74     ComponentElement.performRebuild (package:flutter/src/widgets/framework.dart:5841:16)
#75     StatefulElement.performRebuild (package:flutter/src/widgets/framework.dart:5982:11)
#76     Element.rebuild (package:flutter/src/widgets/framework.dart:5529:7)
#77     ComponentElement._firstBuild (package:flutter/src/widgets/framework.dart:5799:5)
#78     StatefulElement._firstBuild (package:flutter/src/widgets/framework.dart:5973:11)
#79     ComponentElement.mount (package:flutter/src/widgets/framework.dart:5793:5)
#80     Element.inflateWidget (package:flutter/src/widgets/framework.dart:4587:20)
#81     Element.updateChild (package:flutter/src/widgets/framework.dart:4059:18)
#82     SingleChildRenderObjectElement.mount (package:flutter/src/widgets/framework.dart:7115:14)
#83     Element.inflateWidget (package:flutter/src/widgets/framework.dart:4587:20)
#84     Element.updateChild (package:flutter/src/widgets/framework.dart:4059:18)
#85     ComponentElement.performRebuild (package:flutter/src/widgets/framework.dart:5841:16)
#86     Element.rebuild (package:flutter/src/widgets/framework.dart:5529:7)
#87     ComponentElement._firstBuild (package:flutter/src/widgets/framework.dart:5799:5)
#88     ComponentElement.mount (package:flutter/src/widgets/framework.dart:5793:5)
#89     Element.inflateWidget (package:flutter/src/widgets/framework.dart:4587:20)
#90     Element.updateChild (package:flutter/src/widgets/framework.dart:4059:18)
#91     SingleChildRenderObjectElement.mount (package:flutter/src/widgets/framework.dart:7115:14)
#92     Element.inflateWidget (package:flutter/src/widgets/framework.dart:4587:20)
#93     Element.updateChild (package:flutter/src/widgets/framework.dart:4059:18)
#94     ComponentElement.performRebuild (package:flutter/src/widgets/framework.dart:5841:16)
#95     StatefulElement.performRebuild (package:flutter/src/widgets/framework.dart:5982:11)
#96     Element.rebuild (package:flutter/src/widgets/framework.dart:5529:7)
#97     ComponentElement._firstBuild (package:flutter/src/widgets/framework.dart:5799:5)
#98     StatefulElement._firstBuild (package:flutter/src/widgets/framework.dart:5973:11)
#99     ComponentElement.mount (package:flutter/src/widgets/framework.dart:5793:5)
#100    Element.inflateWidget (package:flutter/src/widgets/framework.dart:4587:20)
#101    Element.updateChild (package:flutter/src/widgets/framework.dart:4059:18)
#102    ComponentElement.performRebuild (package:flutter/src/widgets/framework.dart:5841:16)
#103    StatefulElement.performRebuild (package:flutter/src/widgets/framework.dart:5982:11)
#104    Element.rebuild (package:flutter/src/widgets/framework.dart:5529:7)
#105    ComponentElement._firstBuild (package:flutter/src/widgets/framework.dart:5799:5)
#106    StatefulElement._firstBuild (package:flutter/src/widgets/framework.dart:5973:11)
#107    ComponentElement.mount (package:flutter/src/widgets/framework.dart:5793:5)
#108    Element.inflateWidget (package:flutter/src/widgets/framework.dart:4587:20)
#109    Element.updateChild (package:flutter/src/widgets/framework.dart:4059:18)
#110    ComponentElement.performRebuild (package:flutter/src/widgets/framework.dart:5841:16)
#111    Element.rebuild (package:flutter/src/widgets/framework.dart:5529:7)
#112    ComponentElement._firstBuild (package:flutter/src/widgets/framework.dart:5799:5)
#113    ComponentElement.mount (package:flutter/src/widgets/framework.dart:5793:5)
#114    Element.inflateWidget (package:flutter/src/widgets/framework.dart:4587:20)
#115    Element.updateChild (package:flutter/src/widgets/framework.dart:4059:18)
#116    ComponentElement.performRebuild (package:flutter/src/widgets/framework.dart:5841:16)
#117    Element.rebuild (package:flutter/src/widgets/framework.dart:5529:7)
#118    ComponentElement._firstBuild (package:flutter/src/widgets/framework.dart:5799:5)
#119    ComponentElement.mount (package:flutter/src/widgets/framework.dart:5793:5)
#120    Element.inflateWidget (package:flutter/src/widgets/framework.dart:4587:20)
#121    Element.updateChild (package:flutter/src/widgets/framework.dart:4059:18)
#122    ComponentElement.performRebuild (package:flutter/src/widgets/framework.dart:5841:16)
#123    Element.rebuild (package:flutter/src/widgets/framework.dart:5529:7)
#124    ComponentElement._firstBuild (package:flutter/src/widgets/framework.dart:5799:5)
#125    ComponentElement.mount (package:flutter/src/widgets/framework.dart:5793:5)
#126    Element.inflateWidget (package:flutter/src/widgets/framework.dart:4587:20)
#127    Element.updateChild (package:flutter/src/widgets/framework.dart:4059:18)
#128    ComponentElement.performRebuild (package:flutter/src/widgets/framework.dart:5841:16)
#129    StatefulElement.performRebuild (package:flutter/src/widgets/framework.dart:5982:11)
#130    Element.rebuild (package:flutter/src/widgets/framework.dart:5529:7)
#131    ComponentElement._firstBuild (package:flutter/src/widgets/framework.dart:5799:5)
#132    StatefulElement._firstBuild (package:flutter/src/widgets/framework.dart:5973:11)
#133    ComponentElement.mount (package:flutter/src/widgets/framework.dart:5793:5)
#134    Element.inflateWidget (package:flutter/src/widgets/framework.dart:4587:20)
#135    Element.updateChild (package:flutter/src/widgets/framework.dart:4059:18)
#136    ComponentElement.performRebuild (package:flutter/src/widgets/framework.dart:5841:16)
#137    Element.rebuild (package:flutter/src/widgets/framework.dart:5529:7)
#138    ComponentElement._firstBuild (package:flutter/src/widgets/framework.dart:5799:5)
#139    ComponentElement.mount (package:flutter/src/widgets/framework.dart:5793:5)
#140    Element.inflateWidget (package:flutter/src/widgets/framework.dart:4587:20)
#141    Element.updateChild (package:flutter/src/widgets/framework.dart:4059:18)
#142    ComponentElement.performRebuild (package:flutter/src/widgets/framework.dart:5841:16)
#143    StatefulElement.performRebuild (package:flutter/src/widgets/framework.dart:5982:11)
#144    Element.rebuild (package:flutter/src/widgets/framework.dart:5529:7)
#145    ComponentElement._firstBuild (package:flutter/src/widgets/framework.dart:5799:5)
#146    StatefulElement._firstBuild (package:flutter/src/widgets/framework.dart:5973:11)
#147    ComponentElement.mount (package:flutter/src/widgets/framework.dart:5793:5)
#148    Element.inflateWidget (package:flutter/src/widgets/framework.dart:4587:20)
#149    Element.updateChild (package:flutter/src/widgets/framework.dart:4059:18)
#150    SingleChildRenderObjectElement.mount (package:flutter/src/widgets/framework.dart:7115:14)
#151    Element.inflateWidget (package:flutter/src/widgets/framework.dart:4587:20)
#152    Element.updateChild (package:flutter/src/widgets/framework.dart:4059:18)
#153    ComponentElement.performRebuild (package:flutter/src/widgets/framework.dart:5841:16)
#154    Element.rebuild (package:flutter/src/widgets/framework.dart:5529:7)
#155    ComponentElement._firstBuild (package:flutter/src/widgets/framework.dart:5799:5)
#156    ComponentElement.mount (package:flutter/src/widgets/framework.dart:5793:5)
#157    Element.inflateWidget (package:flutter/src/widgets/framework.dart:4587:20)
#158    Element.updateChild (package:flutter/src/widgets/framework.dart:4059:18)
#159    SingleChildRenderObjectElement.mount (package:flutter/src/widgets/framework.dart:7115:14)
#160    Element.inflateWidget (package:flutter/src/widgets/framework.dart:4587:20)
#161    Element.updateChild (package:flutter/src/widgets/framework.dart:4059:18)
#162    SingleChildRenderObjectElement.mount (package:flutter/src/widgets/framework.dart:7115:14)
#163    Element.inflateWidget (package:flutter/src/widgets/framework.dart:4587:20)
#164    Element.updateChild (package:flutter/src/widgets/framework.dart:4059:18)
#165    ComponentElement.performRebuild (package:flutter/src/widgets/framework.dart:5841:16)
#166    StatefulElement.performRebuild (package:flutter/src/widgets/framework.dart:5982:11)
#167    Element.rebuild (package:flutter/src/widgets/framework.dart:5529:7)
#168    ComponentElement._firstBuild (package:flutter/src/widgets/framework.dart:5799:5)
#169    StatefulElement._firstBuild (package:flutter/src/widgets/framework.dart:5973:11)
#170    ComponentElement.mount (package:flutter/src/widgets/framework.dart:5793:5)
#171    Element.inflateWidget (package:flutter/src/widgets/framework.dart:4587:20)
#172    Element.updateChild (package:flutter/src/widgets/framework.dart:4059:18)
#173    SingleChildRenderObjectElement.mount (package:flutter/src/widgets/framework.dart:7115:14)
#174    Element.inflateWidget (package:flutter/src/widgets/framework.dart:4587:20)
#175    Element.updateChild (package:flutter/src/widgets/framework.dart:4059:18)
#176    ComponentElement.performRebuild (package:flutter/src/widgets/framework.dart:5841:16)
#177    StatefulElement.performRebuild (package:flutter/src/widgets/framework.dart:5982:11)
#178    Element.rebuild (package:flutter/src/widgets/framework.dart:5529:7)
#179    ComponentElement._firstBuild (package:flutter/src/widgets/framework.dart:5799:5)
#180    StatefulElement._firstBuild (package:flutter/src/widgets/framework.dart:5973:11)
#181    ComponentElement.mount (package:flutter/src/widgets/framework.dart:5793:5)
#182    Element.inflateWidget (package:flutter/src/widgets/framework.dart:4587:20)
#183    Element.updateChild (package:flutter/src/widgets/framework.dart:4059:18)
#184    SingleChildRenderObjectElement.mount (package:flutter/src/widgets/framework.dart:7115:14)
#185    Element.inflateWidget (package:flutter/src/widgets/framework.dart:4587:20)
#186    Element.updateChild (package:flutter/src/widgets/framework.dart:4059:18)
#187    SingleChildRenderObjectElement.mount (package:flutter/src/widgets/framework.dart:7115:14)
#188    Element.inflateWidget (package:flutter/src/widgets/framework.dart:4587:20)
#189    Element.updateChild (package:flutter/src/widgets/framework.dart:4059:18)
#190    ComponentElement.performRebuild (package:flutter/src/widgets/framework.dart:5841:16)
#191    StatefulElement.performRebuild (package:flutter/src/widgets/framework.dart:5982:11)
#192    Element.rebuild (package:flutter/src/widgets/framework.dart:5529:7)
#193    ComponentElement._firstBuild (package:flutter/src/widgets/framework.dart:5799:5)
#194    StatefulElement._firstBuild (package:flutter/src/widgets/framework.dart:5973:11)
#195    ComponentElement.mount (package:flutter/src/widgets/framework.dart:5793:5)
#196    Element.inflateWidget (package:flutter/src/widgets/framework.dart:4587:20)
#197    Element.updateChild (package:flutter/src/widgets/framework.dart:4059:18)
#198    SingleChildRenderObjectElement.mount (package:flutter/src/widgets/framework.dart:7115:14)
#199    Element.inflateWidget (package:flutter/src/widgets/framework.dart:4587:20)
#200    Element.updateChild (package:flutter/src/widgets/framework.dart:4059:18)
#201    ComponentElement.performRebuild (package:flutter/src/widgets/framework.dart:5841:16)
#202    StatefulElement.performRebuild (package:flutter/src/widgets/framework.dart:5982:11)
#203    Element.rebuild (package:flutter/src/widgets/framework.dart:5529:7)
#204    ComponentElement._firstBuild (package:flutter/src/widgets/framework.dart:5799:5)
#205    StatefulElement._firstBuild (package:flutter/src/widgets/framework.dart:5973:11)
#206    ComponentElement.mount (package:flutter/src/widgets/framework.dart:5793:5)
#207    Element.inflateWidget (package:flutter/src/widgets/framework.dart:4587:20)
#208    Element.updateChild (package:flutter/src/widgets/framework.dart:4059:18)
#209    SingleChildRenderObjectElement.mount (package:flutter/src/widgets/framework.dart:7115:14)
#210    Element.inflateWidget (package:flutter/src/widgets/framework.dart:4587:20)
#211    Element.updateChild (package:flutter/src/widgets/framework.dart:4059:18)
#212    SingleChildRenderObjectElement.mount (package:flutter/src/widgets/framework.dart:7115:14)
#213    Element.inflateWidget (package:flutter/src/widgets/framework.dart:4587:20)
#214    Element.updateChild (package:flutter/src/widgets/framework.dart:4059:18)
#215    ComponentElement.performRebuild (package:flutter/src/widgets/framework.dart:5841:16)
#216    StatefulElement.performRebuild (package:flutter/src/widgets/framework.dart:5982:11)
#217    Element.rebuild (package:flutter/src/widgets/framework.dart:5529:7)
#218    ComponentElement._firstBuild (package:flutter/src/widgets/framework.dart:5799:5)
#219    StatefulElement._firstBuild (package:flutter/src/widgets/framework.dart:5973:11)
#220    ComponentElement.mount (package:flutter/src/widgets/framework.dart:5793:5)
#221    Element.inflateWidget (package:flutter/src/widgets/framework.dart:4587:20)
#222    Element.updateChild (package:flutter/src/widgets/framework.dart:4059:18)
#223    SingleChildRenderObjectElement.mount (package:flutter/src/widgets/framework.dart:7115:14)
#224    Element.inflateWidget (package:flutter/src/widgets/framework.dart:4587:20)
#225    Element.updateChild (package:flutter/src/widgets/framework.dart:4059:18)
#226    SingleChildRenderObjectElement.mount (package:flutter/src/widgets/framework.dart:7115:14)
#227    Element.inflateWidget (package:flutter/src/widgets/framework.dart:4587:20)
#228    Element.updateChild (package:flutter/src/widgets/framework.dart:4059:18)
#229    SingleChildRenderObjectElement.mount (package:flutter/src/widgets/framework.dart:7115:14)
#230    Element.inflateWidget (package:flutter/src/widgets/framework.dart:4587:20)
#231    Element.updateChild (package:flutter/src/widgets/framework.dart:4059:18)
#232    ComponentElement.performRebuild (package:flutter/src/widgets/framework.dart:5841:16)
#233    StatefulElement.performRebuild (package:flutter/src/widgets/framework.dart:5982:11)
#234    Element.rebuild (package:flutter/src/widgets/framework.dart:5529:7)
#235    ComponentElement._firstBuild (package:flutter/src/widgets/framework.dart:5799:5)
#236    StatefulElement._firstBuild (package:flutter/src/widgets/framework.dart:5973:11)
#237    ComponentElement.mount (package:flutter/src/widgets/framework.dart:5793:5)
#238    Element.inflateWidget (package:flutter/src/widgets/framework.dart:4587:20)
#239    Element.updateChild (package:flutter/src/widgets/framework.dart:4059:18)
#240    SingleChildRenderObjectElement.mount (package:flutter/src/widgets/framework.dart:7115:14)
#241    Element.inflateWidget (package:flutter/src/widgets/framework.dart:4587:20)
#242    Element.updateChild (package:flutter/src/widgets/framework.dart:4059:18)
#243    ComponentElement.performRebuild (package:flutter/src/widgets/framework.dart:5841:16)
#244    StatefulElement.performRebuild (package:flutter/src/widgets/framework.dart:5982:11)
#245    Element.rebuild (package:flutter/src/widgets/framework.dart:5529:7)
#246    ComponentElement._firstBuild (package:flutter/src/widgets/framework.dart:5799:5)
#247    StatefulElement._firstBuild (package:flutter/src/widgets/framework.dart:5973:11)
#248    ComponentElement.mount (package:flutter/src/widgets/framework.dart:5793:5)
#249    Element.inflateWidget (package:flutter/src/widgets/framework.dart:4587:20)
#250    Element.updateChild (package:flutter/src/widgets/framework.dart:4059:18)
#251    ComponentElement.performRebuild (package:flutter/src/widgets/framework.dart:5841:16)
#252    Element.rebuild (package:flutter/src/widgets/framework.dart:5529:7)
#253    ComponentElement._firstBuild (package:flutter/src/widgets/framework.dart:5799:5)
#254    ComponentElement.mount (package:flutter/src/widgets/framework.dart:5793:5)
#255    Element.inflateWidget (package:flutter/src/widgets/framework.dart:4587:20)
#256    Element.updateChild (package:flutter/src/widgets/framework.dart:4059:18)
#257    ComponentElement.performRebuild (package:flutter/src/widgets/framework.dart:5841:16)
#258    StatefulElement.performRebuild (package:flutter/src/widgets/framework.dart:5982:11)
#259    Element.rebuild (package:flutter/src/widgets/framework.dart:5529:7)
#260    ComponentElement._firstBuild (package:flutter/src/widgets/framework.dart:5799:5)
#261    StatefulElement._firstBuild (package:flutter/src/widgets/framework.dart:5973:11)
#262    ComponentElement.mount (package:flutter/src/widgets/framework.dart:5793:5)
#263    Element.inflateWidget (package:flutter/src/widgets/framework.dart:4587:20)
#264    Element.updateChild (package:flutter/src/widgets/framework.dart:4059:18)
#265    ComponentElement.performRebuild (package:flutter/src/widgets/framework.dart:5841:16)
#266    StatefulElement.performRebuild (package:flutter/src/widgets/framework.dart:5982:11)
#267    Element.rebuild (package:flutter/src/widgets/framework.dart:5529:7)
#268    ComponentElement._firstBuild (package:flutter/src/widgets/framework.dart:5799:5)
#269    StatefulElement._firstBuild (package:flutter/src/widgets/framework.dart:5973:11)
#270    ComponentElement.mount (package:flutter/src/widgets/framework.dart:5793:5)
#271    Element.inflateWidget (package:flutter/src/widgets/framework.dart:4587:20)
#272    Element.updateChild (package:flutter/src/widgets/framework.dart:4059:18)
#273    ComponentElement.performRebuild (package:flutter/src/widgets/framework.dart:5841:16)
#274    StatefulElement.performRebuild (package:flutter/src/widgets/framework.dart:5982:11)
#275    Element.rebuild (package:flutter/src/widgets/framework.dart:5529:7)
#276    ComponentElement._firstBuild (package:flutter/src/widgets/framework.dart:5799:5)
#277    StatefulElement._firstBuild (package:flutter/src/widgets/framework.dart:5973:11)
#278    ComponentElement.mount (package:flutter/src/widgets/framework.dart:5793:5)
#279    Element.inflateWidget (package:flutter/src/widgets/framework.dart:4587:20)
#280    Element.updateChild (package:flutter/src/widgets/framework.dart:4059:18)
#281    SingleChildRenderObjectElement.mount (package:flutter/src/widgets/framework.dart:7115:14)
#282    Element.inflateWidget (package:flutter/src/widgets/framework.dart:4587:20)
#283    Element.updateChild (package:flutter/src/widgets/framework.dart:4059:18)
#284    ComponentElement.performRebuild (package:flutter/src/widgets/framework.dart:5841:16)
#285    Element.rebuild (package:flutter/src/widgets/framework.dart:5529:7)
#286    ComponentElement._firstBuild (package:flutter/src/widgets/framework.dart:5799:5)
#287    ComponentElement.mount (package:flutter/src/widgets/framework.dart:5793:5)
#288    Element.inflateWidget (package:flutter/src/widgets/framework.dart:4587:20)
#289    Element.updateChild (package:flutter/src/widgets/framework.dart:4059:18)
#290    SingleChildRenderObjectElement.mount (package:flutter/src/widgets/framework.dart:7115:14)
#291    Element.inflateWidget (package:flutter/src/widgets/framework.dart:4587:20)
#292    Element.updateChild (package:flutter/src/widgets/framework.dart:4059:18)
#293    ComponentElement.performRebuild (package:flutter/src/widgets/framework.dart:5841:16)
#294    StatefulElement.performRebuild (package:flutter/src/widgets/framework.dart:5982:11)
#295    Element.rebuild (package:flutter/src/widgets/framework.dart:5529:7)
#296    ComponentElement._firstBuild (package:flutter/src/widgets/framework.dart:5799:5)
#297    StatefulElement._firstBuild (package:flutter/src/widgets/framework.dart:5973:11)
#298    ComponentElement.mount (package:flutter/src/widgets/framework.dart:5793:5)
#299    Element.inflateWidget (package:flutter/src/widgets/framework.dart:4587:20)
#300    Element.updateChild (package:flutter/src/widgets/framework.dart:4059:18)
#301    ComponentElement.performRebuild (package:flutter/src/widgets/framework.dart:5841:16)
#302    Element.rebuild (package:flutter/src/widgets/framework.dart:5529:7)
#303    ComponentElement._firstBuild (package:flutter/src/widgets/framework.dart:5799:5)
#304    ComponentElement.mount (package:flutter/src/widgets/framework.dart:5793:5)
#305    Element.inflateWidget (package:flutter/src/widgets/framework.dart:4587:20)
#306    Element.updateChild (package:flutter/src/widgets/framework.dart:4059:18)
#307    ComponentElement.performRebuild (package:flutter/src/widgets/framework.dart:5841:16)
#308    Element.rebuild (package:flutter/src/widgets/framework.dart:5529:7)
#309    ComponentElement._firstBuild (package:flutter/src/widgets/framework.dart:5799:5)
#310    ComponentElement.mount (package:flutter/src/widgets/framework.dart:5793:5)
#311    Element.inflateWidget (package:flutter/src/widgets/framework.dart:4587:20)
#312    Element.updateChild (package:flutter/src/widgets/framework.dart:4059:18)
#313    ComponentElement.performRebuild (package:flutter/src/widgets/framework.dart:5841:16)
#314    StatefulElement.performRebuild (package:flutter/src/widgets/framework.dart:5982:11)
#315    Element.rebuild (package:flutter/src/widgets/framework.dart:5529:7)
#316    ComponentElement._firstBuild (package:flutter/src/widgets/framework.dart:5799:5)
#317    StatefulElement._firstBuild (package:flutter/src/widgets/framework.dart:5973:11)
#318    ComponentElement.mount (package:flutter/src/widgets/framework.dart:5793:5)
#319    Element.inflateWidget (package:flutter/src/widgets/framework.dart:4587:20)
#320    Element.updateChild (package:flutter/src/widgets/framework.dart:4059:18)
#321    ComponentElement.performRebuild (package:flutter/src/widgets/framework.dart:5841:16)
#322    Element.rebuild (package:flutter/src/widgets/framework.dart:5529:7)
#323    ComponentElement._firstBuild (package:flutter/src/widgets/framework.dart:5799:5)
#324    ComponentElement.mount (package:flutter/src/widgets/framework.dart:5793:5)
#325    Element.inflateWidget (package:flutter/src/widgets/framework.dart:4587:20)
#326    Element.updateChild (package:flutter/src/widgets/framework.dart:4059:18)
#327    ComponentElement.performRebuild (package:flutter/src/widgets/framework.dart:5841:16)
#328    Element.rebuild (package:flutter/src/widgets/framework.dart:5529:7)
#329    ComponentElement._firstBuild (package:flutter/src/widgets/framework.dart:5799:5)
#330    ComponentElement.mount (package:flutter/src/widgets/framework.dart:5793:5)
#331    Element.inflateWidget (package:flutter/src/widgets/framework.dart:4587:20)
#332    Element.updateChild (package:flutter/src/widgets/framework.dart:4059:18)
#333    SingleChildRenderObjectElement.mount (package:flutter/src/widgets/framework.dart:7115:14)
#334    Element.inflateWidget (package:flutter/src/widgets/framework.dart:4587:20)
#335    Element.updateChild (package:flutter/src/widgets/framework.dart:4059:18)
#336    ComponentElement.performRebuild (package:flutter/src/widgets/framework.dart:5841:16)
#337    Element.rebuild (package:flutter/src/widgets/framework.dart:5529:7)
#338    ComponentElement._firstBuild (package:flutter/src/widgets/framework.dart:5799:5)
#339    ComponentElement.mount (package:flutter/src/widgets/framework.dart:5793:5)
#340    Element.inflateWidget (package:flutter/src/widgets/framework.dart:4587:20)
#341    Element.updateChild (package:flutter/src/widgets/framework.dart:4059:18)
#342    ComponentElement.performRebuild (package:flutter/src/widgets/framework.dart:5841:16)
#343    Element.rebuild (package:flutter/src/widgets/framework.dart:5529:7)
#344    ComponentElement._firstBuild (package:flutter/src/widgets/framework.dart:5799:5)
#345    ComponentElement.mount (package:flutter/src/widgets/framework.dart:5793:5)
#346    Element.inflateWidget (package:flutter/src/widgets/framework.dart:4587:20)
#347    Element.updateChild (package:flutter/src/widgets/framework.dart:4059:18)
#348    ComponentElement.performRebuild (package:flutter/src/widgets/framework.dart:5841:16)
#349    StatefulElement.performRebuild (package:flutter/src/widgets/framework.dart:5982:11)
#350    Element.rebuild (package:flutter/src/widgets/framework.dart:5529:7)
#351    ComponentElement._firstBuild (package:flutter/src/widgets/framework.dart:5799:5)
#352    StatefulElement._firstBuild (package:flutter/src/widgets/framework.dart:5973:11)
#353    ComponentElement.mount (package:flutter/src/widgets/framework.dart:5793:5)
#354    Element.inflateWidget (package:flutter/src/widgets/framework.dart:4587:20)
#355    Element.updateChild (package:flutter/src/widgets/framework.dart:4059:18)
#356    ComponentElement.performRebuild (package:flutter/src/widgets/framework.dart:5841:16)
#357    StatefulElement.performRebuild (package:flutter/src/widgets/framework.dart:5982:11)
#358    Element.rebuild (package:flutter/src/widgets/framework.dart:5529:7)
#359    ComponentElement._firstBuild (package:flutter/src/widgets/framework.dart:5799:5)
#360    StatefulElement._firstBuild (package:flutter/src/widgets/framework.dart:5973:11)
#361    ComponentElement.mount (package:flutter/src/widgets/framework.dart:5793:5)
#362    Element.inflateWidget (package:flutter/src/widgets/framework.dart:4587:20)
#363    Element.updateChild (package:flutter/src/widgets/framework.dart:4059:18)
#364    ComponentElement.performRebuild (package:flutter/src/widgets/framework.dart:5841:16)
#365    StatefulElement.performRebuild (package:flutter/src/widgets/framework.dart:5982:11)
#366    Element.rebuild (package:flutter/src/widgets/framework.dart:5529:7)
#367    ComponentElement._firstBuild (package:flutter/src/widgets/framework.dart:5799:5)
#368    StatefulElement._firstBuild (package:flutter/src/widgets/framework.dart:5973:11)
#369    ComponentElement.mount (package:flutter/src/widgets/framework.dart:5793:5)
#370    Element.inflateWidget (package:flutter/src/widgets/framework.dart:4587:20)
#371    Element.updateChild (package:flutter/src/widgets/framework.dart:4059:18)
#372    SingleChildRenderObjectElement.mount (package:flutter/src/widgets/framework.dart:7115:14)
#373    Element.inflateWidget (package:flutter/src/widgets/framework.dart:4587:20)
#374    Element.updateChild (package:flutter/src/widgets/framework.dart:4059:18)
#375    ComponentElement.performRebuild (package:flutter/src/widgets/framework.dart:5841:16)
#376    Element.rebuild (package:flutter/src/widgets/framework.dart:5529:7)
#377    ComponentElement._firstBuild (package:flutter/src/widgets/framework.dart:5799:5)
#378    ComponentElement.mount (package:flutter/src/widgets/framework.dart:5793:5)
#379    Element.inflateWidget (package:flutter/src/widgets/framework.dart:4587:20)
#380    Element.updateChild (package:flutter/src/widgets/framework.dart:4059:18)
#381    ComponentElement.performRebuild (package:flutter/src/widgets/framework.dart:5841:16)
#382    Element.rebuild (package:flutter/src/widgets/framework.dart:5529:7)
#383    ComponentElement._firstBuild (package:flutter/src/widgets/framework.dart:5799:5)
#384    ComponentElement.mount (package:flutter/src/widgets/framework.dart:5793:5)
#385    Element.inflateWidget (package:flutter/src/widgets/framework.dart:4587:20)
#386    Element.updateChild (package:flutter/src/widgets/framework.dart:4059:18)
#387    ComponentElement.performRebuild (package:flutter/src/widgets/framework.dart:5841:16)
#388    Element.rebuild (package:flutter/src/widgets/framework.dart:5529:7)
#389    ComponentElement._firstBuild (package:flutter/src/widgets/framework.dart:5799:5)
#390    ComponentElement.mount (package:flutter/src/widgets/framework.dart:5793:5)
#391    Element.inflateWidget (package:flutter/src/widgets/framework.dart:4587:20)
#392    Element.updateChild (package:flutter/src/widgets/framework.dart:4059:18)
#393    ComponentElement.performRebuild (package:flutter/src/widgets/framework.dart:5841:16)
#394    StatefulElement.performRebuild (package:flutter/src/widgets/framework.dart:5982:11)
#395    Element.rebuild (package:flutter/src/widgets/framework.dart:5529:7)
#396    ComponentElement._firstBuild (package:flutter/src/widgets/framework.dart:5799:5)
#397    StatefulElement._firstBuild (package:flutter/src/widgets/framework.dart:5973:11)
#398    ComponentElement.mount (package:flutter/src/widgets/framework.dart:5793:5)
#399    Element.inflateWidget (package:flutter/src/widgets/framework.dart:4587:20)
#400    Element.updateChild (package:flutter/src/widgets/framework.dart:4059:18)
#401    ComponentElement.performRebuild (package:flutter/src/widgets/framework.dart:5841:16)
#402    StatefulElement.performRebuild (package:flutter/src/widgets/framework.dart:5982:11)
#403    Element.rebuild (package:flutter/src/widgets/framework.dart:5529:7)
#404    ComponentElement._firstBuild (package:flutter/src/widgets/framework.dart:5799:5)
#405    StatefulElement._firstBuild (package:flutter/src/widgets/framework.dart:5973:11)
#406    ComponentElement.mount (package:flutter/src/widgets/framework.dart:5793:5)
#407    Element.inflateWidget (package:flutter/src/widgets/framework.dart:4587:20)
#408    MultiChildRenderObjectElement.inflateWidget (package:flutter/src/widgets/framework.dart:7264:36)
#409    MultiChildRenderObjectElement.mount (package:flutter/src/widgets/framework.dart:7279:32)
#410    Element.inflateWidget (package:flutter/src/widgets/framework.dart:4587:20)
#411    Element.updateChild (package:flutter/src/widgets/framework.dart:4059:18)
#412    ComponentElement.performRebuild (package:flutter/src/widgets/framework.dart:5841:16)
#413    StatefulElement.performRebuild (package:flutter/src/widgets/framework.dart:5982:11)
#414    Element.rebuild (package:flutter/src/widgets/framework.dart:5529:7)
#415    ComponentElement._firstBuild (package:flutter/src/widgets/framework.dart:5799:5)
#416    StatefulElement._firstBuild (package:flutter/src/widgets/framework.dart:5973:11)
#417    ComponentElement.mount (package:flutter/src/widgets/framework.dart:5793:5)
#418    Element.inflateWidget (package:flutter/src/widgets/framework.dart:4587:20)
#419    Element.updateChild (package:flutter/src/widgets/framework.dart:4059:18)
#420    ComponentElement.performRebuild (package:flutter/src/widgets/framework.dart:5841:16)
#421    Element.rebuild (package:flutter/src/widgets/framework.dart:5529:7)
#422    ComponentElement._firstBuild (package:flutter/src/widgets/framework.dart:5799:5)
#423    ComponentElement.mount (package:flutter/src/widgets/framework.dart:5793:5)
#424    Element.inflateWidget (package:flutter/src/widgets/framework.dart:4587:20)
#425    Element.updateChild (package:flutter/src/widgets/framework.dart:4059:18)
#426    ComponentElement.performRebuild (package:flutter/src/widgets/framework.dart:5841:16)
#427    Element.rebuild (package:flutter/src/widgets/framework.dart:5529:7)
#428    ComponentElement._firstBuild (package:flutter/src/widgets/framework.dart:5799:5)
#429    ComponentElement.mount (package:flutter/src/widgets/framework.dart:5793:5)
#430    Element.inflateWidget (package:flutter/src/widgets/framework.dart:4587:20)
#431    Element.updateChild (package:flutter/src/widgets/framework.dart:4059:18)
#432    ComponentElement.performRebuild (package:flutter/src/widgets/framework.dart:5841:16)
#433    StatefulElement.performRebuild (package:flutter/src/widgets/framework.dart:5982:11)
#434    Element.rebuild (package:flutter/src/widgets/framework.dart:5529:7)
#435    ComponentElement._firstBuild (package:flutter/src/widgets/framework.dart:5799:5)
#436    StatefulElement._firstBuild (package:flutter/src/widgets/framework.dart:5973:11)
#437    ComponentElement.mount (package:flutter/src/widgets/framework.dart:5793:5)
#438    Element.inflateWidget (package:flutter/src/widgets/framework.dart:4587:20)
#439    Element.updateChild (package:flutter/src/widgets/framework.dart:4059:18)
#440    ComponentElement.performRebuild (package:flutter/src/widgets/framework.dart:5841:16)
#441    Element.rebuild (package:flutter/src/widgets/framework.dart:5529:7)
#442    ComponentElement._firstBuild (package:flutter/src/widgets/framework.dart:5799:5)
#443    ComponentElement.mount (package:flutter/src/widgets/framework.dart:5793:5)
#444    Element.inflateWidget (package:flutter/src/widgets/framework.dart:4587:20)
#445    Element.updateChild (package:flutter/src/widgets/framework.dart:4059:18)
#446    ComponentElement.performRebuild (package:flutter/src/widgets/framework.dart:5841:16)
#447    StatefulElement.performRebuild (package:flutter/src/widgets/framework.dart:5982:11)
#448    Element.rebuild (package:flutter/src/widgets/framework.dart:5529:7)
#449    ComponentElement._firstBuild (package:flutter/src/widgets/framework.dart:5799:5)
#450    StatefulElement._firstBuild (package:flutter/src/widgets/framework.dart:5973:11)
#451    ComponentElement.mount (package:flutter/src/widgets/framework.dart:5793:5)
#452    Element.inflateWidget (package:flutter/src/widgets/framework.dart:4587:20)
#453    Element.updateChild (package:flutter/src/widgets/framework.dart:4059:18)
#454    ComponentElement.performRebuild (package:flutter/src/widgets/framework.dart:5841:16)
#455    StatefulElement.performRebuild (package:flutter/src/widgets/framework.dart:5982:11)
#456    Element.rebuild (package:flutter/src/widgets/framework.dart:5529:7)
#457    ComponentElement._firstBuild (package:flutter/src/widgets/framework.dart:5799:5)
#458    StatefulElement._firstBuild (package:flutter/src/widgets/framework.dart:5973:11)
#459    ComponentElement.mount (package:flutter/src/widgets/framework.dart:5793:5)
#460    Element.inflateWidget (package:flutter/src/widgets/framework.dart:4587:20)
#461    Element.updateChild (package:flutter/src/widgets/framework.dart:4059:18)
#462    SingleChildRenderObjectElement.mount (package:flutter/src/widgets/framework.dart:7115:14)
#463    Element.inflateWidget (package:flutter/src/widgets/framework.dart:4587:20)
#464    Element.updateChild (package:flutter/src/widgets/framework.dart:4059:18)
#465    SingleChildRenderObjectElement.mount (package:flutter/src/widgets/framework.dart:7115:14)
#466    Element.inflateWidget (package:flutter/src/widgets/framework.dart:4587:20)
#467    Element.updateChild (package:flutter/src/widgets/framework.dart:4059:18)
#468    ComponentElement.performRebuild (package:flutter/src/widgets/framework.dart:5841:16)
#469    Element.rebuild (package:flutter/src/widgets/framework.dart:5529:7)
#470    ComponentElement._firstBuild (package:flutter/src/widgets/framework.dart:5799:5)
#471    ComponentElement.mount (package:flutter/src/widgets/framework.dart:5793:5)
#472    Element.inflateWidget (package:flutter/src/widgets/framework.dart:4587:20)
#473    Element.updateChild (package:flutter/src/widgets/framework.dart:4059:18)
#474    ComponentElement.performRebuild (package:flutter/src/widgets/framework.dart:5841:16)
#475    Element.rebuild (package:flutter/src/widgets/framework.dart:5529:7)
#476    ComponentElement._firstBuild (package:flutter/src/widgets/framework.dart:5799:5)
#477    ComponentElement.mount (package:flutter/src/widgets/framework.dart:5793:5)
#478    Element.inflateWidget (package:flutter/src/widgets/framework.dart:4587:20)
#479    Element.updateChild (package:flutter/src/widgets/framework.dart:4059:18)
#480    ComponentElement.performRebuild (package:flutter/src/widgets/framework.dart:5841:16)
#481    StatefulElement.performRebuild (package:flutter/src/widgets/framework.dart:5982:11)
#482    Element.rebuild (package:flutter/src/widgets/framework.dart:5529:7)
#483    ComponentElement._firstBuild (package:flutter/src/widgets/framework.dart:5799:5)
#484    StatefulElement._firstBuild (package:flutter/src/widgets/framework.dart:5973:11)
#485    ComponentElement.mount (package:flutter/src/widgets/framework.dart:5793:5)
#486    Element.inflateWidget (package:flutter/src/widgets/framework.dart:4587:20)
#487    Element.updateChild (package:flutter/src/widgets/framework.dart:4059:18)
#488    ComponentElement.performRebuild (package:flutter/src/widgets/framework.dart:5841:16)
#489    Element.rebuild (package:flutter/src/widgets/framework.dart:5529:7)
#490    ComponentElement._firstBuild (package:flutter/src/widgets/framework.dart:5799:5)
#491    ComponentElement.mount (package:flutter/src/widgets/framework.dart:5793:5)
#492    Element.inflateWidget (package:flutter/src/widgets/framework.dart:4587:20)
#493    Element.updateChild (package:flutter/src/widgets/framework.dart:4059:18)
#494    SingleChildRenderObjectElement.mount (package:flutter/src/widgets/framework.dart:7115:14)
#495    Element.inflateWidget (package:flutter/src/widgets/framework.dart:4587:20)
#496    Element.updateChild (package:flutter/src/widgets/framework.dart:4059:18)
#497    ComponentElement.performRebuild (package:flutter/src/widgets/framework.dart:5841:16)
#498    StatefulElement.performRebuild (package:flutter/src/widgets/framework.dart:5982:11)
#499    Element.rebuild (package:flutter/src/widgets/framework.dart:5529:7)
#500    ComponentElement._firstBuild (package:flutter/src/widgets/framework.dart:5799:5)
#501    StatefulElement._firstBuild (package:flutter/src/widgets/framework.dart:5973:11)
#502    ComponentElement.mount (package:flutter/src/widgets/framework.dart:5793:5)
#503    Element.inflateWidget (package:flutter/src/widgets/framework.dart:4587:20)
#504    Element.updateChild (package:flutter/src/widgets/framework.dart:4059:18)
#505    ComponentElement.performRebuild (package:flutter/src/widgets/framework.dart:5841:16)
#506    Element.rebuild (package:flutter/src/widgets/framework.dart:5529:7)
#507    ComponentElement._firstBuild (package:flutter/src/widgets/framework.dart:5799:5)
#508    ComponentElement.mount (package:flutter/src/widgets/framework.dart:5793:5)
#509    Element.inflateWidget (package:flutter/src/widgets/framework.dart:4587:20)
#510    Element.updateChild (package:flutter/src/widgets/framework.dart:4059:18)
#511    ComponentElement.performRebuild (package:flutter/src/widgets/framework.dart:5841:16)
#512    Element.rebuild (package:flutter/src/widgets/framework.dart:5529:7)
#513    ComponentElement._firstBuild (package:flutter/src/widgets/framework.dart:5799:5)
#514    ComponentElement.mount (package:flutter/src/widgets/framework.dart:5793:5)
#515    Element.inflateWidget (package:flutter/src/widgets/framework.dart:4587:20)
#516    Element.updateChild (package:flutter/src/widgets/framework.dart:4059:18)
#517    ComponentElement.performRebuild (package:flutter/src/widgets/framework.dart:5841:16)
#518    StatefulElement.performRebuild (package:flutter/src/widgets/framework.dart:5982:11)
#519    Element.rebuild (package:flutter/src/widgets/framework.dart:5529:7)
#520    ComponentElement._firstBuild (package:flutter/src/widgets/framework.dart:5799:5)
#521    StatefulElement._firstBuild (package:flutter/src/widgets/framework.dart:5973:11)
#522    ComponentElement.mount (package:flutter/src/widgets/framework.dart:5793:5)
#523    Element.inflateWidget (package:flutter/src/widgets/framework.dart:4587:20)
#524    Element.updateChild (package:flutter/src/widgets/framework.dart:4059:18)
#525    ComponentElement.performRebuild (package:flutter/src/widgets/framework.dart:5841:16)
#526    Element.rebuild (package:flutter/src/widgets/framework.dart:5529:7)
#527    ComponentElement._firstBuild (package:flutter/src/widgets/framework.dart:5799:5)
#528    ComponentElement.mount (package:flutter/src/widgets/framework.dart:5793:5)
#529    Element.inflateWidget (package:flutter/src/widgets/framework.dart:4587:20)
#530    Element.updateChild (package:flutter/src/widgets/framework.dart:4059:18)
#531    ComponentElement.performRebuild (package:flutter/src/widgets/framework.dart:5841:16)
#532    Element.rebuild (package:flutter/src/widgets/framework.dart:5529:7)
#533    ComponentElement._firstBuild (package:flutter/src/widgets/framework.dart:5799:5)
#534    ComponentElement.mount (package:flutter/src/widgets/framework.dart:5793:5)
#535    Element.inflateWidget (package:flutter/src/widgets/framework.dart:4587:20)
00:10 +219 -3: C:/Users/andrvoicu/Desktop/repos/collectarr-app/test/features/library/add/library_add_ownership_type_test.dart: manual add flow surfaces digital ownership type
ΓòÉΓòÉΓòí EXCEPTION CAUGHT BY FLUTTER TEST FRAMEWORK Γò₧ΓòÉΓòÉΓòÉΓòÉΓòÉΓòÉΓòÉΓòÉΓòÉΓòÉΓòÉΓòÉΓòÉΓòÉΓòÉΓòÉΓòÉΓòÉΓòÉΓòÉΓòÉΓòÉΓòÉΓòÉΓòÉΓòÉΓòÉΓòÉΓòÉΓòÉΓòÉΓòÉΓòÉΓòÉΓòÉΓòÉΓòÉΓòÉΓòÉΓòÉΓòÉΓòÉΓòÉΓòÉΓòÉΓòÉΓòÉΓòÉΓòÉΓòÉΓòÉΓòÉ
The following TestFailure was thrown running a test:
Expected: exactly one matching candidate
  Actual: _TextWidgetFinder:<Found 0 widgets with text "Owned copies created from this draft will be
saved as Digital copy.": []>
   Which: means none were found but one was expected

When the exception was thrown, this was the stack:
#4      main.<anonymous closure> (file:///C:/Users/andrvoicu/Desktop/repos/collectarr-app/test/features/library/add/library_add_ownership_type_test.dart:45:5)
<asynchronous suspension>
#5      testWidgets.<anonymous closure>.<anonymous closure> (package:flutter_test/src/widget_tester.dart:192:15)
<asynchronous suspension>
#6      TestWidgetsFlutterBinding._runTestBody (package:flutter_test/src/binding.dart:1952:5)
<asynchronous suspension>
<asynchronous suspension>
(elided one frame from package:stack_trace)

This was caught by the test expectation on the following line:
  file:///C:/Users/andrvoicu/Desktop/repos/collectarr-app/test/features/library/add/library_add_ownership_type_test.dart line 45
The test description was:
  manual add flow surfaces digital ownership type
ΓòÉΓòÉΓòÉΓòÉΓòÉΓòÉΓòÉΓòÉΓòÉΓòÉΓòÉΓòÉΓòÉΓòÉΓòÉΓòÉΓòÉΓòÉΓòÉΓòÉΓòÉΓòÉΓòÉΓòÉΓòÉΓòÉΓòÉΓòÉΓòÉΓòÉΓòÉΓòÉΓòÉΓòÉΓòÉΓòÉΓòÉΓòÉΓòÉΓòÉΓòÉΓòÉΓòÉΓòÉΓòÉΓòÉΓòÉΓòÉΓòÉΓòÉΓòÉΓòÉΓòÉΓòÉΓòÉΓòÉΓòÉΓòÉΓòÉΓòÉΓòÉΓòÉΓòÉΓòÉΓòÉΓòÉΓòÉΓòÉΓòÉΓòÉΓòÉΓòÉΓòÉΓòÉΓòÉΓòÉΓòÉΓòÉΓòÉΓòÉΓòÉΓòÉΓòÉΓòÉΓòÉΓòÉΓòÉΓòÉΓòÉΓòÉΓòÉΓòÉΓòÉΓòÉΓòÉΓòÉΓòÉΓòÉΓòÉΓòÉ
00:10 +219 -3: C:/Users/andrvoicu/Desktop/repos/collectarr-app/test/features/library/add/library_add_dialog_test.dart: comic add dialog applies local cover scan hints to search fields
#536    Element.updateChild (package:flutter/src/widgets/framework.dart:4059:18)
#537    ComponentElement.performRebuild (package:flutter/src/widgets/framework.dart:5841:16)
00:10 +219 -4: C:/Users/andrvoicu/Desktop/repos/collectarr-app/test/features/library/add/library_add_dialog_test.dart: comic add dialog applies local cover scan hints to search fields
#538    Element.rebuild (package:flutter/src/widgets/framework.dart:5529:7)
00:10 +219 -4: C:/Users/andrvoicu/Desktop/repos/collectarr-app/test/features/library/add/library_add_ownership_type_test.dart: manual add flow surfaces digital ownership type [E]
  Test failed. See exception logs above.
  The test description was: manual add flow surfaces digital ownership type
  
00:10 +219 -4: C:/Users/andrvoicu/Desktop/repos/collectarr-app/test/features/library/add/library_add_dialog_test.dart: comic add dialog applies local cover scan hints to search fields
#539    ComponentElement._firstBuild (package:flutter/src/widgets/framework.dart:5799:5)
#540    ComponentElement.mount (package:flutter/src/widgets/framework.dart:5793:5)
#541    Element.inflateWidget (package:flutter/src/widgets/framework.dart:4587:20)
#542    Element.updateChild (package:flutter/src/widgets/framework.dart:4059:18)
#543    ComponentElement.performRebuild (package:flutter/src/widgets/framework.dart:5841:16)
#544    Element.rebuild (package:flutter/src/widgets/framework.dart:5529:7)
#545    ComponentElement._firstBuild (package:flutter/src/widgets/framework.dart:5799:5)
#546    ComponentElement.mount (package:flutter/src/widgets/framework.dart:5793:5)
#547    Element.inflateWidget (package:flutter/src/widgets/framework.dart:4587:20)
#548    Element.updateChild (package:flutter/src/widgets/framework.dart:4059:18)
#549    ComponentElement.performRebuild (package:flutter/src/widgets/framework.dart:5841:16)
#550    Element.rebuild (package:flutter/src/widgets/framework.dart:5529:7)
#551    ComponentElement._firstBuild (package:flutter/src/widgets/framework.dart:5799:5)
#552    ComponentElement.mount (package:flutter/src/widgets/framework.dart:5793:5)
#553    Element.inflateWidget (package:flutter/src/widgets/framework.dart:4587:20)
#554    Element.updateChild (package:flutter/src/widgets/framework.dart:4059:18)
#555    ComponentElement.performRebuild (package:flutter/src/widgets/framework.dart:5841:16)
#556    Element.rebuild (package:flutter/src/widgets/framework.dart:5529:7)
#557    ComponentElement._firstBuild (package:flutter/src/widgets/framework.dart:5799:5)
#558    ComponentElement.mount (package:flutter/src/widgets/framework.dart:5793:5)
#559    Element.inflateWidget (package:flutter/src/widgets/framework.dart:4587:20)
#560    Element.updateChild (package:flutter/src/widgets/framework.dart:4059:18)
#561    ComponentElement.performRebuild (package:flutter/src/widgets/framework.dart:5841:16)
#562    Element.rebuild (package:flutter/src/widgets/framework.dart:5529:7)
#563    ComponentElement._firstBuild (package:flutter/src/widgets/framework.dart:5799:5)
#564    ComponentElement.mount (package:flutter/src/widgets/framework.dart:5793:5)
#565    Element.inflateWidget (package:flutter/src/widgets/framework.dart:4587:20)
#566    Element.updateChild (package:flutter/src/widgets/framework.dart:4059:18)
#567    ComponentElement.performRebuild (package:flutter/src/widgets/framework.dart:5841:16)
#568    StatefulElement.performRebuild (package:flutter/src/widgets/framework.dart:5982:11)
#569    Element.rebuild (package:flutter/src/widgets/framework.dart:5529:7)
#570    ComponentElement._firstBuild (package:flutter/src/widgets/framework.dart:5799:5)
#571    StatefulElement._firstBuild (package:flutter/src/widgets/framework.dart:5973:11)
#572    ComponentElement.mount (package:flutter/src/widgets/framework.dart:5793:5)
#573    Element.inflateWidget (package:flutter/src/widgets/framework.dart:4587:20)
#574    Element.updateChild (package:flutter/src/widgets/framework.dart:4059:18)
#575    ComponentElement.performRebuild (package:flutter/src/widgets/framework.dart:5841:16)
#576    Element.rebuild (package:flutter/src/widgets/framework.dart:5529:7)
#577    ComponentElement._firstBuild (package:flutter/src/widgets/framework.dart:5799:5)
#578    ComponentElement.mount (package:flutter/src/widgets/framework.dart:5793:5)
#579    Element.inflateWidget (package:flutter/src/widgets/framework.dart:4587:20)
#580    Element.updateChild (package:flutter/src/widgets/framework.dart:4059:18)
#581    ComponentElement.performRebuild (package:flutter/src/widgets/framework.dart:5841:16)
#582    Element.rebuild (package:flutter/src/widgets/framework.dart:5529:7)
#583    ComponentElement._firstBuild (package:flutter/src/widgets/framework.dart:5799:5)
#584    ComponentElement.mount (package:flutter/src/widgets/framework.dart:5793:5)
#585    Element.inflateWidget (package:flutter/src/widgets/framework.dart:4587:20)
#586    Element.updateChild (package:flutter/src/widgets/framework.dart:4059:18)
#587    ComponentElement.performRebuild (package:flutter/src/widgets/framework.dart:5841:16)
#588    StatefulElement.performRebuild (package:flutter/src/widgets/framework.dart:5982:11)
#589    Element.rebuild (package:flutter/src/widgets/framework.dart:5529:7)
#590    ComponentElement._firstBuild (package:flutter/src/widgets/framework.dart:5799:5)
#591    StatefulElement._firstBuild (package:flutter/src/widgets/framework.dart:5973:11)
#592    ComponentElement.mount (package:flutter/src/widgets/framework.dart:5793:5)
#593    Element.inflateWidget (package:flutter/src/widgets/framework.dart:4587:20)
#594    Element.updateChild (package:flutter/src/widgets/framework.dart:4059:18)
#595    SingleChildRenderObjectElement.mount (package:flutter/src/widgets/framework.dart:7115:14)
#596    Element.inflateWidget (package:flutter/src/widgets/framework.dart:4587:20)
#597    Element.updateChild (package:flutter/src/widgets/framework.dart:4059:18)
#598    ComponentElement.performRebuild (package:flutter/src/widgets/framework.dart:5841:16)
#599    StatefulElement.performRebuild (package:flutter/src/widgets/framework.dart:5982:11)
#600    Element.rebuild (package:flutter/src/widgets/framework.dart:5529:7)
#601    ComponentElement._firstBuild (package:flutter/src/widgets/framework.dart:5799:5)
#602    StatefulElement._firstBuild (package:flutter/src/widgets/framework.dart:5973:11)
#603    ComponentElement.mount (package:flutter/src/widgets/framework.dart:5793:5)
#604    Element.inflateWidget (package:flutter/src/widgets/framework.dart:4587:20)
#605    Element.updateChild (package:flutter/src/widgets/framework.dart:4059:18)
#606    ComponentElement.performRebuild (package:flutter/src/widgets/framework.dart:5841:16)
#607    Element.rebuild (package:flutter/src/widgets/framework.dart:5529:7)
#608    ComponentElement._firstBuild (package:flutter/src/widgets/framework.dart:5799:5)
#609    ComponentElement.mount (package:flutter/src/widgets/framework.dart:5793:5)
#610    Element.inflateWidget (package:flutter/src/widgets/framework.dart:4587:20)
#611    Element.updateChild (package:flutter/src/widgets/framework.dart:4059:18)
#612    SingleChildRenderObjectElement.mount (package:flutter/src/widgets/framework.dart:7115:14)
#613    Element.inflateWidget (package:flutter/src/widgets/framework.dart:4587:20)
#614    Element.updateChild (package:flutter/src/widgets/framework.dart:4059:18)
#615    ComponentElement.performRebuild (package:flutter/src/widgets/framework.dart:5841:16)
#616    Element.rebuild (package:flutter/src/widgets/framework.dart:5529:7)
#617    ComponentElement._firstBuild (package:flutter/src/widgets/framework.dart:5799:5)
#618    ComponentElement.mount (package:flutter/src/widgets/framework.dart:5793:5)
#619    Element.inflateWidget (package:flutter/src/widgets/framework.dart:4587:20)
#620    Element.updateChild (package:flutter/src/widgets/framework.dart:4059:18)
#621    ComponentElement.performRebuild (package:flutter/src/widgets/framework.dart:5841:16)
#622    StatefulElement.performRebuild (package:flutter/src/widgets/framework.dart:5982:11)
#623    Element.rebuild (package:flutter/src/widgets/framework.dart:5529:7)
#624    ComponentElement._firstBuild (package:flutter/src/widgets/framework.dart:5799:5)
#625    StatefulElement._firstBuild (package:flutter/src/widgets/framework.dart:5973:11)
#626    ComponentElement.mount (package:flutter/src/widgets/framework.dart:5793:5)
#627    Element.inflateWidget (package:flutter/src/widgets/framework.dart:4587:20)
#628    Element.updateChild (package:flutter/src/widgets/framework.dart:4059:18)
#629    ComponentElement.performRebuild (package:flutter/src/widgets/framework.dart:5841:16)
#630    StatefulElement.performRebuild (package:flutter/src/widgets/framework.dart:5982:11)
#631    Element.rebuild (package:flutter/src/widgets/framework.dart:5529:7)
#632    ComponentElement._firstBuild (package:flutter/src/widgets/framework.dart:5799:5)
#633    StatefulElement._firstBuild (package:flutter/src/widgets/framework.dart:5973:11)
#634    ComponentElement.mount (package:flutter/src/widgets/framework.dart:5793:5)
#635    Element.inflateWidget (package:flutter/src/widgets/framework.dart:4587:20)
#636    Element.updateChild (package:flutter/src/widgets/framework.dart:4059:18)
#637    ComponentElement.performRebuild (package:flutter/src/widgets/framework.dart:5841:16)
#638    Element.rebuild (package:flutter/src/widgets/framework.dart:5529:7)
#639    ComponentElement._firstBuild (package:flutter/src/widgets/framework.dart:5799:5)
#640    ComponentElement.mount (package:flutter/src/widgets/framework.dart:5793:5)
#641    Element.inflateWidget (package:flutter/src/widgets/framework.dart:4587:20)
#642    Element.updateChild (package:flutter/src/widgets/framework.dart:4059:18)
#643    ComponentElement.performRebuild (package:flutter/src/widgets/framework.dart:5841:16)
#644    Element.rebuild (package:flutter/src/widgets/framework.dart:5529:7)
#645    ComponentElement._firstBuild (package:flutter/src/widgets/framework.dart:5799:5)
#646    ComponentElement.mount (package:flutter/src/widgets/framework.dart:5793:5)
#647    Element.inflateWidget (package:flutter/src/widgets/framework.dart:4587:20)
#648    Element.updateChild (package:flutter/src/widgets/framework.dart:4059:18)
#649    SingleChildRenderObjectElement.mount (package:flutter/src/widgets/framework.dart:7115:14)
#650    Element.inflateWidget (package:flutter/src/widgets/framework.dart:4587:20)
#651    Element.updateChild (package:flutter/src/widgets/framework.dart:4059:18)
#652    ComponentElement.performRebuild (package:flutter/src/widgets/framework.dart:5841:16)
#653    StatefulElement.performRebuild (package:flutter/src/widgets/framework.dart:5982:11)
#654    Element.rebuild (package:flutter/src/widgets/framework.dart:5529:7)
#655    ComponentElement._firstBuild (package:flutter/src/widgets/framework.dart:5799:5)
#656    StatefulElement._firstBuild (package:flutter/src/widgets/framework.dart:5973:11)
#657    ComponentElement.mount (package:flutter/src/widgets/framework.dart:5793:5)
#658    Element.inflateWidget (package:flutter/src/widgets/framework.dart:4587:20)
#659    Element.updateChild (package:flutter/src/widgets/framework.dart:4059:18)
#660    ComponentElement.performRebuild (package:flutter/src/widgets/framework.dart:5841:16)
#661    StatefulElement.performRebuild (package:flutter/src/widgets/framework.dart:5982:11)
#662    Element.rebuild (package:flutter/src/widgets/framework.dart:5529:7)
#663    ComponentElement._firstBuild (package:flutter/src/widgets/framework.dart:5799:5)
#664    StatefulElement._firstBuild (package:flutter/src/widgets/framework.dart:5973:11)
#665    ComponentElement.mount (package:flutter/src/widgets/framework.dart:5793:5)
#666    Element.inflateWidget (package:flutter/src/widgets/framework.dart:4587:20)
#667    Element.updateChild (package:flutter/src/widgets/framework.dart:4059:18)
#668    SingleChildRenderObjectElement.mount (package:flutter/src/widgets/framework.dart:7115:14)
#669    Element.inflateWidget (package:flutter/src/widgets/framework.dart:4587:20)
#670    Element.updateChild (package:flutter/src/widgets/framework.dart:4059:18)
#671    ComponentElement.performRebuild (package:flutter/src/widgets/framework.dart:5841:16)
#672    Element.rebuild (package:flutter/src/widgets/framework.dart:5529:7)
#673    ComponentElement._firstBuild (package:flutter/src/widgets/framework.dart:5799:5)
#674    ComponentElement.mount (package:flutter/src/widgets/framework.dart:5793:5)
#675    Element.inflateWidget (package:flutter/src/widgets/framework.dart:4587:20)
#676    Element.updateChild (package:flutter/src/widgets/framework.dart:4059:18)
#677    ComponentElement.performRebuild (package:flutter/src/widgets/framework.dart:5841:16)
#678    StatefulElement.performRebuild (package:flutter/src/widgets/framework.dart:5982:11)
#679    Element.rebuild (package:flutter/src/widgets/framework.dart:5529:7)
#680    ComponentElement._firstBuild (package:flutter/src/widgets/framework.dart:5799:5)
#681    StatefulElement._firstBuild (package:flutter/src/widgets/framework.dart:5973:11)
#682    ComponentElement.mount (package:flutter/src/widgets/framework.dart:5793:5)
#683    Element.inflateWidget (package:flutter/src/widgets/framework.dart:4587:20)
#684    Element.updateChild (package:flutter/src/widgets/framework.dart:4059:18)
#685    ComponentElement.performRebuild (package:flutter/src/widgets/framework.dart:5841:16)
#686    StatefulElement.performRebuild (package:flutter/src/widgets/framework.dart:5982:11)
#687    Element.rebuild (package:flutter/src/widgets/framework.dart:5529:7)
#688    ComponentElement._firstBuild (package:flutter/src/widgets/framework.dart:5799:5)
#689    StatefulElement._firstBuild (package:flutter/src/widgets/framework.dart:5973:11)
#690    ComponentElement.mount (package:flutter/src/widgets/framework.dart:5793:5)
#691    Element.inflateWidget (package:flutter/src/widgets/framework.dart:4587:20)
#692    Element.updateChild (package:flutter/src/widgets/framework.dart:4059:18)
#693    ComponentElement.performRebuild (package:flutter/src/widgets/framework.dart:5841:16)
#694    Element.rebuild (package:flutter/src/widgets/framework.dart:5529:7)
#695    ComponentElement._firstBuild (package:flutter/src/widgets/framework.dart:5799:5)
#696    ComponentElement.mount (package:flutter/src/widgets/framework.dart:5793:5)
#697    Element.inflateWidget (package:flutter/src/widgets/framework.dart:4587:20)
#698    Element.updateChild (package:flutter/src/widgets/framework.dart:4059:18)
#699    ComponentElement.performRebuild (package:flutter/src/widgets/framework.dart:5841:16)
#700    StatefulElement.performRebuild (package:flutter/src/widgets/framework.dart:5982:11)
#701    Element.rebuild (package:flutter/src/widgets/framework.dart:5529:7)
#702    ComponentElement._firstBuild (package:flutter/src/widgets/framework.dart:5799:5)
#703    StatefulElement._firstBuild (package:flutter/src/widgets/framework.dart:5973:11)
#704    ComponentElement.mount (package:flutter/src/widgets/framework.dart:5793:5)
#705    Element.inflateWidget (package:flutter/src/widgets/framework.dart:4587:20)
#706    Element.updateChild (package:flutter/src/widgets/framework.dart:4059:18)
#707    SingleChildRenderObjectElement.mount (package:flutter/src/widgets/framework.dart:7115:14)
#708    Element.inflateWidget (package:flutter/src/widgets/framework.dart:4587:20)
#709    Element.updateChild (package:flutter/src/widgets/framework.dart:4059:18)
#710    ComponentElement.performRebuild (package:flutter/src/widgets/framework.dart:5841:16)
#711    Element.rebuild (package:flutter/src/widgets/framework.dart:5529:7)
#712    ComponentElement._firstBuild (package:flutter/src/widgets/framework.dart:5799:5)
#713    ComponentElement.mount (package:flutter/src/widgets/framework.dart:5793:5)
#714    Element.inflateWidget (package:flutter/src/widgets/framework.dart:4587:20)
#715    Element.updateChild (package:flutter/src/widgets/framework.dart:4059:18)
#716    ComponentElement.performRebuild (package:flutter/src/widgets/framework.dart:5841:16)
#717    StatefulElement.performRebuild (package:flutter/src/widgets/framework.dart:5982:11)
#718    Element.rebuild (package:flutter/src/widgets/framework.dart:5529:7)
#719    ComponentElement._firstBuild (package:flutter/src/widgets/framework.dart:5799:5)
#720    StatefulElement._firstBuild (package:flutter/src/widgets/framework.dart:5973:11)
#721    ComponentElement.mount (package:flutter/src/widgets/framework.dart:5793:5)
#722    Element.inflateWidget (package:flutter/src/widgets/framework.dart:4587:20)
#723    Element.updateChild (package:flutter/src/widgets/framework.dart:4059:18)
#724    ComponentElement.performRebuild (package:flutter/src/widgets/framework.dart:5841:16)
#725    StatefulElement.performRebuild (package:flutter/src/widgets/framework.dart:5982:11)
#726    Element.rebuild (package:flutter/src/widgets/framework.dart:5529:7)
#727    ComponentElement._firstBuild (package:flutter/src/widgets/framework.dart:5799:5)
#728    StatefulElement._firstBuild (package:flutter/src/widgets/framework.dart:5973:11)
#729    ComponentElement.mount (package:flutter/src/widgets/framework.dart:5793:5)
#730    Element.inflateWidget (package:flutter/src/widgets/framework.dart:4587:20)
#731    Element.updateChild (package:flutter/src/widgets/framework.dart:4059:18)
#732    ComponentElement.performRebuild (package:flutter/src/widgets/framework.dart:5841:16)
#733    Element.rebuild (package:flutter/src/widgets/framework.dart:5529:7)
#734    ComponentElement._firstBuild (package:flutter/src/widgets/framework.dart:5799:5)
#735    ComponentElement.mount (package:flutter/src/widgets/framework.dart:5793:5)
#736    Element.inflateWidget (package:flutter/src/widgets/framework.dart:4587:20)
#737    Element.updateChild (package:flutter/src/widgets/framework.dart:4059:18)
#738    ComponentElement.performRebuild (package:flutter/src/widgets/framework.dart:5841:16)
#739    StatefulElement.performRebuild (package:flutter/src/widgets/framework.dart:5982:11)
#740    Element.rebuild (package:flutter/src/widgets/framework.dart:5529:7)
#741    ComponentElement._firstBuild (package:flutter/src/widgets/framework.dart:5799:5)
#742    StatefulElement._firstBuild (package:flutter/src/widgets/framework.dart:5973:11)
#743    ComponentElement.mount (package:flutter/src/widgets/framework.dart:5793:5)
#744    Element.inflateWidget (package:flutter/src/widgets/framework.dart:4587:20)
#745    Element.updateChild (package:flutter/src/widgets/framework.dart:4059:18)
#746    SingleChildRenderObjectElement.mount (package:flutter/src/widgets/framework.dart:7115:14)
#747    Element.inflateWidget (package:flutter/src/widgets/framework.dart:4587:20)
#748    Element.updateChild (package:flutter/src/widgets/framework.dart:4059:18)
#749    ComponentElement.performRebuild (package:flutter/src/widgets/framework.dart:5841:16)
#750    Element.rebuild (package:flutter/src/widgets/framework.dart:5529:7)
#751    ComponentElement._firstBuild (package:flutter/src/widgets/framework.dart:5799:5)
#752    ComponentElement.mount (package:flutter/src/widgets/framework.dart:5793:5)
#753    Element.inflateWidget (package:flutter/src/widgets/framework.dart:4587:20)
#754    Element.updateChild (package:flutter/src/widgets/framework.dart:4059:18)
#755    ComponentElement.performRebuild (package:flutter/src/widgets/framework.dart:5841:16)
#756    StatefulElement.performRebuild (package:flutter/src/widgets/framework.dart:5982:11)
#757    Element.rebuild (package:flutter/src/widgets/framework.dart:5529:7)
#758    ComponentElement._firstBuild (package:flutter/src/widgets/framework.dart:5799:5)
#759    StatefulElement._firstBuild (package:flutter/src/widgets/framework.dart:5973:11)
#760    ComponentElement.mount (package:flutter/src/widgets/framework.dart:5793:5)
#761    Element.inflateWidget (package:flutter/src/widgets/framework.dart:4587:20)
#762    Element.updateChild (package:flutter/src/widgets/framework.dart:4059:18)
#763    ComponentElement.performRebuild (package:flutter/src/widgets/framework.dart:5841:16)
#764    StatefulElement.performRebuild (package:flutter/src/widgets/framework.dart:5982:11)
#765    Element.rebuild (package:flutter/src/widgets/framework.dart:5529:7)
#766    ComponentElement._firstBuild (package:flutter/src/widgets/framework.dart:5799:5)
#767    StatefulElement._firstBuild (package:flutter/src/widgets/framework.dart:5973:11)
#768    ComponentElement.mount (package:flutter/src/widgets/framework.dart:5793:5)
#769    Element.inflateWidget (package:flutter/src/widgets/framework.dart:4587:20)
#770    Element.updateChild (package:flutter/src/widgets/framework.dart:4059:18)
#771    ComponentElement.performRebuild (package:flutter/src/widgets/framework.dart:5841:16)
#772    Element.rebuild (package:flutter/src/widgets/framework.dart:5529:7)
#773    ComponentElement._firstBuild (package:flutter/src/widgets/framework.dart:5799:5)
#774    ComponentElement.mount (package:flutter/src/widgets/framework.dart:5793:5)
#775    Element.inflateWidget (package:flutter/src/widgets/framework.dart:4587:20)
#776    Element.updateChild (package:flutter/src/widgets/framework.dart:4059:18)
#777    SingleChildRenderObjectElement.mount (package:flutter/src/widgets/framework.dart:7115:14)
#778    Element.inflateWidget (package:flutter/src/widgets/framework.dart:4587:20)
#779    Element.updateChild (package:flutter/src/widgets/framework.dart:4059:18)
#780    ComponentElement.performRebuild (package:flutter/src/widgets/framework.dart:5841:16)
#781    Element.rebuild (package:flutter/src/widgets/framework.dart:5529:7)
#782    ComponentElement._firstBuild (package:flutter/src/widgets/framework.dart:5799:5)
#783    ComponentElement.mount (package:flutter/src/widgets/framework.dart:5793:5)
#784    Element.inflateWidget (package:flutter/src/widgets/framework.dart:4587:20)
#785    Element.updateChild (package:flutter/src/widgets/framework.dart:4059:18)
#786    ComponentElement.performRebuild (package:flutter/src/widgets/framework.dart:5841:16)
#787    StatefulElement.performRebuild (package:flutter/src/widgets/framework.dart:5982:11)
#788    Element.rebuild (package:flutter/src/widgets/framework.dart:5529:7)
#789    ComponentElement._firstBuild (package:flutter/src/widgets/framework.dart:5799:5)
#790    StatefulElement._firstBuild (package:flutter/src/widgets/framework.dart:5973:11)
#791    ComponentElement.mount (package:flutter/src/widgets/framework.dart:5793:5)
#792    Element.inflateWidget (package:flutter/src/widgets/framework.dart:4587:20)
#793    Element.updateChild (package:flutter/src/widgets/framework.dart:4059:18)
#794    ComponentElement.performRebuild (package:flutter/src/widgets/framework.dart:5841:16)
#795    StatefulElement.performRebuild (package:flutter/src/widgets/framework.dart:5982:11)
#796    Element.rebuild (package:flutter/src/widgets/framework.dart:5529:7)
#797    ComponentElement._firstBuild (package:flutter/src/widgets/framework.dart:5799:5)
#798    StatefulElement._firstBuild (package:flutter/src/widgets/framework.dart:5973:11)
#799    ComponentElement.mount (package:flutter/src/widgets/framework.dart:5793:5)
#800    Element.inflateWidget (package:flutter/src/widgets/framework.dart:4587:20)
#801    Element.updateChild (package:flutter/src/widgets/framework.dart:4059:18)
#802    ComponentElement.performRebuild (package:flutter/src/widgets/framework.dart:5841:16)
#803    Element.rebuild (package:flutter/src/widgets/framework.dart:5529:7)
#804    ComponentElement._firstBuild (package:flutter/src/widgets/framework.dart:5799:5)
#805    ComponentElement.mount (package:flutter/src/widgets/framework.dart:5793:5)
#806    Element.inflateWidget (package:flutter/src/widgets/framework.dart:4587:20)
#807    Element.updateChild (package:flutter/src/widgets/framework.dart:4059:18)
#808    ComponentElement.performRebuild (package:flutter/src/widgets/framework.dart:5841:16)
#809    Element.rebuild (package:flutter/src/widgets/framework.dart:5529:7)
#810    ComponentElement._firstBuild (package:flutter/src/widgets/framework.dart:5799:5)
#811    ComponentElement.mount (package:flutter/src/widgets/framework.dart:5793:5)
#812    Element.inflateWidget (package:flutter/src/widgets/framework.dart:4587:20)
#813    Element.updateChild (package:flutter/src/widgets/framework.dart:4059:18)
#814    ComponentElement.performRebuild (package:flutter/src/widgets/framework.dart:5841:16)
#815    StatefulElement.performRebuild (package:flutter/src/widgets/framework.dart:5982:11)
#816    Element.rebuild (package:flutter/src/widgets/framework.dart:5529:7)
#817    ComponentElement._firstBuild (package:flutter/src/widgets/framework.dart:5799:5)
#818    StatefulElement._firstBuild (package:flutter/src/widgets/framework.dart:5973:11)
#819    ComponentElement.mount (package:flutter/src/widgets/framework.dart:5793:5)
#820    Element.inflateWidget (package:flutter/src/widgets/framework.dart:4587:20)
#821    Element.updateChild (package:flutter/src/widgets/framework.dart:4059:18)
#822    ComponentElement.performRebuild (package:flutter/src/widgets/framework.dart:5841:16)
#823    Element.rebuild (package:flutter/src/widgets/framework.dart:5529:7)
#824    ComponentElement._firstBuild (package:flutter/src/widgets/framework.dart:5799:5)
#825    ComponentElement.mount (package:flutter/src/widgets/framework.dart:5793:5)
#826    Element.inflateWidget (package:flutter/src/widgets/framework.dart:4587:20)
#827    Element.updateChild (package:flutter/src/widgets/framework.dart:4059:18)
#828    ComponentElement.performRebuild (package:flutter/src/widgets/framework.dart:5841:16)
#829    StatefulElement.performRebuild (package:flutter/src/widgets/framework.dart:5982:11)
#830    Element.rebuild (package:flutter/src/widgets/framework.dart:5529:7)
#831    ComponentElement._firstBuild (package:flutter/src/widgets/framework.dart:5799:5)
#832    StatefulElement._firstBuild (package:flutter/src/widgets/framework.dart:5973:11)
#833    ComponentElement.mount (package:flutter/src/widgets/framework.dart:5793:5)
#834    Element.inflateWidget (package:flutter/src/widgets/framework.dart:4587:20)
#835    Element.updateChild (package:flutter/src/widgets/framework.dart:4059:18)
#836    ComponentElement.performRebuild (package:flutter/src/widgets/framework.dart:5841:16)
#837    Element.rebuild (package:flutter/src/widgets/framework.dart:5529:7)
#838    ComponentElement._firstBuild (package:flutter/src/widgets/framework.dart:5799:5)
#839    ComponentElement.mount (package:flutter/src/widgets/framework.dart:5793:5)
#840    Element.inflateWidget (package:flutter/src/widgets/framework.dart:4587:20)
#841    Element.updateChild (package:flutter/src/widgets/framework.dart:4059:18)
#842    ComponentElement.performRebuild (package:flutter/src/widgets/framework.dart:5841:16)
#843    StatefulElement.performRebuild (package:flutter/src/widgets/framework.dart:5982:11)
#844    Element.rebuild (package:flutter/src/widgets/framework.dart:5529:7)
#845    ComponentElement._firstBuild (package:flutter/src/widgets/framework.dart:5799:5)
#846    StatefulElement._firstBuild (package:flutter/src/widgets/framework.dart:5973:11)
#847    ComponentElement.mount (package:flutter/src/widgets/framework.dart:5793:5)
#848    Element.inflateWidget (package:flutter/src/widgets/framework.dart:4587:20)
#849    Element.updateChild (package:flutter/src/widgets/framework.dart:4059:18)
#850    ComponentElement.performRebuild (package:flutter/src/widgets/framework.dart:5841:16)
#851    StatefulElement.performRebuild (package:flutter/src/widgets/framework.dart:5982:11)
#852    Element.rebuild (package:flutter/src/widgets/framework.dart:5529:7)
#853    ComponentElement._firstBuild (package:flutter/src/widgets/framework.dart:5799:5)
#854    StatefulElement._firstBuild (package:flutter/src/widgets/framework.dart:5973:11)
#855    ComponentElement.mount (package:flutter/src/widgets/framework.dart:5793:5)
#856    Element.inflateWidget (package:flutter/src/widgets/framework.dart:4587:20)
#857    Element.updateChild (package:flutter/src/widgets/framework.dart:4059:18)
#858    ComponentElement.performRebuild (package:flutter/src/widgets/framework.dart:5841:16)
#859    Element.rebuild (package:flutter/src/widgets/framework.dart:5529:7)
#860    ComponentElement._firstBuild (package:flutter/src/widgets/framework.dart:5799:5)
#861    ComponentElement.mount (package:flutter/src/widgets/framework.dart:5793:5)
#862    Element.inflateWidget (package:flutter/src/widgets/framework.dart:4587:20)
#863    Element.updateChild (package:flutter/src/widgets/framework.dart:4059:18)
#864    ComponentElement.performRebuild (package:flutter/src/widgets/framework.dart:5841:16)
#865    Element.rebuild (package:flutter/src/widgets/framework.dart:5529:7)
#866    ComponentElement._firstBuild (package:flutter/src/widgets/framework.dart:5799:5)
#867    ComponentElement.mount (package:flutter/src/widgets/framework.dart:5793:5)
#868    Element.inflateWidget (package:flutter/src/widgets/framework.dart:4587:20)
#869    Element.updateChild (package:flutter/src/widgets/framework.dart:4059:18)
#870    ComponentElement.performRebuild (package:flutter/src/widgets/framework.dart:5841:16)
#871    StatefulElement.performRebuild (package:flutter/src/widgets/framework.dart:5982:11)
#872    Element.rebuild (package:flutter/src/widgets/framework.dart:5529:7)
#873    ComponentElement._firstBuild (package:flutter/src/widgets/framework.dart:5799:5)
#874    StatefulElement._firstBuild (package:flutter/src/widgets/framework.dart:5973:11)
#875    ComponentElement.mount (package:flutter/src/widgets/framework.dart:5793:5)
#876    Element.inflateWidget (package:flutter/src/widgets/framework.dart:4587:20)
#877    Element.updateChild (package:flutter/src/widgets/framework.dart:4059:18)
#878    ComponentElement.performRebuild (package:flutter/src/widgets/framework.dart:5841:16)
#879    Element.rebuild (package:flutter/src/widgets/framework.dart:5529:7)
#880    ComponentElement._firstBuild (package:flutter/src/widgets/framework.dart:5799:5)
#881    ComponentElement.mount (package:flutter/src/widgets/framework.dart:5793:5)
#882    Element.inflateWidget (package:flutter/src/widgets/framework.dart:4587:20)
#883    Element.updateChild (package:flutter/src/widgets/framework.dart:4059:18)
#884    ComponentElement.performRebuild (package:flutter/src/widgets/framework.dart:5841:16)
#885    StatefulElement.performRebuild (package:flutter/src/widgets/framework.dart:5982:11)
#886    Element.rebuild (package:flutter/src/widgets/framework.dart:5529:7)
#887    ComponentElement._firstBuild (package:flutter/src/widgets/framework.dart:5799:5)
#888    StatefulElement._firstBuild (package:flutter/src/widgets/framework.dart:5973:11)
#889    ComponentElement.mount (package:flutter/src/widgets/framework.dart:5793:5)
#890    Element.inflateWidget (package:flutter/src/widgets/framework.dart:4587:20)
#891    Element.updateChild (package:flutter/src/widgets/framework.dart:4059:18)
#892    ComponentElement.performRebuild (package:flutter/src/widgets/framework.dart:5841:16)
#893    StatefulElement.performRebuild (package:flutter/src/widgets/framework.dart:5982:11)
#894    Element.rebuild (package:flutter/src/widgets/framework.dart:5529:7)
#895    ComponentElement._firstBuild (package:flutter/src/widgets/framework.dart:5799:5)
#896    StatefulElement._firstBuild (package:flutter/src/widgets/framework.dart:5973:11)
#897    ComponentElement.mount (package:flutter/src/widgets/framework.dart:5793:5)
#898    Element.inflateWidget (package:flutter/src/widgets/framework.dart:4587:20)
#899    Element.updateChild (package:flutter/src/widgets/framework.dart:4053:20)
#900    ComponentElement.performRebuild (package:flutter/src/widgets/framework.dart:5841:16)
#901    Element.rebuild (package:flutter/src/widgets/framework.dart:5529:7)
#902    ProxyElement.update (package:flutter/src/widgets/framework.dart:6149:5)
#903    _InheritedNotifierElement.update (package:flutter/src/widgets/inherited_notifier.dart:108:11)
#904    Element.updateChild (package:flutter/src/widgets/framework.dart:4037:15)
#905    ComponentElement.performRebuild (package:flutter/src/widgets/framework.dart:5841:16)
#906    StatefulElement.performRebuild (package:flutter/src/widgets/framework.dart:5982:11)
#907    Element.rebuild (package:flutter/src/widgets/framework.dart:5529:7)
#908    StatefulElement.update (package:flutter/src/widgets/framework.dart:6007:5)
#909    Element.updateChild (package:flutter/src/widgets/framework.dart:4037:15)
#910    ComponentElement.performRebuild (package:flutter/src/widgets/framework.dart:5841:16)
#911    Element.rebuild (package:flutter/src/widgets/framework.dart:5529:7)
#912    ProxyElement.update (package:flutter/src/widgets/framework.dart:6149:5)
#913    _InheritedNotifierElement.update (package:flutter/src/widgets/inherited_notifier.dart:108:11)
#914    Element.updateChild (package:flutter/src/widgets/framework.dart:4037:15)
#915    ComponentElement.performRebuild (package:flutter/src/widgets/framework.dart:5841:16)
#916    StatefulElement.performRebuild (package:flutter/src/widgets/framework.dart:5982:11)
#917    Element.rebuild (package:flutter/src/widgets/framework.dart:5529:7)
#918    StatefulElement.update (package:flutter/src/widgets/framework.dart:6007:5)
#919    Element.updateChild (package:flutter/src/widgets/framework.dart:4037:15)
#920    ComponentElement.performRebuild (package:flutter/src/widgets/framework.dart:5841:16)
#921    StatefulElement.performRebuild (package:flutter/src/widgets/framework.dart:5982:11)
#922    Element.rebuild (package:flutter/src/widgets/framework.dart:5529:7)
#923    StatefulElement.update (package:flutter/src/widgets/framework.dart:6007:5)
#924    Element.updateChild (package:flutter/src/widgets/framework.dart:4037:15)
#925    ComponentElement.performRebuild (package:flutter/src/widgets/framework.dart:5841:16)
#926    Element.rebuild (package:flutter/src/widgets/framework.dart:5529:7)
#927    ProxyElement.update (package:flutter/src/widgets/framework.dart:6149:5)
#928    Element.updateChild (package:flutter/src/widgets/framework.dart:4037:15)
#929    ComponentElement.performRebuild (package:flutter/src/widgets/framework.dart:5841:16)
#930    StatefulElement.performRebuild (package:flutter/src/widgets/framework.dart:5982:11)
#931    Element.rebuild (package:flutter/src/widgets/framework.dart:5529:7)
#932    StatefulElement.update (package:flutter/src/widgets/framework.dart:6007:5)
#933    Element.updateChild (package:flutter/src/widgets/framework.dart:4037:15)
#934    ComponentElement.performRebuild (package:flutter/src/widgets/framework.dart:5841:16)
#935    Element.rebuild (package:flutter/src/widgets/framework.dart:5529:7)
#936    ProxyElement.update (package:flutter/src/widgets/framework.dart:6149:5)
#937    Element.updateChild (package:flutter/src/widgets/framework.dart:4037:15)
#938    ComponentElement.performRebuild (package:flutter/src/widgets/framework.dart:5841:16)
#939    Element.rebuild (package:flutter/src/widgets/framework.dart:5529:7)
#940    ProxyElement.update (package:flutter/src/widgets/framework.dart:6149:5)
#941    Element.updateChild (package:flutter/src/widgets/framework.dart:4037:15)
#942    _RawViewElement._updateChild (package:flutter/src/widgets/view.dart:481:16)
#943    _RawViewElement.update (package:flutter/src/widgets/view.dart:568:5)
#944    Element.updateChild (package:flutter/src/widgets/framework.dart:4037:15)
#945    ComponentElement.performRebuild (package:flutter/src/widgets/framework.dart:5841:16)
#946    Element.rebuild (package:flutter/src/widgets/framework.dart:5529:7)
#947    StatelessElement.update (package:flutter/src/widgets/framework.dart:5895:5)
#948    Element.updateChild (package:flutter/src/widgets/framework.dart:4037:15)
#949    ComponentElement.performRebuild (package:flutter/src/widgets/framework.dart:5841:16)
#950    StatefulElement.performRebuild (package:flutter/src/widgets/framework.dart:5982:11)
#951    Element.rebuild (package:flutter/src/widgets/framework.dart:5529:7)
#952    StatefulElement.update (package:flutter/src/widgets/framework.dart:6007:5)
#953    Element.updateChild (package:flutter/src/widgets/framework.dart:4037:15)
#954    RootElement._rebuild (package:flutter/src/widgets/binding.dart:2091:16)
#955    RootElement.update (package:flutter/src/widgets/binding.dart:2069:5)
#956    RootElement.performRebuild (package:flutter/src/widgets/binding.dart:2083:7)
#957    Element.rebuild (package:flutter/src/widgets/framework.dart:5529:7)
#958    BuildScope._tryRebuild (package:flutter/src/widgets/framework.dart:2750:15)
#959    BuildScope._flushDirtyElements (package:flutter/src/widgets/framework.dart:2807:11)
#960    BuildOwner.buildScope (package:flutter/src/widgets/framework.dart:3111:18)
#961    AutomatedTestWidgetsFlutterBinding.drawFrame (package:flutter_test/src/binding.dart:2431:19)
#962    RendererBinding._handlePersistentFrameCallback (package:flutter/src/rendering/binding.dart:509:5)
#963    SchedulerBinding._invokeFrameCallback (package:flutter/src/scheduler/binding.dart:1430:15)
#964    SchedulerBinding.handleDrawFrame (package:flutter/src/scheduler/binding.dart:1345:9)
#965    AutomatedTestWidgetsFlutterBinding.pump.<anonymous closure> (package:flutter_test/src/binding.dart:2260:9)
#966    _rootRun (dart:async/zone_root.dart:35:13)
#967    _CustomZone.run (dart:async/zone.dart:726:19)
#968    TestAsyncUtils.guard (package:flutter_test/src/test_async_utils.dart:74:41)
#969    AutomatedTestWidgetsFlutterBinding.pump (package:flutter_test/src/binding.dart:2249:27)
#970    WidgetTester.pumpWidget.<anonymous closure> (package:flutter_test/src/widget_tester.dart:598:22)
#971    _rootRun (dart:async/zone_root.dart:35:13)
#972    _CustomZone.run (dart:async/zone.dart:726:19)
#973    TestAsyncUtils.guard (package:flutter_test/src/test_async_utils.dart:74:41)
#974    WidgetTester.pumpWidget (package:flutter_test/src/widget_tester.dart:595:27)
#975    main.<anonymous closure> (file:///C:/Users/andrvoicu/Desktop/repos/collectarr-app/test/features/library/add/library_add_dialog_test.dart:320:18)
#976    testWidgets.<anonymous closure>.<anonymous closure> (package:flutter_test/src/widget_tester.dart:192:29)
<asynchronous suspension>
#977    TestWidgetsFlutterBinding._runTestBody (package:flutter_test/src/binding.dart:1952:5)
<asynchronous suspension>
#978    StackZoneSpecification._registerCallback.<anonymous closure> (package:stack_trace/src/stack_zone_specification.dart:114:42)
<asynchronous suspension>
This warning will only appear on debug builds.
00:10 +220 -4: C:/Users/andrvoicu/Desktop/repos/collectarr-app/test/features/library/add/library_add_dialog_test.dart: comic add dialog leaves search untouched when cover scan is cancelled
00:10 +221 -4: C:/Users/andrvoicu/Desktop/repos/collectarr-app/test/features/library/add/library_add_dialog_test.dart: comic add dialog leaves search untouched when cover scan is cancelled
00:10 +222 -4: C:/Users/andrvoicu/Desktop/repos/collectarr-app/test/features/library/add/library_add_dialog_test.dart: comic add dialog leaves search untouched when cover scan is cancelled
00:10 +223 -4: C:/Users/andrvoicu/Desktop/repos/collectarr-app/test/features/library/add/library_add_dialog_test.dart: comic add dialog leaves search untouched when cover scan is cancelled
00:10 +224 -4: C:/Users/andrvoicu/Desktop/repos/collectarr-app/test/features/library/add/library_add_dialog_test.dart: comic add dialog leaves search untouched when cover scan is cancelled
WARNING (drift): It looks like you've created the database class LocalDatabase multiple times. When these two databases use the same QueryExecutor, race conditions will occur and might corrupt the database. 
Try to follow the advice at https://drift.simonbinder.eu/faq/#using-the-database or, if you know what you're doing, set driftRuntimeOptions.dontWarnAboutMultipleDatabases = true
Here is the stacktrace from when the database was opened a second time:
#0      GeneratedDatabase._handleInstantiated (package:drift/src/runtime/api/db_base.dart:96:30)
#1      GeneratedDatabase._whenConstructed (package:drift/src/runtime/api/db_base.dart:73:12)
#2      new GeneratedDatabase (package:drift/src/runtime/api/db_base.dart:64:5)
#3      new _$LocalDatabase (package:collectarr_app/core/db/local_database.g.dart:12351:38)
#4      new LocalDatabase (package:collectarr_app/core/db/local_database.dart:387:9)
#5      localDatabaseProvider.<anonymous closure> (package:collectarr_app/state/local_database_provider.dart:5:14)
#6      Provider.create (package:riverpod/src/providers/provider.dart:59:36)
#7      $ProviderElement.create (package:riverpod/src/providers/provider.dart:343:32)
#8      ProviderElement.buildState (package:riverpod/src/core/element.dart:684:28)
#9      ProviderElement.mount (package:riverpod/src/core/element.dart:537:7)
#10     ProviderElement.flush (package:riverpod/src/core/element.dart:640:7)
#11     $ProviderBaseImpl._addListener (package:riverpod/src/core/provider/provider.dart:119:24)
#12     ProviderContainer.listen (package:riverpod/src/core/provider_container.dart:960:26)
#13     ProviderContainer.read (package:riverpod/src/core/provider_container.dart:917:17)
#14     ConsumerStatefulElement.read (package:flutter_riverpod/src/core/consumer.dart:543:59)
#15     _LibraryAddDialogState._loadAvailableLocations (package:collectarr_app/features/library/add/library_add_dialog.dart:2338:38)
#16     _LibraryAddDialogState.initState (package:collectarr_app/features/library/add/library_add_dialog.dart:659:5)
#17     StatefulElement._firstBuild (package:flutter/src/widgets/framework.dart:5950:55)
#18     ComponentElement.mount (package:flutter/src/widgets/framework.dart:5793:5)
#19     Element.inflateWidget (package:flutter/src/widgets/framework.dart:4587:20)
#20     Element.updateChild (package:flutter/src/widgets/framework.dart:4059:18)
#21     ComponentElement.performRebuild (package:flutter/src/widgets/framework.dart:5841:16)
#22     Element.rebuild (package:flutter/src/widgets/framework.dart:5529:7)
#23     ComponentElement._firstBuild (package:flutter/src/widgets/framework.dart:5799:5)
#24     ComponentElement.mount (package:flutter/src/widgets/framework.dart:5793:5)
#25     Element.inflateWidget (package:flutter/src/widgets/framework.dart:4587:20)
#26     Element.updateChild (package:flutter/src/widgets/framework.dart:4059:18)
#27     ComponentElement.performRebuild (package:flutter/src/widgets/framework.dart:5841:16)
#28     Element.rebuild (package:flutter/src/widgets/framework.dart:5529:7)
#29     ComponentElement._firstBuild (package:flutter/src/widgets/framework.dart:5799:5)
#30     ComponentElement.mount (package:flutter/src/widgets/framework.dart:5793:5)
#31     Element.inflateWidget (package:flutter/src/widgets/framework.dart:4587:20)
#32     Element.updateChild (package:flutter/src/widgets/framework.dart:4059:18)
#33     ComponentElement.performRebuild (package:flutter/src/widgets/framework.dart:5841:16)
#34     Element.rebuild (package:flutter/src/widgets/framework.dart:5529:7)
#35     ComponentElement._firstBuild (package:flutter/src/widgets/framework.dart:5799:5)
#36     ComponentElement.mount (package:flutter/src/widgets/framework.dart:5793:5)
#37     Element.inflateWidget (package:flutter/src/widgets/framework.dart:4587:20)
#38     Element.updateChild (package:flutter/src/widgets/framework.dart:4059:18)
#39     ComponentElement.performRebuild (package:flutter/src/widgets/framework.dart:5841:16)
#40     Element.rebuild (package:flutter/src/widgets/framework.dart:5529:7)
#41     ComponentElement._firstBuild (package:flutter/src/widgets/framework.dart:5799:5)
#42     ComponentElement.mount (package:flutter/src/widgets/framework.dart:5793:5)
#43     Element.inflateWidget (package:flutter/src/widgets/framework.dart:4587:20)
#44     MultiChildRenderObjectElement.inflateWidget (package:flutter/src/widgets/framework.dart:7264:36)
#45     MultiChildRenderObjectElement.mount (package:flutter/src/widgets/framework.dart:7279:32)
#46     Element.inflateWidget (package:flutter/src/widgets/framework.dart:4587:20)
#47     Element.updateChild (package:flutter/src/widgets/framework.dart:4059:18)
#48     ComponentElement.performRebuild (package:flutter/src/widgets/framework.dart:5841:16)
#49     Element.rebuild (package:flutter/src/widgets/framework.dart:5529:7)
#50     ComponentElement._firstBuild (package:flutter/src/widgets/framework.dart:5799:5)
#51     ComponentElement.mount (package:flutter/src/widgets/framework.dart:5793:5)
#52     Element.inflateWidget (package:flutter/src/widgets/framework.dart:4587:20)
#53     Element.updateChild (package:flutter/src/widgets/framework.dart:4059:18)
#54     ComponentElement.performRebuild (package:flutter/src/widgets/framework.dart:5841:16)
#55     StatefulElement.performRebuild (package:flutter/src/widgets/framework.dart:5982:11)
#56     Element.rebuild (package:flutter/src/widgets/framework.dart:5529:7)
#57     ComponentElement._firstBuild (package:flutter/src/widgets/framework.dart:5799:5)
#58     StatefulElement._firstBuild (package:flutter/src/widgets/framework.dart:5973:11)
#59     ComponentElement.mount (package:flutter/src/widgets/framework.dart:5793:5)
#60     Element.inflateWidget (package:flutter/src/widgets/framework.dart:4587:20)
#61     Element.updateChild (package:flutter/src/widgets/framework.dart:4059:18)
#62     ComponentElement.performRebuild (package:flutter/src/widgets/framework.dart:5841:16)
#63     Element.rebuild (package:flutter/src/widgets/framework.dart:5529:7)
#64     ComponentElement._firstBuild (package:flutter/src/widgets/framework.dart:5799:5)
#65     ComponentElement.mount (package:flutter/src/widgets/framework.dart:5793:5)
#66     Element.inflateWidget (package:flutter/src/widgets/framework.dart:4587:20)
#67     Element.updateChild (package:flutter/src/widgets/framework.dart:4059:18)
#68     ComponentElement.performRebuild (package:flutter/src/widgets/framework.dart:5841:16)
#69     Element.rebuild (package:flutter/src/widgets/framework.dart:5529:7)
#70     ComponentElement._firstBuild (package:flutter/src/widgets/framework.dart:5799:5)
#71     ComponentElement.mount (package:flutter/src/widgets/framework.dart:5793:5)
#72     Element.inflateWidget (package:flutter/src/widgets/framework.dart:4587:20)
#73     Element.updateChild (package:flutter/src/widgets/framework.dart:4059:18)
#74     ComponentElement.performRebuild (package:flutter/src/widgets/framework.dart:5841:16)
#75     StatefulElement.performRebuild (package:flutter/src/widgets/framework.dart:5982:11)
#76     Element.rebuild (package:flutter/src/widgets/framework.dart:5529:7)
#77     ComponentElement._firstBuild (package:flutter/src/widgets/framework.dart:5799:5)
#78     StatefulElement._firstBuild (package:flutter/src/widgets/framework.dart:5973:11)
#79     ComponentElement.mount (package:flutter/src/widgets/framework.dart:5793:5)
#80     Element.inflateWidget (package:flutter/src/widgets/framework.dart:4587:20)
#81     Element.updateChild (package:flutter/src/widgets/framework.dart:4059:18)
#82     SingleChildRenderObjectElement.mount (package:flutter/src/widgets/framework.dart:7115:14)
#83     Element.inflateWidget (package:flutter/src/widgets/framework.dart:4587:20)
#84     Element.updateChild (package:flutter/src/widgets/framework.dart:4059:18)
#85     ComponentElement.performRebuild (package:flutter/src/widgets/framework.dart:5841:16)
#86     Element.rebuild (package:flutter/src/widgets/framework.dart:5529:7)
#87     ComponentElement._firstBuild (package:flutter/src/widgets/framework.dart:5799:5)
#88     ComponentElement.mount (package:flutter/src/widgets/framework.dart:5793:5)
#89     Element.inflateWidget (package:flutter/src/widgets/framework.dart:4587:20)
#90     Element.updateChild (package:flutter/src/widgets/framework.dart:4059:18)
#91     SingleChildRenderObjectElement.mount (package:flutter/src/widgets/framework.dart:7115:14)
#92     Element.inflateWidget (package:flutter/src/widgets/framework.dart:4587:20)
#93     Element.updateChild (package:flutter/src/widgets/framework.dart:4059:18)
#94     ComponentElement.performRebuild (package:flutter/src/widgets/framework.dart:5841:16)
#95     StatefulElement.performRebuild (package:flutter/src/widgets/framework.dart:5982:11)
#96     Element.rebuild (package:flutter/src/widgets/framework.dart:5529:7)
#97     ComponentElement._firstBuild (package:flutter/src/widgets/framework.dart:5799:5)
#98     StatefulElement._firstBuild (package:flutter/src/widgets/framework.dart:5973:11)
#99     ComponentElement.mount (package:flutter/src/widgets/framework.dart:5793:5)
#100    Element.inflateWidget (package:flutter/src/widgets/framework.dart:4587:20)
#101    Element.updateChild (package:flutter/src/widgets/framework.dart:4059:18)
#102    ComponentElement.performRebuild (package:flutter/src/widgets/framework.dart:5841:16)
#103    StatefulElement.performRebuild (package:flutter/src/widgets/framework.dart:5982:11)
#104    Element.rebuild (package:flutter/src/widgets/framework.dart:5529:7)
#105    ComponentElement._firstBuild (package:flutter/src/widgets/framework.dart:5799:5)
#106    StatefulElement._firstBuild (package:flutter/src/widgets/framework.dart:5973:11)
#107    ComponentElement.mount (package:flutter/src/widgets/framework.dart:5793:5)
#108    Element.inflateWidget (package:flutter/src/widgets/framework.dart:4587:20)
#109    Element.updateChild (package:flutter/src/widgets/framework.dart:4059:18)
#110    ComponentElement.performRebuild (package:flutter/src/widgets/framework.dart:5841:16)
#111    Element.rebuild (package:flutter/src/widgets/framework.dart:5529:7)
#112    ComponentElement._firstBuild (package:flutter/src/widgets/framework.dart:5799:5)
#113    ComponentElement.mount (package:flutter/src/widgets/framework.dart:5793:5)
#114    Element.inflateWidget (package:flutter/src/widgets/framework.dart:4587:20)
#115    Element.updateChild (package:flutter/src/widgets/framework.dart:4059:18)
#116    ComponentElement.performRebuild (package:flutter/src/widgets/framework.dart:5841:16)
#117    Element.rebuild (package:flutter/src/widgets/framework.dart:5529:7)
#118    ComponentElement._firstBuild (package:flutter/src/widgets/framework.dart:5799:5)
#119    ComponentElement.mount (package:flutter/src/widgets/framework.dart:5793:5)
#120    Element.inflateWidget (package:flutter/src/widgets/framework.dart:4587:20)
#121    Element.updateChild (package:flutter/src/widgets/framework.dart:4059:18)
#122    ComponentElement.performRebuild (package:flutter/src/widgets/framework.dart:5841:16)
#123    Element.rebuild (package:flutter/src/widgets/framework.dart:5529:7)
#124    ComponentElement._firstBuild (package:flutter/src/widgets/framework.dart:5799:5)
#125    ComponentElement.mount (package:flutter/src/widgets/framework.dart:5793:5)
#126    Element.inflateWidget (package:flutter/src/widgets/framework.dart:4587:20)
#127    Element.updateChild (package:flutter/src/widgets/framework.dart:4059:18)
#128    ComponentElement.performRebuild (package:flutter/src/widgets/framework.dart:5841:16)
#129    StatefulElement.performRebuild (package:flutter/src/widgets/framework.dart:5982:11)
#130    Element.rebuild (package:flutter/src/widgets/framework.dart:5529:7)
#131    ComponentElement._firstBuild (package:flutter/src/widgets/framework.dart:5799:5)
#132    StatefulElement._firstBuild (package:flutter/src/widgets/framework.dart:5973:11)
#133    ComponentElement.mount (package:flutter/src/widgets/framework.dart:5793:5)
#134    Element.inflateWidget (package:flutter/src/widgets/framework.dart:4587:20)
#135    Element.updateChild (package:flutter/src/widgets/framework.dart:4059:18)
#136    ComponentElement.performRebuild (package:flutter/src/widgets/framework.dart:5841:16)
#137    Element.rebuild (package:flutter/src/widgets/framework.dart:5529:7)
#138    ComponentElement._firstBuild (package:flutter/src/widgets/framework.dart:5799:5)
#139    ComponentElement.mount (package:flutter/src/widgets/framework.dart:5793:5)
#140    Element.inflateWidget (package:flutter/src/widgets/framework.dart:4587:20)
#141    Element.updateChild (package:flutter/src/widgets/framework.dart:4059:18)
#142    ComponentElement.performRebuild (package:flutter/src/widgets/framework.dart:5841:16)
#143    StatefulElement.performRebuild (package:flutter/src/widgets/framework.dart:5982:11)
#144    Element.rebuild (package:flutter/src/widgets/framework.dart:5529:7)
#145    ComponentElement._firstBuild (package:flutter/src/widgets/framework.dart:5799:5)
#146    StatefulElement._firstBuild (package:flutter/src/widgets/framework.dart:5973:11)
#147    ComponentElement.mount (package:flutter/src/widgets/framework.dart:5793:5)
#148    Element.inflateWidget (package:flutter/src/widgets/framework.dart:4587:20)
#149    Element.updateChild (package:flutter/src/widgets/framework.dart:4059:18)
#150    SingleChildRenderObjectElement.mount (package:flutter/src/widgets/framework.dart:7115:14)
#151    Element.inflateWidget (package:flutter/src/widgets/framework.dart:4587:20)
#152    Element.updateChild (package:flutter/src/widgets/framework.dart:4059:18)
#153    ComponentElement.performRebuild (package:flutter/src/widgets/framework.dart:5841:16)
#154    Element.rebuild (package:flutter/src/widgets/framework.dart:5529:7)
#155    ComponentElement._firstBuild (package:flutter/src/widgets/framework.dart:5799:5)
#156    ComponentElement.mount (package:flutter/src/widgets/framework.dart:5793:5)
#157    Element.inflateWidget (package:flutter/src/widgets/framework.dart:4587:20)
#158    Element.updateChild (package:flutter/src/widgets/framework.dart:4059:18)
#159    SingleChildRenderObjectElement.mount (package:flutter/src/widgets/framework.dart:7115:14)
#160    Element.inflateWidget (package:flutter/src/widgets/framework.dart:4587:20)
#161    Element.updateChild (package:flutter/src/widgets/framework.dart:4059:18)
#162    SingleChildRenderObjectElement.mount (package:flutter/src/widgets/framework.dart:7115:14)
#163    Element.inflateWidget (package:flutter/src/widgets/framework.dart:4587:20)
#164    Element.updateChild (package:flutter/src/widgets/framework.dart:4059:18)
#165    ComponentElement.performRebuild (package:flutter/src/widgets/framework.dart:5841:16)
#166    StatefulElement.performRebuild (package:flutter/src/widgets/framework.dart:5982:11)
#167    Element.rebuild (package:flutter/src/widgets/framework.dart:5529:7)
#168    ComponentElement._firstBuild (package:flutter/src/widgets/framework.dart:5799:5)
#169    StatefulElement._firstBuild (package:flutter/src/widgets/framework.dart:5973:11)
#170    ComponentElement.mount (package:flutter/src/widgets/framework.dart:5793:5)
#171    Element.inflateWidget (package:flutter/src/widgets/framework.dart:4587:20)
00:10 +225 -4: C:/Users/andrvoicu/Desktop/repos/collectarr-app/test/features/library/add/library_add_dialog_test.dart: comic add dialog leaves search untouched when cover scan is cancelled
#172    Element.updateChild (package:flutter/src/widgets/framework.dart:4059:18)
#173    SingleChildRenderObjectElement.mount (package:flutter/src/widgets/framework.dart:7115:14)
#174    Element.inflateWidget (package:flutter/src/widgets/framework.dart:4587:20)
#175    Element.updateChild (package:flutter/src/widgets/framework.dart:4059:18)
#176    ComponentElement.performRebuild (package:flutter/src/widgets/framework.dart:5841:16)
#177    StatefulElement.performRebuild (package:flutter/src/widgets/framework.dart:5982:11)
#178    Element.rebuild (package:flutter/src/widgets/framework.dart:5529:7)
#179    ComponentElement._firstBuild (package:flutter/src/widgets/framework.dart:5799:5)
#180    StatefulElement._firstBuild (package:flutter/src/widgets/framework.dart:5973:11)
#181    ComponentElement.mount (package:flutter/src/widgets/framework.dart:5793:5)
#182    Element.inflateWidget (package:flutter/src/widgets/framework.dart:4587:20)
#183    Element.updateChild (package:flutter/src/widgets/framework.dart:4059:18)
00:10 +226 -4: C:/Users/andrvoicu/Desktop/repos/collectarr-app/test/features/library/add/library_add_dialog_test.dart: comic add dialog leaves search untouched when cover scan is cancelled
#184    SingleChildRenderObjectElement.mount (package:flutter/src/widgets/framework.dart:7115:14)
#185    Element.inflateWidget (package:flutter/src/widgets/framework.dart:4587:20)
#186    Element.updateChild (package:flutter/src/widgets/framework.dart:4059:18)
#187    SingleChildRenderObjectElement.mount (package:flutter/src/widgets/framework.dart:7115:14)
#188    Element.inflateWidget (package:flutter/src/widgets/framework.dart:4587:20)
#189    Element.updateChild (package:flutter/src/widgets/framework.dart:4059:18)
#190    ComponentElement.performRebuild (package:flutter/src/widgets/framework.dart:5841:16)
#191    StatefulElement.performRebuild (package:flutter/src/widgets/framework.dart:5982:11)
#192    Element.rebuild (package:flutter/src/widgets/framework.dart:5529:7)
#193    ComponentElement._firstBuild (package:flutter/src/widgets/framework.dart:5799:5)
#194    StatefulElement._firstBuild (package:flutter/src/widgets/framework.dart:5973:11)
#195    ComponentElement.mount (package:flutter/src/widgets/framework.dart:5793:5)
00:10 +227 -4: C:/Users/andrvoicu/Desktop/repos/collectarr-app/test/features/library/add/library_add_dialog_test.dart: comic add dialog leaves search untouched when cover scan is cancelled
#196    Element.inflateWidget (package:flutter/src/widgets/framework.dart:4587:20)
#197    Element.updateChild (package:flutter/src/widgets/framework.dart:4059:18)
#198    SingleChildRenderObjectElement.mount (package:flutter/src/widgets/framework.dart:7115:14)
#199    Element.inflateWidget (package:flutter/src/widgets/framework.dart:4587:20)
#200    Element.updateChild (package:flutter/src/widgets/framework.dart:4059:18)
#201    ComponentElement.performRebuild (package:flutter/src/widgets/framework.dart:5841:16)
#202    StatefulElement.performRebuild (package:flutter/src/widgets/framework.dart:5982:11)
#203    Element.rebuild (package:flutter/src/widgets/framework.dart:5529:7)
#204    ComponentElement._firstBuild (package:flutter/src/widgets/framework.dart:5799:5)
#205    StatefulElement._firstBuild (package:flutter/src/widgets/framework.dart:5973:11)
#206    ComponentElement.mount (package:flutter/src/widgets/framework.dart:5793:5)
#207    Element.inflateWidget (package:flutter/src/widgets/framework.dart:4587:20)
#208    Element.updateChild (package:flutter/src/widgets/framework.dart:4059:18)
00:10 +228 -4: C:/Users/andrvoicu/Desktop/repos/collectarr-app/test/features/library/add/library_add_dialog_test.dart: comic add dialog leaves search untouched when cover scan is cancelled
#209    SingleChildRenderObjectElement.mount (package:flutter/src/widgets/framework.dart:7115:14)
#210    Element.inflateWidget (package:flutter/src/widgets/framework.dart:4587:20)
#211    Element.updateChild (package:flutter/src/widgets/framework.dart:4059:18)
#212    SingleChildRenderObjectElement.mount (package:flutter/src/widgets/framework.dart:7115:14)
#213    Element.inflateWidget (package:flutter/src/widgets/framework.dart:4587:20)
#214    Element.updateChild (package:flutter/src/widgets/framework.dart:4059:18)
#215    ComponentElement.performRebuild (package:flutter/src/widgets/framework.dart:5841:16)
#216    StatefulElement.performRebuild (package:flutter/src/widgets/framework.dart:5982:11)
#217    Element.rebuild (package:flutter/src/widgets/framework.dart:5529:7)
00:10 +229 -4: C:/Users/andrvoicu/Desktop/repos/collectarr-app/test/features/library/add/library_add_dialog_test.dart: comic add dialog leaves search untouched when cover scan is cancelled
#218    ComponentElement._firstBuild (package:flutter/src/widgets/framework.dart:5799:5)
#219    StatefulElement._firstBuild (package:flutter/src/widgets/framework.dart:5973:11)
#220    ComponentElement.mount (package:flutter/src/widgets/framework.dart:5793:5)
#221    Element.inflateWidget (package:flutter/src/widgets/framework.dart:4587:20)
#222    Element.updateChild (package:flutter/src/widgets/framework.dart:4059:18)
#223    SingleChildRenderObjectElement.mount (package:flutter/src/widgets/framework.dart:7115:14)
#224    Element.inflateWidget (package:flutter/src/widgets/framework.dart:4587:20)
#225    Element.updateChild (package:flutter/src/widgets/framework.dart:4059:18)
#226    SingleChildRenderObjectElement.mount (package:flutter/src/widgets/framework.dart:7115:14)
#227    Element.inflateWidget (package:flutter/src/widgets/framework.dart:4587:20)
#228    Element.updateChild (package:flutter/src/widgets/framework.dart:4059:18)
#229    SingleChildRenderObjectElement.mount (package:flutter/src/widgets/framework.dart:7115:14)
#230    Element.inflateWidget (package:flutter/src/widgets/framework.dart:4587:20)
#231    Element.updateChild (package:flutter/src/widgets/framework.dart:4059:18)
#232    ComponentElement.performRebuild (package:flutter/src/widgets/framework.dart:5841:16)
#233    StatefulElement.performRebuild (package:flutter/src/widgets/framework.dart:5982:11)
#234    Element.rebuild (package:flutter/src/widgets/framework.dart:5529:7)
00:10 +230 -4: C:/Users/andrvoicu/Desktop/repos/collectarr-app/test/features/library/add/library_add_dialog_test.dart: comic add dialog leaves search untouched when cover scan is cancelled
#235    ComponentElement._firstBuild (package:flutter/src/widgets/framework.dart:5799:5)
#236    StatefulElement._firstBuild (package:flutter/src/widgets/framework.dart:5973:11)
#237    ComponentElement.mount (package:flutter/src/widgets/framework.dart:5793:5)
#238    Element.inflateWidget (package:flutter/src/widgets/framework.dart:4587:20)
#239    Element.updateChild (package:flutter/src/widgets/framework.dart:4059:18)
#240    SingleChildRenderObjectElement.mount (package:flutter/src/widgets/framework.dart:7115:14)
#241    Element.inflateWidget (package:flutter/src/widgets/framework.dart:4587:20)
#242    Element.updateChild (package:flutter/src/widgets/framework.dart:4059:18)
#243    ComponentElement.performRebuild (package:flutter/src/widgets/framework.dart:5841:16)
#244    StatefulElement.performRebuild (package:flutter/src/widgets/framework.dart:5982:11)
#245    Element.rebuild (package:flutter/src/widgets/framework.dart:5529:7)
#246    ComponentElement._firstBuild (package:flutter/src/widgets/framework.dart:5799:5)
00:10 +231 -4: C:/Users/andrvoicu/Desktop/repos/collectarr-app/test/features/library/add/library_add_dialog_test.dart: comic add dialog leaves search untouched when cover scan is cancelled
#247    StatefulElement._firstBuild (package:flutter/src/widgets/framework.dart:5973:11)
#248    ComponentElement.mount (package:flutter/src/widgets/framework.dart:5793:5)
#249    Element.inflateWidget (package:flutter/src/widgets/framework.dart:4587:20)
#250    Element.updateChild (package:flutter/src/widgets/framework.dart:4059:18)
#251    ComponentElement.performRebuild (package:flutter/src/widgets/framework.dart:5841:16)
#252    Element.rebuild (package:flutter/src/widgets/framework.dart:5529:7)
#253    ComponentElement._firstBuild (package:flutter/src/widgets/framework.dart:5799:5)
#254    ComponentElement.mount (package:flutter/src/widgets/framework.dart:5793:5)
#255    Element.inflateWidget (package:flutter/src/widgets/framework.dart:4587:20)
#256    Element.updateChild (package:flutter/src/widgets/framework.dart:4059:18)
#257    ComponentElement.performRebuild (package:flutter/src/widgets/framework.dart:5841:16)
#258    StatefulElement.performRebuild (package:flutter/src/widgets/framework.dart:5982:11)
#259    Element.rebuild (package:flutter/src/widgets/framework.dart:5529:7)
#260    ComponentElement._firstBuild (package:flutter/src/widgets/framework.dart:5799:5)
#261    StatefulElement._firstBuild (package:flutter/src/widgets/framework.dart:5973:11)
#262    ComponentElement.mount (package:flutter/src/widgets/framework.dart:5793:5)
#263    Element.inflateWidget (package:flutter/src/widgets/framework.dart:4587:20)
#264    Element.updateChild (package:flutter/src/widgets/framework.dart:4059:18)
#265    ComponentElement.performRebuild (package:flutter/src/widgets/framework.dart:5841:16)
#266    StatefulElement.performRebuild (package:flutter/src/widgets/framework.dart:5982:11)
#267    Element.rebuild (package:flutter/src/widgets/framework.dart:5529:7)
#268    ComponentElement._firstBuild (package:flutter/src/widgets/framework.dart:5799:5)
#269    StatefulElement._firstBuild (package:flutter/src/widgets/framework.dart:5973:11)
#270    ComponentElement.mount (package:flutter/src/widgets/framework.dart:5793:5)
#271    Element.inflateWidget (package:flutter/src/widgets/framework.dart:4587:20)
#272    Element.updateChild (package:flutter/src/widgets/framework.dart:4059:18)
#273    ComponentElement.performRebuild (package:flutter/src/widgets/framework.dart:5841:16)
#274    StatefulElement.performRebuild (package:flutter/src/widgets/framework.dart:5982:11)
#275    Element.rebuild (package:flutter/src/widgets/framework.dart:5529:7)
#276    ComponentElement._firstBuild (package:flutter/src/widgets/framework.dart:5799:5)
#277    StatefulElement._firstBuild (package:flutter/src/widgets/framework.dart:5973:11)
#278    ComponentElement.mount (package:flutter/src/widgets/framework.dart:5793:5)
#279    Element.inflateWidget (package:flutter/src/widgets/framework.dart:4587:20)
#280    Element.updateChild (package:flutter/src/widgets/framework.dart:4059:18)
#281    SingleChildRenderObjectElement.mount (package:flutter/src/widgets/framework.dart:7115:14)
#282    Element.inflateWidget (package:flutter/src/widgets/framework.dart:4587:20)
#283    Element.updateChild (package:flutter/src/widgets/framework.dart:4059:18)
#284    ComponentElement.performRebuild (package:flutter/src/widgets/framework.dart:5841:16)
#285    Element.rebuild (package:flutter/src/widgets/framework.dart:5529:7)
#286    ComponentElement._firstBuild (package:flutter/src/widgets/framework.dart:5799:5)
#287    ComponentElement.mount (package:flutter/src/widgets/framework.dart:5793:5)
#288    Element.inflateWidget (package:flutter/src/widgets/framework.dart:4587:20)
#289    Element.updateChild (package:flutter/src/widgets/framework.dart:4059:18)
#290    SingleChildRenderObjectElement.mount (package:flutter/src/widgets/framework.dart:7115:14)
#291    Element.inflateWidget (package:flutter/src/widgets/framework.dart:4587:20)
#292    Element.updateChild (package:flutter/src/widgets/framework.dart:4059:18)
#293    ComponentElement.performRebuild (package:flutter/src/widgets/framework.dart:5841:16)
#294    StatefulElement.performRebuild (package:flutter/src/widgets/framework.dart:5982:11)
#295    Element.rebuild (package:flutter/src/widgets/framework.dart:5529:7)
#296    ComponentElement._firstBuild (package:flutter/src/widgets/framework.dart:5799:5)
#297    StatefulElement._firstBuild (package:flutter/src/widgets/framework.dart:5973:11)
#298    ComponentElement.mount (package:flutter/src/widgets/framework.dart:5793:5)
#299    Element.inflateWidget (package:flutter/src/widgets/framework.dart:4587:20)
#300    Element.updateChild (package:flutter/src/widgets/framework.dart:4059:18)
#301    ComponentElement.performRebuild (package:flutter/src/widgets/framework.dart:5841:16)
#302    Element.rebuild (package:flutter/src/widgets/framework.dart:5529:7)
#303    ComponentElement._firstBuild (package:flutter/src/widgets/framework.dart:5799:5)
#304    ComponentElement.mount (package:flutter/src/widgets/framework.dart:5793:5)
#305    Element.inflateWidget (package:flutter/src/widgets/framework.dart:4587:20)
#306    Element.updateChild (package:flutter/src/widgets/framework.dart:4059:18)
#307    ComponentElement.performRebuild (package:flutter/src/widgets/framework.dart:5841:16)
#308    Element.rebuild (package:flutter/src/widgets/framework.dart:5529:7)
#309    ComponentElement._firstBuild (package:flutter/src/widgets/framework.dart:5799:5)
#310    ComponentElement.mount (package:flutter/src/widgets/framework.dart:5793:5)
#311    Element.inflateWidget (package:flutter/src/widgets/framework.dart:4587:20)
#312    Element.updateChild (package:flutter/src/widgets/framework.dart:4059:18)
#313    ComponentElement.performRebuild (package:flutter/src/widgets/framework.dart:5841:16)
#314    StatefulElement.performRebuild (package:flutter/src/widgets/framework.dart:5982:11)
#315    Element.rebuild (package:flutter/src/widgets/framework.dart:5529:7)
#316    ComponentElement._firstBuild (package:flutter/src/widgets/framework.dart:5799:5)
#317    StatefulElement._firstBuild (package:flutter/src/widgets/framework.dart:5973:11)
#318    ComponentElement.mount (package:flutter/src/widgets/framework.dart:5793:5)
#319    Element.inflateWidget (package:flutter/src/widgets/framework.dart:4587:20)
#320    Element.updateChild (package:flutter/src/widgets/framework.dart:4059:18)
#321    ComponentElement.performRebuild (package:flutter/src/widgets/framework.dart:5841:16)
#322    Element.rebuild (package:flutter/src/widgets/framework.dart:5529:7)
#323    ComponentElement._firstBuild (package:flutter/src/widgets/framework.dart:5799:5)
#324    ComponentElement.mount (package:flutter/src/widgets/framework.dart:5793:5)
#325    Element.inflateWidget (package:flutter/src/widgets/framework.dart:4587:20)
#326    Element.updateChild (package:flutter/src/widgets/framework.dart:4059:18)
#327    ComponentElement.performRebuild (package:flutter/src/widgets/framework.dart:5841:16)
#328    Element.rebuild (package:flutter/src/widgets/framework.dart:5529:7)
#329    ComponentElement._firstBuild (package:flutter/src/widgets/framework.dart:5799:5)
#330    ComponentElement.mount (package:flutter/src/widgets/framework.dart:5793:5)
#331    Element.inflateWidget (package:flutter/src/widgets/framework.dart:4587:20)
#332    Element.updateChild (package:flutter/src/widgets/framework.dart:4059:18)
#333    SingleChildRenderObjectElement.mount (package:flutter/src/widgets/framework.dart:7115:14)
#334    Element.inflateWidget (package:flutter/src/widgets/framework.dart:4587:20)
#335    Element.updateChild (package:flutter/src/widgets/framework.dart:4059:18)
#336    ComponentElement.performRebuild (package:flutter/src/widgets/framework.dart:5841:16)
#337    Element.rebuild (package:flutter/src/widgets/framework.dart:5529:7)
#338    ComponentElement._firstBuild (package:flutter/src/widgets/framework.dart:5799:5)
#339    ComponentElement.mount (package:flutter/src/widgets/framework.dart:5793:5)
#340    Element.inflateWidget (package:flutter/src/widgets/framework.dart:4587:20)
#341    Element.updateChild (package:flutter/src/widgets/framework.dart:4059:18)
#342    ComponentElement.performRebuild (package:flutter/src/widgets/framework.dart:5841:16)
#343    Element.rebuild (package:flutter/src/widgets/framework.dart:5529:7)
#344    ComponentElement._firstBuild (package:flutter/src/widgets/framework.dart:5799:5)
#345    ComponentElement.mount (package:flutter/src/widgets/framework.dart:5793:5)
#346    Element.inflateWidget (package:flutter/src/widgets/framework.dart:4587:20)
#347    Element.updateChild (package:flutter/src/widgets/framework.dart:4059:18)
#348    ComponentElement.performRebuild (package:flutter/src/widgets/framework.dart:5841:16)
#349    StatefulElement.performRebuild (package:flutter/src/widgets/framework.dart:5982:11)
#350    Element.rebuild (package:flutter/src/widgets/framework.dart:5529:7)
#351    ComponentElement._firstBuild (package:flutter/src/widgets/framework.dart:5799:5)
#352    StatefulElement._firstBuild (package:flutter/src/widgets/framework.dart:5973:11)
#353    ComponentElement.mount (package:flutter/src/widgets/framework.dart:5793:5)
#354    Element.inflateWidget (package:flutter/src/widgets/framework.dart:4587:20)
#355    Element.updateChild (package:flutter/src/widgets/framework.dart:4059:18)
#356    ComponentElement.performRebuild (package:flutter/src/widgets/framework.dart:5841:16)
#357    StatefulElement.performRebuild (package:flutter/src/widgets/framework.dart:5982:11)
#358    Element.rebuild (package:flutter/src/widgets/framework.dart:5529:7)
#359    ComponentElement._firstBuild (package:flutter/src/widgets/framework.dart:5799:5)
#360    StatefulElement._firstBuild (package:flutter/src/widgets/framework.dart:5973:11)
#361    ComponentElement.mount (package:flutter/src/widgets/framework.dart:5793:5)
#362    Element.inflateWidget (package:flutter/src/widgets/framework.dart:4587:20)
#363    Element.updateChild (package:flutter/src/widgets/framework.dart:4059:18)
#364    ComponentElement.performRebuild (package:flutter/src/widgets/framework.dart:5841:16)
#365    StatefulElement.performRebuild (package:flutter/src/widgets/framework.dart:5982:11)
#366    Element.rebuild (package:flutter/src/widgets/framework.dart:5529:7)
#367    ComponentElement._firstBuild (package:flutter/src/widgets/framework.dart:5799:5)
#368    StatefulElement._firstBuild (package:flutter/src/widgets/framework.dart:5973:11)
#369    ComponentElement.mount (package:flutter/src/widgets/framework.dart:5793:5)
#370    Element.inflateWidget (package:flutter/src/widgets/framework.dart:4587:20)
#371    Element.updateChild (package:flutter/src/widgets/framework.dart:4059:18)
#372    SingleChildRenderObjectElement.mount (package:flutter/src/widgets/framework.dart:7115:14)
#373    Element.inflateWidget (package:flutter/src/widgets/framework.dart:4587:20)
#374    Element.updateChild (package:flutter/src/widgets/framework.dart:4059:18)
#375    ComponentElement.performRebuild (package:flutter/src/widgets/framework.dart:5841:16)
#376    Element.rebuild (package:flutter/src/widgets/framework.dart:5529:7)
#377    ComponentElement._firstBuild (package:flutter/src/widgets/framework.dart:5799:5)
#378    ComponentElement.mount (package:flutter/src/widgets/framework.dart:5793:5)
#379    Element.inflateWidget (package:flutter/src/widgets/framework.dart:4587:20)
#380    Element.updateChild (package:flutter/src/widgets/framework.dart:4059:18)
#381    ComponentElement.performRebuild (package:flutter/src/widgets/framework.dart:5841:16)
#382    Element.rebuild (package:flutter/src/widgets/framework.dart:5529:7)
#383    ComponentElement._firstBuild (package:flutter/src/widgets/framework.dart:5799:5)
#384    ComponentElement.mount (package:flutter/src/widgets/framework.dart:5793:5)
#385    Element.inflateWidget (package:flutter/src/widgets/framework.dart:4587:20)
#386    Element.updateChild (package:flutter/src/widgets/framework.dart:4059:18)
#387    ComponentElement.performRebuild (package:flutter/src/widgets/framework.dart:5841:16)
#388    Element.rebuild (package:flutter/src/widgets/framework.dart:5529:7)
#389    ComponentElement._firstBuild (package:flutter/src/widgets/framework.dart:5799:5)
#390    ComponentElement.mount (package:flutter/src/widgets/framework.dart:5793:5)
#391    Element.inflateWidget (package:flutter/src/widgets/framework.dart:4587:20)
#392    Element.updateChild (package:flutter/src/widgets/framework.dart:4059:18)
#393    ComponentElement.performRebuild (package:flutter/src/widgets/framework.dart:5841:16)
#394    StatefulElement.performRebuild (package:flutter/src/widgets/framework.dart:5982:11)
#395    Element.rebuild (package:flutter/src/widgets/framework.dart:5529:7)
#396    ComponentElement._firstBuild (package:flutter/src/widgets/framework.dart:5799:5)
#397    StatefulElement._firstBuild (package:flutter/src/widgets/framework.dart:5973:11)
#398    ComponentElement.mount (package:flutter/src/widgets/framework.dart:5793:5)
#399    Element.inflateWidget (package:flutter/src/widgets/framework.dart:4587:20)
#400    Element.updateChild (package:flutter/src/widgets/framework.dart:4059:18)
#401    ComponentElement.performRebuild (package:flutter/src/widgets/framework.dart:5841:16)
#402    StatefulElement.performRebuild (package:flutter/src/widgets/framework.dart:5982:11)
#403    Element.rebuild (package:flutter/src/widgets/framework.dart:5529:7)
#404    ComponentElement._firstBuild (package:flutter/src/widgets/framework.dart:5799:5)
#405    StatefulElement._firstBuild (package:flutter/src/widgets/framework.dart:5973:11)
#406    ComponentElement.mount (package:flutter/src/widgets/framework.dart:5793:5)
#407    Element.inflateWidget (package:flutter/src/widgets/framework.dart:4587:20)
#408    MultiChildRenderObjectElement.inflateWidget (package:flutter/src/widgets/framework.dart:7264:36)
#409    MultiChildRenderObjectElement.mount (package:flutter/src/widgets/framework.dart:7279:32)
#410    Element.inflateWidget (package:flutter/src/widgets/framework.dart:4587:20)
#411    Element.updateChild (package:flutter/src/widgets/framework.dart:4059:18)
#412    ComponentElement.performRebuild (package:flutter/src/widgets/framework.dart:5841:16)
#413    StatefulElement.performRebuild (package:flutter/src/widgets/framework.dart:5982:11)
#414    Element.rebuild (package:flutter/src/widgets/framework.dart:5529:7)
#415    ComponentElement._firstBuild (package:flutter/src/widgets/framework.dart:5799:5)
#416    StatefulElement._firstBuild (package:flutter/src/widgets/framework.dart:5973:11)
#417    ComponentElement.mount (package:flutter/src/widgets/framework.dart:5793:5)
#418    Element.inflateWidget (package:flutter/src/widgets/framework.dart:4587:20)
#419    Element.updateChild (package:flutter/src/widgets/framework.dart:4059:18)
#420    ComponentElement.performRebuild (package:flutter/src/widgets/framework.dart:5841:16)
#421    Element.rebuild (package:flutter/src/widgets/framework.dart:5529:7)
#422    ComponentElement._firstBuild (package:flutter/src/widgets/framework.dart:5799:5)
#423    ComponentElement.mount (package:flutter/src/widgets/framework.dart:5793:5)
#424    Element.inflateWidget (package:flutter/src/widgets/framework.dart:4587:20)
#425    Element.updateChild (package:flutter/src/widgets/framework.dart:4059:18)
#426    ComponentElement.performRebuild (package:flutter/src/widgets/framework.dart:5841:16)
#427    Element.rebuild (package:flutter/src/widgets/framework.dart:5529:7)
#428    ComponentElement._firstBuild (package:flutter/src/widgets/framework.dart:5799:5)
#429    ComponentElement.mount (package:flutter/src/widgets/framework.dart:5793:5)
#430    Element.inflateWidget (package:flutter/src/widgets/framework.dart:4587:20)
#431    Element.updateChild (package:flutter/src/widgets/framework.dart:4059:18)
#432    ComponentElement.performRebuild (package:flutter/src/widgets/framework.dart:5841:16)
#433    StatefulElement.performRebuild (package:flutter/src/widgets/framework.dart:5982:11)
#434    Element.rebuild (package:flutter/src/widgets/framework.dart:5529:7)
#435    ComponentElement._firstBuild (package:flutter/src/widgets/framework.dart:5799:5)
#436    StatefulElement._firstBuild (package:flutter/src/widgets/framework.dart:5973:11)
#437    ComponentElement.mount (package:flutter/src/widgets/framework.dart:5793:5)
#438    Element.inflateWidget (package:flutter/src/widgets/framework.dart:4587:20)
#439    Element.updateChild (package:flutter/src/widgets/framework.dart:4059:18)
#440    ComponentElement.performRebuild (package:flutter/src/widgets/framework.dart:5841:16)
#441    Element.rebuild (package:flutter/src/widgets/framework.dart:5529:7)
#442    ComponentElement._firstBuild (package:flutter/src/widgets/framework.dart:5799:5)
#443    ComponentElement.mount (package:flutter/src/widgets/framework.dart:5793:5)
#444    Element.inflateWidget (package:flutter/src/widgets/framework.dart:4587:20)
#445    Element.updateChild (package:flutter/src/widgets/framework.dart:4059:18)
#446    ComponentElement.performRebuild (package:flutter/src/widgets/framework.dart:5841:16)
#447    StatefulElement.performRebuild (package:flutter/src/widgets/framework.dart:5982:11)
#448    Element.rebuild (package:flutter/src/widgets/framework.dart:5529:7)
#449    ComponentElement._firstBuild (package:flutter/src/widgets/framework.dart:5799:5)
#450    StatefulElement._firstBuild (package:flutter/src/widgets/framework.dart:5973:11)
#451    ComponentElement.mount (package:flutter/src/widgets/framework.dart:5793:5)
#452    Element.inflateWidget (package:flutter/src/widgets/framework.dart:4587:20)
#453    Element.updateChild (package:flutter/src/widgets/framework.dart:4059:18)
#454    ComponentElement.performRebuild (package:flutter/src/widgets/framework.dart:5841:16)
#455    StatefulElement.performRebuild (package:flutter/src/widgets/framework.dart:5982:11)
#456    Element.rebuild (package:flutter/src/widgets/framework.dart:5529:7)
#457    ComponentElement._firstBuild (package:flutter/src/widgets/framework.dart:5799:5)
#458    StatefulElement._firstBuild (package:flutter/src/widgets/framework.dart:5973:11)
#459    ComponentElement.mount (package:flutter/src/widgets/framework.dart:5793:5)
#460    Element.inflateWidget (package:flutter/src/widgets/framework.dart:4587:20)
#461    Element.updateChild (package:flutter/src/widgets/framework.dart:4059:18)
#462    SingleChildRenderObjectElement.mount (package:flutter/src/widgets/framework.dart:7115:14)
#463    Element.inflateWidget (package:flutter/src/widgets/framework.dart:4587:20)
#464    Element.updateChild (package:flutter/src/widgets/framework.dart:4059:18)
#465    SingleChildRenderObjectElement.mount (package:flutter/src/widgets/framework.dart:7115:14)
#466    Element.inflateWidget (package:flutter/src/widgets/framework.dart:4587:20)
#467    Element.updateChild (package:flutter/src/widgets/framework.dart:4059:18)
#468    ComponentElement.performRebuild (package:flutter/src/widgets/framework.dart:5841:16)
#469    Element.rebuild (package:flutter/src/widgets/framework.dart:5529:7)
#470    ComponentElement._firstBuild (package:flutter/src/widgets/framework.dart:5799:5)
#471    ComponentElement.mount (package:flutter/src/widgets/framework.dart:5793:5)
#472    Element.inflateWidget (package:flutter/src/widgets/framework.dart:4587:20)
#473    Element.updateChild (package:flutter/src/widgets/framework.dart:4059:18)
#474    ComponentElement.performRebuild (package:flutter/src/widgets/framework.dart:5841:16)
#475    Element.rebuild (package:flutter/src/widgets/framework.dart:5529:7)
#476    ComponentElement._firstBuild (package:flutter/src/widgets/framework.dart:5799:5)
#477    ComponentElement.mount (package:flutter/src/widgets/framework.dart:5793:5)
#478    Element.inflateWidget (package:flutter/src/widgets/framework.dart:4587:20)
#479    Element.updateChild (package:flutter/src/widgets/framework.dart:4059:18)
#480    ComponentElement.performRebuild (package:flutter/src/widgets/framework.dart:5841:16)
#481    StatefulElement.performRebuild (package:flutter/src/widgets/framework.dart:5982:11)
#482    Element.rebuild (package:flutter/src/widgets/framework.dart:5529:7)
#483    ComponentElement._firstBuild (package:flutter/src/widgets/framework.dart:5799:5)
#484    StatefulElement._firstBuild (package:flutter/src/widgets/framework.dart:5973:11)
#485    ComponentElement.mount (package:flutter/src/widgets/framework.dart:5793:5)
#486    Element.inflateWidget (package:flutter/src/widgets/framework.dart:4587:20)
#487    Element.updateChild (package:flutter/src/widgets/framework.dart:4059:18)
#488    ComponentElement.performRebuild (package:flutter/src/widgets/framework.dart:5841:16)
#489    Element.rebuild (package:flutter/src/widgets/framework.dart:5529:7)
#490    ComponentElement._firstBuild (package:flutter/src/widgets/framework.dart:5799:5)
#491    ComponentElement.mount (package:flutter/src/widgets/framework.dart:5793:5)
#492    Element.inflateWidget (package:flutter/src/widgets/framework.dart:4587:20)
#493    Element.updateChild (package:flutter/src/widgets/framework.dart:4059:18)
#494    SingleChildRenderObjectElement.mount (package:flutter/src/widgets/framework.dart:7115:14)
#495    Element.inflateWidget (package:flutter/src/widgets/framework.dart:4587:20)
#496    Element.updateChild (package:flutter/src/widgets/framework.dart:4059:18)
#497    ComponentElement.performRebuild (package:flutter/src/widgets/framework.dart:5841:16)
#498    StatefulElement.performRebuild (package:flutter/src/widgets/framework.dart:5982:11)
#499    Element.rebuild (package:flutter/src/widgets/framework.dart:5529:7)
#500    ComponentElement._firstBuild (package:flutter/src/widgets/framework.dart:5799:5)
#501    StatefulElement._firstBuild (package:flutter/src/widgets/framework.dart:5973:11)
#502    ComponentElement.mount (package:flutter/src/widgets/framework.dart:5793:5)
#503    Element.inflateWidget (package:flutter/src/widgets/framework.dart:4587:20)
#504    Element.updateChild (package:flutter/src/widgets/framework.dart:4059:18)
#505    ComponentElement.performRebuild (package:flutter/src/widgets/framework.dart:5841:16)
#506    Element.rebuild (package:flutter/src/widgets/framework.dart:5529:7)
#507    ComponentElement._firstBuild (package:flutter/src/widgets/framework.dart:5799:5)
#508    ComponentElement.mount (package:flutter/src/widgets/framework.dart:5793:5)
#509    Element.inflateWidget (package:flutter/src/widgets/framework.dart:4587:20)
#510    Element.updateChild (package:flutter/src/widgets/framework.dart:4059:18)
#511    ComponentElement.performRebuild (package:flutter/src/widgets/framework.dart:5841:16)
#512    Element.rebuild (package:flutter/src/widgets/framework.dart:5529:7)
#513    ComponentElement._firstBuild (package:flutter/src/widgets/framework.dart:5799:5)
#514    ComponentElement.mount (package:flutter/src/widgets/framework.dart:5793:5)
#515    Element.inflateWidget (package:flutter/src/widgets/framework.dart:4587:20)
#516    Element.updateChild (package:flutter/src/widgets/framework.dart:4059:18)
#517    ComponentElement.performRebuild (package:flutter/src/widgets/framework.dart:5841:16)
#518    StatefulElement.performRebuild (package:flutter/src/widgets/framework.dart:5982:11)
#519    Element.rebuild (package:flutter/src/widgets/framework.dart:5529:7)
#520    ComponentElement._firstBuild (package:flutter/src/widgets/framework.dart:5799:5)
#521    StatefulElement._firstBuild (package:flutter/src/widgets/framework.dart:5973:11)
#522    ComponentElement.mount (package:flutter/src/widgets/framework.dart:5793:5)
#523    Element.inflateWidget (package:flutter/src/widgets/framework.dart:4587:20)
#524    Element.updateChild (package:flutter/src/widgets/framework.dart:4059:18)
#525    ComponentElement.performRebuild (package:flutter/src/widgets/framework.dart:5841:16)
#526    Element.rebuild (package:flutter/src/widgets/framework.dart:5529:7)
#527    ComponentElement._firstBuild (package:flutter/src/widgets/framework.dart:5799:5)
#528    ComponentElement.mount (package:flutter/src/widgets/framework.dart:5793:5)
#529    Element.inflateWidget (package:flutter/src/widgets/framework.dart:4587:20)
#530    Element.updateChild (package:flutter/src/widgets/framework.dart:4059:18)
#531    ComponentElement.performRebuild (package:flutter/src/widgets/framework.dart:5841:16)
#532    Element.rebuild (package:flutter/src/widgets/framework.dart:5529:7)
#533    ComponentElement._firstBuild (package:flutter/src/widgets/framework.dart:5799:5)
#534    ComponentElement.mount (package:flutter/src/widgets/framework.dart:5793:5)
#535    Element.inflateWidget (package:flutter/src/widgets/framework.dart:4587:20)
#536    Element.updateChild (package:flutter/src/widgets/framework.dart:4059:18)
#537    ComponentElement.performRebuild (package:flutter/src/widgets/framework.dart:5841:16)
#538    Element.rebuild (package:flutter/src/widgets/framework.dart:5529:7)
#539    ComponentElement._firstBuild (package:flutter/src/widgets/framework.dart:5799:5)
#540    ComponentElement.mount (package:flutter/src/widgets/framework.dart:5793:5)
#541    Element.inflateWidget (package:flutter/src/widgets/framework.dart:4587:20)
#542    Element.updateChild (package:flutter/src/widgets/framework.dart:4059:18)
#543    ComponentElement.performRebuild (package:flutter/src/widgets/framework.dart:5841:16)
#544    Element.rebuild (package:flutter/src/widgets/framework.dart:5529:7)
#545    ComponentElement._firstBuild (package:flutter/src/widgets/framework.dart:5799:5)
#546    ComponentElement.mount (package:flutter/src/widgets/framework.dart:5793:5)
#547    Element.inflateWidget (package:flutter/src/widgets/framework.dart:4587:20)
#548    Element.updateChild (package:flutter/src/widgets/framework.dart:4059:18)
#549    ComponentElement.performRebuild (package:flutter/src/widgets/framework.dart:5841:16)
#550    Element.rebuild (package:flutter/src/widgets/framework.dart:5529:7)
#551    ComponentElement._firstBuild (package:flutter/src/widgets/framework.dart:5799:5)
#552    ComponentElement.mount (package:flutter/src/widgets/framework.dart:5793:5)
#553    Element.inflateWidget (package:flutter/src/widgets/framework.dart:4587:20)
#554    Element.updateChild (package:flutter/src/widgets/framework.dart:4059:18)
#555    ComponentElement.performRebuild (package:flutter/src/widgets/framework.dart:5841:16)
#556    Element.rebuild (package:flutter/src/widgets/framework.dart:5529:7)
#557    ComponentElement._firstBuild (package:flutter/src/widgets/framework.dart:5799:5)
#558    ComponentElement.mount (package:flutter/src/widgets/framework.dart:5793:5)
#559    Element.inflateWidget (package:flutter/src/widgets/framework.dart:4587:20)
#560    Element.updateChild (package:flutter/src/widgets/framework.dart:4059:18)
#561    ComponentElement.performRebuild (package:flutter/src/widgets/framework.dart:5841:16)
#562    Element.rebuild (package:flutter/src/widgets/framework.dart:5529:7)
#563    ComponentElement._firstBuild (package:flutter/src/widgets/framework.dart:5799:5)
#564    ComponentElement.mount (package:flutter/src/widgets/framework.dart:5793:5)
#565    Element.inflateWidget (package:flutter/src/widgets/framework.dart:4587:20)
#566    Element.updateChild (package:flutter/src/widgets/framework.dart:4059:18)
#567    ComponentElement.performRebuild (package:flutter/src/widgets/framework.dart:5841:16)
#568    StatefulElement.performRebuild (package:flutter/src/widgets/framework.dart:5982:11)
#569    Element.rebuild (package:flutter/src/widgets/framework.dart:5529:7)
#570    ComponentElement._firstBuild (package:flutter/src/widgets/framework.dart:5799:5)
#571    StatefulElement._firstBuild (package:flutter/src/widgets/framework.dart:5973:11)
#572    ComponentElement.mount (package:flutter/src/widgets/framework.dart:5793:5)
#573    Element.inflateWidget (package:flutter/src/widgets/framework.dart:4587:20)
#574    Element.updateChild (package:flutter/src/widgets/framework.dart:4059:18)
#575    ComponentElement.performRebuild (package:flutter/src/widgets/framework.dart:5841:16)
#576    Element.rebuild (package:flutter/src/widgets/framework.dart:5529:7)
#577    ComponentElement._firstBuild (package:flutter/src/widgets/framework.dart:5799:5)
#578    ComponentElement.mount (package:flutter/src/widgets/framework.dart:5793:5)
#579    Element.inflateWidget (package:flutter/src/widgets/framework.dart:4587:20)
#580    Element.updateChild (package:flutter/src/widgets/framework.dart:4059:18)
#581    ComponentElement.performRebuild (package:flutter/src/widgets/framework.dart:5841:16)
#582    Element.rebuild (package:flutter/src/widgets/framework.dart:5529:7)
#583    ComponentElement._firstBuild (package:flutter/src/widgets/framework.dart:5799:5)
#584    ComponentElement.mount (package:flutter/src/widgets/framework.dart:5793:5)
#585    Element.inflateWidget (package:flutter/src/widgets/framework.dart:4587:20)
#586    Element.updateChild (package:flutter/src/widgets/framework.dart:4059:18)
#587    ComponentElement.performRebuild (package:flutter/src/widgets/framework.dart:5841:16)
#588    StatefulElement.performRebuild (package:flutter/src/widgets/framework.dart:5982:11)
#589    Element.rebuild (package:flutter/src/widgets/framework.dart:5529:7)
#590    ComponentElement._firstBuild (package:flutter/src/widgets/framework.dart:5799:5)
#591    StatefulElement._firstBuild (package:flutter/src/widgets/framework.dart:5973:11)
#592    ComponentElement.mount (package:flutter/src/widgets/framework.dart:5793:5)
#593    Element.inflateWidget (package:flutter/src/widgets/framework.dart:4587:20)
#594    Element.updateChild (package:flutter/src/widgets/framework.dart:4059:18)
#595    SingleChildRenderObjectElement.mount (package:flutter/src/widgets/framework.dart:7115:14)
#596    Element.inflateWidget (package:flutter/src/widgets/framework.dart:4587:20)
#597    Element.updateChild (package:flutter/src/widgets/framework.dart:4059:18)
#598    ComponentElement.performRebuild (package:flutter/src/widgets/framework.dart:5841:16)
#599    StatefulElement.performRebuild (package:flutter/src/widgets/framework.dart:5982:11)
#600    Element.rebuild (package:flutter/src/widgets/framework.dart:5529:7)
#601    ComponentElement._firstBuild (package:flutter/src/widgets/framework.dart:5799:5)
#602    StatefulElement._firstBuild (package:flutter/src/widgets/framework.dart:5973:11)
#603    ComponentElement.mount (package:flutter/src/widgets/framework.dart:5793:5)
#604    Element.inflateWidget (package:flutter/src/widgets/framework.dart:4587:20)
#605    Element.updateChild (package:flutter/src/widgets/framework.dart:4059:18)
#606    ComponentElement.performRebuild (package:flutter/src/widgets/framework.dart:5841:16)
#607    Element.rebuild (package:flutter/src/widgets/framework.dart:5529:7)
#608    ComponentElement._firstBuild (package:flutter/src/widgets/framework.dart:5799:5)
#609    ComponentElement.mount (package:flutter/src/widgets/framework.dart:5793:5)
#610    Element.inflateWidget (package:flutter/src/widgets/framework.dart:4587:20)
#611    Element.updateChild (package:flutter/src/widgets/framework.dart:4059:18)
#612    SingleChildRenderObjectElement.mount (package:flutter/src/widgets/framework.dart:7115:14)
#613    Element.inflateWidget (package:flutter/src/widgets/framework.dart:4587:20)
#614    Element.updateChild (package:flutter/src/widgets/framework.dart:4059:18)
#615    ComponentElement.performRebuild (package:flutter/src/widgets/framework.dart:5841:16)
#616    Element.rebuild (package:flutter/src/widgets/framework.dart:5529:7)
#617    ComponentElement._firstBuild (package:flutter/src/widgets/framework.dart:5799:5)
#618    ComponentElement.mount (package:flutter/src/widgets/framework.dart:5793:5)
#619    Element.inflateWidget (package:flutter/src/widgets/framework.dart:4587:20)
#620    Element.updateChild (package:flutter/src/widgets/framework.dart:4059:18)
#621    ComponentElement.performRebuild (package:flutter/src/widgets/framework.dart:5841:16)
#622    StatefulElement.performRebuild (package:flutter/src/widgets/framework.dart:5982:11)
#623    Element.rebuild (package:flutter/src/widgets/framework.dart:5529:7)
#624    ComponentElement._firstBuild (package:flutter/src/widgets/framework.dart:5799:5)
#625    StatefulElement._firstBuild (package:flutter/src/widgets/framework.dart:5973:11)
#626    ComponentElement.mount (package:flutter/src/widgets/framework.dart:5793:5)
#627    Element.inflateWidget (package:flutter/src/widgets/framework.dart:4587:20)
#628    Element.updateChild (package:flutter/src/widgets/framework.dart:4059:18)
#629    ComponentElement.performRebuild (package:flutter/src/widgets/framework.dart:5841:16)
#630    StatefulElement.performRebuild (package:flutter/src/widgets/framework.dart:5982:11)
#631    Element.rebuild (package:flutter/src/widgets/framework.dart:5529:7)
#632    ComponentElement._firstBuild (package:flutter/src/widgets/framework.dart:5799:5)
#633    StatefulElement._firstBuild (package:flutter/src/widgets/framework.dart:5973:11)
#634    ComponentElement.mount (package:flutter/src/widgets/framework.dart:5793:5)
#635    Element.inflateWidget (package:flutter/src/widgets/framework.dart:4587:20)
#636    Element.updateChild (package:flutter/src/widgets/framework.dart:4059:18)
#637    ComponentElement.performRebuild (package:flutter/src/widgets/framework.dart:5841:16)
#638    Element.rebuild (package:flutter/src/widgets/framework.dart:5529:7)
#639    ComponentElement._firstBuild (package:flutter/src/widgets/framework.dart:5799:5)
#640    ComponentElement.mount (package:flutter/src/widgets/framework.dart:5793:5)
#641    Element.inflateWidget (package:flutter/src/widgets/framework.dart:4587:20)
#642    Element.updateChild (package:flutter/src/widgets/framework.dart:4059:18)
#643    ComponentElement.performRebuild (package:flutter/src/widgets/framework.dart:5841:16)
#644    Element.rebuild (package:flutter/src/widgets/framework.dart:5529:7)
#645    ComponentElement._firstBuild (package:flutter/src/widgets/framework.dart:5799:5)
#646    ComponentElement.mount (package:flutter/src/widgets/framework.dart:5793:5)
#647    Element.inflateWidget (package:flutter/src/widgets/framework.dart:4587:20)
#648    Element.updateChild (package:flutter/src/widgets/framework.dart:4059:18)
#649    SingleChildRenderObjectElement.mount (package:flutter/src/widgets/framework.dart:7115:14)
#650    Element.inflateWidget (package:flutter/src/widgets/framework.dart:4587:20)
#651    Element.updateChild (package:flutter/src/widgets/framework.dart:4059:18)
#652    ComponentElement.performRebuild (package:flutter/src/widgets/framework.dart:5841:16)
#653    StatefulElement.performRebuild (package:flutter/src/widgets/framework.dart:5982:11)
#654    Element.rebuild (package:flutter/src/widgets/framework.dart:5529:7)
#655    ComponentElement._firstBuild (package:flutter/src/widgets/framework.dart:5799:5)
#656    StatefulElement._firstBuild (package:flutter/src/widgets/framework.dart:5973:11)
#657    ComponentElement.mount (package:flutter/src/widgets/framework.dart:5793:5)
#658    Element.inflateWidget (package:flutter/src/widgets/framework.dart:4587:20)
#659    Element.updateChild (package:flutter/src/widgets/framework.dart:4059:18)
#660    ComponentElement.performRebuild (package:flutter/src/widgets/framework.dart:5841:16)
#661    StatefulElement.performRebuild (package:flutter/src/widgets/framework.dart:5982:11)
#662    Element.rebuild (package:flutter/src/widgets/framework.dart:5529:7)
#663    ComponentElement._firstBuild (package:flutter/src/widgets/framework.dart:5799:5)
#664    StatefulElement._firstBuild (package:flutter/src/widgets/framework.dart:5973:11)
#665    ComponentElement.mount (package:flutter/src/widgets/framework.dart:5793:5)
#666    Element.inflateWidget (package:flutter/src/widgets/framework.dart:4587:20)
#667    Element.updateChild (package:flutter/src/widgets/framework.dart:4059:18)
#668    SingleChildRenderObjectElement.mount (package:flutter/src/widgets/framework.dart:7115:14)
#669    Element.inflateWidget (package:flutter/src/widgets/framework.dart:4587:20)
#670    Element.updateChild (package:flutter/src/widgets/framework.dart:4059:18)
#671    ComponentElement.performRebuild (package:flutter/src/widgets/framework.dart:5841:16)
#672    Element.rebuild (package:flutter/src/widgets/framework.dart:5529:7)
#673    ComponentElement._firstBuild (package:flutter/src/widgets/framework.dart:5799:5)
#674    ComponentElement.mount (package:flutter/src/widgets/framework.dart:5793:5)
#675    Element.inflateWidget (package:flutter/src/widgets/framework.dart:4587:20)
#676    Element.updateChild (package:flutter/src/widgets/framework.dart:4059:18)
#677    ComponentElement.performRebuild (package:flutter/src/widgets/framework.dart:5841:16)
#678    StatefulElement.performRebuild (package:flutter/src/widgets/framework.dart:5982:11)
#679    Element.rebuild (package:flutter/src/widgets/framework.dart:5529:7)
#680    ComponentElement._firstBuild (package:flutter/src/widgets/framework.dart:5799:5)
#681    StatefulElement._firstBuild (package:flutter/src/widgets/framework.dart:5973:11)
#682    ComponentElement.mount (package:flutter/src/widgets/framework.dart:5793:5)
#683    Element.inflateWidget (package:flutter/src/widgets/framework.dart:4587:20)
#684    Element.updateChild (package:flutter/src/widgets/framework.dart:4059:18)
#685    ComponentElement.performRebuild (package:flutter/src/widgets/framework.dart:5841:16)
#686    StatefulElement.performRebuild (package:flutter/src/widgets/framework.dart:5982:11)
#687    Element.rebuild (package:flutter/src/widgets/framework.dart:5529:7)
#688    ComponentElement._firstBuild (package:flutter/src/widgets/framework.dart:5799:5)
#689    StatefulElement._firstBuild (package:flutter/src/widgets/framework.dart:5973:11)
#690    ComponentElement.mount (package:flutter/src/widgets/framework.dart:5793:5)
#691    Element.inflateWidget (package:flutter/src/widgets/framework.dart:4587:20)
#692    Element.updateChild (package:flutter/src/widgets/framework.dart:4059:18)
#693    ComponentElement.performRebuild (package:flutter/src/widgets/framework.dart:5841:16)
#694    Element.rebuild (package:flutter/src/widgets/framework.dart:5529:7)
#695    ComponentElement._firstBuild (package:flutter/src/widgets/framework.dart:5799:5)
#696    ComponentElement.mount (package:flutter/src/widgets/framework.dart:5793:5)
#697    Element.inflateWidget (package:flutter/src/widgets/framework.dart:4587:20)
#698    Element.updateChild (package:flutter/src/widgets/framework.dart:4059:18)
#699    ComponentElement.performRebuild (package:flutter/src/widgets/framework.dart:5841:16)
#700    StatefulElement.performRebuild (package:flutter/src/widgets/framework.dart:5982:11)
#701    Element.rebuild (package:flutter/src/widgets/framework.dart:5529:7)
#702    ComponentElement._firstBuild (package:flutter/src/widgets/framework.dart:5799:5)
#703    StatefulElement._firstBuild (package:flutter/src/widgets/framework.dart:5973:11)
#704    ComponentElement.mount (package:flutter/src/widgets/framework.dart:5793:5)
#705    Element.inflateWidget (package:flutter/src/widgets/framework.dart:4587:20)
#706    Element.updateChild (package:flutter/src/widgets/framework.dart:4059:18)
#707    SingleChildRenderObjectElement.mount (package:flutter/src/widgets/framework.dart:7115:14)
#708    Element.inflateWidget (package:flutter/src/widgets/framework.dart:4587:20)
#709    Element.updateChild (package:flutter/src/widgets/framework.dart:4059:18)
#710    ComponentElement.performRebuild (package:flutter/src/widgets/framework.dart:5841:16)
#711    Element.rebuild (package:flutter/src/widgets/framework.dart:5529:7)
#712    ComponentElement._firstBuild (package:flutter/src/widgets/framework.dart:5799:5)
#713    ComponentElement.mount (package:flutter/src/widgets/framework.dart:5793:5)
#714    Element.inflateWidget (package:flutter/src/widgets/framework.dart:4587:20)
#715    Element.updateChild (package:flutter/src/widgets/framework.dart:4059:18)
#716    ComponentElement.performRebuild (package:flutter/src/widgets/framework.dart:5841:16)
#717    StatefulElement.performRebuild (package:flutter/src/widgets/framework.dart:5982:11)
#718    Element.rebuild (package:flutter/src/widgets/framework.dart:5529:7)
#719    ComponentElement._firstBuild (package:flutter/src/widgets/framework.dart:5799:5)
#720    StatefulElement._firstBuild (package:flutter/src/widgets/framework.dart:5973:11)
#721    ComponentElement.mount (package:flutter/src/widgets/framework.dart:5793:5)
#722    Element.inflateWidget (package:flutter/src/widgets/framework.dart:4587:20)
#723    Element.updateChild (package:flutter/src/widgets/framework.dart:4059:18)
#724    ComponentElement.performRebuild (package:flutter/src/widgets/framework.dart:5841:16)
#725    StatefulElement.performRebuild (package:flutter/src/widgets/framework.dart:5982:11)
#726    Element.rebuild (package:flutter/src/widgets/framework.dart:5529:7)
#727    ComponentElement._firstBuild (package:flutter/src/widgets/framework.dart:5799:5)
#728    StatefulElement._firstBuild (package:flutter/src/widgets/framework.dart:5973:11)
#729    ComponentElement.mount (package:flutter/src/widgets/framework.dart:5793:5)
#730    Element.inflateWidget (package:flutter/src/widgets/framework.dart:4587:20)
#731    Element.updateChild (package:flutter/src/widgets/framework.dart:4059:18)
#732    ComponentElement.performRebuild (package:flutter/src/widgets/framework.dart:5841:16)
#733    Element.rebuild (package:flutter/src/widgets/framework.dart:5529:7)
#734    ComponentElement._firstBuild (package:flutter/src/widgets/framework.dart:5799:5)
#735    ComponentElement.mount (package:flutter/src/widgets/framework.dart:5793:5)
#736    Element.inflateWidget (package:flutter/src/widgets/framework.dart:4587:20)
#737    Element.updateChild (package:flutter/src/widgets/framework.dart:4059:18)
#738    ComponentElement.performRebuild (package:flutter/src/widgets/framework.dart:5841:16)
#739    StatefulElement.performRebuild (package:flutter/src/widgets/framework.dart:5982:11)
#740    Element.rebuild (package:flutter/src/widgets/framework.dart:5529:7)
#741    ComponentElement._firstBuild (package:flutter/src/widgets/framework.dart:5799:5)
#742    StatefulElement._firstBuild (package:flutter/src/widgets/framework.dart:5973:11)
#743    ComponentElement.mount (package:flutter/src/widgets/framework.dart:5793:5)
#744    Element.inflateWidget (package:flutter/src/widgets/framework.dart:4587:20)
#745    Element.updateChild (package:flutter/src/widgets/framework.dart:4059:18)
#746    SingleChildRenderObjectElement.mount (package:flutter/src/widgets/framework.dart:7115:14)
#747    Element.inflateWidget (package:flutter/src/widgets/framework.dart:4587:20)
#748    Element.updateChild (package:flutter/src/widgets/framework.dart:4059:18)
#749    ComponentElement.performRebuild (package:flutter/src/widgets/framework.dart:5841:16)
#750    Element.rebuild (package:flutter/src/widgets/framework.dart:5529:7)
#751    ComponentElement._firstBuild (package:flutter/src/widgets/framework.dart:5799:5)
#752    ComponentElement.mount (package:flutter/src/widgets/framework.dart:5793:5)
#753    Element.inflateWidget (package:flutter/src/widgets/framework.dart:4587:20)
#754    Element.updateChild (package:flutter/src/widgets/framework.dart:4059:18)
#755    ComponentElement.performRebuild (package:flutter/src/widgets/framework.dart:5841:16)
#756    StatefulElement.performRebuild (package:flutter/src/widgets/framework.dart:5982:11)
#757    Element.rebuild (package:flutter/src/widgets/framework.dart:5529:7)
#758    ComponentElement._firstBuild (package:flutter/src/widgets/framework.dart:5799:5)
#759    StatefulElement._firstBuild (package:flutter/src/widgets/framework.dart:5973:11)
#760    ComponentElement.mount (package:flutter/src/widgets/framework.dart:5793:5)
#761    Element.inflateWidget (package:flutter/src/widgets/framework.dart:4587:20)
#762    Element.updateChild (package:flutter/src/widgets/framework.dart:4059:18)
#763    ComponentElement.performRebuild (package:flutter/src/widgets/framework.dart:5841:16)
#764    StatefulElement.performRebuild (package:flutter/src/widgets/framework.dart:5982:11)
#765    Element.rebuild (package:flutter/src/widgets/framework.dart:5529:7)
#766    ComponentElement._firstBuild (package:flutter/src/widgets/framework.dart:5799:5)
#767    StatefulElement._firstBuild (package:flutter/src/widgets/framework.dart:5973:11)
#768    ComponentElement.mount (package:flutter/src/widgets/framework.dart:5793:5)
#769    Element.inflateWidget (package:flutter/src/widgets/framework.dart:4587:20)
#770    Element.updateChild (package:flutter/src/widgets/framework.dart:4059:18)
#771    ComponentElement.performRebuild (package:flutter/src/widgets/framework.dart:5841:16)
#772    Element.rebuild (package:flutter/src/widgets/framework.dart:5529:7)
#773    ComponentElement._firstBuild (package:flutter/src/widgets/framework.dart:5799:5)
#774    ComponentElement.mount (package:flutter/src/widgets/framework.dart:5793:5)
#775    Element.inflateWidget (package:flutter/src/widgets/framework.dart:4587:20)
#776    Element.updateChild (package:flutter/src/widgets/framework.dart:4059:18)
#777    SingleChildRenderObjectElement.mount (package:flutter/src/widgets/framework.dart:7115:14)
#778    Element.inflateWidget (package:flutter/src/widgets/framework.dart:4587:20)
#779    Element.updateChild (package:flutter/src/widgets/framework.dart:4059:18)
#780    ComponentElement.performRebuild (package:flutter/src/widgets/framework.dart:5841:16)
#781    Element.rebuild (package:flutter/src/widgets/framework.dart:5529:7)
#782    ComponentElement._firstBuild (package:flutter/src/widgets/framework.dart:5799:5)
#783    ComponentElement.mount (package:flutter/src/widgets/framework.dart:5793:5)
#784    Element.inflateWidget (package:flutter/src/widgets/framework.dart:4587:20)
#785    Element.updateChild (package:flutter/src/widgets/framework.dart:4059:18)
#786    ComponentElement.performRebuild (package:flutter/src/widgets/framework.dart:5841:16)
#787    StatefulElement.performRebuild (package:flutter/src/widgets/framework.dart:5982:11)
#788    Element.rebuild (package:flutter/src/widgets/framework.dart:5529:7)
#789    ComponentElement._firstBuild (package:flutter/src/widgets/framework.dart:5799:5)
#790    StatefulElement._firstBuild (package:flutter/src/widgets/framework.dart:5973:11)
#791    ComponentElement.mount (package:flutter/src/widgets/framework.dart:5793:5)
#792    Element.inflateWidget (package:flutter/src/widgets/framework.dart:4587:20)
#793    Element.updateChild (package:flutter/src/widgets/framework.dart:4059:18)
#794    ComponentElement.performRebuild (package:flutter/src/widgets/framework.dart:5841:16)
#795    StatefulElement.performRebuild (package:flutter/src/widgets/framework.dart:5982:11)
#796    Element.rebuild (package:flutter/src/widgets/framework.dart:5529:7)
#797    ComponentElement._firstBuild (package:flutter/src/widgets/framework.dart:5799:5)
#798    StatefulElement._firstBuild (package:flutter/src/widgets/framework.dart:5973:11)
#799    ComponentElement.mount (package:flutter/src/widgets/framework.dart:5793:5)
#800    Element.inflateWidget (package:flutter/src/widgets/framework.dart:4587:20)
#801    Element.updateChild (package:flutter/src/widgets/framework.dart:4059:18)
#802    ComponentElement.performRebuild (package:flutter/src/widgets/framework.dart:5841:16)
#803    Element.rebuild (package:flutter/src/widgets/framework.dart:5529:7)
#804    ComponentElement._firstBuild (package:flutter/src/widgets/framework.dart:5799:5)
#805    ComponentElement.mount (package:flutter/src/widgets/framework.dart:5793:5)
#806    Element.inflateWidget (package:flutter/src/widgets/framework.dart:4587:20)
#807    Element.updateChild (package:flutter/src/widgets/framework.dart:4059:18)
#808    ComponentElement.performRebuild (package:flutter/src/widgets/framework.dart:5841:16)
#809    Element.rebuild (package:flutter/src/widgets/framework.dart:5529:7)
#810    ComponentElement._firstBuild (package:flutter/src/widgets/framework.dart:5799:5)
#811    ComponentElement.mount (package:flutter/src/widgets/framework.dart:5793:5)
#812    Element.inflateWidget (package:flutter/src/widgets/framework.dart:4587:20)
#813    Element.updateChild (package:flutter/src/widgets/framework.dart:4059:18)
#814    ComponentElement.performRebuild (package:flutter/src/widgets/framework.dart:5841:16)
#815    StatefulElement.performRebuild (package:flutter/src/widgets/framework.dart:5982:11)
#816    Element.rebuild (package:flutter/src/widgets/framework.dart:5529:7)
#817    ComponentElement._firstBuild (package:flutter/src/widgets/framework.dart:5799:5)
#818    StatefulElement._firstBuild (package:flutter/src/widgets/framework.dart:5973:11)
#819    ComponentElement.mount (package:flutter/src/widgets/framework.dart:5793:5)
#820    Element.inflateWidget (package:flutter/src/widgets/framework.dart:4587:20)
#821    Element.updateChild (package:flutter/src/widgets/framework.dart:4059:18)
#822    ComponentElement.performRebuild (package:flutter/src/widgets/framework.dart:5841:16)
#823    Element.rebuild (package:flutter/src/widgets/framework.dart:5529:7)
#824    ComponentElement._firstBuild (package:flutter/src/widgets/framework.dart:5799:5)
#825    ComponentElement.mount (package:flutter/src/widgets/framework.dart:5793:5)
#826    Element.inflateWidget (package:flutter/src/widgets/framework.dart:4587:20)
#827    Element.updateChild (package:flutter/src/widgets/framework.dart:4059:18)
#828    ComponentElement.performRebuild (package:flutter/src/widgets/framework.dart:5841:16)
#829    StatefulElement.performRebuild (package:flutter/src/widgets/framework.dart:5982:11)
#830    Element.rebuild (package:flutter/src/widgets/framework.dart:5529:7)
#831    ComponentElement._firstBuild (package:flutter/src/widgets/framework.dart:5799:5)
#832    StatefulElement._firstBuild (package:flutter/src/widgets/framework.dart:5973:11)
#833    ComponentElement.mount (package:flutter/src/widgets/framework.dart:5793:5)
#834    Element.inflateWidget (package:flutter/src/widgets/framework.dart:4587:20)
#835    Element.updateChild (package:flutter/src/widgets/framework.dart:4059:18)
#836    ComponentElement.performRebuild (package:flutter/src/widgets/framework.dart:5841:16)
#837    Element.rebuild (package:flutter/src/widgets/framework.dart:5529:7)
#838    ComponentElement._firstBuild (package:flutter/src/widgets/framework.dart:5799:5)
#839    ComponentElement.mount (package:flutter/src/widgets/framework.dart:5793:5)
#840    Element.inflateWidget (package:flutter/src/widgets/framework.dart:4587:20)
#841    Element.updateChild (package:flutter/src/widgets/framework.dart:4059:18)
#842    ComponentElement.performRebuild (package:flutter/src/widgets/framework.dart:5841:16)
#843    StatefulElement.performRebuild (package:flutter/src/widgets/framework.dart:5982:11)
#844    Element.rebuild (package:flutter/src/widgets/framework.dart:5529:7)
#845    ComponentElement._firstBuild (package:flutter/src/widgets/framework.dart:5799:5)
#846    StatefulElement._firstBuild (package:flutter/src/widgets/framework.dart:5973:11)
#847    ComponentElement.mount (package:flutter/src/widgets/framework.dart:5793:5)
#848    Element.inflateWidget (package:flutter/src/widgets/framework.dart:4587:20)
#849    Element.updateChild (package:flutter/src/widgets/framework.dart:4059:18)
#850    ComponentElement.performRebuild (package:flutter/src/widgets/framework.dart:5841:16)
#851    StatefulElement.performRebuild (package:flutter/src/widgets/framework.dart:5982:11)
#852    Element.rebuild (package:flutter/src/widgets/framework.dart:5529:7)
#853    ComponentElement._firstBuild (package:flutter/src/widgets/framework.dart:5799:5)
#854    StatefulElement._firstBuild (package:flutter/src/widgets/framework.dart:5973:11)
#855    ComponentElement.mount (package:flutter/src/widgets/framework.dart:5793:5)
#856    Element.inflateWidget (package:flutter/src/widgets/framework.dart:4587:20)
#857    Element.updateChild (package:flutter/src/widgets/framework.dart:4059:18)
#858    ComponentElement.performRebuild (package:flutter/src/widgets/framework.dart:5841:16)
#859    Element.rebuild (package:flutter/src/widgets/framework.dart:5529:7)
#860    ComponentElement._firstBuild (package:flutter/src/widgets/framework.dart:5799:5)
#861    ComponentElement.mount (package:flutter/src/widgets/framework.dart:5793:5)
#862    Element.inflateWidget (package:flutter/src/widgets/framework.dart:4587:20)
#863    Element.updateChild (package:flutter/src/widgets/framework.dart:4059:18)
#864    ComponentElement.performRebuild (package:flutter/src/widgets/framework.dart:5841:16)
#865    Element.rebuild (package:flutter/src/widgets/framework.dart:5529:7)
#866    ComponentElement._firstBuild (package:flutter/src/widgets/framework.dart:5799:5)
#867    ComponentElement.mount (package:flutter/src/widgets/framework.dart:5793:5)
#868    Element.inflateWidget (package:flutter/src/widgets/framework.dart:4587:20)
#869    Element.updateChild (package:flutter/src/widgets/framework.dart:4059:18)
#870    ComponentElement.performRebuild (package:flutter/src/widgets/framework.dart:5841:16)
#871    StatefulElement.performRebuild (package:flutter/src/widgets/framework.dart:5982:11)
#872    Element.rebuild (package:flutter/src/widgets/framework.dart:5529:7)
#873    ComponentElement._firstBuild (package:flutter/src/widgets/framework.dart:5799:5)
#874    StatefulElement._firstBuild (package:flutter/src/widgets/framework.dart:5973:11)
#875    ComponentElement.mount (package:flutter/src/widgets/framework.dart:5793:5)
#876    Element.inflateWidget (package:flutter/src/widgets/framework.dart:4587:20)
#877    Element.updateChild (package:flutter/src/widgets/framework.dart:4059:18)
#878    ComponentElement.performRebuild (package:flutter/src/widgets/framework.dart:5841:16)
#879    Element.rebuild (package:flutter/src/widgets/framework.dart:5529:7)
#880    ComponentElement._firstBuild (package:flutter/src/widgets/framework.dart:5799:5)
#881    ComponentElement.mount (package:flutter/src/widgets/framework.dart:5793:5)
#882    Element.inflateWidget (package:flutter/src/widgets/framework.dart:4587:20)
#883    Element.updateChild (package:flutter/src/widgets/framework.dart:4059:18)
#884    ComponentElement.performRebuild (package:flutter/src/widgets/framework.dart:5841:16)
#885    StatefulElement.performRebuild (package:flutter/src/widgets/framework.dart:5982:11)
#886    Element.rebuild (package:flutter/src/widgets/framework.dart:5529:7)
#887    ComponentElement._firstBuild (package:flutter/src/widgets/framework.dart:5799:5)
#888    StatefulElement._firstBuild (package:flutter/src/widgets/framework.dart:5973:11)
#889    ComponentElement.mount (package:flutter/src/widgets/framework.dart:5793:5)
#890    Element.inflateWidget (package:flutter/src/widgets/framework.dart:4587:20)
#891    Element.updateChild (package:flutter/src/widgets/framework.dart:4059:18)
#892    ComponentElement.performRebuild (package:flutter/src/widgets/framework.dart:5841:16)
#893    StatefulElement.performRebuild (package:flutter/src/widgets/framework.dart:5982:11)
#894    Element.rebuild (package:flutter/src/widgets/framework.dart:5529:7)
#895    ComponentElement._firstBuild (package:flutter/src/widgets/framework.dart:5799:5)
#896    StatefulElement._firstBuild (package:flutter/src/widgets/framework.dart:5973:11)
#897    ComponentElement.mount (package:flutter/src/widgets/framework.dart:5793:5)
#898    Element.inflateWidget (package:flutter/src/widgets/framework.dart:4587:20)
#899    Element.updateChild (package:flutter/src/widgets/framework.dart:4053:20)
#900    ComponentElement.performRebuild (package:flutter/src/widgets/framework.dart:5841:16)
#901    Element.rebuild (package:flutter/src/widgets/framework.dart:5529:7)
#902    ProxyElement.update (package:flutter/src/widgets/framework.dart:6149:5)
#903    _InheritedNotifierElement.update (package:flutter/src/widgets/inherited_notifier.dart:108:11)
#904    Element.updateChild (package:flutter/src/widgets/framework.dart:4037:15)
#905    ComponentElement.performRebuild (package:flutter/src/widgets/framework.dart:5841:16)
#906    StatefulElement.performRebuild (package:flutter/src/widgets/framework.dart:5982:11)
#907    Element.rebuild (package:flutter/src/widgets/framework.dart:5529:7)
#908    StatefulElement.update (package:flutter/src/widgets/framework.dart:6007:5)
#909    Element.updateChild (package:flutter/src/widgets/framework.dart:4037:15)
#910    ComponentElement.performRebuild (package:flutter/src/widgets/framework.dart:5841:16)
#911    Element.rebuild (package:flutter/src/widgets/framework.dart:5529:7)
#912    ProxyElement.update (package:flutter/src/widgets/framework.dart:6149:5)
#913    _InheritedNotifierElement.update (package:flutter/src/widgets/inherited_notifier.dart:108:11)
#914    Element.updateChild (package:flutter/src/widgets/framework.dart:4037:15)
#915    ComponentElement.performRebuild (package:flutter/src/widgets/framework.dart:5841:16)
#916    StatefulElement.performRebuild (package:flutter/src/widgets/framework.dart:5982:11)
#917    Element.rebuild (package:flutter/src/widgets/framework.dart:5529:7)
#918    StatefulElement.update (package:flutter/src/widgets/framework.dart:6007:5)
#919    Element.updateChild (package:flutter/src/widgets/framework.dart:4037:15)
#920    ComponentElement.performRebuild (package:flutter/src/widgets/framework.dart:5841:16)
#921    StatefulElement.performRebuild (package:flutter/src/widgets/framework.dart:5982:11)
#922    Element.rebuild (package:flutter/src/widgets/framework.dart:5529:7)
#923    StatefulElement.update (package:flutter/src/widgets/framework.dart:6007:5)
#924    Element.updateChild (package:flutter/src/widgets/framework.dart:4037:15)
#925    ComponentElement.performRebuild (package:flutter/src/widgets/framework.dart:5841:16)
#926    Element.rebuild (package:flutter/src/widgets/framework.dart:5529:7)
#927    ProxyElement.update (package:flutter/src/widgets/framework.dart:6149:5)
#928    Element.updateChild (package:flutter/src/widgets/framework.dart:4037:15)
#929    ComponentElement.performRebuild (package:flutter/src/widgets/framework.dart:5841:16)
#930    StatefulElement.performRebuild (package:flutter/src/widgets/framework.dart:5982:11)
#931    Element.rebuild (package:flutter/src/widgets/framework.dart:5529:7)
#932    StatefulElement.update (package:flutter/src/widgets/framework.dart:6007:5)
#933    Element.updateChild (package:flutter/src/widgets/framework.dart:4037:15)
#934    ComponentElement.performRebuild (package:flutter/src/widgets/framework.dart:5841:16)
#935    Element.rebuild (package:flutter/src/widgets/framework.dart:5529:7)
#936    ProxyElement.update (package:flutter/src/widgets/framework.dart:6149:5)
#937    Element.updateChild (package:flutter/src/widgets/framework.dart:4037:15)
#938    ComponentElement.performRebuild (package:flutter/src/widgets/framework.dart:5841:16)
#939    Element.rebuild (package:flutter/src/widgets/framework.dart:5529:7)
#940    ProxyElement.update (package:flutter/src/widgets/framework.dart:6149:5)
#941    Element.updateChild (package:flutter/src/widgets/framework.dart:4037:15)
#942    _RawViewElement._updateChild (package:flutter/src/widgets/view.dart:481:16)
#943    _RawViewElement.update (package:flutter/src/widgets/view.dart:568:5)
#944    Element.updateChild (package:flutter/src/widgets/framework.dart:4037:15)
#945    ComponentElement.performRebuild (package:flutter/src/widgets/framework.dart:5841:16)
#946    Element.rebuild (package:flutter/src/widgets/framework.dart:5529:7)
#947    StatelessElement.update (package:flutter/src/widgets/framework.dart:5895:5)
#948    Element.updateChild (package:flutter/src/widgets/framework.dart:4037:15)
#949    ComponentElement.performRebuild (package:flutter/src/widgets/framework.dart:5841:16)
#950    StatefulElement.performRebuild (package:flutter/src/widgets/framework.dart:5982:11)
#951    Element.rebuild (package:flutter/src/widgets/framework.dart:5529:7)
#952    StatefulElement.update (package:flutter/src/widgets/framework.dart:6007:5)
#953    Element.updateChild (package:flutter/src/widgets/framework.dart:4037:15)
#954    RootElement._rebuild (package:flutter/src/widgets/binding.dart:2091:16)
#955    RootElement.update (package:flutter/src/widgets/binding.dart:2069:5)
#956    RootElement.performRebuild (package:flutter/src/widgets/binding.dart:2083:7)
#957    Element.rebuild (package:flutter/src/widgets/framework.dart:5529:7)
#958    BuildScope._tryRebuild (package:flutter/src/widgets/framework.dart:2750:15)
#959    BuildScope._flushDirtyElements (package:flutter/src/widgets/framework.dart:2807:11)
#960    BuildOwner.buildScope (package:flutter/src/widgets/framework.dart:3111:18)
#961    AutomatedTestWidgetsFlutterBinding.drawFrame (package:flutter_test/src/binding.dart:2431:19)
#962    RendererBinding._handlePersistentFrameCallback (package:flutter/src/rendering/binding.dart:509:5)
#963    SchedulerBinding._invokeFrameCallback (package:flutter/src/scheduler/binding.dart:1430:15)
#964    SchedulerBinding.handleDrawFrame (package:flutter/src/scheduler/binding.dart:1345:9)
#965    AutomatedTestWidgetsFlutterBinding.pump.<anonymous closure> (package:flutter_test/src/binding.dart:2260:9)
#966    _rootRun (dart:async/zone_root.dart:35:13)
#967    _CustomZone.run (dart:async/zone.dart:726:19)
#968    TestAsyncUtils.guard (package:flutter_test/src/test_async_utils.dart:74:41)
#969    AutomatedTestWidgetsFlutterBinding.pump (package:flutter_test/src/binding.dart:2249:27)
#970    WidgetTester.pumpWidget.<anonymous closure> (package:flutter_test/src/widget_tester.dart:598:22)
#971    _rootRun (dart:async/zone_root.dart:35:13)
#972    _CustomZone.run (dart:async/zone.dart:726:19)
#973    TestAsyncUtils.guard (package:flutter_test/src/test_async_utils.dart:74:41)
#974    WidgetTester.pumpWidget (package:flutter_test/src/widget_tester.dart:595:27)
#975    main.<anonymous closure> (file:///C:/Users/andrvoicu/Desktop/repos/collectarr-app/test/features/library/add/library_add_dialog_test.dart:391:18)
#976    testWidgets.<anonymous closure>.<anonymous closure> (package:flutter_test/src/widget_tester.dart:192:29)
<asynchronous suspension>
#977    TestWidgetsFlutterBinding._runTestBody (package:flutter_test/src/binding.dart:1952:5)
<asynchronous suspension>
#978    StackZoneSpecification._registerCallback.<anonymous closure> (package:stack_trace/src/stack_zone_specification.dart:114:42)
<asynchronous suspension>
This warning will only appear on debug builds.
00:10 +232 -4: C:/Users/andrvoicu/Desktop/repos/collectarr-app/test/features/library/add/library_add_dialog_test.dart: comic add dialog leaves search untouched when imported cover review is cancelled
00:10 +233 -4: C:/Users/andrvoicu/Desktop/repos/collectarr-app/test/features/library/add/library_add_dialog_test.dart: comic add dialog leaves search untouched when imported cover review is cancelled
00:10 +234 -4: C:/Users/andrvoicu/Desktop/repos/collectarr-app/test/features/library/add/library_add_dialog_test.dart: comic add dialog leaves search untouched when imported cover review is cancelled
00:10 +235 -4: C:/Users/andrvoicu/Desktop/repos/collectarr-app/test/features/library/add/library_add_dialog_test.dart: comic add dialog leaves search untouched when imported cover review is cancelled
00:10 +236 -4: C:/Users/andrvoicu/Desktop/repos/collectarr-app/test/features/library/add/library_add_dialog_test.dart: comic add dialog leaves search untouched when imported cover review is cancelled
00:10 +237 -4: C:/Users/andrvoicu/Desktop/repos/collectarr-app/test/features/library/add/library_add_dialog_test.dart: comic add dialog leaves search untouched when imported cover review is cancelled
00:10 +238 -4: C:/Users/andrvoicu/Desktop/repos/collectarr-app/test/features/library/add/library_add_dialog_test.dart: comic add dialog leaves search untouched when imported cover review is cancelled
00:10 +239 -4: C:/Users/andrvoicu/Desktop/repos/collectarr-app/test/features/library/add/library_add_dialog_test.dart: comic add dialog leaves search untouched when imported cover review is cancelled
00:10 +240 -4: C:/Users/andrvoicu/Desktop/repos/collectarr-app/test/features/library/add/library_add_dialog_test.dart: comic add dialog leaves search untouched when imported cover review is cancelled
00:10 +241 -4: C:/Users/andrvoicu/Desktop/repos/collectarr-app/test/features/library/add/library_add_dialog_test.dart: comic add dialog leaves search untouched when imported cover review is cancelled
00:10 +242 -4: C:/Users/andrvoicu/Desktop/repos/collectarr-app/test/features/library/add/library_add_dialog_test.dart: comic add dialog leaves search untouched when imported cover review is cancelled
00:10 +243 -4: C:/Users/andrvoicu/Desktop/repos/collectarr-app/test/features/library/add/library_add_dialog_test.dart: comic add dialog leaves search untouched when imported cover review is cancelled
00:10 +244 -4: C:/Users/andrvoicu/Desktop/repos/collectarr-app/test/features/library/add/library_add_dialog_test.dart: comic add dialog leaves search untouched when imported cover review is cancelled
WARNING (drift): It looks like you've created the database class LocalDatabase multiple times. When these two databases use the same QueryExecutor, race conditions will occur and might corrupt the database. 
Try to follow the advice at https://drift.simonbinder.eu/faq/#using-the-database or, if you know what you're doing, set driftRuntimeOptions.dontWarnAboutMultipleDatabases = true
Here is the stacktrace from when the database was opened a second time:
#0      GeneratedDatabase._handleInstantiated (package:drift/src/runtime/api/db_base.dart:96:30)
#1      GeneratedDatabase._whenConstructed (package:drift/src/runtime/api/db_base.dart:73:12)
#2      new GeneratedDatabase (package:drift/src/runtime/api/db_base.dart:64:5)
#3      new _$LocalDatabase (package:collectarr_app/core/db/local_database.g.dart:12351:38)
#4      new LocalDatabase (package:collectarr_app/core/db/local_database.dart:387:9)
#5      localDatabaseProvider.<anonymous closure> (package:collectarr_app/state/local_database_provider.dart:5:14)
#6      Provider.create (package:riverpod/src/providers/provider.dart:59:36)
#7      $ProviderElement.create (package:riverpod/src/providers/provider.dart:343:32)
#8      ProviderElement.buildState (package:riverpod/src/core/element.dart:684:28)
#9      ProviderElement.mount (package:riverpod/src/core/element.dart:537:7)
#10     ProviderElement.flush (package:riverpod/src/core/element.dart:640:7)
#11     $ProviderBaseImpl._addListener (package:riverpod/src/core/provider/provider.dart:119:24)
#12     ProviderContainer.listen (package:riverpod/src/core/provider_container.dart:960:26)
#13     ProviderContainer.read (package:riverpod/src/core/provider_container.dart:917:17)
#14     ConsumerStatefulElement.read (package:flutter_riverpod/src/core/consumer.dart:543:59)
#15     _LibraryAddDialogState._loadAvailableLocations (package:collectarr_app/features/library/add/library_add_dialog.dart:2338:38)
#16     _LibraryAddDialogState.initState (package:collectarr_app/features/library/add/library_add_dialog.dart:659:5)
#17     StatefulElement._firstBuild (package:flutter/src/widgets/framework.dart:5950:55)
#18     ComponentElement.mount (package:flutter/src/widgets/framework.dart:5793:5)
#19     Element.inflateWidget (package:flutter/src/widgets/framework.dart:4587:20)
#20     Element.updateChild (package:flutter/src/widgets/framework.dart:4059:18)
#21     ComponentElement.performRebuild (package:flutter/src/widgets/framework.dart:5841:16)
#22     Element.rebuild (package:flutter/src/widgets/framework.dart:5529:7)
#23     ComponentElement._firstBuild (package:flutter/src/widgets/framework.dart:5799:5)
#24     ComponentElement.mount (package:flutter/src/widgets/framework.dart:5793:5)
#25     Element.inflateWidget (package:flutter/src/widgets/framework.dart:4587:20)
#26     Element.updateChild (package:flutter/src/widgets/framework.dart:4059:18)
#27     ComponentElement.performRebuild (package:flutter/src/widgets/framework.dart:5841:16)
#28     Element.rebuild (package:flutter/src/widgets/framework.dart:5529:7)
#29     ComponentElement._firstBuild (package:flutter/src/widgets/framework.dart:5799:5)
#30     ComponentElement.mount (package:flutter/src/widgets/framework.dart:5793:5)
#31     Element.inflateWidget (package:flutter/src/widgets/framework.dart:4587:20)
#32     Element.updateChild (package:flutter/src/widgets/framework.dart:4059:18)
#33     ComponentElement.performRebuild (package:flutter/src/widgets/framework.dart:5841:16)
#34     Element.rebuild (package:flutter/src/widgets/framework.dart:5529:7)
#35     ComponentElement._firstBuild (package:flutter/src/widgets/framework.dart:5799:5)
#36     ComponentElement.mount (package:flutter/src/widgets/framework.dart:5793:5)
#37     Element.inflateWidget (package:flutter/src/widgets/framework.dart:4587:20)
#38     Element.updateChild (package:flutter/src/widgets/framework.dart:4059:18)
#39     ComponentElement.performRebuild (package:flutter/src/widgets/framework.dart:5841:16)
#40     Element.rebuild (package:flutter/src/widgets/framework.dart:5529:7)
#41     ComponentElement._firstBuild (package:flutter/src/widgets/framework.dart:5799:5)
#42     ComponentElement.mount (package:flutter/src/widgets/framework.dart:5793:5)
#43     Element.inflateWidget (package:flutter/src/widgets/framework.dart:4587:20)
#44     MultiChildRenderObjectElement.inflateWidget (package:flutter/src/widgets/framework.dart:7264:36)
#45     MultiChildRenderObjectElement.mount (package:flutter/src/widgets/framework.dart:7279:32)
#46     Element.inflateWidget (package:flutter/src/widgets/framework.dart:4587:20)
#47     Element.updateChild (package:flutter/src/widgets/framework.dart:4059:18)
#48     ComponentElement.performRebuild (package:flutter/src/widgets/framework.dart:5841:16)
#49     Element.rebuild (package:flutter/src/widgets/framework.dart:5529:7)
#50     ComponentElement._firstBuild (package:flutter/src/widgets/framework.dart:5799:5)
#51     ComponentElement.mount (package:flutter/src/widgets/framework.dart:5793:5)
#52     Element.inflateWidget (package:flutter/src/widgets/framework.dart:4587:20)
#53     Element.updateChild (package:flutter/src/widgets/framework.dart:4059:18)
#54     ComponentElement.performRebuild (package:flutter/src/widgets/framework.dart:5841:16)
#55     StatefulElement.performRebuild (package:flutter/src/widgets/framework.dart:5982:11)
#56     Element.rebuild (package:flutter/src/widgets/framework.dart:5529:7)
#57     ComponentElement._firstBuild (package:flutter/src/widgets/framework.dart:5799:5)
#58     StatefulElement._firstBuild (package:flutter/src/widgets/framework.dart:5973:11)
#59     ComponentElement.mount (package:flutter/src/widgets/framework.dart:5793:5)
#60     Element.inflateWidget (package:flutter/src/widgets/framework.dart:4587:20)
#61     Element.updateChild (package:flutter/src/widgets/framework.dart:4059:18)
#62     ComponentElement.performRebuild (package:flutter/src/widgets/framework.dart:5841:16)
#63     Element.rebuild (package:flutter/src/widgets/framework.dart:5529:7)
#64     ComponentElement._firstBuild (package:flutter/src/widgets/framework.dart:5799:5)
#65     ComponentElement.mount (package:flutter/src/widgets/framework.dart:5793:5)
#66     Element.inflateWidget (package:flutter/src/widgets/framework.dart:4587:20)
#67     Element.updateChild (package:flutter/src/widgets/framework.dart:4059:18)
#68     ComponentElement.performRebuild (package:flutter/src/widgets/framework.dart:5841:16)
#69     Element.rebuild (package:flutter/src/widgets/framework.dart:5529:7)
#70     ComponentElement._firstBuild (package:flutter/src/widgets/framework.dart:5799:5)
#71     ComponentElement.mount (package:flutter/src/widgets/framework.dart:5793:5)
#72     Element.inflateWidget (package:flutter/src/widgets/framework.dart:4587:20)
#73     Element.updateChild (package:flutter/src/widgets/framework.dart:4059:18)
#74     ComponentElement.performRebuild (package:flutter/src/widgets/framework.dart:5841:16)
#75     StatefulElement.performRebuild (package:flutter/src/widgets/framework.dart:5982:11)
#76     Element.rebuild (package:flutter/src/widgets/framework.dart:5529:7)
#77     ComponentElement._firstBuild (package:flutter/src/widgets/framework.dart:5799:5)
#78     StatefulElement._firstBuild (package:flutter/src/widgets/framework.dart:5973:11)
#79     ComponentElement.mount (package:flutter/src/widgets/framework.dart:5793:5)
#80     Element.inflateWidget (package:flutter/src/widgets/framework.dart:4587:20)
#81     Element.updateChild (package:flutter/src/widgets/framework.dart:4059:18)
#82     SingleChildRenderObjectElement.mount (package:flutter/src/widgets/framework.dart:7115:14)
#83     Element.inflateWidget (package:flutter/src/widgets/framework.dart:4587:20)
#84     Element.updateChild (package:flutter/src/widgets/framework.dart:4059:18)
#85     ComponentElement.performRebuild (package:flutter/src/widgets/framework.dart:5841:16)
#86     Element.rebuild (package:flutter/src/widgets/framework.dart:5529:7)
#87     ComponentElement._firstBuild (package:flutter/src/widgets/framework.dart:5799:5)
#88     ComponentElement.mount (package:flutter/src/widgets/framework.dart:5793:5)
#89     Element.inflateWidget (package:flutter/src/widgets/framework.dart:4587:20)
#90     Element.updateChild (package:flutter/src/widgets/framework.dart:4059:18)
#91     SingleChildRenderObjectElement.mount (package:flutter/src/widgets/framework.dart:7115:14)
#92     Element.inflateWidget (package:flutter/src/widgets/framework.dart:4587:20)
#93     Element.updateChild (package:flutter/src/widgets/framework.dart:4059:18)
#94     ComponentElement.performRebuild (package:flutter/src/widgets/framework.dart:5841:16)
#95     StatefulElement.performRebuild (package:flutter/src/widgets/framework.dart:5982:11)
#96     Element.rebuild (package:flutter/src/widgets/framework.dart:5529:7)
#97     ComponentElement._firstBuild (package:flutter/src/widgets/framework.dart:5799:5)
#98     StatefulElement._firstBuild (package:flutter/src/widgets/framework.dart:5973:11)
#99     ComponentElement.mount (package:flutter/src/widgets/framework.dart:5793:5)
#100    Element.inflateWidget (package:flutter/src/widgets/framework.dart:4587:20)
#101    Element.updateChild (package:flutter/src/widgets/framework.dart:4059:18)
#102    ComponentElement.performRebuild (package:flutter/src/widgets/framework.dart:5841:16)
#103    StatefulElement.performRebuild (package:flutter/src/widgets/framework.dart:5982:11)
#104    Element.rebuild (package:flutter/src/widgets/framework.dart:5529:7)
#105    ComponentElement._firstBuild (package:flutter/src/widgets/framework.dart:5799:5)
#106    StatefulElement._firstBuild (package:flutter/src/widgets/framework.dart:5973:11)
#107    ComponentElement.mount (package:flutter/src/widgets/framework.dart:5793:5)
#108    Element.inflateWidget (package:flutter/src/widgets/framework.dart:4587:20)
#109    Element.updateChild (package:flutter/src/widgets/framework.dart:4059:18)
#110    ComponentElement.performRebuild (package:flutter/src/widgets/framework.dart:5841:16)
#111    Element.rebuild (package:flutter/src/widgets/framework.dart:5529:7)
#112    ComponentElement._firstBuild (package:flutter/src/widgets/framework.dart:5799:5)
#113    ComponentElement.mount (package:flutter/src/widgets/framework.dart:5793:5)
#114    Element.inflateWidget (package:flutter/src/widgets/framework.dart:4587:20)
#115    Element.updateChild (package:flutter/src/widgets/framework.dart:4059:18)
#116    ComponentElement.performRebuild (package:flutter/src/widgets/framework.dart:5841:16)
#117    Element.rebuild (package:flutter/src/widgets/framework.dart:5529:7)
#118    ComponentElement._firstBuild (package:flutter/src/widgets/framework.dart:5799:5)
#119    ComponentElement.mount (package:flutter/src/widgets/framework.dart:5793:5)
#120    Element.inflateWidget (package:flutter/src/widgets/framework.dart:4587:20)
#121    Element.updateChild (package:flutter/src/widgets/framework.dart:4059:18)
#122    ComponentElement.performRebuild (package:flutter/src/widgets/framework.dart:5841:16)
#123    Element.rebuild (package:flutter/src/widgets/framework.dart:5529:7)
#124    ComponentElement._firstBuild (package:flutter/src/widgets/framework.dart:5799:5)
#125    ComponentElement.mount (package:flutter/src/widgets/framework.dart:5793:5)
#126    Element.inflateWidget (package:flutter/src/widgets/framework.dart:4587:20)
#127    Element.updateChild (package:flutter/src/widgets/framework.dart:4059:18)
#128    ComponentElement.performRebuild (package:flutter/src/widgets/framework.dart:5841:16)
#129    StatefulElement.performRebuild (package:flutter/src/widgets/framework.dart:5982:11)
#130    Element.rebuild (package:flutter/src/widgets/framework.dart:5529:7)
#131    ComponentElement._firstBuild (package:flutter/src/widgets/framework.dart:5799:5)
#132    StatefulElement._firstBuild (package:flutter/src/widgets/framework.dart:5973:11)
#133    ComponentElement.mount (package:flutter/src/widgets/framework.dart:5793:5)
#134    Element.inflateWidget (package:flutter/src/widgets/framework.dart:4587:20)
#135    Element.updateChild (package:flutter/src/widgets/framework.dart:4059:18)
#136    ComponentElement.performRebuild (package:flutter/src/widgets/framework.dart:5841:16)
#137    Element.rebuild (package:flutter/src/widgets/framework.dart:5529:7)
#138    ComponentElement._firstBuild (package:flutter/src/widgets/framework.dart:5799:5)
#139    ComponentElement.mount (package:flutter/src/widgets/framework.dart:5793:5)
#140    Element.inflateWidget (package:flutter/src/widgets/framework.dart:4587:20)
#141    Element.updateChild (package:flutter/src/widgets/framework.dart:4059:18)
#142    ComponentElement.performRebuild (package:flutter/src/widgets/framework.dart:5841:16)
#143    StatefulElement.performRebuild (package:flutter/src/widgets/framework.dart:5982:11)
#144    Element.rebuild (package:flutter/src/widgets/framework.dart:5529:7)
#145    ComponentElement._firstBuild (package:flutter/src/widgets/framework.dart:5799:5)
#146    StatefulElement._firstBuild (package:flutter/src/widgets/framework.dart:5973:11)
#147    ComponentElement.mount (package:flutter/src/widgets/framework.dart:5793:5)
#148    Element.inflateWidget (package:flutter/src/widgets/framework.dart:4587:20)
#149    Element.updateChild (package:flutter/src/widgets/framework.dart:4059:18)
#150    SingleChildRenderObjectElement.mount (package:flutter/src/widgets/framework.dart:7115:14)
#151    Element.inflateWidget (package:flutter/src/widgets/framework.dart:4587:20)
#152    Element.updateChild (package:flutter/src/widgets/framework.dart:4059:18)
#153    ComponentElement.performRebuild (package:flutter/src/widgets/framework.dart:5841:16)
#154    Element.rebuild (package:flutter/src/widgets/framework.dart:5529:7)
#155    ComponentElement._firstBuild (package:flutter/src/widgets/framework.dart:5799:5)
#156    ComponentElement.mount (package:flutter/src/widgets/framework.dart:5793:5)
#157    Element.inflateWidget (package:flutter/src/widgets/framework.dart:4587:20)
#158    Element.updateChild (package:flutter/src/widgets/framework.dart:4059:18)
#159    SingleChildRenderObjectElement.mount (package:flutter/src/widgets/framework.dart:7115:14)
#160    Element.inflateWidget (package:flutter/src/widgets/framework.dart:4587:20)
#161    Element.updateChild (package:flutter/src/widgets/framework.dart:4059:18)
#162    SingleChildRenderObjectElement.mount (package:flutter/src/widgets/framework.dart:7115:14)
#163    Element.inflateWidget (package:flutter/src/widgets/framework.dart:4587:20)
#164    Element.updateChild (package:flutter/src/widgets/framework.dart:4059:18)
#165    ComponentElement.performRebuild (package:flutter/src/widgets/framework.dart:5841:16)
#166    StatefulElement.performRebuild (package:flutter/src/widgets/framework.dart:5982:11)
#167    Element.rebuild (package:flutter/src/widgets/framework.dart:5529:7)
#168    ComponentElement._firstBuild (package:flutter/src/widgets/framework.dart:5799:5)
#169    StatefulElement._firstBuild (package:flutter/src/widgets/framework.dart:5973:11)
#170    ComponentElement.mount (package:flutter/src/widgets/framework.dart:5793:5)
#171    Element.inflateWidget (package:flutter/src/widgets/framework.dart:4587:20)
#172    Element.updateChild (package:flutter/src/widgets/framework.dart:4059:18)
#173    SingleChildRenderObjectElement.mount (package:flutter/src/widgets/framework.dart:7115:14)
#174    Element.inflateWidget (package:flutter/src/widgets/framework.dart:4587:20)
#175    Element.updateChild (package:flutter/src/widgets/framework.dart:4059:18)
#176    ComponentElement.performRebuild (package:flutter/src/widgets/framework.dart:5841:16)
#177    StatefulElement.performRebuild (package:flutter/src/widgets/framework.dart:5982:11)
#178    Element.rebuild (package:flutter/src/widgets/framework.dart:5529:7)
#179    ComponentElement._firstBuild (package:flutter/src/widgets/framework.dart:5799:5)
#180    StatefulElement._firstBuild (package:flutter/src/widgets/framework.dart:5973:11)
#181    ComponentElement.mount (package:flutter/src/widgets/framework.dart:5793:5)
#182    Element.inflateWidget (package:flutter/src/widgets/framework.dart:4587:20)
#183    Element.updateChild (package:flutter/src/widgets/framework.dart:4059:18)
#184    SingleChildRenderObjectElement.mount (package:flutter/src/widgets/framework.dart:7115:14)
#185    Element.inflateWidget (package:flutter/src/widgets/framework.dart:4587:20)
#186    Element.updateChild (package:flutter/src/widgets/framework.dart:4059:18)
#187    SingleChildRenderObjectElement.mount (package:flutter/src/widgets/framework.dart:7115:14)
#188    Element.inflateWidget (package:flutter/src/widgets/framework.dart:4587:20)
#189    Element.updateChild (package:flutter/src/widgets/framework.dart:4059:18)
#190    ComponentElement.performRebuild (package:flutter/src/widgets/framework.dart:5841:16)
#191    StatefulElement.performRebuild (package:flutter/src/widgets/framework.dart:5982:11)
#192    Element.rebuild (package:flutter/src/widgets/framework.dart:5529:7)
#193    ComponentElement._firstBuild (package:flutter/src/widgets/framework.dart:5799:5)
#194    StatefulElement._firstBuild (package:flutter/src/widgets/framework.dart:5973:11)
#195    ComponentElement.mount (package:flutter/src/widgets/framework.dart:5793:5)
#196    Element.inflateWidget (package:flutter/src/widgets/framework.dart:4587:20)
#197    Element.updateChild (package:flutter/src/widgets/framework.dart:4059:18)
#198    SingleChildRenderObjectElement.mount (package:flutter/src/widgets/framework.dart:7115:14)
#199    Element.inflateWidget (package:flutter/src/widgets/framework.dart:4587:20)
#200    Element.updateChild (package:flutter/src/widgets/framework.dart:4059:18)
#201    ComponentElement.performRebuild (package:flutter/src/widgets/framework.dart:5841:16)
#202    StatefulElement.performRebuild (package:flutter/src/widgets/framework.dart:5982:11)
#203    Element.rebuild (package:flutter/src/widgets/framework.dart:5529:7)
#204    ComponentElement._firstBuild (package:flutter/src/widgets/framework.dart:5799:5)
#205    StatefulElement._firstBuild (package:flutter/src/widgets/framework.dart:5973:11)
#206    ComponentElement.mount (package:flutter/src/widgets/framework.dart:5793:5)
#207    Element.inflateWidget (package:flutter/src/widgets/framework.dart:4587:20)
#208    Element.updateChild (package:flutter/src/widgets/framework.dart:4059:18)
#209    SingleChildRenderObjectElement.mount (package:flutter/src/widgets/framework.dart:7115:14)
#210    Element.inflateWidget (package:flutter/src/widgets/framework.dart:4587:20)
#211    Element.updateChild (package:flutter/src/widgets/framework.dart:4059:18)
#212    SingleChildRenderObjectElement.mount (package:flutter/src/widgets/framework.dart:7115:14)
#213    Element.inflateWidget (package:flutter/src/widgets/framework.dart:4587:20)
#214    Element.updateChild (package:flutter/src/widgets/framework.dart:4059:18)
#215    ComponentElement.performRebuild (package:flutter/src/widgets/framework.dart:5841:16)
#216    StatefulElement.performRebuild (package:flutter/src/widgets/framework.dart:5982:11)
#217    Element.rebuild (package:flutter/src/widgets/framework.dart:5529:7)
#218    ComponentElement._firstBuild (package:flutter/src/widgets/framework.dart:5799:5)
#219    StatefulElement._firstBuild (package:flutter/src/widgets/framework.dart:5973:11)
#220    ComponentElement.mount (package:flutter/src/widgets/framework.dart:5793:5)
#221    Element.inflateWidget (package:flutter/src/widgets/framework.dart:4587:20)
#222    Element.updateChild (package:flutter/src/widgets/framework.dart:4059:18)
#223    SingleChildRenderObjectElement.mount (package:flutter/src/widgets/framework.dart:7115:14)
#224    Element.inflateWidget (package:flutter/src/widgets/framework.dart:4587:20)
#225    Element.updateChild (package:flutter/src/widgets/framework.dart:4059:18)
#226    SingleChildRenderObjectElement.mount (package:flutter/src/widgets/framework.dart:7115:14)
#227    Element.inflateWidget (package:flutter/src/widgets/framework.dart:4587:20)
#228    Element.updateChild (package:flutter/src/widgets/framework.dart:4059:18)
#229    SingleChildRenderObjectElement.mount (package:flutter/src/widgets/framework.dart:7115:14)
#230    Element.inflateWidget (package:flutter/src/widgets/framework.dart:4587:20)
#231    Element.updateChild (package:flutter/src/widgets/framework.dart:4059:18)
#232    ComponentElement.performRebuild (package:flutter/src/widgets/framework.dart:5841:16)
#233    StatefulElement.performRebuild (package:flutter/src/widgets/framework.dart:5982:11)
#234    Element.rebuild (package:flutter/src/widgets/framework.dart:5529:7)
#235    ComponentElement._firstBuild (package:flutter/src/widgets/framework.dart:5799:5)
#236    StatefulElement._firstBuild (package:flutter/src/widgets/framework.dart:5973:11)
#237    ComponentElement.mount (package:flutter/src/widgets/framework.dart:5793:5)
#238    Element.inflateWidget (package:flutter/src/widgets/framework.dart:4587:20)
#239    Element.updateChild (package:flutter/src/widgets/framework.dart:4059:18)
#240    SingleChildRenderObjectElement.mount (package:flutter/src/widgets/framework.dart:7115:14)
#241    Element.inflateWidget (package:flutter/src/widgets/framework.dart:4587:20)
#242    Element.updateChild (package:flutter/src/widgets/framework.dart:4059:18)
#243    ComponentElement.performRebuild (package:flutter/src/widgets/framework.dart:5841:16)
#244    StatefulElement.performRebuild (package:flutter/src/widgets/framework.dart:5982:11)
#245    Element.rebuild (package:flutter/src/widgets/framework.dart:5529:7)
#246    ComponentElement._firstBuild (package:flutter/src/widgets/framework.dart:5799:5)
#247    StatefulElement._firstBuild (package:flutter/src/widgets/framework.dart:5973:11)
#248    ComponentElement.mount (package:flutter/src/widgets/framework.dart:5793:5)
#249    Element.inflateWidget (package:flutter/src/widgets/framework.dart:4587:20)
#250    Element.updateChild (package:flutter/src/widgets/framework.dart:4059:18)
#251    ComponentElement.performRebuild (package:flutter/src/widgets/framework.dart:5841:16)
#252    Element.rebuild (package:flutter/src/widgets/framework.dart:5529:7)
#253    ComponentElement._firstBuild (package:flutter/src/widgets/framework.dart:5799:5)
#254    ComponentElement.mount (package:flutter/src/widgets/framework.dart:5793:5)
#255    Element.inflateWidget (package:flutter/src/widgets/framework.dart:4587:20)
#256    Element.updateChild (package:flutter/src/widgets/framework.dart:4059:18)
#257    ComponentElement.performRebuild (package:flutter/src/widgets/framework.dart:5841:16)
#258    StatefulElement.performRebuild (package:flutter/src/widgets/framework.dart:5982:11)
#259    Element.rebuild (package:flutter/src/widgets/framework.dart:5529:7)
#260    ComponentElement._firstBuild (package:flutter/src/widgets/framework.dart:5799:5)
#261    StatefulElement._firstBuild (package:flutter/src/widgets/framework.dart:5973:11)
#262    ComponentElement.mount (package:flutter/src/widgets/framework.dart:5793:5)
#263    Element.inflateWidget (package:flutter/src/widgets/framework.dart:4587:20)
#264    Element.updateChild (package:flutter/src/widgets/framework.dart:4059:18)
#265    ComponentElement.performRebuild (package:flutter/src/widgets/framework.dart:5841:16)
#266    StatefulElement.performRebuild (package:flutter/src/widgets/framework.dart:5982:11)
#267    Element.rebuild (package:flutter/src/widgets/framework.dart:5529:7)
#268    ComponentElement._firstBuild (package:flutter/src/widgets/framework.dart:5799:5)
#269    StatefulElement._firstBuild (package:flutter/src/widgets/framework.dart:5973:11)
#270    ComponentElement.mount (package:flutter/src/widgets/framework.dart:5793:5)
#271    Element.inflateWidget (package:flutter/src/widgets/framework.dart:4587:20)
#272    Element.updateChild (package:flutter/src/widgets/framework.dart:4059:18)
#273    ComponentElement.performRebuild (package:flutter/src/widgets/framework.dart:5841:16)
#274    StatefulElement.performRebuild (package:flutter/src/widgets/framework.dart:5982:11)
#275    Element.rebuild (package:flutter/src/widgets/framework.dart:5529:7)
#276    ComponentElement._firstBuild (package:flutter/src/widgets/framework.dart:5799:5)
#277    StatefulElement._firstBuild (package:flutter/src/widgets/framework.dart:5973:11)
#278    ComponentElement.mount (package:flutter/src/widgets/framework.dart:5793:5)
#279    Element.inflateWidget (package:flutter/src/widgets/framework.dart:4587:20)
#280    Element.updateChild (package:flutter/src/widgets/framework.dart:4059:18)
#281    SingleChildRenderObjectElement.mount (package:flutter/src/widgets/framework.dart:7115:14)
#282    Element.inflateWidget (package:flutter/src/widgets/framework.dart:4587:20)
#283    Element.updateChild (package:flutter/src/widgets/framework.dart:4059:18)
#284    ComponentElement.performRebuild (package:flutter/src/widgets/framework.dart:5841:16)
#285    Element.rebuild (package:flutter/src/widgets/framework.dart:5529:7)
#286    ComponentElement._firstBuild (package:flutter/src/widgets/framework.dart:5799:5)
#287    ComponentElement.mount (package:flutter/src/widgets/framework.dart:5793:5)
#288    Element.inflateWidget (package:flutter/src/widgets/framework.dart:4587:20)
#289    Element.updateChild (package:flutter/src/widgets/framework.dart:4059:18)
#290    SingleChildRenderObjectElement.mount (package:flutter/src/widgets/framework.dart:7115:14)
#291    Element.inflateWidget (package:flutter/src/widgets/framework.dart:4587:20)
#292    Element.updateChild (package:flutter/src/widgets/framework.dart:4059:18)
#293    ComponentElement.performRebuild (package:flutter/src/widgets/framework.dart:5841:16)
#294    StatefulElement.performRebuild (package:flutter/src/widgets/framework.dart:5982:11)
#295    Element.rebuild (package:flutter/src/widgets/framework.dart:5529:7)
#296    ComponentElement._firstBuild (package:flutter/src/widgets/framework.dart:5799:5)
#297    StatefulElement._firstBuild (package:flutter/src/widgets/framework.dart:5973:11)
#298    ComponentElement.mount (package:flutter/src/widgets/framework.dart:5793:5)
#299    Element.inflateWidget (package:flutter/src/widgets/framework.dart:4587:20)
#300    Element.updateChild (package:flutter/src/widgets/framework.dart:4059:18)
#301    ComponentElement.performRebuild (package:flutter/src/widgets/framework.dart:5841:16)
#302    Element.rebuild (package:flutter/src/widgets/framework.dart:5529:7)
#303    ComponentElement._firstBuild (package:flutter/src/widgets/framework.dart:5799:5)
#304    ComponentElement.mount (package:flutter/src/widgets/framework.dart:5793:5)
#305    Element.inflateWidget (package:flutter/src/widgets/framework.dart:4587:20)
#306    Element.updateChild (package:flutter/src/widgets/framework.dart:4059:18)
#307    ComponentElement.performRebuild (package:flutter/src/widgets/framework.dart:5841:16)
#308    Element.rebuild (package:flutter/src/widgets/framework.dart:5529:7)
#309    ComponentElement._firstBuild (package:flutter/src/widgets/framework.dart:5799:5)
#310    ComponentElement.mount (package:flutter/src/widgets/framework.dart:5793:5)
#311    Element.inflateWidget (package:flutter/src/widgets/framework.dart:4587:20)
#312    Element.updateChild (package:flutter/src/widgets/framework.dart:4059:18)
#313    ComponentElement.performRebuild (package:flutter/src/widgets/framework.dart:5841:16)
#314    StatefulElement.performRebuild (package:flutter/src/widgets/framework.dart:5982:11)
#315    Element.rebuild (package:flutter/src/widgets/framework.dart:5529:7)
#316    ComponentElement._firstBuild (package:flutter/src/widgets/framework.dart:5799:5)
#317    StatefulElement._firstBuild (package:flutter/src/widgets/framework.dart:5973:11)
#318    ComponentElement.mount (package:flutter/src/widgets/framework.dart:5793:5)
#319    Element.inflateWidget (package:flutter/src/widgets/framework.dart:4587:20)
#320    Element.updateChild (package:flutter/src/widgets/framework.dart:4059:18)
#321    ComponentElement.performRebuild (package:flutter/src/widgets/framework.dart:5841:16)
#322    Element.rebuild (package:flutter/src/widgets/framework.dart:5529:7)
#323    ComponentElement._firstBuild (package:flutter/src/widgets/framework.dart:5799:5)
#324    ComponentElement.mount (package:flutter/src/widgets/framework.dart:5793:5)
#325    Element.inflateWidget (package:flutter/src/widgets/framework.dart:4587:20)
#326    Element.updateChild (package:flutter/src/widgets/framework.dart:4059:18)
#327    ComponentElement.performRebuild (package:flutter/src/widgets/framework.dart:5841:16)
#328    Element.rebuild (package:flutter/src/widgets/framework.dart:5529:7)
#329    ComponentElement._firstBuild (package:flutter/src/widgets/framework.dart:5799:5)
#330    ComponentElement.mount (package:flutter/src/widgets/framework.dart:5793:5)
#331    Element.inflateWidget (package:flutter/src/widgets/framework.dart:4587:20)
#332    Element.updateChild (package:flutter/src/widgets/framework.dart:4059:18)
#333    SingleChildRenderObjectElement.mount (package:flutter/src/widgets/framework.dart:7115:14)
#334    Element.inflateWidget (package:flutter/src/widgets/framework.dart:4587:20)
#335    Element.updateChild (package:flutter/src/widgets/framework.dart:4059:18)
#336    ComponentElement.performRebuild (package:flutter/src/widgets/framework.dart:5841:16)
#337    Element.rebuild (package:flutter/src/widgets/framework.dart:5529:7)
#338    ComponentElement._firstBuild (package:flutter/src/widgets/framework.dart:5799:5)
#339    ComponentElement.mount (package:flutter/src/widgets/framework.dart:5793:5)
#340    Element.inflateWidget (package:flutter/src/widgets/framework.dart:4587:20)
#341    Element.updateChild (package:flutter/src/widgets/framework.dart:4059:18)
#342    ComponentElement.performRebuild (package:flutter/src/widgets/framework.dart:5841:16)
#343    Element.rebuild (package:flutter/src/widgets/framework.dart:5529:7)
#344    ComponentElement._firstBuild (package:flutter/src/widgets/framework.dart:5799:5)
#345    ComponentElement.mount (package:flutter/src/widgets/framework.dart:5793:5)
#346    Element.inflateWidget (package:flutter/src/widgets/framework.dart:4587:20)
#347    Element.updateChild (package:flutter/src/widgets/framework.dart:4059:18)
#348    ComponentElement.performRebuild (package:flutter/src/widgets/framework.dart:5841:16)
#349    StatefulElement.performRebuild (package:flutter/src/widgets/framework.dart:5982:11)
#350    Element.rebuild (package:flutter/src/widgets/framework.dart:5529:7)
#351    ComponentElement._firstBuild (package:flutter/src/widgets/framework.dart:5799:5)
#352    StatefulElement._firstBuild (package:flutter/src/widgets/framework.dart:5973:11)
#353    ComponentElement.mount (package:flutter/src/widgets/framework.dart:5793:5)
#354    Element.inflateWidget (package:flutter/src/widgets/framework.dart:4587:20)
#355    Element.updateChild (package:flutter/src/widgets/framework.dart:4059:18)
#356    ComponentElement.performRebuild (package:flutter/src/widgets/framework.dart:5841:16)
#357    StatefulElement.performRebuild (package:flutter/src/widgets/framework.dart:5982:11)
#358    Element.rebuild (package:flutter/src/widgets/framework.dart:5529:7)
#359    ComponentElement._firstBuild (package:flutter/src/widgets/framework.dart:5799:5)
#360    StatefulElement._firstBuild (package:flutter/src/widgets/framework.dart:5973:11)
#361    ComponentElement.mount (package:flutter/src/widgets/framework.dart:5793:5)
#362    Element.inflateWidget (package:flutter/src/widgets/framework.dart:4587:20)
#363    Element.updateChild (package:flutter/src/widgets/framework.dart:4059:18)
#364    ComponentElement.performRebuild (package:flutter/src/widgets/framework.dart:5841:16)
#365    StatefulElement.performRebuild (package:flutter/src/widgets/framework.dart:5982:11)
#366    Element.rebuild (package:flutter/src/widgets/framework.dart:5529:7)
#367    ComponentElement._firstBuild (package:flutter/src/widgets/framework.dart:5799:5)
#368    StatefulElement._firstBuild (package:flutter/src/widgets/framework.dart:5973:11)
#369    ComponentElement.mount (package:flutter/src/widgets/framework.dart:5793:5)
#370    Element.inflateWidget (package:flutter/src/widgets/framework.dart:4587:20)
#371    Element.updateChild (package:flutter/src/widgets/framework.dart:4059:18)
#372    SingleChildRenderObjectElement.mount (package:flutter/src/widgets/framework.dart:7115:14)
#373    Element.inflateWidget (package:flutter/src/widgets/framework.dart:4587:20)
#374    Element.updateChild (package:flutter/src/widgets/framework.dart:4059:18)
#375    ComponentElement.performRebuild (package:flutter/src/widgets/framework.dart:5841:16)
#376    Element.rebuild (package:flutter/src/widgets/framework.dart:5529:7)
#377    ComponentElement._firstBuild (package:flutter/src/widgets/framework.dart:5799:5)
#378    ComponentElement.mount (package:flutter/src/widgets/framework.dart:5793:5)
#379    Element.inflateWidget (package:flutter/src/widgets/framework.dart:4587:20)
#380    Element.updateChild (package:flutter/src/widgets/framework.dart:4059:18)
#381    ComponentElement.performRebuild (package:flutter/src/widgets/framework.dart:5841:16)
#382    Element.rebuild (package:flutter/src/widgets/framework.dart:5529:7)
#383    ComponentElement._firstBuild (package:flutter/src/widgets/framework.dart:5799:5)
#384    ComponentElement.mount (package:flutter/src/widgets/framework.dart:5793:5)
#385    Element.inflateWidget (package:flutter/src/widgets/framework.dart:4587:20)
#386    Element.updateChild (package:flutter/src/widgets/framework.dart:4059:18)
#387    ComponentElement.performRebuild (package:flutter/src/widgets/framework.dart:5841:16)
#388    Element.rebuild (package:flutter/src/widgets/framework.dart:5529:7)
#389    ComponentElement._firstBuild (package:flutter/src/widgets/framework.dart:5799:5)
#390    ComponentElement.mount (package:flutter/src/widgets/framework.dart:5793:5)
#391    Element.inflateWidget (package:flutter/src/widgets/framework.dart:4587:20)
#392    Element.updateChild (package:flutter/src/widgets/framework.dart:4059:18)
#393    ComponentElement.performRebuild (package:flutter/src/widgets/framework.dart:5841:16)
#394    StatefulElement.performRebuild (package:flutter/src/widgets/framework.dart:5982:11)
#395    Element.rebuild (package:flutter/src/widgets/framework.dart:5529:7)
#396    ComponentElement._firstBuild (package:flutter/src/widgets/framework.dart:5799:5)
#397    StatefulElement._firstBuild (package:flutter/src/widgets/framework.dart:5973:11)
#398    ComponentElement.mount (package:flutter/src/widgets/framework.dart:5793:5)
#399    Element.inflateWidget (package:flutter/src/widgets/framework.dart:4587:20)
#400    Element.updateChild (package:flutter/src/widgets/framework.dart:4059:18)
#401    ComponentElement.performRebuild (package:flutter/src/widgets/framework.dart:5841:16)
#402    StatefulElement.performRebuild (package:flutter/src/widgets/framework.dart:5982:11)
#403    Element.rebuild (package:flutter/src/widgets/framework.dart:5529:7)
#404    ComponentElement._firstBuild (package:flutter/src/widgets/framework.dart:5799:5)
#405    StatefulElement._firstBuild (package:flutter/src/widgets/framework.dart:5973:11)
#406    ComponentElement.mount (package:flutter/src/widgets/framework.dart:5793:5)
#407    Element.inflateWidget (package:flutter/src/widgets/framework.dart:4587:20)
#408    MultiChildRenderObjectElement.inflateWidget (package:flutter/src/widgets/framework.dart:7264:36)
#409    MultiChildRenderObjectElement.mount (package:flutter/src/widgets/framework.dart:7279:32)
#410    Element.inflateWidget (package:flutter/src/widgets/framework.dart:4587:20)
#411    Element.updateChild (package:flutter/src/widgets/framework.dart:4059:18)
#412    ComponentElement.performRebuild (package:flutter/src/widgets/framework.dart:5841:16)
#413    StatefulElement.performRebuild (package:flutter/src/widgets/framework.dart:5982:11)
#414    Element.rebuild (package:flutter/src/widgets/framework.dart:5529:7)
#415    ComponentElement._firstBuild (package:flutter/src/widgets/framework.dart:5799:5)
#416    StatefulElement._firstBuild (package:flutter/src/widgets/framework.dart:5973:11)
#417    ComponentElement.mount (package:flutter/src/widgets/framework.dart:5793:5)
#418    Element.inflateWidget (package:flutter/src/widgets/framework.dart:4587:20)
#419    Element.updateChild (package:flutter/src/widgets/framework.dart:4059:18)
#420    ComponentElement.performRebuild (package:flutter/src/widgets/framework.dart:5841:16)
#421    Element.rebuild (package:flutter/src/widgets/framework.dart:5529:7)
#422    ComponentElement._firstBuild (package:flutter/src/widgets/framework.dart:5799:5)
#423    ComponentElement.mount (package:flutter/src/widgets/framework.dart:5793:5)
#424    Element.inflateWidget (package:flutter/src/widgets/framework.dart:4587:20)
#425    Element.updateChild (package:flutter/src/widgets/framework.dart:4059:18)
#426    ComponentElement.performRebuild (package:flutter/src/widgets/framework.dart:5841:16)
#427    Element.rebuild (package:flutter/src/widgets/framework.dart:5529:7)
#428    ComponentElement._firstBuild (package:flutter/src/widgets/framework.dart:5799:5)
#429    ComponentElement.mount (package:flutter/src/widgets/framework.dart:5793:5)
#430    Element.inflateWidget (package:flutter/src/widgets/framework.dart:4587:20)
#431    Element.updateChild (package:flutter/src/widgets/framework.dart:4059:18)
#432    ComponentElement.performRebuild (package:flutter/src/widgets/framework.dart:5841:16)
#433    StatefulElement.performRebuild (package:flutter/src/widgets/framework.dart:5982:11)
#434    Element.rebuild (package:flutter/src/widgets/framework.dart:5529:7)
#435    ComponentElement._firstBuild (package:flutter/src/widgets/framework.dart:5799:5)
#436    StatefulElement._firstBuild (package:flutter/src/widgets/framework.dart:5973:11)
#437    ComponentElement.mount (package:flutter/src/widgets/framework.dart:5793:5)
#438    Element.inflateWidget (package:flutter/src/widgets/framework.dart:4587:20)
#439    Element.updateChild (package:flutter/src/widgets/framework.dart:4059:18)
#440    ComponentElement.performRebuild (package:flutter/src/widgets/framework.dart:5841:16)
#441    Element.rebuild (package:flutter/src/widgets/framework.dart:5529:7)
#442    ComponentElement._firstBuild (package:flutter/src/widgets/framework.dart:5799:5)
#443    ComponentElement.mount (package:flutter/src/widgets/framework.dart:5793:5)
#444    Element.inflateWidget (package:flutter/src/widgets/framework.dart:4587:20)
#445    Element.updateChild (package:flutter/src/widgets/framework.dart:4059:18)
#446    ComponentElement.performRebuild (package:flutter/src/widgets/framework.dart:5841:16)
#447    StatefulElement.performRebuild (package:flutter/src/widgets/framework.dart:5982:11)
#448    Element.rebuild (package:flutter/src/widgets/framework.dart:5529:7)
#449    ComponentElement._firstBuild (package:flutter/src/widgets/framework.dart:5799:5)
#450    StatefulElement._firstBuild (package:flutter/src/widgets/framework.dart:5973:11)
#451    ComponentElement.mount (package:flutter/src/widgets/framework.dart:5793:5)
#452    Element.inflateWidget (package:flutter/src/widgets/framework.dart:4587:20)
#453    Element.updateChild (package:flutter/src/widgets/framework.dart:4059:18)
#454    ComponentElement.performRebuild (package:flutter/src/widgets/framework.dart:5841:16)
#455    StatefulElement.performRebuild (package:flutter/src/widgets/framework.dart:5982:11)
#456    Element.rebuild (package:flutter/src/widgets/framework.dart:5529:7)
#457    ComponentElement._firstBuild (package:flutter/src/widgets/framework.dart:5799:5)
#458    StatefulElement._firstBuild (package:flutter/src/widgets/framework.dart:5973:11)
#459    ComponentElement.mount (package:flutter/src/widgets/framework.dart:5793:5)
#460    Element.inflateWidget (package:flutter/src/widgets/framework.dart:4587:20)
#461    Element.updateChild (package:flutter/src/widgets/framework.dart:4059:18)
#462    SingleChildRenderObjectElement.mount (package:flutter/src/widgets/framework.dart:7115:14)
#463    Element.inflateWidget (package:flutter/src/widgets/framework.dart:4587:20)
#464    Element.updateChild (package:flutter/src/widgets/framework.dart:4059:18)
#465    SingleChildRenderObjectElement.mount (package:flutter/src/widgets/framework.dart:7115:14)
#466    Element.inflateWidget (package:flutter/src/widgets/framework.dart:4587:20)
#467    Element.updateChild (package:flutter/src/widgets/framework.dart:4059:18)
#468    ComponentElement.performRebuild (package:flutter/src/widgets/framework.dart:5841:16)
#469    Element.rebuild (package:flutter/src/widgets/framework.dart:5529:7)
#470    ComponentElement._firstBuild (package:flutter/src/widgets/framework.dart:5799:5)
#471    ComponentElement.mount (package:flutter/src/widgets/framework.dart:5793:5)
#472    Element.inflateWidget (package:flutter/src/widgets/framework.dart:4587:20)
#473    Element.updateChild (package:flutter/src/widgets/framework.dart:4059:18)
#474    ComponentElement.performRebuild (package:flutter/src/widgets/framework.dart:5841:16)
#475    Element.rebuild (package:flutter/src/widgets/framework.dart:5529:7)
#476    ComponentElement._firstBuild (package:flutter/src/widgets/framework.dart:5799:5)
#477    ComponentElement.mount (package:flutter/src/widgets/framework.dart:5793:5)
#478    Element.inflateWidget (package:flutter/src/widgets/framework.dart:4587:20)
#479    Element.updateChild (package:flutter/src/widgets/framework.dart:4059:18)
#480    ComponentElement.performRebuild (package:flutter/src/widgets/framework.dart:5841:16)
#481    StatefulElement.performRebuild (package:flutter/src/widgets/framework.dart:5982:11)
#482    Element.rebuild (package:flutter/src/widgets/framework.dart:5529:7)
#483    ComponentElement._firstBuild (package:flutter/src/widgets/framework.dart:5799:5)
#484    StatefulElement._firstBuild (package:flutter/src/widgets/framework.dart:5973:11)
#485    ComponentElement.mount (package:flutter/src/widgets/framework.dart:5793:5)
#486    Element.inflateWidget (package:flutter/src/widgets/framework.dart:4587:20)
#487    Element.updateChild (package:flutter/src/widgets/framework.dart:4059:18)
#488    ComponentElement.performRebuild (package:flutter/src/widgets/framework.dart:5841:16)
#489    Element.rebuild (package:flutter/src/widgets/framework.dart:5529:7)
#490    ComponentElement._firstBuild (package:flutter/src/widgets/framework.dart:5799:5)
#491    ComponentElement.mount (package:flutter/src/widgets/framework.dart:5793:5)
#492    Element.inflateWidget (package:flutter/src/widgets/framework.dart:4587:20)
#493    Element.updateChild (package:flutter/src/widgets/framework.dart:4059:18)
#494    SingleChildRenderObjectElement.mount (package:flutter/src/widgets/framework.dart:7115:14)
#495    Element.inflateWidget (package:flutter/src/widgets/framework.dart:4587:20)
#496    Element.updateChild (package:flutter/src/widgets/framework.dart:4059:18)
#497    ComponentElement.performRebuild (package:flutter/src/widgets/framework.dart:5841:16)
#498    StatefulElement.performRebuild (package:flutter/src/widgets/framework.dart:5982:11)
#499    Element.rebuild (package:flutter/src/widgets/framework.dart:5529:7)
#500    ComponentElement._firstBuild (package:flutter/src/widgets/framework.dart:5799:5)
#501    StatefulElement._firstBuild (package:flutter/src/widgets/framework.dart:5973:11)
#502    ComponentElement.mount (package:flutter/src/widgets/framework.dart:5793:5)
#503    Element.inflateWidget (package:flutter/src/widgets/framework.dart:4587:20)
#504    Element.updateChild (package:flutter/src/widgets/framework.dart:4059:18)
#505    ComponentElement.performRebuild (package:flutter/src/widgets/framework.dart:5841:16)
#506    Element.rebuild (package:flutter/src/widgets/framework.dart:5529:7)
#507    ComponentElement._firstBuild (package:flutter/src/widgets/framework.dart:5799:5)
#508    ComponentElement.mount (package:flutter/src/widgets/framework.dart:5793:5)
#509    Element.inflateWidget (package:flutter/src/widgets/framework.dart:4587:20)
#510    Element.updateChild (package:flutter/src/widgets/framework.dart:4059:18)
#511    ComponentElement.performRebuild (package:flutter/src/widgets/framework.dart:5841:16)
#512    Element.rebuild (package:flutter/src/widgets/framework.dart:5529:7)
#513    ComponentElement._firstBuild (package:flutter/src/widgets/framework.dart:5799:5)
#514    ComponentElement.mount (package:flutter/src/widgets/framework.dart:5793:5)
#515    Element.inflateWidget (package:flutter/src/widgets/framework.dart:4587:20)
#516    Element.updateChild (package:flutter/src/widgets/framework.dart:4059:18)
#517    ComponentElement.performRebuild (package:flutter/src/widgets/framework.dart:5841:16)
#518    StatefulElement.performRebuild (package:flutter/src/widgets/framework.dart:5982:11)
#519    Element.rebuild (package:flutter/src/widgets/framework.dart:5529:7)
#520    ComponentElement._firstBuild (package:flutter/src/widgets/framework.dart:5799:5)
#521    StatefulElement._firstBuild (package:flutter/src/widgets/framework.dart:5973:11)
#522    ComponentElement.mount (package:flutter/src/widgets/framework.dart:5793:5)
#523    Element.inflateWidget (package:flutter/src/widgets/framework.dart:4587:20)
#524    Element.updateChild (package:flutter/src/widgets/framework.dart:4059:18)
#525    ComponentElement.performRebuild (package:flutter/src/widgets/framework.dart:5841:16)
#526    Element.rebuild (package:flutter/src/widgets/framework.dart:5529:7)
#527    ComponentElement._firstBuild (package:flutter/src/widgets/framework.dart:5799:5)
#528    ComponentElement.mount (package:flutter/src/widgets/framework.dart:5793:5)
#529    Element.inflateWidget (package:flutter/src/widgets/framework.dart:4587:20)
#530    Element.updateChild (package:flutter/src/widgets/framework.dart:4059:18)
#531    ComponentElement.performRebuild (package:flutter/src/widgets/framework.dart:5841:16)
#532    Element.rebuild (package:flutter/src/widgets/framework.dart:5529:7)
#533    ComponentElement._firstBuild (package:flutter/src/widgets/framework.dart:5799:5)
#534    ComponentElement.mount (package:flutter/src/widgets/framework.dart:5793:5)
#535    Element.inflateWidget (package:flutter/src/widgets/framework.dart:4587:20)
#536    Element.updateChild (package:flutter/src/widgets/framework.dart:4059:18)
#537    ComponentElement.performRebuild (package:flutter/src/widgets/framework.dart:5841:16)
#538    Element.rebuild (package:flutter/src/widgets/framework.dart:5529:7)
#539    ComponentElement._firstBuild (package:flutter/src/widgets/framework.dart:5799:5)
#540    ComponentElement.mount (package:flutter/src/widgets/framework.dart:5793:5)
#541    Element.inflateWidget (package:flutter/src/widgets/framework.dart:4587:20)
#542    Element.updateChild (package:flutter/src/widgets/framework.dart:4059:18)
#543    ComponentElement.performRebuild (package:flutter/src/widgets/framework.dart:5841:16)
#544    Element.rebuild (package:flutter/src/widgets/framework.dart:5529:7)
#545    ComponentElement._firstBuild (package:flutter/src/widgets/framework.dart:5799:5)
#546    ComponentElement.mount (package:flutter/src/widgets/framework.dart:5793:5)
#547    Element.inflateWidget (package:flutter/src/widgets/framework.dart:4587:20)
#548    Element.updateChild (package:flutter/src/widgets/framework.dart:4059:18)
#549    ComponentElement.performRebuild (package:flutter/src/widgets/framework.dart:5841:16)
#550    Element.rebuild (package:flutter/src/widgets/framework.dart:5529:7)
#551    ComponentElement._firstBuild (package:flutter/src/widgets/framework.dart:5799:5)
#552    ComponentElement.mount (package:flutter/src/widgets/framework.dart:5793:5)
#553    Element.inflateWidget (package:flutter/src/widgets/framework.dart:4587:20)
#554    Element.updateChild (package:flutter/src/widgets/framework.dart:4059:18)
#555    ComponentElement.performRebuild (package:flutter/src/widgets/framework.dart:5841:16)
#556    Element.rebuild (package:flutter/src/widgets/framework.dart:5529:7)
#557    ComponentElement._firstBuild (package:flutter/src/widgets/framework.dart:5799:5)
#558    ComponentElement.mount (package:flutter/src/widgets/framework.dart:5793:5)
#559    Element.inflateWidget (package:flutter/src/widgets/framework.dart:4587:20)
#560    Element.updateChild (package:flutter/src/widgets/framework.dart:4059:18)
#561    ComponentElement.performRebuild (package:flutter/src/widgets/framework.dart:5841:16)
#562    Element.rebuild (package:flutter/src/widgets/framework.dart:5529:7)
#563    ComponentElement._firstBuild (package:flutter/src/widgets/framework.dart:5799:5)
#564    ComponentElement.mount (package:flutter/src/widgets/framework.dart:5793:5)
#565    Element.inflateWidget (package:flutter/src/widgets/framework.dart:4587:20)
#566    Element.updateChild (package:flutter/src/widgets/framework.dart:4059:18)
#567    ComponentElement.performRebuild (package:flutter/src/widgets/framework.dart:5841:16)
#568    StatefulElement.performRebuild (package:flutter/src/widgets/framework.dart:5982:11)
#569    Element.rebuild (package:flutter/src/widgets/framework.dart:5529:7)
#570    ComponentElement._firstBuild (package:flutter/src/widgets/framework.dart:5799:5)
#571    StatefulElement._firstBuild (package:flutter/src/widgets/framework.dart:5973:11)
#572    ComponentElement.mount (package:flutter/src/widgets/framework.dart:5793:5)
#573    Element.inflateWidget (package:flutter/src/widgets/framework.dart:4587:20)
#574    Element.updateChild (package:flutter/src/widgets/framework.dart:4059:18)
#575    ComponentElement.performRebuild (package:flutter/src/widgets/framework.dart:5841:16)
#576    Element.rebuild (package:flutter/src/widgets/framework.dart:5529:7)
#577    ComponentElement._firstBuild (package:flutter/src/widgets/framework.dart:5799:5)
#578    ComponentElement.mount (package:flutter/src/widgets/framework.dart:5793:5)
#579    Element.inflateWidget (package:flutter/src/widgets/framework.dart:4587:20)
#580    Element.updateChild (package:flutter/src/widgets/framework.dart:4059:18)
#581    ComponentElement.performRebuild (package:flutter/src/widgets/framework.dart:5841:16)
#582    Element.rebuild (package:flutter/src/widgets/framework.dart:5529:7)
#583    ComponentElement._firstBuild (package:flutter/src/widgets/framework.dart:5799:5)
#584    ComponentElement.mount (package:flutter/src/widgets/framework.dart:5793:5)
#585    Element.inflateWidget (package:flutter/src/widgets/framework.dart:4587:20)
#586    Element.updateChild (package:flutter/src/widgets/framework.dart:4059:18)
#587    ComponentElement.performRebuild (package:flutter/src/widgets/framework.dart:5841:16)
#588    StatefulElement.performRebuild (package:flutter/src/widgets/framework.dart:5982:11)
#589    Element.rebuild (package:flutter/src/widgets/framework.dart:5529:7)
#590    ComponentElement._firstBuild (package:flutter/src/widgets/framework.dart:5799:5)
#591    StatefulElement._firstBuild (package:flutter/src/widgets/framework.dart:5973:11)
#592    ComponentElement.mount (package:flutter/src/widgets/framework.dart:5793:5)
#593    Element.inflateWidget (package:flutter/src/widgets/framework.dart:4587:20)
#594    Element.updateChild (package:flutter/src/widgets/framework.dart:4059:18)
#595    SingleChildRenderObjectElement.mount (package:flutter/src/widgets/framework.dart:7115:14)
#596    Element.inflateWidget (package:flutter/src/widgets/framework.dart:4587:20)
#597    Element.updateChild (package:flutter/src/widgets/framework.dart:4059:18)
#598    ComponentElement.performRebuild (package:flutter/src/widgets/framework.dart:5841:16)
#599    StatefulElement.performRebuild (package:flutter/src/widgets/framework.dart:5982:11)
#600    Element.rebuild (package:flutter/src/widgets/framework.dart:5529:7)
#601    ComponentElement._firstBuild (package:flutter/src/widgets/framework.dart:5799:5)
#602    StatefulElement._firstBuild (package:flutter/src/widgets/framework.dart:5973:11)
#603    ComponentElement.mount (package:flutter/src/widgets/framework.dart:5793:5)
#604    Element.inflateWidget (package:flutter/src/widgets/framework.dart:4587:20)
#605    Element.updateChild (package:flutter/src/widgets/framework.dart:4059:18)
#606    ComponentElement.performRebuild (package:flutter/src/widgets/framework.dart:5841:16)
#607    Element.rebuild (package:flutter/src/widgets/framework.dart:5529:7)
#608    ComponentElement._firstBuild (package:flutter/src/widgets/framework.dart:5799:5)
#609    ComponentElement.mount (package:flutter/src/widgets/framework.dart:5793:5)
#610    Element.inflateWidget (package:flutter/src/widgets/framework.dart:4587:20)
#611    Element.updateChild (package:flutter/src/widgets/framework.dart:4059:18)
#612    SingleChildRenderObjectElement.mount (package:flutter/src/widgets/framework.dart:7115:14)
#613    Element.inflateWidget (package:flutter/src/widgets/framework.dart:4587:20)
#614    Element.updateChild (package:flutter/src/widgets/framework.dart:4059:18)
#615    ComponentElement.performRebuild (package:flutter/src/widgets/framework.dart:5841:16)
#616    Element.rebuild (package:flutter/src/widgets/framework.dart:5529:7)
#617    ComponentElement._firstBuild (package:flutter/src/widgets/framework.dart:5799:5)
#618    ComponentElement.mount (package:flutter/src/widgets/framework.dart:5793:5)
#619    Element.inflateWidget (package:flutter/src/widgets/framework.dart:4587:20)
#620    Element.updateChild (package:flutter/src/widgets/framework.dart:4059:18)
#621    ComponentElement.performRebuild (package:flutter/src/widgets/framework.dart:5841:16)
#622    StatefulElement.performRebuild (package:flutter/src/widgets/framework.dart:5982:11)
#623    Element.rebuild (package:flutter/src/widgets/framework.dart:5529:7)
#624    ComponentElement._firstBuild (package:flutter/src/widgets/framework.dart:5799:5)
#625    StatefulElement._firstBuild (package:flutter/src/widgets/framework.dart:5973:11)
#626    ComponentElement.mount (package:flutter/src/widgets/framework.dart:5793:5)
#627    Element.inflateWidget (package:flutter/src/widgets/framework.dart:4587:20)
#628    Element.updateChild (package:flutter/src/widgets/framework.dart:4059:18)
#629    ComponentElement.performRebuild (package:flutter/src/widgets/framework.dart:5841:16)
#630    StatefulElement.performRebuild (package:flutter/src/widgets/framework.dart:5982:11)
#631    Element.rebuild (package:flutter/src/widgets/framework.dart:5529:7)
#632    ComponentElement._firstBuild (package:flutter/src/widgets/framework.dart:5799:5)
#633    StatefulElement._firstBuild (package:flutter/src/widgets/framework.dart:5973:11)
#634    ComponentElement.mount (package:flutter/src/widgets/framework.dart:5793:5)
#635    Element.inflateWidget (package:flutter/src/widgets/framework.dart:4587:20)
#636    Element.updateChild (package:flutter/src/widgets/framework.dart:4059:18)
#637    ComponentElement.performRebuild (package:flutter/src/widgets/framework.dart:5841:16)
#638    Element.rebuild (package:flutter/src/widgets/framework.dart:5529:7)
#639    ComponentElement._firstBuild (package:flutter/src/widgets/framework.dart:5799:5)
#640    ComponentElement.mount (package:flutter/src/widgets/framework.dart:5793:5)
#641    Element.inflateWidget (package:flutter/src/widgets/framework.dart:4587:20)
#642    Element.updateChild (package:flutter/src/widgets/framework.dart:4059:18)
#643    ComponentElement.performRebuild (package:flutter/src/widgets/framework.dart:5841:16)
#644    Element.rebuild (package:flutter/src/widgets/framework.dart:5529:7)
#645    ComponentElement._firstBuild (package:flutter/src/widgets/framework.dart:5799:5)
#646    ComponentElement.mount (package:flutter/src/widgets/framework.dart:5793:5)
#647    Element.inflateWidget (package:flutter/src/widgets/framework.dart:4587:20)
#648    Element.updateChild (package:flutter/src/widgets/framework.dart:4059:18)
#649    SingleChildRenderObjectElement.mount (package:flutter/src/widgets/framework.dart:7115:14)
#650    Element.inflateWidget (package:flutter/src/widgets/framework.dart:4587:20)
#651    Element.updateChild (package:flutter/src/widgets/framework.dart:4059:18)
#652    ComponentElement.performRebuild (package:flutter/src/widgets/framework.dart:5841:16)
#653    StatefulElement.performRebuild (package:flutter/src/widgets/framework.dart:5982:11)
#654    Element.rebuild (package:flutter/src/widgets/framework.dart:5529:7)
#655    ComponentElement._firstBuild (package:flutter/src/widgets/framework.dart:5799:5)
#656    StatefulElement._firstBuild (package:flutter/src/widgets/framework.dart:5973:11)
#657    ComponentElement.mount (package:flutter/src/widgets/framework.dart:5793:5)
#658    Element.inflateWidget (package:flutter/src/widgets/framework.dart:4587:20)
#659    Element.updateChild (package:flutter/src/widgets/framework.dart:4059:18)
#660    ComponentElement.performRebuild (package:flutter/src/widgets/framework.dart:5841:16)
#661    StatefulElement.performRebuild (package:flutter/src/widgets/framework.dart:5982:11)
#662    Element.rebuild (package:flutter/src/widgets/framework.dart:5529:7)
#663    ComponentElement._firstBuild (package:flutter/src/widgets/framework.dart:5799:5)
#664    StatefulElement._firstBuild (package:flutter/src/widgets/framework.dart:5973:11)
#665    ComponentElement.mount (package:flutter/src/widgets/framework.dart:5793:5)
#666    Element.inflateWidget (package:flutter/src/widgets/framework.dart:4587:20)
#667    Element.updateChild (package:flutter/src/widgets/framework.dart:4059:18)
#668    SingleChildRenderObjectElement.mount (package:flutter/src/widgets/framework.dart:7115:14)
#669    Element.inflateWidget (package:flutter/src/widgets/framework.dart:4587:20)
#670    Element.updateChild (package:flutter/src/widgets/framework.dart:4059:18)
#671    ComponentElement.performRebuild (package:flutter/src/widgets/framework.dart:5841:16)
#672    Element.rebuild (package:flutter/src/widgets/framework.dart:5529:7)
#673    ComponentElement._firstBuild (package:flutter/src/widgets/framework.dart:5799:5)
#674    ComponentElement.mount (package:flutter/src/widgets/framework.dart:5793:5)
#675    Element.inflateWidget (package:flutter/src/widgets/framework.dart:4587:20)
#676    Element.updateChild (package:flutter/src/widgets/framework.dart:4059:18)
#677    ComponentElement.performRebuild (package:flutter/src/widgets/framework.dart:5841:16)
#678    StatefulElement.performRebuild (package:flutter/src/widgets/framework.dart:5982:11)
#679    Element.rebuild (package:flutter/src/widgets/framework.dart:5529:7)
#680    ComponentElement._firstBuild (package:flutter/src/widgets/framework.dart:5799:5)
#681    StatefulElement._firstBuild (package:flutter/src/widgets/framework.dart:5973:11)
#682    ComponentElement.mount (package:flutter/src/widgets/framework.dart:5793:5)
#683    Element.inflateWidget (package:flutter/src/widgets/framework.dart:4587:20)
#684    Element.updateChild (package:flutter/src/widgets/framework.dart:4059:18)
#685    ComponentElement.performRebuild (package:flutter/src/widgets/framework.dart:5841:16)
#686    StatefulElement.performRebuild (package:flutter/src/widgets/framework.dart:5982:11)
#687    Element.rebuild (package:flutter/src/widgets/framework.dart:5529:7)
#688    ComponentElement._firstBuild (package:flutter/src/widgets/framework.dart:5799:5)
#689    StatefulElement._firstBuild (package:flutter/src/widgets/framework.dart:5973:11)
#690    ComponentElement.mount (package:flutter/src/widgets/framework.dart:5793:5)
#691    Element.inflateWidget (package:flutter/src/widgets/framework.dart:4587:20)
#692    Element.updateChild (package:flutter/src/widgets/framework.dart:4059:18)
#693    ComponentElement.performRebuild (package:flutter/src/widgets/framework.dart:5841:16)
#694    Element.rebuild (package:flutter/src/widgets/framework.dart:5529:7)
#695    ComponentElement._firstBuild (package:flutter/src/widgets/framework.dart:5799:5)
#696    ComponentElement.mount (package:flutter/src/widgets/framework.dart:5793:5)
#697    Element.inflateWidget (package:flutter/src/widgets/framework.dart:4587:20)
#698    Element.updateChild (package:flutter/src/widgets/framework.dart:4059:18)
#699    ComponentElement.performRebuild (package:flutter/src/widgets/framework.dart:5841:16)
#700    StatefulElement.performRebuild (package:flutter/src/widgets/framework.dart:5982:11)
#701    Element.rebuild (package:flutter/src/widgets/framework.dart:5529:7)
#702    ComponentElement._firstBuild (package:flutter/src/widgets/framework.dart:5799:5)
#703    StatefulElement._firstBuild (package:flutter/src/widgets/framework.dart:5973:11)
#704    ComponentElement.mount (package:flutter/src/widgets/framework.dart:5793:5)
#705    Element.inflateWidget (package:flutter/src/widgets/framework.dart:4587:20)
#706    Element.updateChild (package:flutter/src/widgets/framework.dart:4059:18)
#707    SingleChildRenderObjectElement.mount (package:flutter/src/widgets/framework.dart:7115:14)
#708    Element.inflateWidget (package:flutter/src/widgets/framework.dart:4587:20)
#709    Element.updateChild (package:flutter/src/widgets/framework.dart:4059:18)
#710    ComponentElement.performRebuild (package:flutter/src/widgets/framework.dart:5841:16)
#711    Element.rebuild (package:flutter/src/widgets/framework.dart:5529:7)
#712    ComponentElement._firstBuild (package:flutter/src/widgets/framework.dart:5799:5)
#713    ComponentElement.mount (package:flutter/src/widgets/framework.dart:5793:5)
#714    Element.inflateWidget (package:flutter/src/widgets/framework.dart:4587:20)
#715    Element.updateChild (package:flutter/src/widgets/framework.dart:4059:18)
#716    ComponentElement.performRebuild (package:flutter/src/widgets/framework.dart:5841:16)
#717    StatefulElement.performRebuild (package:flutter/src/widgets/framework.dart:5982:11)
#718    Element.rebuild (package:flutter/src/widgets/framework.dart:5529:7)
#719    ComponentElement._firstBuild (package:flutter/src/widgets/framework.dart:5799:5)
#720    StatefulElement._firstBuild (package:flutter/src/widgets/framework.dart:5973:11)
#721    ComponentElement.mount (package:flutter/src/widgets/framework.dart:5793:5)
#722    Element.inflateWidget (package:flutter/src/widgets/framework.dart:4587:20)
#723    Element.updateChild (package:flutter/src/widgets/framework.dart:4059:18)
#724    ComponentElement.performRebuild (package:flutter/src/widgets/framework.dart:5841:16)
#725    StatefulElement.performRebuild (package:flutter/src/widgets/framework.dart:5982:11)
#726    Element.rebuild (package:flutter/src/widgets/framework.dart:5529:7)
#727    ComponentElement._firstBuild (package:flutter/src/widgets/framework.dart:5799:5)
#728    StatefulElement._firstBuild (package:flutter/src/widgets/framework.dart:5973:11)
#729    ComponentElement.mount (package:flutter/src/widgets/framework.dart:5793:5)
#730    Element.inflateWidget (package:flutter/src/widgets/framework.dart:4587:20)
#731    Element.updateChild (package:flutter/src/widgets/framework.dart:4059:18)
#732    ComponentElement.performRebuild (package:flutter/src/widgets/framework.dart:5841:16)
#733    Element.rebuild (package:flutter/src/widgets/framework.dart:5529:7)
#734    ComponentElement._firstBuild (package:flutter/src/widgets/framework.dart:5799:5)
#735    ComponentElement.mount (package:flutter/src/widgets/framework.dart:5793:5)
#736    Element.inflateWidget (package:flutter/src/widgets/framework.dart:4587:20)
#737    Element.updateChild (package:flutter/src/widgets/framework.dart:4059:18)
#738    ComponentElement.performRebuild (package:flutter/src/widgets/framework.dart:5841:16)
#739    StatefulElement.performRebuild (package:flutter/src/widgets/framework.dart:5982:11)
#740    Element.rebuild (package:flutter/src/widgets/framework.dart:5529:7)
#741    ComponentElement._firstBuild (package:flutter/src/widgets/framework.dart:5799:5)
#742    StatefulElement._firstBuild (package:flutter/src/widgets/framework.dart:5973:11)
#743    ComponentElement.mount (package:flutter/src/widgets/framework.dart:5793:5)
#744    Element.inflateWidget (package:flutter/src/widgets/framework.dart:4587:20)
#745    Element.updateChild (package:flutter/src/widgets/framework.dart:4059:18)
#746    SingleChildRenderObjectElement.mount (package:flutter/src/widgets/framework.dart:7115:14)
#747    Element.inflateWidget (package:flutter/src/widgets/framework.dart:4587:20)
#748    Element.updateChild (package:flutter/src/widgets/framework.dart:4059:18)
#749    ComponentElement.performRebuild (package:flutter/src/widgets/framework.dart:5841:16)
#750    Element.rebuild (package:flutter/src/widgets/framework.dart:5529:7)
#751    ComponentElement._firstBuild (package:flutter/src/widgets/framework.dart:5799:5)
#752    ComponentElement.mount (package:flutter/src/widgets/framework.dart:5793:5)
#753    Element.inflateWidget (package:flutter/src/widgets/framework.dart:4587:20)
#754    Element.updateChild (package:flutter/src/widgets/framework.dart:4059:18)
#755    ComponentElement.performRebuild (package:flutter/src/widgets/framework.dart:5841:16)
#756    StatefulElement.performRebuild (package:flutter/src/widgets/framework.dart:5982:11)
#757    Element.rebuild (package:flutter/src/widgets/framework.dart:5529:7)
#758    ComponentElement._firstBuild (package:flutter/src/widgets/framework.dart:5799:5)
#759    StatefulElement._firstBuild (package:flutter/src/widgets/framework.dart:5973:11)
#760    ComponentElement.mount (package:flutter/src/widgets/framework.dart:5793:5)
#761    Element.inflateWidget (package:flutter/src/widgets/framework.dart:4587:20)
#762    Element.updateChild (package:flutter/src/widgets/framework.dart:4059:18)
#763    ComponentElement.performRebuild (package:flutter/src/widgets/framework.dart:5841:16)
#764    StatefulElement.performRebuild (package:flutter/src/widgets/framework.dart:5982:11)
#765    Element.rebuild (package:flutter/src/widgets/framework.dart:5529:7)
#766    ComponentElement._firstBuild (package:flutter/src/widgets/framework.dart:5799:5)
#767    StatefulElement._firstBuild (package:flutter/src/widgets/framework.dart:5973:11)
#768    ComponentElement.mount (package:flutter/src/widgets/framework.dart:5793:5)
#769    Element.inflateWidget (package:flutter/src/widgets/framework.dart:4587:20)
#770    Element.updateChild (package:flutter/src/widgets/framework.dart:4059:18)
#771    ComponentElement.performRebuild (package:flutter/src/widgets/framework.dart:5841:16)
#772    Element.rebuild (package:flutter/src/widgets/framework.dart:5529:7)
#773    ComponentElement._firstBuild (package:flutter/src/widgets/framework.dart:5799:5)
#774    ComponentElement.mount (package:flutter/src/widgets/framework.dart:5793:5)
#775    Element.inflateWidget (package:flutter/src/widgets/framework.dart:4587:20)
#776    Element.updateChild (package:flutter/src/widgets/framework.dart:4059:18)
#777    SingleChildRenderObjectElement.mount (package:flutter/src/widgets/framework.dart:7115:14)
#778    Element.inflateWidget (package:flutter/src/widgets/framework.dart:4587:20)
#779    Element.updateChild (package:flutter/src/widgets/framework.dart:4059:18)
#780    ComponentElement.performRebuild (package:flutter/src/widgets/framework.dart:5841:16)
#781    Element.rebuild (package:flutter/src/widgets/framework.dart:5529:7)
#782    ComponentElement._firstBuild (package:flutter/src/widgets/framework.dart:5799:5)
#783    ComponentElement.mount (package:flutter/src/widgets/framework.dart:5793:5)
#784    Element.inflateWidget (package:flutter/src/widgets/framework.dart:4587:20)
#785    Element.updateChild (package:flutter/src/widgets/framework.dart:4059:18)
#786    ComponentElement.performRebuild (package:flutter/src/widgets/framework.dart:5841:16)
#787    StatefulElement.performRebuild (package:flutter/src/widgets/framework.dart:5982:11)
#788    Element.rebuild (package:flutter/src/widgets/framework.dart:5529:7)
#789    ComponentElement._firstBuild (package:flutter/src/widgets/framework.dart:5799:5)
#790    StatefulElement._firstBuild (package:flutter/src/widgets/framework.dart:5973:11)
#791    ComponentElement.mount (package:flutter/src/widgets/framework.dart:5793:5)
#792    Element.inflateWidget (package:flutter/src/widgets/framework.dart:4587:20)
#793    Element.updateChild (package:flutter/src/widgets/framework.dart:4059:18)
#794    ComponentElement.performRebuild (package:flutter/src/widgets/framework.dart:5841:16)
#795    StatefulElement.performRebuild (package:flutter/src/widgets/framework.dart:5982:11)
#796    Element.rebuild (package:flutter/src/widgets/framework.dart:5529:7)
#797    ComponentElement._firstBuild (package:flutter/src/widgets/framework.dart:5799:5)
#798    StatefulElement._firstBuild (package:flutter/src/widgets/framework.dart:5973:11)
#799    ComponentElement.mount (package:flutter/src/widgets/framework.dart:5793:5)
#800    Element.inflateWidget (package:flutter/src/widgets/framework.dart:4587:20)
#801    Element.updateChild (package:flutter/src/widgets/framework.dart:4059:18)
#802    ComponentElement.performRebuild (package:flutter/src/widgets/framework.dart:5841:16)
#803    Element.rebuild (package:flutter/src/widgets/framework.dart:5529:7)
#804    ComponentElement._firstBuild (package:flutter/src/widgets/framework.dart:5799:5)
#805    ComponentElement.mount (package:flutter/src/widgets/framework.dart:5793:5)
#806    Element.inflateWidget (package:flutter/src/widgets/framework.dart:4587:20)
#807    Element.updateChild (package:flutter/src/widgets/framework.dart:4059:18)
#808    ComponentElement.performRebuild (package:flutter/src/widgets/framework.dart:5841:16)
#809    Element.rebuild (package:flutter/src/widgets/framework.dart:5529:7)
#810    ComponentElement._firstBuild (package:flutter/src/widgets/framework.dart:5799:5)
#811    ComponentElement.mount (package:flutter/src/widgets/framework.dart:5793:5)
#812    Element.inflateWidget (package:flutter/src/widgets/framework.dart:4587:20)
#813    Element.updateChild (package:flutter/src/widgets/framework.dart:4059:18)
#814    ComponentElement.performRebuild (package:flutter/src/widgets/framework.dart:5841:16)
#815    StatefulElement.performRebuild (package:flutter/src/widgets/framework.dart:5982:11)
#816    Element.rebuild (package:flutter/src/widgets/framework.dart:5529:7)
#817    ComponentElement._firstBuild (package:flutter/src/widgets/framework.dart:5799:5)
#818    StatefulElement._firstBuild (package:flutter/src/widgets/framework.dart:5973:11)
#819    ComponentElement.mount (package:flutter/src/widgets/framework.dart:5793:5)
#820    Element.inflateWidget (package:flutter/src/widgets/framework.dart:4587:20)
#821    Element.updateChild (package:flutter/src/widgets/framework.dart:4059:18)
#822    ComponentElement.performRebuild (package:flutter/src/widgets/framework.dart:5841:16)
#823    Element.rebuild (package:flutter/src/widgets/framework.dart:5529:7)
#824    ComponentElement._firstBuild (package:flutter/src/widgets/framework.dart:5799:5)
#825    ComponentElement.mount (package:flutter/src/widgets/framework.dart:5793:5)
#826    Element.inflateWidget (package:flutter/src/widgets/framework.dart:4587:20)
#827    Element.updateChild (package:flutter/src/widgets/framework.dart:4059:18)
#828    ComponentElement.performRebuild (package:flutter/src/widgets/framework.dart:5841:16)
#829    StatefulElement.performRebuild (package:flutter/src/widgets/framework.dart:5982:11)
#830    Element.rebuild (package:flutter/src/widgets/framework.dart:5529:7)
#831    ComponentElement._firstBuild (package:flutter/src/widgets/framework.dart:5799:5)
#832    StatefulElement._firstBuild (package:flutter/src/widgets/framework.dart:5973:11)
#833    ComponentElement.mount (package:flutter/src/widgets/framework.dart:5793:5)
#834    Element.inflateWidget (package:flutter/src/widgets/framework.dart:4587:20)
#835    Element.updateChild (package:flutter/src/widgets/framework.dart:4059:18)
#836    ComponentElement.performRebuild (package:flutter/src/widgets/framework.dart:5841:16)
#837    Element.rebuild (package:flutter/src/widgets/framework.dart:5529:7)
#838    ComponentElement._firstBuild (package:flutter/src/widgets/framework.dart:5799:5)
#839    ComponentElement.mount (package:flutter/src/widgets/framework.dart:5793:5)
#840    Element.inflateWidget (package:flutter/src/widgets/framework.dart:4587:20)
#841    Element.updateChild (package:flutter/src/widgets/framework.dart:4059:18)
#842    ComponentElement.performRebuild (package:flutter/src/widgets/framework.dart:5841:16)
#843    StatefulElement.performRebuild (package:flutter/src/widgets/framework.dart:5982:11)
#844    Element.rebuild (package:flutter/src/widgets/framework.dart:5529:7)
#845    ComponentElement._firstBuild (package:flutter/src/widgets/framework.dart:5799:5)
#846    StatefulElement._firstBuild (package:flutter/src/widgets/framework.dart:5973:11)
#847    ComponentElement.mount (package:flutter/src/widgets/framework.dart:5793:5)
#848    Element.inflateWidget (package:flutter/src/widgets/framework.dart:4587:20)
#849    Element.updateChild (package:flutter/src/widgets/framework.dart:4059:18)
#850    ComponentElement.performRebuild (package:flutter/src/widgets/framework.dart:5841:16)
#851    StatefulElement.performRebuild (package:flutter/src/widgets/framework.dart:5982:11)
#852    Element.rebuild (package:flutter/src/widgets/framework.dart:5529:7)
#853    ComponentElement._firstBuild (package:flutter/src/widgets/framework.dart:5799:5)
#854    StatefulElement._firstBuild (package:flutter/src/widgets/framework.dart:5973:11)
#855    ComponentElement.mount (package:flutter/src/widgets/framework.dart:5793:5)
#856    Element.inflateWidget (package:flutter/src/widgets/framework.dart:4587:20)
#857    Element.updateChild (package:flutter/src/widgets/framework.dart:4059:18)
#858    ComponentElement.performRebuild (package:flutter/src/widgets/framework.dart:5841:16)
#859    Element.rebuild (package:flutter/src/widgets/framework.dart:5529:7)
#860    ComponentElement._firstBuild (package:flutter/src/widgets/framework.dart:5799:5)
#861    ComponentElement.mount (package:flutter/src/widgets/framework.dart:5793:5)
#862    Element.inflateWidget (package:flutter/src/widgets/framework.dart:4587:20)
#863    Element.updateChild (package:flutter/src/widgets/framework.dart:4059:18)
#864    ComponentElement.performRebuild (package:flutter/src/widgets/framework.dart:5841:16)
#865    Element.rebuild (package:flutter/src/widgets/framework.dart:5529:7)
#866    ComponentElement._firstBuild (package:flutter/src/widgets/framework.dart:5799:5)
#867    ComponentElement.mount (package:flutter/src/widgets/framework.dart:5793:5)
#868    Element.inflateWidget (package:flutter/src/widgets/framework.dart:4587:20)
#869    Element.updateChild (package:flutter/src/widgets/framework.dart:4059:18)
#870    ComponentElement.performRebuild (package:flutter/src/widgets/framework.dart:5841:16)
#871    StatefulElement.performRebuild (package:flutter/src/widgets/framework.dart:5982:11)
#872    Element.rebuild (package:flutter/src/widgets/framework.dart:5529:7)
#873    ComponentElement._firstBuild (package:flutter/src/widgets/framework.dart:5799:5)
#874    StatefulElement._firstBuild (package:flutter/src/widgets/framework.dart:5973:11)
#875    ComponentElement.mount (package:flutter/src/widgets/framework.dart:5793:5)
#876    Element.inflateWidget (package:flutter/src/widgets/framework.dart:4587:20)
#877    Element.updateChild (package:flutter/src/widgets/framework.dart:4059:18)
#878    ComponentElement.performRebuild (package:flutter/src/widgets/framework.dart:5841:16)
#879    Element.rebuild (package:flutter/src/widgets/framework.dart:5529:7)
#880    ComponentElement._firstBuild (package:flutter/src/widgets/framework.dart:5799:5)
#881    ComponentElement.mount (package:flutter/src/widgets/framework.dart:5793:5)
#882    Element.inflateWidget (package:flutter/src/widgets/framework.dart:4587:20)
#883    Element.updateChild (package:flutter/src/widgets/framework.dart:4059:18)
#884    ComponentElement.performRebuild (package:flutter/src/widgets/framework.dart:5841:16)
#885    StatefulElement.performRebuild (package:flutter/src/widgets/framework.dart:5982:11)
#886    Element.rebuild (package:flutter/src/widgets/framework.dart:5529:7)
#887    ComponentElement._firstBuild (package:flutter/src/widgets/framework.dart:5799:5)
#888    StatefulElement._firstBuild (package:flutter/src/widgets/framework.dart:5973:11)
#889    ComponentElement.mount (package:flutter/src/widgets/framework.dart:5793:5)
#890    Element.inflateWidget (package:flutter/src/widgets/framework.dart:4587:20)
#891    Element.updateChild (package:flutter/src/widgets/framework.dart:4059:18)
#892    ComponentElement.performRebuild (package:flutter/src/widgets/framework.dart:5841:16)
#893    StatefulElement.performRebuild (package:flutter/src/widgets/framework.dart:5982:11)
#894    Element.rebuild (package:flutter/src/widgets/framework.dart:5529:7)
#895    ComponentElement._firstBuild (package:flutter/src/widgets/framework.dart:5799:5)
#896    StatefulElement._firstBuild (package:flutter/src/widgets/framework.dart:5973:11)
#897    ComponentElement.mount (package:flutter/src/widgets/framework.dart:5793:5)
#898    Element.inflateWidget (package:flutter/src/widgets/framework.dart:4587:20)
#899    Element.updateChild (package:flutter/src/widgets/framework.dart:4053:20)
#900    ComponentElement.performRebuild (package:flutter/src/widgets/framework.dart:5841:16)
#901    Element.rebuild (package:flutter/src/widgets/framework.dart:5529:7)
#902    ProxyElement.update (package:flutter/src/widgets/framework.dart:6149:5)
#903    _InheritedNotifierElement.update (package:flutter/src/widgets/inherited_notifier.dart:108:11)
#904    Element.updateChild (package:flutter/src/widgets/framework.dart:4037:15)
#905    ComponentElement.performRebuild (package:flutter/src/widgets/framework.dart:5841:16)
#906    StatefulElement.performRebuild (package:flutter/src/widgets/framework.dart:5982:11)
#907    Element.rebuild (package:flutter/src/widgets/framework.dart:5529:7)
#908    StatefulElement.update (package:flutter/src/widgets/framework.dart:6007:5)
#909    Element.updateChild (package:flutter/src/widgets/framework.dart:4037:15)
#910    ComponentElement.performRebuild (package:flutter/src/widgets/framework.dart:5841:16)
#911    Element.rebuild (package:flutter/src/widgets/framework.dart:5529:7)
#912    ProxyElement.update (package:flutter/src/widgets/framework.dart:6149:5)
#913    _InheritedNotifierElement.update (package:flutter/src/widgets/inherited_notifier.dart:108:11)
#914    Element.updateChild (package:flutter/src/widgets/framework.dart:4037:15)
#915    ComponentElement.performRebuild (package:flutter/src/widgets/framework.dart:5841:16)
#916    StatefulElement.performRebuild (package:flutter/src/widgets/framework.dart:5982:11)
#917    Element.rebuild (package:flutter/src/widgets/framework.dart:5529:7)
#918    StatefulElement.update (package:flutter/src/widgets/framework.dart:6007:5)
#919    Element.updateChild (package:flutter/src/widgets/framework.dart:4037:15)
#920    ComponentElement.performRebuild (package:flutter/src/widgets/framework.dart:5841:16)
#921    StatefulElement.performRebuild (package:flutter/src/widgets/framework.dart:5982:11)
#922    Element.rebuild (package:flutter/src/widgets/framework.dart:5529:7)
#923    StatefulElement.update (package:flutter/src/widgets/framework.dart:6007:5)
#924    Element.updateChild (package:flutter/src/widgets/framework.dart:4037:15)
#925    ComponentElement.performRebuild (package:flutter/src/widgets/framework.dart:5841:16)
#926    Element.rebuild (package:flutter/src/widgets/framework.dart:5529:7)
#927    ProxyElement.update (package:flutter/src/widgets/framework.dart:6149:5)
#928    Element.updateChild (package:flutter/src/widgets/framework.dart:4037:15)
#929    ComponentElement.performRebuild (package:flutter/src/widgets/framework.dart:5841:16)
#930    StatefulElement.performRebuild (package:flutter/src/widgets/framework.dart:5982:11)
#931    Element.rebuild (package:flutter/src/widgets/framework.dart:5529:7)
#932    StatefulElement.update (package:flutter/src/widgets/framework.dart:6007:5)
#933    Element.updateChild (package:flutter/src/widgets/framework.dart:4037:15)
#934    ComponentElement.performRebuild (package:flutter/src/widgets/framework.dart:5841:16)
#935    Element.rebuild (package:flutter/src/widgets/framework.dart:5529:7)
#936    ProxyElement.update (package:flutter/src/widgets/framework.dart:6149:5)
#937    Element.updateChild (package:flutter/src/widgets/framework.dart:4037:15)
#938    ComponentElement.performRebuild (package:flutter/src/widgets/framework.dart:5841:16)
#939    Element.rebuild (package:flutter/src/widgets/framework.dart:5529:7)
#940    ProxyElement.update (package:flutter/src/widgets/framework.dart:6149:5)
#941    Element.updateChild (package:flutter/src/widgets/framework.dart:4037:15)
#942    _RawViewElement._updateChild (package:flutter/src/widgets/view.dart:481:16)
#943    _RawViewElement.update (package:flutter/src/widgets/view.dart:568:5)
#944    Element.updateChild (package:flutter/src/widgets/framework.dart:4037:15)
#945    ComponentElement.performRebuild (package:flutter/src/widgets/framework.dart:5841:16)
#946    Element.rebuild (package:flutter/src/widgets/framework.dart:5529:7)
#947    StatelessElement.update (package:flutter/src/widgets/framework.dart:5895:5)
#948    Element.updateChild (package:flutter/src/widgets/framework.dart:4037:15)
#949    ComponentElement.performRebuild (package:flutter/src/widgets/framework.dart:5841:16)
#950    StatefulElement.performRebuild (package:flutter/src/widgets/framework.dart:5982:11)
#951    Element.rebuild (package:flutter/src/widgets/framework.dart:5529:7)
#952    StatefulElement.update (package:flutter/src/widgets/framework.dart:6007:5)
#953    Element.updateChild (package:flutter/src/widgets/framework.dart:4037:15)
#954    RootElement._rebuild (package:flutter/src/widgets/binding.dart:2091:16)
#955    RootElement.update (package:flutter/src/widgets/binding.dart:2069:5)
#956    RootElement.performRebuild (package:flutter/src/widgets/binding.dart:2083:7)
#957    Element.rebuild (package:flutter/src/widgets/framework.dart:5529:7)
#958    BuildScope._tryRebuild (package:flutter/src/widgets/framework.dart:2750:15)
#959    BuildScope._flushDirtyElements (package:flutter/src/widgets/framework.dart:2807:11)
#960    BuildOwner.buildScope (package:flutter/src/widgets/framework.dart:3111:18)
#961    AutomatedTestWidgetsFlutterBinding.drawFrame (package:flutter_test/src/binding.dart:2431:19)
#962    RendererBinding._handlePersistentFrameCallback (package:flutter/src/rendering/binding.dart:509:5)
#963    SchedulerBinding._invokeFrameCallback (package:flutter/src/scheduler/binding.dart:1430:15)
#964    SchedulerBinding.handleDrawFrame (package:flutter/src/scheduler/binding.dart:1345:9)
#965    AutomatedTestWidgetsFlutterBinding.pump.<anonymous closure> (package:flutter_test/src/binding.dart:2260:9)
#966    _rootRun (dart:async/zone_root.dart:35:13)
#967    _CustomZone.run (dart:async/zone.dart:726:19)
#968    TestAsyncUtils.guard (package:flutter_test/src/test_async_utils.dart:74:41)
#969    AutomatedTestWidgetsFlutterBinding.pump (package:flutter_test/src/binding.dart:2249:27)
#970    WidgetTester.pumpWidget.<anonymous closure> (package:flutter_test/src/widget_tester.dart:598:22)
#971    _rootRun (dart:async/zone_root.dart:35:13)
#972    _CustomZone.run (dart:async/zone.dart:726:19)
#973    TestAsyncUtils.guard (package:flutter_test/src/test_async_utils.dart:74:41)
#974    WidgetTester.pumpWidget (package:flutter_test/src/widget_tester.dart:595:27)
#975    main.<anonymous closure> (file:///C:/Users/andrvoicu/Desktop/repos/collectarr-app/test/features/library/add/library_add_dialog_test.dart:440:18)
#976    testWidgets.<anonymous closure>.<anonymous closure> (package:flutter_test/src/widget_tester.dart:192:29)
<asynchronous suspension>
#977    TestWidgetsFlutterBinding._runTestBody (package:flutter_test/src/binding.dart:1952:5)
<asynchronous suspension>
#978    StackZoneSpecification._registerCallback.<anonymous closure> (package:stack_trace/src/stack_zone_specification.dart:114:42)
<asynchronous suspension>
This warning will only appear on debug builds.
00:11 +245 -4: C:/Users/andrvoicu/Desktop/repos/collectarr-app/test/features/library/config/presentation/music_library_media_presentation_builder_test.dart: music add preview renders album-style inspector layout
00:11 +245 -4: C:/Users/andrvoicu/Desktop/repos/collectarr-app/test/features/library/add/library_add_dialog_test.dart: comic add dialog uses reviewed image label for local scan hints
WARNING (drift): It looks like you've created the database class LocalDatabase multiple times. When these two databases use the same QueryExecutor, race conditions will occur and might corrupt the database. 
Try to follow the advice at https://drift.simonbinder.eu/faq/#using-the-database or, if you know what you're doing, set driftRuntimeOptions.dontWarnAboutMultipleDatabases = true
Here is the stacktrace from when the database was opened a second time:
#0      GeneratedDatabase._handleInstantiated (package:drift/src/runtime/api/db_base.dart:96:30)
#1      GeneratedDatabase._whenConstructed (package:drift/src/runtime/api/db_base.dart:73:12)
#2      new GeneratedDatabase (package:drift/src/runtime/api/db_base.dart:64:5)
#3      new _$LocalDatabase (package:collectarr_app/core/db/local_database.g.dart:12351:38)
#4      new LocalDatabase (package:collectarr_app/core/db/local_database.dart:387:9)
#5      localDatabaseProvider.<anonymous closure> (package:collectarr_app/state/local_database_provider.dart:5:14)
#6      Provider.create (package:riverpod/src/providers/provider.dart:59:36)
#7      $ProviderElement.create (package:riverpod/src/providers/provider.dart:343:32)
#8      ProviderElement.buildState (package:riverpod/src/core/element.dart:684:28)
#9      ProviderElement.mount (package:riverpod/src/core/element.dart:537:7)
#10     ProviderElement.flush (package:riverpod/src/core/element.dart:640:7)
#11     $ProviderBaseImpl._addListener (package:riverpod/src/core/provider/provider.dart:119:24)
#12     ProviderContainer.listen (package:riverpod/src/core/provider_container.dart:960:26)
#13     ProviderContainer.read (package:riverpod/src/core/provider_container.dart:917:17)
#14     ConsumerStatefulElement.read (package:flutter_riverpod/src/core/consumer.dart:543:59)
#15     _LibraryAddDialogState._loadAvailableLocations (package:collectarr_app/features/library/add/library_add_dialog.dart:2338:38)
#16     _LibraryAddDialogState.initState (package:collectarr_app/features/library/add/library_add_dialog.dart:659:5)
#17     StatefulElement._firstBuild (package:flutter/src/widgets/framework.dart:5950:55)
#18     ComponentElement.mount (package:flutter/src/widgets/framework.dart:5793:5)
#19     Element.inflateWidget (package:flutter/src/widgets/framework.dart:4587:20)
#20     Element.updateChild (package:flutter/src/widgets/framework.dart:4059:18)
#21     ComponentElement.performRebuild (package:flutter/src/widgets/framework.dart:5841:16)
#22     Element.rebuild (package:flutter/src/widgets/framework.dart:5529:7)
#23     ComponentElement._firstBuild (package:flutter/src/widgets/framework.dart:5799:5)
#24     ComponentElement.mount (package:flutter/src/widgets/framework.dart:5793:5)
#25     Element.inflateWidget (package:flutter/src/widgets/framework.dart:4587:20)
#26     Element.updateChild (package:flutter/src/widgets/framework.dart:4059:18)
#27     ComponentElement.performRebuild (package:flutter/src/widgets/framework.dart:5841:16)
#28     Element.rebuild (package:flutter/src/widgets/framework.dart:5529:7)
#29     ComponentElement._firstBuild (package:flutter/src/widgets/framework.dart:5799:5)
#30     ComponentElement.mount (package:flutter/src/widgets/framework.dart:5793:5)
#31     Element.inflateWidget (package:flutter/src/widgets/framework.dart:4587:20)
#32     Element.updateChild (package:flutter/src/widgets/framework.dart:4059:18)
#33     ComponentElement.performRebuild (package:flutter/src/widgets/framework.dart:5841:16)
#34     Element.rebuild (package:flutter/src/widgets/framework.dart:5529:7)
#35     ComponentElement._firstBuild (package:flutter/src/widgets/framework.dart:5799:5)
#36     ComponentElement.mount (package:flutter/src/widgets/framework.dart:5793:5)
#37     Element.inflateWidget (package:flutter/src/widgets/framework.dart:4587:20)
#38     Element.updateChild (package:flutter/src/widgets/framework.dart:4059:18)
#39     ComponentElement.performRebuild (package:flutter/src/widgets/framework.dart:5841:16)
#40     Element.rebuild (package:flutter/src/widgets/framework.dart:5529:7)
#41     ComponentElement._firstBuild (package:flutter/src/widgets/framework.dart:5799:5)
#42     ComponentElement.mount (package:flutter/src/widgets/framework.dart:5793:5)
#43     Element.inflateWidget (package:flutter/src/widgets/framework.dart:4587:20)
#44     MultiChildRenderObjectElement.inflateWidget (package:flutter/src/widgets/framework.dart:7264:36)
#45     MultiChildRenderObjectElement.mount (package:flutter/src/widgets/framework.dart:7279:32)
#46     Element.inflateWidget (package:flutter/src/widgets/framework.dart:4587:20)
#47     Element.updateChild (package:flutter/src/widgets/framework.dart:4059:18)
#48     ComponentElement.performRebuild (package:flutter/src/widgets/framework.dart:5841:16)
#49     Element.rebuild (package:flutter/src/widgets/framework.dart:5529:7)
#50     ComponentElement._firstBuild (package:flutter/src/widgets/framework.dart:5799:5)
#51     ComponentElement.mount (package:flutter/src/widgets/framework.dart:5793:5)
#52     Element.inflateWidget (package:flutter/src/widgets/framework.dart:4587:20)
#53     Element.updateChild (package:flutter/src/widgets/framework.dart:4059:18)
#54     ComponentElement.performRebuild (package:flutter/src/widgets/framework.dart:5841:16)
#55     StatefulElement.performRebuild (package:flutter/src/widgets/framework.dart:5982:11)
#56     Element.rebuild (package:flutter/src/widgets/framework.dart:5529:7)
#57     ComponentElement._firstBuild (package:flutter/src/widgets/framework.dart:5799:5)
#58     StatefulElement._firstBuild (package:flutter/src/widgets/framework.dart:5973:11)
#59     ComponentElement.mount (package:flutter/src/widgets/framework.dart:5793:5)
#60     Element.inflateWidget (package:flutter/src/widgets/framework.dart:4587:20)
#61     Element.updateChild (package:flutter/src/widgets/framework.dart:4059:18)
#62     ComponentElement.performRebuild (package:flutter/src/widgets/framework.dart:5841:16)
#63     Element.rebuild (package:flutter/src/widgets/framework.dart:5529:7)
#64     ComponentElement._firstBuild (package:flutter/src/widgets/framework.dart:5799:5)
#65     ComponentElement.mount (package:flutter/src/widgets/framework.dart:5793:5)
#66     Element.inflateWidget (package:flutter/src/widgets/framework.dart:4587:20)
#67     Element.updateChild (package:flutter/src/widgets/framework.dart:4059:18)
#68     ComponentElement.performRebuild (package:flutter/src/widgets/framework.dart:5841:16)
#69     Element.rebuild (package:flutter/src/widgets/framework.dart:5529:7)
#70     ComponentElement._firstBuild (package:flutter/src/widgets/framework.dart:5799:5)
#71     ComponentElement.mount (package:flutter/src/widgets/framework.dart:5793:5)
#72     Element.inflateWidget (package:flutter/src/widgets/framework.dart:4587:20)
#73     Element.updateChild (package:flutter/src/widgets/framework.dart:4059:18)
#74     ComponentElement.performRebuild (package:flutter/src/widgets/framework.dart:5841:16)
#75     StatefulElement.performRebuild (package:flutter/src/widgets/framework.dart:5982:11)
#76     Element.rebuild (package:flutter/src/widgets/framework.dart:5529:7)
#77     ComponentElement._firstBuild (package:flutter/src/widgets/framework.dart:5799:5)
#78     StatefulElement._firstBuild (package:flutter/src/widgets/framework.dart:5973:11)
#79     ComponentElement.mount (package:flutter/src/widgets/framework.dart:5793:5)
#80     Element.inflateWidget (package:flutter/src/widgets/framework.dart:4587:20)
#81     Element.updateChild (package:flutter/src/widgets/framework.dart:4059:18)
#82     SingleChildRenderObjectElement.mount (package:flutter/src/widgets/framework.dart:7115:14)
#83     Element.inflateWidget (package:flutter/src/widgets/framework.dart:4587:20)
#84     Element.updateChild (package:flutter/src/widgets/framework.dart:4059:18)
#85     ComponentElement.performRebuild (package:flutter/src/widgets/framework.dart:5841:16)
#86     Element.rebuild (package:flutter/src/widgets/framework.dart:5529:7)
#87     ComponentElement._firstBuild (package:flutter/src/widgets/framework.dart:5799:5)
#88     ComponentElement.mount (package:flutter/src/widgets/framework.dart:5793:5)
#89     Element.inflateWidget (package:flutter/src/widgets/framework.dart:4587:20)
#90     Element.updateChild (package:flutter/src/widgets/framework.dart:4059:18)
#91     SingleChildRenderObjectElement.mount (package:flutter/src/widgets/framework.dart:7115:14)
#92     Element.inflateWidget (package:flutter/src/widgets/framework.dart:4587:20)
#93     Element.updateChild (package:flutter/src/widgets/framework.dart:4059:18)
#94     ComponentElement.performRebuild (package:flutter/src/widgets/framework.dart:5841:16)
#95     StatefulElement.performRebuild (package:flutter/src/widgets/framework.dart:5982:11)
#96     Element.rebuild (package:flutter/src/widgets/framework.dart:5529:7)
#97     ComponentElement._firstBuild (package:flutter/src/widgets/framework.dart:5799:5)
#98     StatefulElement._firstBuild (package:flutter/src/widgets/framework.dart:5973:11)
#99     ComponentElement.mount (package:flutter/src/widgets/framework.dart:5793:5)
#100    Element.inflateWidget (package:flutter/src/widgets/framework.dart:4587:20)
#101    Element.updateChild (package:flutter/src/widgets/framework.dart:4059:18)
#102    ComponentElement.performRebuild (package:flutter/src/widgets/framework.dart:5841:16)
#103    StatefulElement.performRebuild (package:flutter/src/widgets/framework.dart:5982:11)
#104    Element.rebuild (package:flutter/src/widgets/framework.dart:5529:7)
#105    ComponentElement._firstBuild (package:flutter/src/widgets/framework.dart:5799:5)
#106    StatefulElement._firstBuild (package:flutter/src/widgets/framework.dart:5973:11)
#107    ComponentElement.mount (package:flutter/src/widgets/framework.dart:5793:5)
#108    Element.inflateWidget (package:flutter/src/widgets/framework.dart:4587:20)
#109    Element.updateChild (package:flutter/src/widgets/framework.dart:4059:18)
#110    ComponentElement.performRebuild (package:flutter/src/widgets/framework.dart:5841:16)
#111    Element.rebuild (package:flutter/src/widgets/framework.dart:5529:7)
#112    ComponentElement._firstBuild (package:flutter/src/widgets/framework.dart:5799:5)
#113    ComponentElement.mount (package:flutter/src/widgets/framework.dart:5793:5)
#114    Element.inflateWidget (package:flutter/src/widgets/framework.dart:4587:20)
#115    Element.updateChild (package:flutter/src/widgets/framework.dart:4059:18)
#116    ComponentElement.performRebuild (package:flutter/src/widgets/framework.dart:5841:16)
#117    Element.rebuild (package:flutter/src/widgets/framework.dart:5529:7)
#118    ComponentElement._firstBuild (package:flutter/src/widgets/framework.dart:5799:5)
#119    ComponentElement.mount (package:flutter/src/widgets/framework.dart:5793:5)
#120    Element.inflateWidget (package:flutter/src/widgets/framework.dart:4587:20)
#121    Element.updateChild (package:flutter/src/widgets/framework.dart:4059:18)
#122    ComponentElement.performRebuild (package:flutter/src/widgets/framework.dart:5841:16)
#123    Element.rebuild (package:flutter/src/widgets/framework.dart:5529:7)
#124    ComponentElement._firstBuild (package:flutter/src/widgets/framework.dart:5799:5)
#125    ComponentElement.mount (package:flutter/src/widgets/framework.dart:5793:5)
#126    Element.inflateWidget (package:flutter/src/widgets/framework.dart:4587:20)
#127    Element.updateChild (package:flutter/src/widgets/framework.dart:4059:18)
#128    ComponentElement.performRebuild (package:flutter/src/widgets/framework.dart:5841:16)
#129    StatefulElement.performRebuild (package:flutter/src/widgets/framework.dart:5982:11)
#130    Element.rebuild (package:flutter/src/widgets/framework.dart:5529:7)
#131    ComponentElement._firstBuild (package:flutter/src/widgets/framework.dart:5799:5)
#132    StatefulElement._firstBuild (package:flutter/src/widgets/framework.dart:5973:11)
#133    ComponentElement.mount (package:flutter/src/widgets/framework.dart:5793:5)
#134    Element.inflateWidget (package:flutter/src/widgets/framework.dart:4587:20)
#135    Element.updateChild (package:flutter/src/widgets/framework.dart:4059:18)
#136    ComponentElement.performRebuild (package:flutter/src/widgets/framework.dart:5841:16)
#137    Element.rebuild (package:flutter/src/widgets/framework.dart:5529:7)
#138    ComponentElement._firstBuild (package:flutter/src/widgets/framework.dart:5799:5)
#139    ComponentElement.mount (package:flutter/src/widgets/framework.dart:5793:5)
#140    Element.inflateWidget (package:flutter/src/widgets/framework.dart:4587:20)
#141    Element.updateChild (package:flutter/src/widgets/framework.dart:4059:18)
#142    ComponentElement.performRebuild (package:flutter/src/widgets/framework.dart:5841:16)
#143    StatefulElement.performRebuild (package:flutter/src/widgets/framework.dart:5982:11)
#144    Element.rebuild (package:flutter/src/widgets/framework.dart:5529:7)
#145    ComponentElement._firstBuild (package:flutter/src/widgets/framework.dart:5799:5)
#146    StatefulElement._firstBuild (package:flutter/src/widgets/framework.dart:5973:11)
#147    ComponentElement.mount (package:flutter/src/widgets/framework.dart:5793:5)
#148    Element.inflateWidget (package:flutter/src/widgets/framework.dart:4587:20)
#149    Element.updateChild (package:flutter/src/widgets/framework.dart:4059:18)
#150    SingleChildRenderObjectElement.mount (package:flutter/src/widgets/framework.dart:7115:14)
#151    Element.inflateWidget (package:flutter/src/widgets/framework.dart:4587:20)
#152    Element.updateChild (package:flutter/src/widgets/framework.dart:4059:18)
#153    ComponentElement.performRebuild (package:flutter/src/widgets/framework.dart:5841:16)
#154    Element.rebuild (package:flutter/src/widgets/framework.dart:5529:7)
#155    ComponentElement._firstBuild (package:flutter/src/widgets/framework.dart:5799:5)
#156    ComponentElement.mount (package:flutter/src/widgets/framework.dart:5793:5)
#157    Element.inflateWidget (package:flutter/src/widgets/framework.dart:4587:20)
#158    Element.updateChild (package:flutter/src/widgets/framework.dart:4059:18)
#159    SingleChildRenderObjectElement.mount (package:flutter/src/widgets/framework.dart:7115:14)
#160    Element.inflateWidget (package:flutter/src/widgets/framework.dart:4587:20)
#161    Element.updateChild (package:flutter/src/widgets/framework.dart:4059:18)
#162    SingleChildRenderObjectElement.mount (package:flutter/src/widgets/framework.dart:7115:14)
#163    Element.inflateWidget (package:flutter/src/widgets/framework.dart:4587:20)
#164    Element.updateChild (package:flutter/src/widgets/framework.dart:4059:18)
#165    ComponentElement.performRebuild (package:flutter/src/widgets/framework.dart:5841:16)
#166    StatefulElement.performRebuild (package:flutter/src/widgets/framework.dart:5982:11)
#167    Element.rebuild (package:flutter/src/widgets/framework.dart:5529:7)
#168    ComponentElement._firstBuild (package:flutter/src/widgets/framework.dart:5799:5)
#169    StatefulElement._firstBuild (package:flutter/src/widgets/framework.dart:5973:11)
#170    ComponentElement.mount (package:flutter/src/widgets/framework.dart:5793:5)
#171    Element.inflateWidget (package:flutter/src/widgets/framework.dart:4587:20)
#172    Element.updateChild (package:flutter/src/widgets/framework.dart:4059:18)
#173    SingleChildRenderObjectElement.mount (package:flutter/src/widgets/framework.dart:7115:14)
#174    Element.inflateWidget (package:flutter/src/widgets/framework.dart:4587:20)
#175    Element.updateChild (package:flutter/src/widgets/framework.dart:4059:18)
#176    ComponentElement.performRebuild (package:flutter/src/widgets/framework.dart:5841:16)
#177    StatefulElement.performRebuild (package:flutter/src/widgets/framework.dart:5982:11)
#178    Element.rebuild (package:flutter/src/widgets/framework.dart:5529:7)
#179    ComponentElement._firstBuild (package:flutter/src/widgets/framework.dart:5799:5)
#180    StatefulElement._firstBuild (package:flutter/src/widgets/framework.dart:5973:11)
#181    ComponentElement.mount (package:flutter/src/widgets/framework.dart:5793:5)
#182    Element.inflateWidget (package:flutter/src/widgets/framework.dart:4587:20)
#183    Element.updateChild (package:flutter/src/widgets/framework.dart:4059:18)
#184    SingleChildRenderObjectElement.mount (package:flutter/src/widgets/framework.dart:7115:14)
#185    Element.inflateWidget (package:flutter/src/widgets/framework.dart:4587:20)
#186    Element.updateChild (package:flutter/src/widgets/framework.dart:4059:18)
#187    SingleChildRenderObjectElement.mount (package:flutter/src/widgets/framework.dart:7115:14)
#188    Element.inflateWidget (package:flutter/src/widgets/framework.dart:4587:20)
#189    Element.updateChild (package:flutter/src/widgets/framework.dart:4059:18)
#190    ComponentElement.performRebuild (package:flutter/src/widgets/framework.dart:5841:16)
#191    StatefulElement.performRebuild (package:flutter/src/widgets/framework.dart:5982:11)
#192    Element.rebuild (package:flutter/src/widgets/framework.dart:5529:7)
#193    ComponentElement._firstBuild (package:flutter/src/widgets/framework.dart:5799:5)
#194    StatefulElement._firstBuild (package:flutter/src/widgets/framework.dart:5973:11)
#195    ComponentElement.mount (package:flutter/src/widgets/framework.dart:5793:5)
#196    Element.inflateWidget (package:flutter/src/widgets/framework.dart:4587:20)
#197    Element.updateChild (package:flutter/src/widgets/framework.dart:4059:18)
#198    SingleChildRenderObjectElement.mount (package:flutter/src/widgets/framework.dart:7115:14)
#199    Element.inflateWidget (package:flutter/src/widgets/framework.dart:4587:20)
#200    Element.updateChild (package:flutter/src/widgets/framework.dart:4059:18)
#201    ComponentElement.performRebuild (package:flutter/src/widgets/framework.dart:5841:16)
#202    StatefulElement.performRebuild (package:flutter/src/widgets/framework.dart:5982:11)
#203    Element.rebuild (package:flutter/src/widgets/framework.dart:5529:7)
#204    ComponentElement._firstBuild (package:flutter/src/widgets/framework.dart:5799:5)
#205    StatefulElement._firstBuild (package:flutter/src/widgets/framework.dart:5973:11)
#206    ComponentElement.mount (package:flutter/src/widgets/framework.dart:5793:5)
#207    Element.inflateWidget (package:flutter/src/widgets/framework.dart:4587:20)
#208    Element.updateChild (package:flutter/src/widgets/framework.dart:4059:18)
#209    SingleChildRenderObjectElement.mount (package:flutter/src/widgets/framework.dart:7115:14)
#210    Element.inflateWidget (package:flutter/src/widgets/framework.dart:4587:20)
#211    Element.updateChild (package:flutter/src/widgets/framework.dart:4059:18)
#212    SingleChildRenderObjectElement.mount (package:flutter/src/widgets/framework.dart:7115:14)
#213    Element.inflateWidget (package:flutter/src/widgets/framework.dart:4587:20)
#214    Element.updateChild (package:flutter/src/widgets/framework.dart:4059:18)
#215    ComponentElement.performRebuild (package:flutter/src/widgets/framework.dart:5841:16)
#216    StatefulElement.performRebuild (package:flutter/src/widgets/framework.dart:5982:11)
#217    Element.rebuild (package:flutter/src/widgets/framework.dart:5529:7)
#218    ComponentElement._firstBuild (package:flutter/src/widgets/framework.dart:5799:5)
#219    StatefulElement._firstBuild (package:flutter/src/widgets/framework.dart:5973:11)
#220    ComponentElement.mount (package:flutter/src/widgets/framework.dart:5793:5)
#221    Element.inflateWidget (package:flutter/src/widgets/framework.dart:4587:20)
#222    Element.updateChild (package:flutter/src/widgets/framework.dart:4059:18)
#223    SingleChildRenderObjectElement.mount (package:flutter/src/widgets/framework.dart:7115:14)
#224    Element.inflateWidget (package:flutter/src/widgets/framework.dart:4587:20)
#225    Element.updateChild (package:flutter/src/widgets/framework.dart:4059:18)
#226    SingleChildRenderObjectElement.mount (package:flutter/src/widgets/framework.dart:7115:14)
#227    Element.inflateWidget (package:flutter/src/widgets/framework.dart:4587:20)
#228    Element.updateChild (package:flutter/src/widgets/framework.dart:4059:18)
#229    SingleChildRenderObjectElement.mount (package:flutter/src/widgets/framework.dart:7115:14)
#230    Element.inflateWidget (package:flutter/src/widgets/framework.dart:4587:20)
#231    Element.updateChild (package:flutter/src/widgets/framework.dart:4059:18)
#232    ComponentElement.performRebuild (package:flutter/src/widgets/framework.dart:5841:16)
#233    StatefulElement.performRebuild (package:flutter/src/widgets/framework.dart:5982:11)
#234    Element.rebuild (package:flutter/src/widgets/framework.dart:5529:7)
#235    ComponentElement._firstBuild (package:flutter/src/widgets/framework.dart:5799:5)
#236    StatefulElement._firstBuild (package:flutter/src/widgets/framework.dart:5973:11)
#237    ComponentElement.mount (package:flutter/src/widgets/framework.dart:5793:5)
#238    Element.inflateWidget (package:flutter/src/widgets/framework.dart:4587:20)
#239    Element.updateChild (package:flutter/src/widgets/framework.dart:4059:18)
#240    SingleChildRenderObjectElement.mount (package:flutter/src/widgets/framework.dart:7115:14)
#241    Element.inflateWidget (package:flutter/src/widgets/framework.dart:4587:20)
#242    Element.updateChild (package:flutter/src/widgets/framework.dart:4059:18)
#243    ComponentElement.performRebuild (package:flutter/src/widgets/framework.dart:5841:16)
#244    StatefulElement.performRebuild (package:flutter/src/widgets/framework.dart:5982:11)
#245    Element.rebuild (package:flutter/src/widgets/framework.dart:5529:7)
#246    ComponentElement._firstBuild (package:flutter/src/widgets/framework.dart:5799:5)
#247    StatefulElement._firstBuild (package:flutter/src/widgets/framework.dart:5973:11)
#248    ComponentElement.mount (package:flutter/src/widgets/framework.dart:5793:5)
#249    Element.inflateWidget (package:flutter/src/widgets/framework.dart:4587:20)
#250    Element.updateChild (package:flutter/src/widgets/framework.dart:4059:18)
#251    ComponentElement.performRebuild (package:flutter/src/widgets/framework.dart:5841:16)
#252    Element.rebuild (package:flutter/src/widgets/framework.dart:5529:7)
#253    ComponentElement._firstBuild (package:flutter/src/widgets/framework.dart:5799:5)
#254    ComponentElement.mount (package:flutter/src/widgets/framework.dart:5793:5)
#255    Element.inflateWidget (package:flutter/src/widgets/framework.dart:4587:20)
#256    Element.updateChild (package:flutter/src/widgets/framework.dart:4059:18)
#257    ComponentElement.performRebuild (package:flutter/src/widgets/framework.dart:5841:16)
#258    StatefulElement.performRebuild (package:flutter/src/widgets/framework.dart:5982:11)
#259    Element.rebuild (package:flutter/src/widgets/framework.dart:5529:7)
#260    ComponentElement._firstBuild (package:flutter/src/widgets/framework.dart:5799:5)
#261    StatefulElement._firstBuild (package:flutter/src/widgets/framework.dart:5973:11)
#262    ComponentElement.mount (package:flutter/src/widgets/framework.dart:5793:5)
#263    Element.inflateWidget (package:flutter/src/widgets/framework.dart:4587:20)
#264    Element.updateChild (package:flutter/src/widgets/framework.dart:4059:18)
#265    ComponentElement.performRebuild (package:flutter/src/widgets/framework.dart:5841:16)
#266    StatefulElement.performRebuild (package:flutter/src/widgets/framework.dart:5982:11)
#267    Element.rebuild (package:flutter/src/widgets/framework.dart:5529:7)
#268    ComponentElement._firstBuild (package:flutter/src/widgets/framework.dart:5799:5)
#269    StatefulElement._firstBuild (package:flutter/src/widgets/framework.dart:5973:11)
#270    ComponentElement.mount (package:flutter/src/widgets/framework.dart:5793:5)
#271    Element.inflateWidget (package:flutter/src/widgets/framework.dart:4587:20)
#272    Element.updateChild (package:flutter/src/widgets/framework.dart:4059:18)
#273    ComponentElement.performRebuild (package:flutter/src/widgets/framework.dart:5841:16)
#274    StatefulElement.performRebuild (package:flutter/src/widgets/framework.dart:5982:11)
#275    Element.rebuild (package:flutter/src/widgets/framework.dart:5529:7)
#276    ComponentElement._firstBuild (package:flutter/src/widgets/framework.dart:5799:5)
#277    StatefulElement._firstBuild (package:flutter/src/widgets/framework.dart:5973:11)
#278    ComponentElement.mount (package:flutter/src/widgets/framework.dart:5793:5)
#279    Element.inflateWidget (package:flutter/src/widgets/framework.dart:4587:20)
#280    Element.updateChild (package:flutter/src/widgets/framework.dart:4059:18)
#281    SingleChildRenderObjectElement.mount (package:flutter/src/widgets/framework.dart:7115:14)
#282    Element.inflateWidget (package:flutter/src/widgets/framework.dart:4587:20)
#283    Element.updateChild (package:flutter/src/widgets/framework.dart:4059:18)
#284    ComponentElement.performRebuild (package:flutter/src/widgets/framework.dart:5841:16)
#285    Element.rebuild (package:flutter/src/widgets/framework.dart:5529:7)
#286    ComponentElement._firstBuild (package:flutter/src/widgets/framework.dart:5799:5)
#287    ComponentElement.mount (package:flutter/src/widgets/framework.dart:5793:5)
#288    Element.inflateWidget (package:flutter/src/widgets/framework.dart:4587:20)
#289    Element.updateChild (package:flutter/src/widgets/framework.dart:4059:18)
#290    SingleChildRenderObjectElement.mount (package:flutter/src/widgets/framework.dart:7115:14)
#291    Element.inflateWidget (package:flutter/src/widgets/framework.dart:4587:20)
#292    Element.updateChild (package:flutter/src/widgets/framework.dart:4059:18)
#293    ComponentElement.performRebuild (package:flutter/src/widgets/framework.dart:5841:16)
#294    StatefulElement.performRebuild (package:flutter/src/widgets/framework.dart:5982:11)
#295    Element.rebuild (package:flutter/src/widgets/framework.dart:5529:7)
#296    ComponentElement._firstBuild (package:flutter/src/widgets/framework.dart:5799:5)
#297    StatefulElement._firstBuild (package:flutter/src/widgets/framework.dart:5973:11)
#298    ComponentElement.mount (package:flutter/src/widgets/framework.dart:5793:5)
#299    Element.inflateWidget (package:flutter/src/widgets/framework.dart:4587:20)
#300    Element.updateChild (package:flutter/src/widgets/framework.dart:4059:18)
#301    ComponentElement.performRebuild (package:flutter/src/widgets/framework.dart:5841:16)
#302    Element.rebuild (package:flutter/src/widgets/framework.dart:5529:7)
#303    ComponentElement._firstBuild (package:flutter/src/widgets/framework.dart:5799:5)
#304    ComponentElement.mount (package:flutter/src/widgets/framework.dart:5793:5)
#305    Element.inflateWidget (package:flutter/src/widgets/framework.dart:4587:20)
#306    Element.updateChild (package:flutter/src/widgets/framework.dart:4059:18)
#307    ComponentElement.performRebuild (package:flutter/src/widgets/framework.dart:5841:16)
#308    Element.rebuild (package:flutter/src/widgets/framework.dart:5529:7)
#309    ComponentElement._firstBuild (package:flutter/src/widgets/framework.dart:5799:5)
#310    ComponentElement.mount (package:flutter/src/widgets/framework.dart:5793:5)
#311    Element.inflateWidget (package:flutter/src/widgets/framework.dart:4587:20)
#312    Element.updateChild (package:flutter/src/widgets/framework.dart:4059:18)
#313    ComponentElement.performRebuild (package:flutter/src/widgets/framework.dart:5841:16)
#314    StatefulElement.performRebuild (package:flutter/src/widgets/framework.dart:5982:11)
#315    Element.rebuild (package:flutter/src/widgets/framework.dart:5529:7)
#316    ComponentElement._firstBuild (package:flutter/src/widgets/framework.dart:5799:5)
#317    StatefulElement._firstBuild (package:flutter/src/widgets/framework.dart:5973:11)
#318    ComponentElement.mount (package:flutter/src/widgets/framework.dart:5793:5)
#319    Element.inflateWidget (package:flutter/src/widgets/framework.dart:4587:20)
#320    Element.updateChild (package:flutter/src/widgets/framework.dart:4059:18)
#321    ComponentElement.performRebuild (package:flutter/src/widgets/framework.dart:5841:16)
#322    Element.rebuild (package:flutter/src/widgets/framework.dart:5529:7)
#323    ComponentElement._firstBuild (package:flutter/src/widgets/framework.dart:5799:5)
#324    ComponentElement.mount (package:flutter/src/widgets/framework.dart:5793:5)
#325    Element.inflateWidget (package:flutter/src/widgets/framework.dart:4587:20)
#326    Element.updateChild (package:flutter/src/widgets/framework.dart:4059:18)
#327    ComponentElement.performRebuild (package:flutter/src/widgets/framework.dart:5841:16)
#328    Element.rebuild (package:flutter/src/widgets/framework.dart:5529:7)
#329    ComponentElement._firstBuild (package:flutter/src/widgets/framework.dart:5799:5)
#330    ComponentElement.mount (package:flutter/src/widgets/framework.dart:5793:5)
#331    Element.inflateWidget (package:flutter/src/widgets/framework.dart:4587:20)
#332    Element.updateChild (package:flutter/src/widgets/framework.dart:4059:18)
#333    SingleChildRenderObjectElement.mount (package:flutter/src/widgets/framework.dart:7115:14)
#334    Element.inflateWidget (package:flutter/src/widgets/framework.dart:4587:20)
#335    Element.updateChild (package:flutter/src/widgets/framework.dart:4059:18)
#336    ComponentElement.performRebuild (package:flutter/src/widgets/framework.dart:5841:16)
#337    Element.rebuild (package:flutter/src/widgets/framework.dart:5529:7)
#338    ComponentElement._firstBuild (package:flutter/src/widgets/framework.dart:5799:5)
#339    ComponentElement.mount (package:flutter/src/widgets/framework.dart:5793:5)
#340    Element.inflateWidget (package:flutter/src/widgets/framework.dart:4587:20)
#341    Element.updateChild (package:flutter/src/widgets/framework.dart:4059:18)
#342    ComponentElement.performRebuild (package:flutter/src/widgets/framework.dart:5841:16)
#343    Element.rebuild (package:flutter/src/widgets/framework.dart:5529:7)
#344    ComponentElement._firstBuild (package:flutter/src/widgets/framework.dart:5799:5)
#345    ComponentElement.mount (package:flutter/src/widgets/framework.dart:5793:5)
#346    Element.inflateWidget (package:flutter/src/widgets/framework.dart:4587:20)
#347    Element.updateChild (package:flutter/src/widgets/framework.dart:4059:18)
#348    ComponentElement.performRebuild (package:flutter/src/widgets/framework.dart:5841:16)
#349    StatefulElement.performRebuild (package:flutter/src/widgets/framework.dart:5982:11)
#350    Element.rebuild (package:flutter/src/widgets/framework.dart:5529:7)
#351    ComponentElement._firstBuild (package:flutter/src/widgets/framework.dart:5799:5)
#352    StatefulElement._firstBuild (package:flutter/src/widgets/framework.dart:5973:11)
#353    ComponentElement.mount (package:flutter/src/widgets/framework.dart:5793:5)
#354    Element.inflateWidget (package:flutter/src/widgets/framework.dart:4587:20)
#355    Element.updateChild (package:flutter/src/widgets/framework.dart:4059:18)
#356    ComponentElement.performRebuild (package:flutter/src/widgets/framework.dart:5841:16)
#357    StatefulElement.performRebuild (package:flutter/src/widgets/framework.dart:5982:11)
#358    Element.rebuild (package:flutter/src/widgets/framework.dart:5529:7)
#359    ComponentElement._firstBuild (package:flutter/src/widgets/framework.dart:5799:5)
#360    StatefulElement._firstBuild (package:flutter/src/widgets/framework.dart:5973:11)
#361    ComponentElement.mount (package:flutter/src/widgets/framework.dart:5793:5)
#362    Element.inflateWidget (package:flutter/src/widgets/framework.dart:4587:20)
#363    Element.updateChild (package:flutter/src/widgets/framework.dart:4059:18)
#364    ComponentElement.performRebuild (package:flutter/src/widgets/framework.dart:5841:16)
#365    StatefulElement.performRebuild (package:flutter/src/widgets/framework.dart:5982:11)
#366    Element.rebuild (package:flutter/src/widgets/framework.dart:5529:7)
#367    ComponentElement._firstBuild (package:flutter/src/widgets/framework.dart:5799:5)
#368    StatefulElement._firstBuild (package:flutter/src/widgets/framework.dart:5973:11)
#369    ComponentElement.mount (package:flutter/src/widgets/framework.dart:5793:5)
#370    Element.inflateWidget (package:flutter/src/widgets/framework.dart:4587:20)
#371    Element.updateChild (package:flutter/src/widgets/framework.dart:4059:18)
#372    SingleChildRenderObjectElement.mount (package:flutter/src/widgets/framework.dart:7115:14)
#373    Element.inflateWidget (package:flutter/src/widgets/framework.dart:4587:20)
#374    Element.updateChild (package:flutter/src/widgets/framework.dart:4059:18)
#375    ComponentElement.performRebuild (package:flutter/src/widgets/framework.dart:5841:16)
#376    Element.rebuild (package:flutter/src/widgets/framework.dart:5529:7)
#377    ComponentElement._firstBuild (package:flutter/src/widgets/framework.dart:5799:5)
#378    ComponentElement.mount (package:flutter/src/widgets/framework.dart:5793:5)
#379    Element.inflateWidget (package:flutter/src/widgets/framework.dart:4587:20)
#380    Element.updateChild (package:flutter/src/widgets/framework.dart:4059:18)
#381    ComponentElement.performRebuild (package:flutter/src/widgets/framework.dart:5841:16)
#382    Element.rebuild (package:flutter/src/widgets/framework.dart:5529:7)
#383    ComponentElement._firstBuild (package:flutter/src/widgets/framework.dart:5799:5)
#384    ComponentElement.mount (package:flutter/src/widgets/framework.dart:5793:5)
#385    Element.inflateWidget (package:flutter/src/widgets/framework.dart:4587:20)
#386    Element.updateChild (package:flutter/src/widgets/framework.dart:4059:18)
#387    ComponentElement.performRebuild (package:flutter/src/widgets/framework.dart:5841:16)
#388    Element.rebuild (package:flutter/src/widgets/framework.dart:5529:7)
#389    ComponentElement._firstBuild (package:flutter/src/widgets/framework.dart:5799:5)
#390    ComponentElement.mount (package:flutter/src/widgets/framework.dart:5793:5)
#391    Element.inflateWidget (package:flutter/src/widgets/framework.dart:4587:20)
#392    Element.updateChild (package:flutter/src/widgets/framework.dart:4059:18)
#393    ComponentElement.performRebuild (package:flutter/src/widgets/framework.dart:5841:16)
#394    StatefulElement.performRebuild (package:flutter/src/widgets/framework.dart:5982:11)
#395    Element.rebuild (package:flutter/src/widgets/framework.dart:5529:7)
#396    ComponentElement._firstBuild (package:flutter/src/widgets/framework.dart:5799:5)
#397    StatefulElement._firstBuild (package:flutter/src/widgets/framework.dart:5973:11)
#398    ComponentElement.mount (package:flutter/src/widgets/framework.dart:5793:5)
#399    Element.inflateWidget (package:flutter/src/widgets/framework.dart:4587:20)
#400    Element.updateChild (package:flutter/src/widgets/framework.dart:4059:18)
#401    ComponentElement.performRebuild (package:flutter/src/widgets/framework.dart:5841:16)
#402    StatefulElement.performRebuild (package:flutter/src/widgets/framework.dart:5982:11)
#403    Element.rebuild (package:flutter/src/widgets/framework.dart:5529:7)
#404    ComponentElement._firstBuild (package:flutter/src/widgets/framework.dart:5799:5)
#405    StatefulElement._firstBuild (package:flutter/src/widgets/framework.dart:5973:11)
#406    ComponentElement.mount (package:flutter/src/widgets/framework.dart:5793:5)
#407    Element.inflateWidget (package:flutter/src/widgets/framework.dart:4587:20)
#408    MultiChildRenderObjectElement.inflateWidget (package:flutter/src/widgets/framework.dart:7264:36)
#409    MultiChildRenderObjectElement.mount (package:flutter/src/widgets/framework.dart:7279:32)
#410    Element.inflateWidget (package:flutter/src/widgets/framework.dart:4587:20)
#411    Element.updateChild (package:flutter/src/widgets/framework.dart:4059:18)
#412    ComponentElement.performRebuild (package:flutter/src/widgets/framework.dart:5841:16)
#413    StatefulElement.performRebuild (package:flutter/src/widgets/framework.dart:5982:11)
#414    Element.rebuild (package:flutter/src/widgets/framework.dart:5529:7)
#415    ComponentElement._firstBuild (package:flutter/src/widgets/framework.dart:5799:5)
#416    StatefulElement._firstBuild (package:flutter/src/widgets/framework.dart:5973:11)
#417    ComponentElement.mount (package:flutter/src/widgets/framework.dart:5793:5)
#418    Element.inflateWidget (package:flutter/src/widgets/framework.dart:4587:20)
#419    Element.updateChild (package:flutter/src/widgets/framework.dart:4059:18)
#420    ComponentElement.performRebuild (package:flutter/src/widgets/framework.dart:5841:16)
#421    Element.rebuild (package:flutter/src/widgets/framework.dart:5529:7)
#422    ComponentElement._firstBuild (package:flutter/src/widgets/framework.dart:5799:5)
#423    ComponentElement.mount (package:flutter/src/widgets/framework.dart:5793:5)
#424    Element.inflateWidget (package:flutter/src/widgets/framework.dart:4587:20)
#425    Element.updateChild (package:flutter/src/widgets/framework.dart:4059:18)
#426    ComponentElement.performRebuild (package:flutter/src/widgets/framework.dart:5841:16)
#427    Element.rebuild (package:flutter/src/widgets/framework.dart:5529:7)
#428    ComponentElement._firstBuild (package:flutter/src/widgets/framework.dart:5799:5)
#429    ComponentElement.mount (package:flutter/src/widgets/framework.dart:5793:5)
#430    Element.inflateWidget (package:flutter/src/widgets/framework.dart:4587:20)
#431    Element.updateChild (package:flutter/src/widgets/framework.dart:4059:18)
#432    ComponentElement.performRebuild (package:flutter/src/widgets/framework.dart:5841:16)
#433    StatefulElement.performRebuild (package:flutter/src/widgets/framework.dart:5982:11)
#434    Element.rebuild (package:flutter/src/widgets/framework.dart:5529:7)
#435    ComponentElement._firstBuild (package:flutter/src/widgets/framework.dart:5799:5)
#436    StatefulElement._firstBuild (package:flutter/src/widgets/framework.dart:5973:11)
#437    ComponentElement.mount (package:flutter/src/widgets/framework.dart:5793:5)
#438    Element.inflateWidget (package:flutter/src/widgets/framework.dart:4587:20)
#439    Element.updateChild (package:flutter/src/widgets/framework.dart:4059:18)
#440    ComponentElement.performRebuild (package:flutter/src/widgets/framework.dart:5841:16)
#441    Element.rebuild (package:flutter/src/widgets/framework.dart:5529:7)
#442    ComponentElement._firstBuild (package:flutter/src/widgets/framework.dart:5799:5)
#443    ComponentElement.mount (package:flutter/src/widgets/framework.dart:5793:5)
#444    Element.inflateWidget (package:flutter/src/widgets/framework.dart:4587:20)
#445    Element.updateChild (package:flutter/src/widgets/framework.dart:4059:18)
#446    ComponentElement.performRebuild (package:flutter/src/widgets/framework.dart:5841:16)
#447    StatefulElement.performRebuild (package:flutter/src/widgets/framework.dart:5982:11)
#448    Element.rebuild (package:flutter/src/widgets/framework.dart:5529:7)
#449    ComponentElement._firstBuild (package:flutter/src/widgets/framework.dart:5799:5)
#450    StatefulElement._firstBuild (package:flutter/src/widgets/framework.dart:5973:11)
#451    ComponentElement.mount (package:flutter/src/widgets/framework.dart:5793:5)
#452    Element.inflateWidget (package:flutter/src/widgets/framework.dart:4587:20)
#453    Element.updateChild (package:flutter/src/widgets/framework.dart:4059:18)
#454    ComponentElement.performRebuild (package:flutter/src/widgets/framework.dart:5841:16)
#455    StatefulElement.performRebuild (package:flutter/src/widgets/framework.dart:5982:11)
#456    Element.rebuild (package:flutter/src/widgets/framework.dart:5529:7)
#457    ComponentElement._firstBuild (package:flutter/src/widgets/framework.dart:5799:5)
#458    StatefulElement._firstBuild (package:flutter/src/widgets/framework.dart:5973:11)
#459    ComponentElement.mount (package:flutter/src/widgets/framework.dart:5793:5)
#460    Element.inflateWidget (package:flutter/src/widgets/framework.dart:4587:20)
#461    Element.updateChild (package:flutter/src/widgets/framework.dart:4059:18)
#462    SingleChildRenderObjectElement.mount (package:flutter/src/widgets/framework.dart:7115:14)
#463    Element.inflateWidget (package:flutter/src/widgets/framework.dart:4587:20)
#464    Element.updateChild (package:flutter/src/widgets/framework.dart:4059:18)
#465    SingleChildRenderObjectElement.mount (package:flutter/src/widgets/framework.dart:7115:14)
#466    Element.inflateWidget (package:flutter/src/widgets/framework.dart:4587:20)
#467    Element.updateChild (package:flutter/src/widgets/framework.dart:4059:18)
#468    ComponentElement.performRebuild (package:flutter/src/widgets/framework.dart:5841:16)
#469    Element.rebuild (package:flutter/src/widgets/framework.dart:5529:7)
#470    ComponentElement._firstBuild (package:flutter/src/widgets/framework.dart:5799:5)
#471    ComponentElement.mount (package:flutter/src/widgets/framework.dart:5793:5)
#472    Element.inflateWidget (package:flutter/src/widgets/framework.dart:4587:20)
#473    Element.updateChild (package:flutter/src/widgets/framework.dart:4059:18)
#474    ComponentElement.performRebuild (package:flutter/src/widgets/framework.dart:5841:16)
#475    Element.rebuild (package:flutter/src/widgets/framework.dart:5529:7)
#476    ComponentElement._firstBuild (package:flutter/src/widgets/framework.dart:5799:5)
#477    ComponentElement.mount (package:flutter/src/widgets/framework.dart:5793:5)
#478    Element.inflateWidget (package:flutter/src/widgets/framework.dart:4587:20)
#479    Element.updateChild (package:flutter/src/widgets/framework.dart:4059:18)
#480    ComponentElement.performRebuild (package:flutter/src/widgets/framework.dart:5841:16)
#481    StatefulElement.performRebuild (package:flutter/src/widgets/framework.dart:5982:11)
#482    Element.rebuild (package:flutter/src/widgets/framework.dart:5529:7)
#483    ComponentElement._firstBuild (package:flutter/src/widgets/framework.dart:5799:5)
#484    StatefulElement._firstBuild (package:flutter/src/widgets/framework.dart:5973:11)
#485    ComponentElement.mount (package:flutter/src/widgets/framework.dart:5793:5)
#486    Element.inflateWidget (package:flutter/src/widgets/framework.dart:4587:20)
#487    Element.updateChild (package:flutter/src/widgets/framework.dart:4059:18)
#488    ComponentElement.performRebuild (package:flutter/src/widgets/framework.dart:5841:16)
#489    Element.rebuild (package:flutter/src/widgets/framework.dart:5529:7)
#490    ComponentElement._firstBuild (package:flutter/src/widgets/framework.dart:5799:5)
#491    ComponentElement.mount (package:flutter/src/widgets/framework.dart:5793:5)
#492    Element.inflateWidget (package:flutter/src/widgets/framework.dart:4587:20)
#493    Element.updateChild (package:flutter/src/widgets/framework.dart:4059:18)
#494    SingleChildRenderObjectElement.mount (package:flutter/src/widgets/framework.dart:7115:14)
#495    Element.inflateWidget (package:flutter/src/widgets/framework.dart:4587:20)
#496    Element.updateChild (package:flutter/src/widgets/framework.dart:4059:18)
#497    ComponentElement.performRebuild (package:flutter/src/widgets/framework.dart:5841:16)
#498    StatefulElement.performRebuild (package:flutter/src/widgets/framework.dart:5982:11)
#499    Element.rebuild (package:flutter/src/widgets/framework.dart:5529:7)
#500    ComponentElement._firstBuild (package:flutter/src/widgets/framework.dart:5799:5)
#501    StatefulElement._firstBuild (package:flutter/src/widgets/framework.dart:5973:11)
#502    ComponentElement.mount (package:flutter/src/widgets/framework.dart:5793:5)
#503    Element.inflateWidget (package:flutter/src/widgets/framework.dart:4587:20)
#504    Element.updateChild (package:flutter/src/widgets/framework.dart:4059:18)
#505    ComponentElement.performRebuild (package:flutter/src/widgets/framework.dart:5841:16)
#506    Element.rebuild (package:flutter/src/widgets/framework.dart:5529:7)
#507    ComponentElement._firstBuild (package:flutter/src/widgets/framework.dart:5799:5)
#508    ComponentElement.mount (package:flutter/src/widgets/framework.dart:5793:5)
#509    Element.inflateWidget (package:flutter/src/widgets/framework.dart:4587:20)
#510    Element.updateChild (package:flutter/src/widgets/framework.dart:4059:18)
#511    ComponentElement.performRebuild (package:flutter/src/widgets/framework.dart:5841:16)
#512    Element.rebuild (package:flutter/src/widgets/framework.dart:5529:7)
#513    ComponentElement._firstBuild (package:flutter/src/widgets/framework.dart:5799:5)
#514    ComponentElement.mount (package:flutter/src/widgets/framework.dart:5793:5)
#515    Element.inflateWidget (package:flutter/src/widgets/framework.dart:4587:20)
#516    Element.updateChild (package:flutter/src/widgets/framework.dart:4059:18)
#517    ComponentElement.performRebuild (package:flutter/src/widgets/framework.dart:5841:16)
#518    StatefulElement.performRebuild (package:flutter/src/widgets/framework.dart:5982:11)
#519    Element.rebuild (package:flutter/src/widgets/framework.dart:5529:7)
#520    ComponentElement._firstBuild (package:flutter/src/widgets/framework.dart:5799:5)
#521    StatefulElement._firstBuild (package:flutter/src/widgets/framework.dart:5973:11)
#522    ComponentElement.mount (package:flutter/src/widgets/framework.dart:5793:5)
#523    Element.inflateWidget (package:flutter/src/widgets/framework.dart:4587:20)
#524    Element.updateChild (package:flutter/src/widgets/framework.dart:4059:18)
#525    ComponentElement.performRebuild (package:flutter/src/widgets/framework.dart:5841:16)
#526    Element.rebuild (package:flutter/src/widgets/framework.dart:5529:7)
#527    ComponentElement._firstBuild (package:flutter/src/widgets/framework.dart:5799:5)
#528    ComponentElement.mount (package:flutter/src/widgets/framework.dart:5793:5)
#529    Element.inflateWidget (package:flutter/src/widgets/framework.dart:4587:20)
#530    Element.updateChild (package:flutter/src/widgets/framework.dart:4059:18)
#531    ComponentElement.performRebuild (package:flutter/src/widgets/framework.dart:5841:16)
#532    Element.rebuild (package:flutter/src/widgets/framework.dart:5529:7)
#533    ComponentElement._firstBuild (package:flutter/src/widgets/framework.dart:5799:5)
#534    ComponentElement.mount (package:flutter/src/widgets/framework.dart:5793:5)
#535    Element.inflateWidget (package:flutter/src/widgets/framework.dart:4587:20)
#536    Element.updateChild (package:flutter/src/widgets/framework.dart:4059:18)
#537    ComponentElement.performRebuild (package:flutter/src/widgets/framework.dart:5841:16)
#538    Element.rebuild (package:flutter/src/widgets/framework.dart:5529:7)
#539    ComponentElement._firstBuild (package:flutter/src/widgets/framework.dart:5799:5)
#540    ComponentElement.mount (package:flutter/src/widgets/framework.dart:5793:5)
#541    Element.inflateWidget (package:flutter/src/widgets/framework.dart:4587:20)
#542    Element.updateChild (package:flutter/src/widgets/framework.dart:4059:18)
#543    ComponentElement.performRebuild (package:flutter/src/widgets/framework.dart:5841:16)
#544    Element.rebuild (package:flutter/src/widgets/framework.dart:5529:7)
#545    ComponentElement._firstBuild (package:flutter/src/widgets/framework.dart:5799:5)
#546    ComponentElement.mount (package:flutter/src/widgets/framework.dart:5793:5)
#547    Element.inflateWidget (package:flutter/src/widgets/framework.dart:4587:20)
#548    Element.updateChild (package:flutter/src/widgets/framework.dart:4059:18)
#549    ComponentElement.performRebuild (package:flutter/src/widgets/framework.dart:5841:16)
#550    Element.rebuild (package:flutter/src/widgets/framework.dart:5529:7)
#551    ComponentElement._firstBuild (package:flutter/src/widgets/framework.dart:5799:5)
#552    ComponentElement.mount (package:flutter/src/widgets/framework.dart:5793:5)
#553    Element.inflateWidget (package:flutter/src/widgets/framework.dart:4587:20)
#554    Element.updateChild (package:flutter/src/widgets/framework.dart:4059:18)
#555    ComponentElement.performRebuild (package:flutter/src/widgets/framework.dart:5841:16)
#556    Element.rebuild (package:flutter/src/widgets/framework.dart:5529:7)
#557    ComponentElement._firstBuild (package:flutter/src/widgets/framework.dart:5799:5)
#558    ComponentElement.mount (package:flutter/src/widgets/framework.dart:5793:5)
#559    Element.inflateWidget (package:flutter/src/widgets/framework.dart:4587:20)
#560    Element.updateChild (package:flutter/src/widgets/framework.dart:4059:18)
#561    ComponentElement.performRebuild (package:flutter/src/widgets/framework.dart:5841:16)
#562    Element.rebuild (package:flutter/src/widgets/framework.dart:5529:7)
#563    ComponentElement._firstBuild (package:flutter/src/widgets/framework.dart:5799:5)
#564    ComponentElement.mount (package:flutter/src/widgets/framework.dart:5793:5)
#565    Element.inflateWidget (package:flutter/src/widgets/framework.dart:4587:20)
#566    Element.updateChild (package:flutter/src/widgets/framework.dart:4059:18)
#567    ComponentElement.performRebuild (package:flutter/src/widgets/framework.dart:5841:16)
#568    StatefulElement.performRebuild (package:flutter/src/widgets/framework.dart:5982:11)
#569    Element.rebuild (package:flutter/src/widgets/framework.dart:5529:7)
#570    ComponentElement._firstBuild (package:flutter/src/widgets/framework.dart:5799:5)
#571    StatefulElement._firstBuild (package:flutter/src/widgets/framework.dart:5973:11)
#572    ComponentElement.mount (package:flutter/src/widgets/framework.dart:5793:5)
#573    Element.inflateWidget (package:flutter/src/widgets/framework.dart:4587:20)
#574    Element.updateChild (package:flutter/src/widgets/framework.dart:4059:18)
#575    ComponentElement.performRebuild (package:flutter/src/widgets/framework.dart:5841:16)
#576    Element.rebuild (package:flutter/src/widgets/framework.dart:5529:7)
#577    ComponentElement._firstBuild (package:flutter/src/widgets/framework.dart:5799:5)
#578    ComponentElement.mount (package:flutter/src/widgets/framework.dart:5793:5)
#579    Element.inflateWidget (package:flutter/src/widgets/framework.dart:4587:20)
#580    Element.updateChild (package:flutter/src/widgets/framework.dart:4059:18)
#581    ComponentElement.performRebuild (package:flutter/src/widgets/framework.dart:5841:16)
#582    Element.rebuild (package:flutter/src/widgets/framework.dart:5529:7)
#583    ComponentElement._firstBuild (package:flutter/src/widgets/framework.dart:5799:5)
#584    ComponentElement.mount (package:flutter/src/widgets/framework.dart:5793:5)
#585    Element.inflateWidget (package:flutter/src/widgets/framework.dart:4587:20)
#586    Element.updateChild (package:flutter/src/widgets/framework.dart:4059:18)
#587    ComponentElement.performRebuild (package:flutter/src/widgets/framework.dart:5841:16)
#588    StatefulElement.performRebuild (package:flutter/src/widgets/framework.dart:5982:11)
#589    Element.rebuild (package:flutter/src/widgets/framework.dart:5529:7)
#590    ComponentElement._firstBuild (package:flutter/src/widgets/framework.dart:5799:5)
#591    StatefulElement._firstBuild (package:flutter/src/widgets/framework.dart:5973:11)
#592    ComponentElement.mount (package:flutter/src/widgets/framework.dart:5793:5)
#593    Element.inflateWidget (package:flutter/src/widgets/framework.dart:4587:20)
#594    Element.updateChild (package:flutter/src/widgets/framework.dart:4059:18)
#595    SingleChildRenderObjectElement.mount (package:flutter/src/widgets/framework.dart:7115:14)
#596    Element.inflateWidget (package:flutter/src/widgets/framework.dart:4587:20)
#597    Element.updateChild (package:flutter/src/widgets/framework.dart:4059:18)
#598    ComponentElement.performRebuild (package:flutter/src/widgets/framework.dart:5841:16)
#599    StatefulElement.performRebuild (package:flutter/src/widgets/framework.dart:5982:11)
#600    Element.rebuild (package:flutter/src/widgets/framework.dart:5529:7)
#601    ComponentElement._firstBuild (package:flutter/src/widgets/framework.dart:5799:5)
#602    StatefulElement._firstBuild (package:flutter/src/widgets/framework.dart:5973:11)
#603    ComponentElement.mount (package:flutter/src/widgets/framework.dart:5793:5)
#604    Element.inflateWidget (package:flutter/src/widgets/framework.dart:4587:20)
#605    Element.updateChild (package:flutter/src/widgets/framework.dart:4059:18)
#606    ComponentElement.performRebuild (package:flutter/src/widgets/framework.dart:5841:16)
#607    Element.rebuild (package:flutter/src/widgets/framework.dart:5529:7)
#608    ComponentElement._firstBuild (package:flutter/src/widgets/framework.dart:5799:5)
#609    ComponentElement.mount (package:flutter/src/widgets/framework.dart:5793:5)
#610    Element.inflateWidget (package:flutter/src/widgets/framework.dart:4587:20)
#611    Element.updateChild (package:flutter/src/widgets/framework.dart:4059:18)
#612    SingleChildRenderObjectElement.mount (package:flutter/src/widgets/framework.dart:7115:14)
#613    Element.inflateWidget (package:flutter/src/widgets/framework.dart:4587:20)
#614    Element.updateChild (package:flutter/src/widgets/framework.dart:4059:18)
#615    ComponentElement.performRebuild (package:flutter/src/widgets/framework.dart:5841:16)
#616    Element.rebuild (package:flutter/src/widgets/framework.dart:5529:7)
#617    ComponentElement._firstBuild (package:flutter/src/widgets/framework.dart:5799:5)
#618    ComponentElement.mount (package:flutter/src/widgets/framework.dart:5793:5)
#619    Element.inflateWidget (package:flutter/src/widgets/framework.dart:4587:20)
#620    Element.updateChild (package:flutter/src/widgets/framework.dart:4059:18)
#621    ComponentElement.performRebuild (package:flutter/src/widgets/framework.dart:5841:16)
#622    StatefulElement.performRebuild (package:flutter/src/widgets/framework.dart:5982:11)
#623    Element.rebuild (package:flutter/src/widgets/framework.dart:5529:7)
#624    ComponentElement._firstBuild (package:flutter/src/widgets/framework.dart:5799:5)
#625    StatefulElement._firstBuild (package:flutter/src/widgets/framework.dart:5973:11)
#626    ComponentElement.mount (package:flutter/src/widgets/framework.dart:5793:5)
#627    Element.inflateWidget (package:flutter/src/widgets/framework.dart:4587:20)
#628    Element.updateChild (package:flutter/src/widgets/framework.dart:4059:18)
#629    ComponentElement.performRebuild (package:flutter/src/widgets/framework.dart:5841:16)
#630    StatefulElement.performRebuild (package:flutter/src/widgets/framework.dart:5982:11)
#631    Element.rebuild (package:flutter/src/widgets/framework.dart:5529:7)
#632    ComponentElement._firstBuild (package:flutter/src/widgets/framework.dart:5799:5)
#633    StatefulElement._firstBuild (package:flutter/src/widgets/framework.dart:5973:11)
#634    ComponentElement.mount (package:flutter/src/widgets/framework.dart:5793:5)
#635    Element.inflateWidget (package:flutter/src/widgets/framework.dart:4587:20)
#636    Element.updateChild (package:flutter/src/widgets/framework.dart:4059:18)
#637    ComponentElement.performRebuild (package:flutter/src/widgets/framework.dart:5841:16)
#638    Element.rebuild (package:flutter/src/widgets/framework.dart:5529:7)
#639    ComponentElement._firstBuild (package:flutter/src/widgets/framework.dart:5799:5)
#640    ComponentElement.mount (package:flutter/src/widgets/framework.dart:5793:5)
#641    Element.inflateWidget (package:flutter/src/widgets/framework.dart:4587:20)
#642    Element.updateChild (package:flutter/src/widgets/framework.dart:4059:18)
#643    ComponentElement.performRebuild (package:flutter/src/widgets/framework.dart:5841:16)
#644    Element.rebuild (package:flutter/src/widgets/framework.dart:5529:7)
#645    ComponentElement._firstBuild (package:flutter/src/widgets/framework.dart:5799:5)
#646    ComponentElement.mount (package:flutter/src/widgets/framework.dart:5793:5)
#647    Element.inflateWidget (package:flutter/src/widgets/framework.dart:4587:20)
#648    Element.updateChild (package:flutter/src/widgets/framework.dart:4059:18)
#649    SingleChildRenderObjectElement.mount (package:flutter/src/widgets/framework.dart:7115:14)
#650    Element.inflateWidget (package:flutter/src/widgets/framework.dart:4587:20)
#651    Element.updateChild (package:flutter/src/widgets/framework.dart:4059:18)
#652    ComponentElement.performRebuild (package:flutter/src/widgets/framework.dart:5841:16)
#653    StatefulElement.performRebuild (package:flutter/src/widgets/framework.dart:5982:11)
#654    Element.rebuild (package:flutter/src/widgets/framework.dart:5529:7)
#655    ComponentElement._firstBuild (package:flutter/src/widgets/framework.dart:5799:5)
#656    StatefulElement._firstBuild (package:flutter/src/widgets/framework.dart:5973:11)
#657    ComponentElement.mount (package:flutter/src/widgets/framework.dart:5793:5)
#658    Element.inflateWidget (package:flutter/src/widgets/framework.dart:4587:20)
#659    Element.updateChild (package:flutter/src/widgets/framework.dart:4059:18)
#660    ComponentElement.performRebuild (package:flutter/src/widgets/framework.dart:5841:16)
#661    StatefulElement.performRebuild (package:flutter/src/widgets/framework.dart:5982:11)
#662    Element.rebuild (package:flutter/src/widgets/framework.dart:5529:7)
#663    ComponentElement._firstBuild (package:flutter/src/widgets/framework.dart:5799:5)
#664    StatefulElement._firstBuild (package:flutter/src/widgets/framework.dart:5973:11)
#665    ComponentElement.mount (package:flutter/src/widgets/framework.dart:5793:5)
#666    Element.inflateWidget (package:flutter/src/widgets/framework.dart:4587:20)
#667    Element.updateChild (package:flutter/src/widgets/framework.dart:4059:18)
#668    SingleChildRenderObjectElement.mount (package:flutter/src/widgets/framework.dart:7115:14)
#669    Element.inflateWidget (package:flutter/src/widgets/framework.dart:4587:20)
#670    Element.updateChild (package:flutter/src/widgets/framework.dart:4059:18)
#671    ComponentElement.performRebuild (package:flutter/src/widgets/framework.dart:5841:16)
#672    Element.rebuild (package:flutter/src/widgets/framework.dart:5529:7)
#673    ComponentElement._firstBuild (package:flutter/src/widgets/framework.dart:5799:5)
#674    ComponentElement.mount (package:flutter/src/widgets/framework.dart:5793:5)
#675    Element.inflateWidget (package:flutter/src/widgets/framework.dart:4587:20)
#676    Element.updateChild (package:flutter/src/widgets/framework.dart:4059:18)
#677    ComponentElement.performRebuild (package:flutter/src/widgets/framework.dart:5841:16)
#678    StatefulElement.performRebuild (package:flutter/src/widgets/framework.dart:5982:11)
#679    Element.rebuild (package:flutter/src/widgets/framework.dart:5529:7)
#680    ComponentElement._firstBuild (package:flutter/src/widgets/framework.dart:5799:5)
#681    StatefulElement._firstBuild (package:flutter/src/widgets/framework.dart:5973:11)
#682    ComponentElement.mount (package:flutter/src/widgets/framework.dart:5793:5)
#683    Element.inflateWidget (package:flutter/src/widgets/framework.dart:4587:20)
#684    Element.updateChild (package:flutter/src/widgets/framework.dart:4059:18)
#685    ComponentElement.performRebuild (package:flutter/src/widgets/framework.dart:5841:16)
#686    StatefulElement.performRebuild (package:flutter/src/widgets/framework.dart:5982:11)
#687    Element.rebuild (package:flutter/src/widgets/framework.dart:5529:7)
#688    ComponentElement._firstBuild (package:flutter/src/widgets/framework.dart:5799:5)
#689    StatefulElement._firstBuild (package:flutter/src/widgets/framework.dart:5973:11)
#690    ComponentElement.mount (package:flutter/src/widgets/framework.dart:5793:5)
#691    Element.inflateWidget (package:flutter/src/widgets/framework.dart:4587:20)
#692    Element.updateChild (package:flutter/src/widgets/framework.dart:4059:18)
#693    ComponentElement.performRebuild (package:flutter/src/widgets/framework.dart:5841:16)
#694    Element.rebuild (package:flutter/src/widgets/framework.dart:5529:7)
#695    ComponentElement._firstBuild (package:flutter/src/widgets/framework.dart:5799:5)
#696    ComponentElement.mount (package:flutter/src/widgets/framework.dart:5793:5)
#697    Element.inflateWidget (package:flutter/src/widgets/framework.dart:4587:20)
#698    Element.updateChild (package:flutter/src/widgets/framework.dart:4059:18)
#699    ComponentElement.performRebuild (package:flutter/src/widgets/framework.dart:5841:16)
#700    StatefulElement.performRebuild (package:flutter/src/widgets/framework.dart:5982:11)
#701    Element.rebuild (package:flutter/src/widgets/framework.dart:5529:7)
#702    ComponentElement._firstBuild (package:flutter/src/widgets/framework.dart:5799:5)
#703    StatefulElement._firstBuild (package:flutter/src/widgets/framework.dart:5973:11)
#704    ComponentElement.mount (package:flutter/src/widgets/framework.dart:5793:5)
#705    Element.inflateWidget (package:flutter/src/widgets/framework.dart:4587:20)
#706    Element.updateChild (package:flutter/src/widgets/framework.dart:4059:18)
#707    SingleChildRenderObjectElement.mount (package:flutter/src/widgets/framework.dart:7115:14)
#708    Element.inflateWidget (package:flutter/src/widgets/framework.dart:4587:20)
#709    Element.updateChild (package:flutter/src/widgets/framework.dart:4059:18)
#710    ComponentElement.performRebuild (package:flutter/src/widgets/framework.dart:5841:16)
#711    Element.rebuild (package:flutter/src/widgets/framework.dart:5529:7)
#712    ComponentElement._firstBuild (package:flutter/src/widgets/framework.dart:5799:5)
#713    ComponentElement.mount (package:flutter/src/widgets/framework.dart:5793:5)
#714    Element.inflateWidget (package:flutter/src/widgets/framework.dart:4587:20)
#715    Element.updateChild (package:flutter/src/widgets/framework.dart:4059:18)
#716    ComponentElement.performRebuild (package:flutter/src/widgets/framework.dart:5841:16)
#717    StatefulElement.performRebuild (package:flutter/src/widgets/framework.dart:5982:11)
#718    Element.rebuild (package:flutter/src/widgets/framework.dart:5529:7)
#719    ComponentElement._firstBuild (package:flutter/src/widgets/framework.dart:5799:5)
#720    StatefulElement._firstBuild (package:flutter/src/widgets/framework.dart:5973:11)
#721    ComponentElement.mount (package:flutter/src/widgets/framework.dart:5793:5)
#722    Element.inflateWidget (package:flutter/src/widgets/framework.dart:4587:20)
#723    Element.updateChild (package:flutter/src/widgets/framework.dart:4059:18)
#724    ComponentElement.performRebuild (package:flutter/src/widgets/framework.dart:5841:16)
#725    StatefulElement.performRebuild (package:flutter/src/widgets/framework.dart:5982:11)
#726    Element.rebuild (package:flutter/src/widgets/framework.dart:5529:7)
#727    ComponentElement._firstBuild (package:flutter/src/widgets/framework.dart:5799:5)
#728    StatefulElement._firstBuild (package:flutter/src/widgets/framework.dart:5973:11)
#729    ComponentElement.mount (package:flutter/src/widgets/framework.dart:5793:5)
#730    Element.inflateWidget (package:flutter/src/widgets/framework.dart:4587:20)
#731    Element.updateChild (package:flutter/src/widgets/framework.dart:4059:18)
#732    ComponentElement.performRebuild (package:flutter/src/widgets/framework.dart:5841:16)
#733    Element.rebuild (package:flutter/src/widgets/framework.dart:5529:7)
#734    ComponentElement._firstBuild (package:flutter/src/widgets/framework.dart:5799:5)
#735    ComponentElement.mount (package:flutter/src/widgets/framework.dart:5793:5)
#736    Element.inflateWidget (package:flutter/src/widgets/framework.dart:4587:20)
#737    Element.updateChild (package:flutter/src/widgets/framework.dart:4059:18)
#738    ComponentElement.performRebuild (package:flutter/src/widgets/framework.dart:5841:16)
#739    StatefulElement.performRebuild (package:flutter/src/widgets/framework.dart:5982:11)
#740    Element.rebuild (package:flutter/src/widgets/framework.dart:5529:7)
#741    ComponentElement._firstBuild (package:flutter/src/widgets/framework.dart:5799:5)
#742    StatefulElement._firstBuild (package:flutter/src/widgets/framework.dart:5973:11)
#743    ComponentElement.mount (package:flutter/src/widgets/framework.dart:5793:5)
#744    Element.inflateWidget (package:flutter/src/widgets/framework.dart:4587:20)
#745    Element.updateChild (package:flutter/src/widgets/framework.dart:4059:18)
#746    SingleChildRenderObjectElement.mount (package:flutter/src/widgets/framework.dart:7115:14)
#747    Element.inflateWidget (package:flutter/src/widgets/framework.dart:4587:20)
#748    Element.updateChild (package:flutter/src/widgets/framework.dart:4059:18)
#749    ComponentElement.performRebuild (package:flutter/src/widgets/framework.dart:5841:16)
#750    Element.rebuild (package:flutter/src/widgets/framework.dart:5529:7)
#751    ComponentElement._firstBuild (package:flutter/src/widgets/framework.dart:5799:5)
#752    ComponentElement.mount (package:flutter/src/widgets/framework.dart:5793:5)
#753    Element.inflateWidget (package:flutter/src/widgets/framework.dart:4587:20)
#754    Element.updateChild (package:flutter/src/widgets/framework.dart:4059:18)
#755    ComponentElement.performRebuild (package:flutter/src/widgets/framework.dart:5841:16)
#756    StatefulElement.performRebuild (package:flutter/src/widgets/framework.dart:5982:11)
#757    Element.rebuild (package:flutter/src/widgets/framework.dart:5529:7)
#758    ComponentElement._firstBuild (package:flutter/src/widgets/framework.dart:5799:5)
#759    StatefulElement._firstBuild (package:flutter/src/widgets/framework.dart:5973:11)
#760    ComponentElement.mount (package:flutter/src/widgets/framework.dart:5793:5)
#761    Element.inflateWidget (package:flutter/src/widgets/framework.dart:4587:20)
#762    Element.updateChild (package:flutter/src/widgets/framework.dart:4059:18)
#763    ComponentElement.performRebuild (package:flutter/src/widgets/framework.dart:5841:16)
#764    StatefulElement.performRebuild (package:flutter/src/widgets/framework.dart:5982:11)
#765    Element.rebuild (package:flutter/src/widgets/framework.dart:5529:7)
#766    ComponentElement._firstBuild (package:flutter/src/widgets/framework.dart:5799:5)
#767    StatefulElement._firstBuild (package:flutter/src/widgets/framework.dart:5973:11)
#768    ComponentElement.mount (package:flutter/src/widgets/framework.dart:5793:5)
#769    Element.inflateWidget (package:flutter/src/widgets/framework.dart:4587:20)
#770    Element.updateChild (package:flutter/src/widgets/framework.dart:4059:18)
#771    ComponentElement.performRebuild (package:flutter/src/widgets/framework.dart:5841:16)
#772    Element.rebuild (package:flutter/src/widgets/framework.dart:5529:7)
#773    ComponentElement._firstBuild (package:flutter/src/widgets/framework.dart:5799:5)
#774    ComponentElement.mount (package:flutter/src/widgets/framework.dart:5793:5)
#775    Element.inflateWidget (package:flutter/src/widgets/framework.dart:4587:20)
#776    Element.updateChild (package:flutter/src/widgets/framework.dart:4059:18)
#777    SingleChildRenderObjectElement.mount (package:flutter/src/widgets/framework.dart:7115:14)
#778    Element.inflateWidget (package:flutter/src/widgets/framework.dart:4587:20)
#779    Element.updateChild (package:flutter/src/widgets/framework.dart:4059:18)
#780    ComponentElement.performRebuild (package:flutter/src/widgets/framework.dart:5841:16)
#781    Element.rebuild (package:flutter/src/widgets/framework.dart:5529:7)
#782    ComponentElement._firstBuild (package:flutter/src/widgets/framework.dart:5799:5)
#783    ComponentElement.mount (package:flutter/src/widgets/framework.dart:5793:5)
#784    Element.inflateWidget (package:flutter/src/widgets/framework.dart:4587:20)
#785    Element.updateChild (package:flutter/src/widgets/framework.dart:4059:18)
#786    ComponentElement.performRebuild (package:flutter/src/widgets/framework.dart:5841:16)
#787    StatefulElement.performRebuild (package:flutter/src/widgets/framework.dart:5982:11)
#788    Element.rebuild (package:flutter/src/widgets/framework.dart:5529:7)
#789    ComponentElement._firstBuild (package:flutter/src/widgets/framework.dart:5799:5)
#790    StatefulElement._firstBuild (package:flutter/src/widgets/framework.dart:5973:11)
#791    ComponentElement.mount (package:flutter/src/widgets/framework.dart:5793:5)
#792    Element.inflateWidget (package:flutter/src/widgets/framework.dart:4587:20)
#793    Element.updateChild (package:flutter/src/widgets/framework.dart:4059:18)
#794    ComponentElement.performRebuild (package:flutter/src/widgets/framework.dart:5841:16)
#795    StatefulElement.performRebuild (package:flutter/src/widgets/framework.dart:5982:11)
#796    Element.rebuild (package:flutter/src/widgets/framework.dart:5529:7)
#797    ComponentElement._firstBuild (package:flutter/src/widgets/framework.dart:5799:5)
#798    StatefulElement._firstBuild (package:flutter/src/widgets/framework.dart:5973:11)
#799    ComponentElement.mount (package:flutter/src/widgets/framework.dart:5793:5)
#800    Element.inflateWidget (package:flutter/src/widgets/framework.dart:4587:20)
#801    Element.updateChild (package:flutter/src/widgets/framework.dart:4059:18)
#802    ComponentElement.performRebuild (package:flutter/src/widgets/framework.dart:5841:16)
#803    Element.rebuild (package:flutter/src/widgets/framework.dart:5529:7)
#804    ComponentElement._firstBuild (package:flutter/src/widgets/framework.dart:5799:5)
#805    ComponentElement.mount (package:flutter/src/widgets/framework.dart:5793:5)
#806    Element.inflateWidget (package:flutter/src/widgets/framework.dart:4587:20)
#807    Element.updateChild (package:flutter/src/widgets/framework.dart:4059:18)
#808    ComponentElement.performRebuild (package:flutter/src/widgets/framework.dart:5841:16)
#809    Element.rebuild (package:flutter/src/widgets/framework.dart:5529:7)
#810    ComponentElement._firstBuild (package:flutter/src/widgets/framework.dart:5799:5)
#811    ComponentElement.mount (package:flutter/src/widgets/framework.dart:5793:5)
#812    Element.inflateWidget (package:flutter/src/widgets/framework.dart:4587:20)
#813    Element.updateChild (package:flutter/src/widgets/framework.dart:4059:18)
#814    ComponentElement.performRebuild (package:flutter/src/widgets/framework.dart:5841:16)
#815    StatefulElement.performRebuild (package:flutter/src/widgets/framework.dart:5982:11)
#816    Element.rebuild (package:flutter/src/widgets/framework.dart:5529:7)
#817    ComponentElement._firstBuild (package:flutter/src/widgets/framework.dart:5799:5)
#818    StatefulElement._firstBuild (package:flutter/src/widgets/framework.dart:5973:11)
#819    ComponentElement.mount (package:flutter/src/widgets/framework.dart:5793:5)
#820    Element.inflateWidget (package:flutter/src/widgets/framework.dart:4587:20)
#821    Element.updateChild (package:flutter/src/widgets/framework.dart:4059:18)
#822    ComponentElement.performRebuild (package:flutter/src/widgets/framework.dart:5841:16)
#823    Element.rebuild (package:flutter/src/widgets/framework.dart:5529:7)
#824    ComponentElement._firstBuild (package:flutter/src/widgets/framework.dart:5799:5)
#825    ComponentElement.mount (package:flutter/src/widgets/framework.dart:5793:5)
#826    Element.inflateWidget (package:flutter/src/widgets/framework.dart:4587:20)
#827    Element.updateChild (package:flutter/src/widgets/framework.dart:4059:18)
#828    ComponentElement.performRebuild (package:flutter/src/widgets/framework.dart:5841:16)
#829    StatefulElement.performRebuild (package:flutter/src/widgets/framework.dart:5982:11)
#830    Element.rebuild (package:flutter/src/widgets/framework.dart:5529:7)
#831    ComponentElement._firstBuild (package:flutter/src/widgets/framework.dart:5799:5)
#832    StatefulElement._firstBuild (package:flutter/src/widgets/framework.dart:5973:11)
#833    ComponentElement.mount (package:flutter/src/widgets/framework.dart:5793:5)
#834    Element.inflateWidget (package:flutter/src/widgets/framework.dart:4587:20)
#835    Element.updateChild (package:flutter/src/widgets/framework.dart:4059:18)
#836    ComponentElement.performRebuild (package:flutter/src/widgets/framework.dart:5841:16)
#837    Element.rebuild (package:flutter/src/widgets/framework.dart:5529:7)
#838    ComponentElement._firstBuild (package:flutter/src/widgets/framework.dart:5799:5)
#839    ComponentElement.mount (package:flutter/src/widgets/framework.dart:5793:5)
#840    Element.inflateWidget (package:flutter/src/widgets/framework.dart:4587:20)
#841    Element.updateChild (package:flutter/src/widgets/framework.dart:4059:18)
#842    ComponentElement.performRebuild (package:flutter/src/widgets/framework.dart:5841:16)
#843    StatefulElement.performRebuild (package:flutter/src/widgets/framework.dart:5982:11)
#844    Element.rebuild (package:flutter/src/widgets/framework.dart:5529:7)
#845    ComponentElement._firstBuild (package:flutter/src/widgets/framework.dart:5799:5)
#846    StatefulElement._firstBuild (package:flutter/src/widgets/framework.dart:5973:11)
#847    ComponentElement.mount (package:flutter/src/widgets/framework.dart:5793:5)
#848    Element.inflateWidget (package:flutter/src/widgets/framework.dart:4587:20)
#849    Element.updateChild (package:flutter/src/widgets/framework.dart:4059:18)
#850    ComponentElement.performRebuild (package:flutter/src/widgets/framework.dart:5841:16)
#851    StatefulElement.performRebuild (package:flutter/src/widgets/framework.dart:5982:11)
#852    Element.rebuild (package:flutter/src/widgets/framework.dart:5529:7)
#853    ComponentElement._firstBuild (package:flutter/src/widgets/framework.dart:5799:5)
#854    StatefulElement._firstBuild (package:flutter/src/widgets/framework.dart:5973:11)
#855    ComponentElement.mount (package:flutter/src/widgets/framework.dart:5793:5)
#856    Element.inflateWidget (package:flutter/src/widgets/framework.dart:4587:20)
#857    Element.updateChild (package:flutter/src/widgets/framework.dart:4059:18)
#858    ComponentElement.performRebuild (package:flutter/src/widgets/framework.dart:5841:16)
#859    Element.rebuild (package:flutter/src/widgets/framework.dart:5529:7)
#860    ComponentElement._firstBuild (package:flutter/src/widgets/framework.dart:5799:5)
#861    ComponentElement.mount (package:flutter/src/widgets/framework.dart:5793:5)
#862    Element.inflateWidget (package:flutter/src/widgets/framework.dart:4587:20)
#863    Element.updateChild (package:flutter/src/widgets/framework.dart:4059:18)
#864    ComponentElement.performRebuild (package:flutter/src/widgets/framework.dart:5841:16)
#865    Element.rebuild (package:flutter/src/widgets/framework.dart:5529:7)
#866    ComponentElement._firstBuild (package:flutter/src/widgets/framework.dart:5799:5)
#867    ComponentElement.mount (package:flutter/src/widgets/framework.dart:5793:5)
#868    Element.inflateWidget (package:flutter/src/widgets/framework.dart:4587:20)
#869    Element.updateChild (package:flutter/src/widgets/framework.dart:4059:18)
#870    ComponentElement.performRebuild (package:flutter/src/widgets/framework.dart:5841:16)
#871    StatefulElement.performRebuild (package:flutter/src/widgets/framework.dart:5982:11)
#872    Element.rebuild (package:flutter/src/widgets/framework.dart:5529:7)
#873    ComponentElement._firstBuild (package:flutter/src/widgets/framework.dart:5799:5)
#874    StatefulElement._firstBuild (package:flutter/src/widgets/framework.dart:5973:11)
#875    ComponentElement.mount (package:flutter/src/widgets/framework.dart:5793:5)
#876    Element.inflateWidget (package:flutter/src/widgets/framework.dart:4587:20)
#877    Element.updateChild (package:flutter/src/widgets/framework.dart:4059:18)
#878    ComponentElement.performRebuild (package:flutter/src/widgets/framework.dart:5841:16)
#879    Element.rebuild (package:flutter/src/widgets/framework.dart:5529:7)
#880    ComponentElement._firstBuild (package:flutter/src/widgets/framework.dart:5799:5)
#881    ComponentElement.mount (package:flutter/src/widgets/framework.dart:5793:5)
#882    Element.inflateWidget (package:flutter/src/widgets/framework.dart:4587:20)
#883    Element.updateChild (package:flutter/src/widgets/framework.dart:4059:18)
#884    ComponentElement.performRebuild (package:flutter/src/widgets/framework.dart:5841:16)
#885    StatefulElement.performRebuild (package:flutter/src/widgets/framework.dart:5982:11)
#886    Element.rebuild (package:flutter/src/widgets/framework.dart:5529:7)
#887    ComponentElement._firstBuild (package:flutter/src/widgets/framework.dart:5799:5)
#888    StatefulElement._firstBuild (package:flutter/src/widgets/framework.dart:5973:11)
#889    ComponentElement.mount (package:flutter/src/widgets/framework.dart:5793:5)
#890    Element.inflateWidget (package:flutter/src/widgets/framework.dart:4587:20)
#891    Element.updateChild (package:flutter/src/widgets/framework.dart:4059:18)
#892    ComponentElement.performRebuild (package:flutter/src/widgets/framework.dart:5841:16)
#893    StatefulElement.performRebuild (package:flutter/src/widgets/framework.dart:5982:11)
#894    Element.rebuild (package:flutter/src/widgets/framework.dart:5529:7)
#895    ComponentElement._firstBuild (package:flutter/src/widgets/framework.dart:5799:5)
#896    StatefulElement._firstBuild (package:flutter/src/widgets/framework.dart:5973:11)
#897    ComponentElement.mount (package:flutter/src/widgets/framework.dart:5793:5)
#898    Element.inflateWidget (package:flutter/src/widgets/framework.dart:4587:20)
#899    Element.updateChild (package:flutter/src/widgets/framework.dart:4053:20)
#900    ComponentElement.performRebuild (package:flutter/src/widgets/framework.dart:5841:16)
#901    Element.rebuild (package:flutter/src/widgets/framework.dart:5529:7)
#902    ProxyElement.update (package:flutter/src/widgets/framework.dart:6149:5)
#903    _InheritedNotifierElement.update (package:flutter/src/widgets/inherited_notifier.dart:108:11)
#904    Element.updateChild (package:flutter/src/widgets/framework.dart:4037:15)
#905    ComponentElement.performRebuild (package:flutter/src/widgets/framework.dart:5841:16)
#906    StatefulElement.performRebuild (package:flutter/src/widgets/framework.dart:5982:11)
#907    Element.rebuild (package:flutter/src/widgets/framework.dart:5529:7)
#908    StatefulElement.update (package:flutter/src/widgets/framework.dart:6007:5)
#909    Element.updateChild (package:flutter/src/widgets/framework.dart:4037:15)
#910    ComponentElement.performRebuild (package:flutter/src/widgets/framework.dart:5841:16)
#911    Element.rebuild (package:flutter/src/widgets/framework.dart:5529:7)
#912    ProxyElement.update (package:flutter/src/widgets/framework.dart:6149:5)
#913    _InheritedNotifierElement.update (package:flutter/src/widgets/inherited_notifier.dart:108:11)
#914    Element.updateChild (package:flutter/src/widgets/framework.dart:4037:15)
#915    ComponentElement.performRebuild (package:flutter/src/widgets/framework.dart:5841:16)
#916    StatefulElement.performRebuild (package:flutter/src/widgets/framework.dart:5982:11)
#917    Element.rebuild (package:flutter/src/widgets/framework.dart:5529:7)
#918    StatefulElement.update (package:flutter/src/widgets/framework.dart:6007:5)
#919    Element.updateChild (package:flutter/src/widgets/framework.dart:4037:15)
#920    ComponentElement.performRebuild (package:flutter/src/widgets/framework.dart:5841:16)
#921    StatefulElement.performRebuild (package:flutter/src/widgets/framework.dart:5982:11)
#922    Element.rebuild (package:flutter/src/widgets/framework.dart:5529:7)
#923    StatefulElement.update (package:flutter/src/widgets/framework.dart:6007:5)
#924    Element.updateChild (package:flutter/src/widgets/framework.dart:4037:15)
#925    ComponentElement.performRebuild (package:flutter/src/widgets/framework.dart:5841:16)
#926    Element.rebuild (package:flutter/src/widgets/framework.dart:5529:7)
#927    ProxyElement.update (package:flutter/src/widgets/framework.dart:6149:5)
#928    Element.updateChild (package:flutter/src/widgets/framework.dart:4037:15)
#929    ComponentElement.performRebuild (package:flutter/src/widgets/framework.dart:5841:16)
#930    StatefulElement.performRebuild (package:flutter/src/widgets/framework.dart:5982:11)
#931    Element.rebuild (package:flutter/src/widgets/framework.dart:5529:7)
#932    StatefulElement.update (package:flutter/src/widgets/framework.dart:6007:5)
#933    Element.updateChild (package:flutter/src/widgets/framework.dart:4037:15)
#934    ComponentElement.performRebuild (package:flutter/src/widgets/framework.dart:5841:16)
#935    Element.rebuild (package:flutter/src/widgets/framework.dart:5529:7)
#936    ProxyElement.update (package:flutter/src/widgets/framework.dart:6149:5)
#937    Element.updateChild (package:flutter/src/widgets/framework.dart:4037:15)
#938    ComponentElement.performRebuild (package:flutter/src/widgets/framework.dart:5841:16)
#939    Element.rebuild (package:flutter/src/widgets/framework.dart:5529:7)
#940    ProxyElement.update (package:flutter/src/widgets/framework.dart:6149:5)
#941    Element.updateChild (package:flutter/src/widgets/framework.dart:4037:15)
#942    _RawViewElement._updateChild (package:flutter/src/widgets/view.dart:481:16)
#943    _RawViewElement.update (package:flutter/src/widgets/view.dart:568:5)
#944    Element.updateChild (package:flutter/src/widgets/framework.dart:4037:15)
#945    ComponentElement.performRebuild (package:flutter/src/widgets/framework.dart:5841:16)
#946    Element.rebuild (package:flutter/src/widgets/framework.dart:5529:7)
#947    StatelessElement.update (package:flutter/src/widgets/framework.dart:5895:5)
#948    Element.updateChild (package:flutter/src/widgets/framework.dart:4037:15)
#949    ComponentElement.performRebuild (package:flutter/src/widgets/framework.dart:5841:16)
#950    StatefulElement.performRebuild (package:flutter/src/widgets/framework.dart:5982:11)
#951    Element.rebuild (package:flutter/src/widgets/framework.dart:5529:7)
#952    StatefulElement.update (package:flutter/src/widgets/framework.dart:6007:5)
#953    Element.updateChild (package:flutter/src/widgets/framework.dart:4037:15)
#954    RootElement._rebuild (package:flutter/src/widgets/binding.dart:2091:16)
#955    RootElement.update (package:flutter/src/widgets/binding.dart:2069:5)
#956    RootElement.performRebuild (package:flutter/src/widgets/binding.dart:2083:7)
#957    Element.rebuild (package:flutter/src/widgets/framework.dart:5529:7)
#958    BuildScope._tryRebuild (package:flutter/src/widgets/framework.dart:2750:15)
#959    BuildScope._flushDirtyElements (package:flutter/src/widgets/framework.dart:2807:11)
#960    BuildOwner.buildScope (package:flutter/src/widgets/framework.dart:3111:18)
#961    AutomatedTestWidgetsFlutterBinding.drawFrame (package:flutter_test/src/binding.dart:2431:19)
#962    RendererBinding._handlePersistentFrameCallback (package:flutter/src/rendering/binding.dart:509:5)
#963    SchedulerBinding._invokeFrameCallback (package:flutter/src/scheduler/binding.dart:1430:15)
#964    SchedulerBinding.handleDrawFrame (package:flutter/src/scheduler/binding.dart:1345:9)
#965    AutomatedTestWidgetsFlutterBinding.pump.<anonymous closure> (package:flutter_test/src/binding.dart:2260:9)
#966    _rootRun (dart:async/zone_root.dart:35:13)
#967    _CustomZone.run (dart:async/zone.dart:726:19)
#968    TestAsyncUtils.guard (package:flutter_test/src/test_async_utils.dart:74:41)
#969    AutomatedTestWidgetsFlutterBinding.pump (package:flutter_test/src/binding.dart:2249:27)
#970    WidgetTester.pumpWidget.<anonymous closure> (package:flutter_test/src/widget_tester.dart:598:22)
#971    _rootRun (dart:async/zone_root.dart:35:13)
#972    _CustomZone.run (dart:async/zone.dart:726:19)
#973    TestAsyncUtils.guard (package:flutter_test/src/test_async_utils.dart:74:41)
#974    WidgetTester.pumpWidget (package:flutter_test/src/widget_tester.dart:595:27)
#975    main.<anonymous closure> (file:///C:/Users/andrvoicu/Desktop/repos/collectarr-app/test/features/library/add/library_add_dialog_test.dart:492:18)
#976    testWidgets.<anonymous closure>.<anonymous closure> (package:flutter_test/src/widget_tester.dart:192:29)
<asynchronous suspension>
#977    TestWidgetsFlutterBinding._runTestBody (package:flutter_test/src/binding.dart:1952:5)
<asynchronous suspension>
#978    StackZoneSpecification._registerCallback.<anonymous closure> (package:stack_trace/src/stack_zone_specification.dart:114:42)
<asynchronous suspension>
This warning will only appear on debug builds.
00:11 +246 -4: C:/Users/andrvoicu/Desktop/repos/collectarr-app/test/features/library/config/presentation/music_library_media_presentation_builder_test.dart: music add preview renders album-style inspector layout
00:11 +247 -4: C:/Users/andrvoicu/Desktop/repos/collectarr-app/test/features/library/detail/bundle_release_contents_section_test.dart: loads bundle contents lazily and renders grouped members
00:11 +247 -4: C:/Users/andrvoicu/Desktop/repos/collectarr-app/test/features/library/add/library_add_dialog_test.dart: comic add dialog uses reviewed cover text when filename is generic
WARNING (drift): It looks like you've created the database class LocalDatabase multiple times. When these two databases use the same QueryExecutor, race conditions will occur and might corrupt the database. 
Try to follow the advice at https://drift.simonbinder.eu/faq/#using-the-database or, if you know what you're doing, set driftRuntimeOptions.dontWarnAboutMultipleDatabases = true
Here is the stacktrace from when the database was opened a second time:
#0      GeneratedDatabase._handleInstantiated (package:drift/src/runtime/api/db_base.dart:96:30)
#1      GeneratedDatabase._whenConstructed (package:drift/src/runtime/api/db_base.dart:73:12)
#2      new GeneratedDatabase (package:drift/src/runtime/api/db_base.dart:64:5)
#3      new _$LocalDatabase (package:collectarr_app/core/db/local_database.g.dart:12351:38)
#4      new LocalDatabase (package:collectarr_app/core/db/local_database.dart:387:9)
#5      localDatabaseProvider.<anonymous closure> (package:collectarr_app/state/local_database_provider.dart:5:14)
#6      Provider.create (package:riverpod/src/providers/provider.dart:59:36)
#7      $ProviderElement.create (package:riverpod/src/providers/provider.dart:343:32)
#8      ProviderElement.buildState (package:riverpod/src/core/element.dart:684:28)
#9      ProviderElement.mount (package:riverpod/src/core/element.dart:537:7)
#10     ProviderElement.flush (package:riverpod/src/core/element.dart:640:7)
#11     $ProviderBaseImpl._addListener (package:riverpod/src/core/provider/provider.dart:119:24)
#12     ProviderContainer.listen (package:riverpod/src/core/provider_container.dart:960:26)
#13     ProviderContainer.read (package:riverpod/src/core/provider_container.dart:917:17)
#14     ConsumerStatefulElement.read (package:flutter_riverpod/src/core/consumer.dart:543:59)
#15     _LibraryAddDialogState._loadAvailableLocations (package:collectarr_app/features/library/add/library_add_dialog.dart:2338:38)
#16     _LibraryAddDialogState.initState (package:collectarr_app/features/library/add/library_add_dialog.dart:659:5)
#17     StatefulElement._firstBuild (package:flutter/src/widgets/framework.dart:5950:55)
#18     ComponentElement.mount (package:flutter/src/widgets/framework.dart:5793:5)
#19     Element.inflateWidget (package:flutter/src/widgets/framework.dart:4587:20)
#20     Element.updateChild (package:flutter/src/widgets/framework.dart:4059:18)
#21     ComponentElement.performRebuild (package:flutter/src/widgets/framework.dart:5841:16)
#22     Element.rebuild (package:flutter/src/widgets/framework.dart:5529:7)
#23     ComponentElement._firstBuild (package:flutter/src/widgets/framework.dart:5799:5)
#24     ComponentElement.mount (package:flutter/src/widgets/framework.dart:5793:5)
#25     Element.inflateWidget (package:flutter/src/widgets/framework.dart:4587:20)
#26     Element.updateChild (package:flutter/src/widgets/framework.dart:4059:18)
#27     ComponentElement.performRebuild (package:flutter/src/widgets/framework.dart:5841:16)
#28     Element.rebuild (package:flutter/src/widgets/framework.dart:5529:7)
#29     ComponentElement._firstBuild (package:flutter/src/widgets/framework.dart:5799:5)
#30     ComponentElement.mount (package:flutter/src/widgets/framework.dart:5793:5)
#31     Element.inflateWidget (package:flutter/src/widgets/framework.dart:4587:20)
#32     Element.updateChild (package:flutter/src/widgets/framework.dart:4059:18)
#33     ComponentElement.performRebuild (package:flutter/src/widgets/framework.dart:5841:16)
#34     Element.rebuild (package:flutter/src/widgets/framework.dart:5529:7)
#35     ComponentElement._firstBuild (package:flutter/src/widgets/framework.dart:5799:5)
#36     ComponentElement.mount (package:flutter/src/widgets/framework.dart:5793:5)
#37     Element.inflateWidget (package:flutter/src/widgets/framework.dart:4587:20)
#38     Element.updateChild (package:flutter/src/widgets/framework.dart:4059:18)
#39     ComponentElement.performRebuild (package:flutter/src/widgets/framework.dart:5841:16)
#40     Element.rebuild (package:flutter/src/widgets/framework.dart:5529:7)
#41     ComponentElement._firstBuild (package:flutter/src/widgets/framework.dart:5799:5)
#42     ComponentElement.mount (package:flutter/src/widgets/framework.dart:5793:5)
#43     Element.inflateWidget (package:flutter/src/widgets/framework.dart:4587:20)
#44     MultiChildRenderObjectElement.inflateWidget (package:flutter/src/widgets/framework.dart:7264:36)
#45     MultiChildRenderObjectElement.mount (package:flutter/src/widgets/framework.dart:7279:32)
#46     Element.inflateWidget (package:flutter/src/widgets/framework.dart:4587:20)
#47     Element.updateChild (package:flutter/src/widgets/framework.dart:4059:18)
00:11 +248 -4: C:/Users/andrvoicu/Desktop/repos/collectarr-app/test/features/library/detail/bundle_release_contents_section_test.dart: loads bundle contents lazily and renders grouped members
00:11 +248 -4: C:/Users/andrvoicu/Desktop/repos/collectarr-app/test/features/library/add/library_add_dialog_test.dart: comic add dialog uses reviewed cover text when filename is generic
#48     ComponentElement.performRebuild (package:flutter/src/widgets/framework.dart:5841:16)
#49     Element.rebuild (package:flutter/src/widgets/framework.dart:5529:7)
#50     ComponentElement._firstBuild (package:flutter/src/widgets/framework.dart:5799:5)
#51     ComponentElement.mount (package:flutter/src/widgets/framework.dart:5793:5)
#52     Element.inflateWidget (package:flutter/src/widgets/framework.dart:4587:20)
#53     Element.updateChild (package:flutter/src/widgets/framework.dart:4059:18)
#54     ComponentElement.performRebuild (package:flutter/src/widgets/framework.dart:5841:16)
#55     StatefulElement.performRebuild (package:flutter/src/widgets/framework.dart:5982:11)
#56     Element.rebuild (package:flutter/src/widgets/framework.dart:5529:7)
#57     ComponentElement._firstBuild (package:flutter/src/widgets/framework.dart:5799:5)
#58     StatefulElement._firstBuild (package:flutter/src/widgets/framework.dart:5973:11)
#59     ComponentElement.mount (package:flutter/src/widgets/framework.dart:5793:5)
#60     Element.inflateWidget (package:flutter/src/widgets/framework.dart:4587:20)
#61     Element.updateChild (package:flutter/src/widgets/framework.dart:4059:18)
#62     ComponentElement.performRebuild (package:flutter/src/widgets/framework.dart:5841:16)
#63     Element.rebuild (package:flutter/src/widgets/framework.dart:5529:7)
#64     ComponentElement._firstBuild (package:flutter/src/widgets/framework.dart:5799:5)
#65     ComponentElement.mount (package:flutter/src/widgets/framework.dart:5793:5)
#66     Element.inflateWidget (package:flutter/src/widgets/framework.dart:4587:20)
#67     Element.updateChild (package:flutter/src/widgets/framework.dart:4059:18)
#68     ComponentElement.performRebuild (package:flutter/src/widgets/framework.dart:5841:16)
#69     Element.rebuild (package:flutter/src/widgets/framework.dart:5529:7)
#70     ComponentElement._firstBuild (package:flutter/src/widgets/framework.dart:5799:5)
#71     ComponentElement.mount (package:flutter/src/widgets/framework.dart:5793:5)
#72     Element.inflateWidget (package:flutter/src/widgets/framework.dart:4587:20)
#73     Element.updateChild (package:flutter/src/widgets/framework.dart:4059:18)
#74     ComponentElement.performRebuild (package:flutter/src/widgets/framework.dart:5841:16)
#75     StatefulElement.performRebuild (package:flutter/src/widgets/framework.dart:5982:11)
#76     Element.rebuild (package:flutter/src/widgets/framework.dart:5529:7)
#77     ComponentElement._firstBuild (package:flutter/src/widgets/framework.dart:5799:5)
#78     StatefulElement._firstBuild (package:flutter/src/widgets/framework.dart:5973:11)
#79     ComponentElement.mount (package:flutter/src/widgets/framework.dart:5793:5)
#80     Element.inflateWidget (package:flutter/src/widgets/framework.dart:4587:20)
#81     Element.updateChild (package:flutter/src/widgets/framework.dart:4059:18)
#82     SingleChildRenderObjectElement.mount (package:flutter/src/widgets/framework.dart:7115:14)
#83     Element.inflateWidget (package:flutter/src/widgets/framework.dart:4587:20)
#84     Element.updateChild (package:flutter/src/widgets/framework.dart:4059:18)
#85     ComponentElement.performRebuild (package:flutter/src/widgets/framework.dart:5841:16)
#86     Element.rebuild (package:flutter/src/widgets/framework.dart:5529:7)
#87     ComponentElement._firstBuild (package:flutter/src/widgets/framework.dart:5799:5)
#88     ComponentElement.mount (package:flutter/src/widgets/framework.dart:5793:5)
#89     Element.inflateWidget (package:flutter/src/widgets/framework.dart:4587:20)
#90     Element.updateChild (package:flutter/src/widgets/framework.dart:4059:18)
#91     SingleChildRenderObjectElement.mount (package:flutter/src/widgets/framework.dart:7115:14)
#92     Element.inflateWidget (package:flutter/src/widgets/framework.dart:4587:20)
#93     Element.updateChild (package:flutter/src/widgets/framework.dart:4059:18)
#94     ComponentElement.performRebuild (package:flutter/src/widgets/framework.dart:5841:16)
#95     StatefulElement.performRebuild (package:flutter/src/widgets/framework.dart:5982:11)
#96     Element.rebuild (package:flutter/src/widgets/framework.dart:5529:7)
#97     ComponentElement._firstBuild (package:flutter/src/widgets/framework.dart:5799:5)
#98     StatefulElement._firstBuild (package:flutter/src/widgets/framework.dart:5973:11)
#99     ComponentElement.mount (package:flutter/src/widgets/framework.dart:5793:5)
#100    Element.inflateWidget (package:flutter/src/widgets/framework.dart:4587:20)
#101    Element.updateChild (package:flutter/src/widgets/framework.dart:4059:18)
#102    ComponentElement.performRebuild (package:flutter/src/widgets/framework.dart:5841:16)
#103    StatefulElement.performRebuild (package:flutter/src/widgets/framework.dart:5982:11)
#104    Element.rebuild (package:flutter/src/widgets/framework.dart:5529:7)
#105    ComponentElement._firstBuild (package:flutter/src/widgets/framework.dart:5799:5)
#106    StatefulElement._firstBuild (package:flutter/src/widgets/framework.dart:5973:11)
#107    ComponentElement.mount (package:flutter/src/widgets/framework.dart:5793:5)
#108    Element.inflateWidget (package:flutter/src/widgets/framework.dart:4587:20)
#109    Element.updateChild (package:flutter/src/widgets/framework.dart:4059:18)
#110    ComponentElement.performRebuild (package:flutter/src/widgets/framework.dart:5841:16)
#111    Element.rebuild (package:flutter/src/widgets/framework.dart:5529:7)
#112    ComponentElement._firstBuild (package:flutter/src/widgets/framework.dart:5799:5)
#113    ComponentElement.mount (package:flutter/src/widgets/framework.dart:5793:5)
#114    Element.inflateWidget (package:flutter/src/widgets/framework.dart:4587:20)
#115    Element.updateChild (package:flutter/src/widgets/framework.dart:4059:18)
#116    ComponentElement.performRebuild (package:flutter/src/widgets/framework.dart:5841:16)
#117    Element.rebuild (package:flutter/src/widgets/framework.dart:5529:7)
#118    ComponentElement._firstBuild (package:flutter/src/widgets/framework.dart:5799:5)
#119    ComponentElement.mount (package:flutter/src/widgets/framework.dart:5793:5)
#120    Element.inflateWidget (package:flutter/src/widgets/framework.dart:4587:20)
#121    Element.updateChild (package:flutter/src/widgets/framework.dart:4059:18)
#122    ComponentElement.performRebuild (package:flutter/src/widgets/framework.dart:5841:16)
#123    Element.rebuild (package:flutter/src/widgets/framework.dart:5529:7)
#124    ComponentElement._firstBuild (package:flutter/src/widgets/framework.dart:5799:5)
#125    ComponentElement.mount (package:flutter/src/widgets/framework.dart:5793:5)
#126    Element.inflateWidget (package:flutter/src/widgets/framework.dart:4587:20)
#127    Element.updateChild (package:flutter/src/widgets/framework.dart:4059:18)
#128    ComponentElement.performRebuild (package:flutter/src/widgets/framework.dart:5841:16)
#129    StatefulElement.performRebuild (package:flutter/src/widgets/framework.dart:5982:11)
#130    Element.rebuild (package:flutter/src/widgets/framework.dart:5529:7)
#131    ComponentElement._firstBuild (package:flutter/src/widgets/framework.dart:5799:5)
#132    StatefulElement._firstBuild (package:flutter/src/widgets/framework.dart:5973:11)
#133    ComponentElement.mount (package:flutter/src/widgets/framework.dart:5793:5)
#134    Element.inflateWidget (package:flutter/src/widgets/framework.dart:4587:20)
#135    Element.updateChild (package:flutter/src/widgets/framework.dart:4059:18)
#136    ComponentElement.performRebuild (package:flutter/src/widgets/framework.dart:5841:16)
#137    Element.rebuild (package:flutter/src/widgets/framework.dart:5529:7)
#138    ComponentElement._firstBuild (package:flutter/src/widgets/framework.dart:5799:5)
#139    ComponentElement.mount (package:flutter/src/widgets/framework.dart:5793:5)
#140    Element.inflateWidget (package:flutter/src/widgets/framework.dart:4587:20)
#141    Element.updateChild (package:flutter/src/widgets/framework.dart:4059:18)
#142    ComponentElement.performRebuild (package:flutter/src/widgets/framework.dart:5841:16)
#143    StatefulElement.performRebuild (package:flutter/src/widgets/framework.dart:5982:11)
#144    Element.rebuild (package:flutter/src/widgets/framework.dart:5529:7)
#145    ComponentElement._firstBuild (package:flutter/src/widgets/framework.dart:5799:5)
#146    StatefulElement._firstBuild (package:flutter/src/widgets/framework.dart:5973:11)
#147    ComponentElement.mount (package:flutter/src/widgets/framework.dart:5793:5)
#148    Element.inflateWidget (package:flutter/src/widgets/framework.dart:4587:20)
#149    Element.updateChild (package:flutter/src/widgets/framework.dart:4059:18)
#150    SingleChildRenderObjectElement.mount (package:flutter/src/widgets/framework.dart:7115:14)
#151    Element.inflateWidget (package:flutter/src/widgets/framework.dart:4587:20)
#152    Element.updateChild (package:flutter/src/widgets/framework.dart:4059:18)
#153    ComponentElement.performRebuild (package:flutter/src/widgets/framework.dart:5841:16)
#154    Element.rebuild (package:flutter/src/widgets/framework.dart:5529:7)
#155    ComponentElement._firstBuild (package:flutter/src/widgets/framework.dart:5799:5)
#156    ComponentElement.mount (package:flutter/src/widgets/framework.dart:5793:5)
#157    Element.inflateWidget (package:flutter/src/widgets/framework.dart:4587:20)
#158    Element.updateChild (package:flutter/src/widgets/framework.dart:4059:18)
#159    SingleChildRenderObjectElement.mount (package:flutter/src/widgets/framework.dart:7115:14)
#160    Element.inflateWidget (package:flutter/src/widgets/framework.dart:4587:20)
#161    Element.updateChild (package:flutter/src/widgets/framework.dart:4059:18)
#162    SingleChildRenderObjectElement.mount (package:flutter/src/widgets/framework.dart:7115:14)
#163    Element.inflateWidget (package:flutter/src/widgets/framework.dart:4587:20)
#164    Element.updateChild (package:flutter/src/widgets/framework.dart:4059:18)
#165    ComponentElement.performRebuild (package:flutter/src/widgets/framework.dart:5841:16)
#166    StatefulElement.performRebuild (package:flutter/src/widgets/framework.dart:5982:11)
#167    Element.rebuild (package:flutter/src/widgets/framework.dart:5529:7)
#168    ComponentElement._firstBuild (package:flutter/src/widgets/framework.dart:5799:5)
#169    StatefulElement._firstBuild (package:flutter/src/widgets/framework.dart:5973:11)
#170    ComponentElement.mount (package:flutter/src/widgets/framework.dart:5793:5)
#171    Element.inflateWidget (package:flutter/src/widgets/framework.dart:4587:20)
#172    Element.updateChild (package:flutter/src/widgets/framework.dart:4059:18)
#173    SingleChildRenderObjectElement.mount (package:flutter/src/widgets/framework.dart:7115:14)
#174    Element.inflateWidget (package:flutter/src/widgets/framework.dart:4587:20)
#175    Element.updateChild (package:flutter/src/widgets/framework.dart:4059:18)
#176    ComponentElement.performRebuild (package:flutter/src/widgets/framework.dart:5841:16)
#177    StatefulElement.performRebuild (package:flutter/src/widgets/framework.dart:5982:11)
#178    Element.rebuild (package:flutter/src/widgets/framework.dart:5529:7)
#179    ComponentElement._firstBuild (package:flutter/src/widgets/framework.dart:5799:5)
#180    StatefulElement._firstBuild (package:flutter/src/widgets/framework.dart:5973:11)
#181    ComponentElement.mount (package:flutter/src/widgets/framework.dart:5793:5)
#182    Element.inflateWidget (package:flutter/src/widgets/framework.dart:4587:20)
#183    Element.updateChild (package:flutter/src/widgets/framework.dart:4059:18)
#184    SingleChildRenderObjectElement.mount (package:flutter/src/widgets/framework.dart:7115:14)
#185    Element.inflateWidget (package:flutter/src/widgets/framework.dart:4587:20)
#186    Element.updateChild (package:flutter/src/widgets/framework.dart:4059:18)
#187    SingleChildRenderObjectElement.mount (package:flutter/src/widgets/framework.dart:7115:14)
#188    Element.inflateWidget (package:flutter/src/widgets/framework.dart:4587:20)
#189    Element.updateChild (package:flutter/src/widgets/framework.dart:4059:18)
#190    ComponentElement.performRebuild (package:flutter/src/widgets/framework.dart:5841:16)
#191    StatefulElement.performRebuild (package:flutter/src/widgets/framework.dart:5982:11)
#192    Element.rebuild (package:flutter/src/widgets/framework.dart:5529:7)
#193    ComponentElement._firstBuild (package:flutter/src/widgets/framework.dart:5799:5)
#194    StatefulElement._firstBuild (package:flutter/src/widgets/framework.dart:5973:11)
#195    ComponentElement.mount (package:flutter/src/widgets/framework.dart:5793:5)
#196    Element.inflateWidget (package:flutter/src/widgets/framework.dart:4587:20)
#197    Element.updateChild (package:flutter/src/widgets/framework.dart:4059:18)
#198    SingleChildRenderObjectElement.mount (package:flutter/src/widgets/framework.dart:7115:14)
#199    Element.inflateWidget (package:flutter/src/widgets/framework.dart:4587:20)
#200    Element.updateChild (package:flutter/src/widgets/framework.dart:4059:18)
#201    ComponentElement.performRebuild (package:flutter/src/widgets/framework.dart:5841:16)
#202    StatefulElement.performRebuild (package:flutter/src/widgets/framework.dart:5982:11)
#203    Element.rebuild (package:flutter/src/widgets/framework.dart:5529:7)
#204    ComponentElement._firstBuild (package:flutter/src/widgets/framework.dart:5799:5)
#205    StatefulElement._firstBuild (package:flutter/src/widgets/framework.dart:5973:11)
#206    ComponentElement.mount (package:flutter/src/widgets/framework.dart:5793:5)
#207    Element.inflateWidget (package:flutter/src/widgets/framework.dart:4587:20)
#208    Element.updateChild (package:flutter/src/widgets/framework.dart:4059:18)
#209    SingleChildRenderObjectElement.mount (package:flutter/src/widgets/framework.dart:7115:14)
#210    Element.inflateWidget (package:flutter/src/widgets/framework.dart:4587:20)
#211    Element.updateChild (package:flutter/src/widgets/framework.dart:4059:18)
#212    SingleChildRenderObjectElement.mount (package:flutter/src/widgets/framework.dart:7115:14)
#213    Element.inflateWidget (package:flutter/src/widgets/framework.dart:4587:20)
#214    Element.updateChild (package:flutter/src/widgets/framework.dart:4059:18)
#215    ComponentElement.performRebuild (package:flutter/src/widgets/framework.dart:5841:16)
#216    StatefulElement.performRebuild (package:flutter/src/widgets/framework.dart:5982:11)
#217    Element.rebuild (package:flutter/src/widgets/framework.dart:5529:7)
#218    ComponentElement._firstBuild (package:flutter/src/widgets/framework.dart:5799:5)
#219    StatefulElement._firstBuild (package:flutter/src/widgets/framework.dart:5973:11)
#220    ComponentElement.mount (package:flutter/src/widgets/framework.dart:5793:5)
#221    Element.inflateWidget (package:flutter/src/widgets/framework.dart:4587:20)
#222    Element.updateChild (package:flutter/src/widgets/framework.dart:4059:18)
#223    SingleChildRenderObjectElement.mount (package:flutter/src/widgets/framework.dart:7115:14)
#224    Element.inflateWidget (package:flutter/src/widgets/framework.dart:4587:20)
#225    Element.updateChild (package:flutter/src/widgets/framework.dart:4059:18)
#226    SingleChildRenderObjectElement.mount (package:flutter/src/widgets/framework.dart:7115:14)
#227    Element.inflateWidget (package:flutter/src/widgets/framework.dart:4587:20)
#228    Element.updateChild (package:flutter/src/widgets/framework.dart:4059:18)
#229    SingleChildRenderObjectElement.mount (package:flutter/src/widgets/framework.dart:7115:14)
#230    Element.inflateWidget (package:flutter/src/widgets/framework.dart:4587:20)
#231    Element.updateChild (package:flutter/src/widgets/framework.dart:4059:18)
#232    ComponentElement.performRebuild (package:flutter/src/widgets/framework.dart:5841:16)
#233    StatefulElement.performRebuild (package:flutter/src/widgets/framework.dart:5982:11)
#234    Element.rebuild (package:flutter/src/widgets/framework.dart:5529:7)
#235    ComponentElement._firstBuild (package:flutter/src/widgets/framework.dart:5799:5)
#236    StatefulElement._firstBuild (package:flutter/src/widgets/framework.dart:5973:11)
#237    ComponentElement.mount (package:flutter/src/widgets/framework.dart:5793:5)
#238    Element.inflateWidget (package:flutter/src/widgets/framework.dart:4587:20)
#239    Element.updateChild (package:flutter/src/widgets/framework.dart:4059:18)
#240    SingleChildRenderObjectElement.mount (package:flutter/src/widgets/framework.dart:7115:14)
#241    Element.inflateWidget (package:flutter/src/widgets/framework.dart:4587:20)
#242    Element.updateChild (package:flutter/src/widgets/framework.dart:4059:18)
#243    ComponentElement.performRebuild (package:flutter/src/widgets/framework.dart:5841:16)
#244    StatefulElement.performRebuild (package:flutter/src/widgets/framework.dart:5982:11)
#245    Element.rebuild (package:flutter/src/widgets/framework.dart:5529:7)
#246    ComponentElement._firstBuild (package:flutter/src/widgets/framework.dart:5799:5)
#247    StatefulElement._firstBuild (package:flutter/src/widgets/framework.dart:5973:11)
#248    ComponentElement.mount (package:flutter/src/widgets/framework.dart:5793:5)
#249    Element.inflateWidget (package:flutter/src/widgets/framework.dart:4587:20)
#250    Element.updateChild (package:flutter/src/widgets/framework.dart:4059:18)
#251    ComponentElement.performRebuild (package:flutter/src/widgets/framework.dart:5841:16)
#252    Element.rebuild (package:flutter/src/widgets/framework.dart:5529:7)
#253    ComponentElement._firstBuild (package:flutter/src/widgets/framework.dart:5799:5)
#254    ComponentElement.mount (package:flutter/src/widgets/framework.dart:5793:5)
#255    Element.inflateWidget (package:flutter/src/widgets/framework.dart:4587:20)
#256    Element.updateChild (package:flutter/src/widgets/framework.dart:4059:18)
#257    ComponentElement.performRebuild (package:flutter/src/widgets/framework.dart:5841:16)
#258    StatefulElement.performRebuild (package:flutter/src/widgets/framework.dart:5982:11)
#259    Element.rebuild (package:flutter/src/widgets/framework.dart:5529:7)
#260    ComponentElement._firstBuild (package:flutter/src/widgets/framework.dart:5799:5)
#261    StatefulElement._firstBuild (package:flutter/src/widgets/framework.dart:5973:11)
#262    ComponentElement.mount (package:flutter/src/widgets/framework.dart:5793:5)
#263    Element.inflateWidget (package:flutter/src/widgets/framework.dart:4587:20)
#264    Element.updateChild (package:flutter/src/widgets/framework.dart:4059:18)
#265    ComponentElement.performRebuild (package:flutter/src/widgets/framework.dart:5841:16)
#266    StatefulElement.performRebuild (package:flutter/src/widgets/framework.dart:5982:11)
#267    Element.rebuild (package:flutter/src/widgets/framework.dart:5529:7)
#268    ComponentElement._firstBuild (package:flutter/src/widgets/framework.dart:5799:5)
#269    StatefulElement._firstBuild (package:flutter/src/widgets/framework.dart:5973:11)
#270    ComponentElement.mount (package:flutter/src/widgets/framework.dart:5793:5)
#271    Element.inflateWidget (package:flutter/src/widgets/framework.dart:4587:20)
#272    Element.updateChild (package:flutter/src/widgets/framework.dart:4059:18)
#273    ComponentElement.performRebuild (package:flutter/src/widgets/framework.dart:5841:16)
#274    StatefulElement.performRebuild (package:flutter/src/widgets/framework.dart:5982:11)
#275    Element.rebuild (package:flutter/src/widgets/framework.dart:5529:7)
#276    ComponentElement._firstBuild (package:flutter/src/widgets/framework.dart:5799:5)
#277    StatefulElement._firstBuild (package:flutter/src/widgets/framework.dart:5973:11)
#278    ComponentElement.mount (package:flutter/src/widgets/framework.dart:5793:5)
#279    Element.inflateWidget (package:flutter/src/widgets/framework.dart:4587:20)
#280    Element.updateChild (package:flutter/src/widgets/framework.dart:4059:18)
#281    SingleChildRenderObjectElement.mount (package:flutter/src/widgets/framework.dart:7115:14)
#282    Element.inflateWidget (package:flutter/src/widgets/framework.dart:4587:20)
#283    Element.updateChild (package:flutter/src/widgets/framework.dart:4059:18)
#284    ComponentElement.performRebuild (package:flutter/src/widgets/framework.dart:5841:16)
#285    Element.rebuild (package:flutter/src/widgets/framework.dart:5529:7)
#286    ComponentElement._firstBuild (package:flutter/src/widgets/framework.dart:5799:5)
#287    ComponentElement.mount (package:flutter/src/widgets/framework.dart:5793:5)
#288    Element.inflateWidget (package:flutter/src/widgets/framework.dart:4587:20)
#289    Element.updateChild (package:flutter/src/widgets/framework.dart:4059:18)
#290    SingleChildRenderObjectElement.mount (package:flutter/src/widgets/framework.dart:7115:14)
#291    Element.inflateWidget (package:flutter/src/widgets/framework.dart:4587:20)
#292    Element.updateChild (package:flutter/src/widgets/framework.dart:4059:18)
#293    ComponentElement.performRebuild (package:flutter/src/widgets/framework.dart:5841:16)
#294    StatefulElement.performRebuild (package:flutter/src/widgets/framework.dart:5982:11)
#295    Element.rebuild (package:flutter/src/widgets/framework.dart:5529:7)
#296    ComponentElement._firstBuild (package:flutter/src/widgets/framework.dart:5799:5)
#297    StatefulElement._firstBuild (package:flutter/src/widgets/framework.dart:5973:11)
#298    ComponentElement.mount (package:flutter/src/widgets/framework.dart:5793:5)
#299    Element.inflateWidget (package:flutter/src/widgets/framework.dart:4587:20)
#300    Element.updateChild (package:flutter/src/widgets/framework.dart:4059:18)
#301    ComponentElement.performRebuild (package:flutter/src/widgets/framework.dart:5841:16)
#302    Element.rebuild (package:flutter/src/widgets/framework.dart:5529:7)
#303    ComponentElement._firstBuild (package:flutter/src/widgets/framework.dart:5799:5)
#304    ComponentElement.mount (package:flutter/src/widgets/framework.dart:5793:5)
#305    Element.inflateWidget (package:flutter/src/widgets/framework.dart:4587:20)
#306    Element.updateChild (package:flutter/src/widgets/framework.dart:4059:18)
#307    ComponentElement.performRebuild (package:flutter/src/widgets/framework.dart:5841:16)
#308    Element.rebuild (package:flutter/src/widgets/framework.dart:5529:7)
#309    ComponentElement._firstBuild (package:flutter/src/widgets/framework.dart:5799:5)
#310    ComponentElement.mount (package:flutter/src/widgets/framework.dart:5793:5)
#311    Element.inflateWidget (package:flutter/src/widgets/framework.dart:4587:20)
#312    Element.updateChild (package:flutter/src/widgets/framework.dart:4059:18)
#313    ComponentElement.performRebuild (package:flutter/src/widgets/framework.dart:5841:16)
#314    StatefulElement.performRebuild (package:flutter/src/widgets/framework.dart:5982:11)
#315    Element.rebuild (package:flutter/src/widgets/framework.dart:5529:7)
#316    ComponentElement._firstBuild (package:flutter/src/widgets/framework.dart:5799:5)
#317    StatefulElement._firstBuild (package:flutter/src/widgets/framework.dart:5973:11)
#318    ComponentElement.mount (package:flutter/src/widgets/framework.dart:5793:5)
#319    Element.inflateWidget (package:flutter/src/widgets/framework.dart:4587:20)
#320    Element.updateChild (package:flutter/src/widgets/framework.dart:4059:18)
#321    ComponentElement.performRebuild (package:flutter/src/widgets/framework.dart:5841:16)
#322    Element.rebuild (package:flutter/src/widgets/framework.dart:5529:7)
#323    ComponentElement._firstBuild (package:flutter/src/widgets/framework.dart:5799:5)
#324    ComponentElement.mount (package:flutter/src/widgets/framework.dart:5793:5)
#325    Element.inflateWidget (package:flutter/src/widgets/framework.dart:4587:20)
#326    Element.updateChild (package:flutter/src/widgets/framework.dart:4059:18)
#327    ComponentElement.performRebuild (package:flutter/src/widgets/framework.dart:5841:16)
#328    Element.rebuild (package:flutter/src/widgets/framework.dart:5529:7)
#329    ComponentElement._firstBuild (package:flutter/src/widgets/framework.dart:5799:5)
#330    ComponentElement.mount (package:flutter/src/widgets/framework.dart:5793:5)
#331    Element.inflateWidget (package:flutter/src/widgets/framework.dart:4587:20)
#332    Element.updateChild (package:flutter/src/widgets/framework.dart:4059:18)
#333    SingleChildRenderObjectElement.mount (package:flutter/src/widgets/framework.dart:7115:14)
#334    Element.inflateWidget (package:flutter/src/widgets/framework.dart:4587:20)
#335    Element.updateChild (package:flutter/src/widgets/framework.dart:4059:18)
#336    ComponentElement.performRebuild (package:flutter/src/widgets/framework.dart:5841:16)
#337    Element.rebuild (package:flutter/src/widgets/framework.dart:5529:7)
#338    ComponentElement._firstBuild (package:flutter/src/widgets/framework.dart:5799:5)
#339    ComponentElement.mount (package:flutter/src/widgets/framework.dart:5793:5)
#340    Element.inflateWidget (package:flutter/src/widgets/framework.dart:4587:20)
#341    Element.updateChild (package:flutter/src/widgets/framework.dart:4059:18)
#342    ComponentElement.performRebuild (package:flutter/src/widgets/framework.dart:5841:16)
#343    Element.rebuild (package:flutter/src/widgets/framework.dart:5529:7)
#344    ComponentElement._firstBuild (package:flutter/src/widgets/framework.dart:5799:5)
#345    ComponentElement.mount (package:flutter/src/widgets/framework.dart:5793:5)
#346    Element.inflateWidget (package:flutter/src/widgets/framework.dart:4587:20)
#347    Element.updateChild (package:flutter/src/widgets/framework.dart:4059:18)
#348    ComponentElement.performRebuild (package:flutter/src/widgets/framework.dart:5841:16)
#349    StatefulElement.performRebuild (package:flutter/src/widgets/framework.dart:5982:11)
#350    Element.rebuild (package:flutter/src/widgets/framework.dart:5529:7)
#351    ComponentElement._firstBuild (package:flutter/src/widgets/framework.dart:5799:5)
#352    StatefulElement._firstBuild (package:flutter/src/widgets/framework.dart:5973:11)
#353    ComponentElement.mount (package:flutter/src/widgets/framework.dart:5793:5)
#354    Element.inflateWidget (package:flutter/src/widgets/framework.dart:4587:20)
#355    Element.updateChild (package:flutter/src/widgets/framework.dart:4059:18)
#356    ComponentElement.performRebuild (package:flutter/src/widgets/framework.dart:5841:16)
#357    StatefulElement.performRebuild (package:flutter/src/widgets/framework.dart:5982:11)
#358    Element.rebuild (package:flutter/src/widgets/framework.dart:5529:7)
#359    ComponentElement._firstBuild (package:flutter/src/widgets/framework.dart:5799:5)
#360    StatefulElement._firstBuild (package:flutter/src/widgets/framework.dart:5973:11)
#361    ComponentElement.mount (package:flutter/src/widgets/framework.dart:5793:5)
#362    Element.inflateWidget (package:flutter/src/widgets/framework.dart:4587:20)
#363    Element.updateChild (package:flutter/src/widgets/framework.dart:4059:18)
#364    ComponentElement.performRebuild (package:flutter/src/widgets/framework.dart:5841:16)
#365    StatefulElement.performRebuild (package:flutter/src/widgets/framework.dart:5982:11)
#366    Element.rebuild (package:flutter/src/widgets/framework.dart:5529:7)
#367    ComponentElement._firstBuild (package:flutter/src/widgets/framework.dart:5799:5)
#368    StatefulElement._firstBuild (package:flutter/src/widgets/framework.dart:5973:11)
#369    ComponentElement.mount (package:flutter/src/widgets/framework.dart:5793:5)
#370    Element.inflateWidget (package:flutter/src/widgets/framework.dart:4587:20)
#371    Element.updateChild (package:flutter/src/widgets/framework.dart:4059:18)
#372    SingleChildRenderObjectElement.mount (package:flutter/src/widgets/framework.dart:7115:14)
#373    Element.inflateWidget (package:flutter/src/widgets/framework.dart:4587:20)
#374    Element.updateChild (package:flutter/src/widgets/framework.dart:4059:18)
#375    ComponentElement.performRebuild (package:flutter/src/widgets/framework.dart:5841:16)
#376    Element.rebuild (package:flutter/src/widgets/framework.dart:5529:7)
#377    ComponentElement._firstBuild (package:flutter/src/widgets/framework.dart:5799:5)
#378    ComponentElement.mount (package:flutter/src/widgets/framework.dart:5793:5)
#379    Element.inflateWidget (package:flutter/src/widgets/framework.dart:4587:20)
#380    Element.updateChild (package:flutter/src/widgets/framework.dart:4059:18)
#381    ComponentElement.performRebuild (package:flutter/src/widgets/framework.dart:5841:16)
#382    Element.rebuild (package:flutter/src/widgets/framework.dart:5529:7)
#383    ComponentElement._firstBuild (package:flutter/src/widgets/framework.dart:5799:5)
#384    ComponentElement.mount (package:flutter/src/widgets/framework.dart:5793:5)
#385    Element.inflateWidget (package:flutter/src/widgets/framework.dart:4587:20)
#386    Element.updateChild (package:flutter/src/widgets/framework.dart:4059:18)
#387    ComponentElement.performRebuild (package:flutter/src/widgets/framework.dart:5841:16)
#388    Element.rebuild (package:flutter/src/widgets/framework.dart:5529:7)
#389    ComponentElement._firstBuild (package:flutter/src/widgets/framework.dart:5799:5)
#390    ComponentElement.mount (package:flutter/src/widgets/framework.dart:5793:5)
#391    Element.inflateWidget (package:flutter/src/widgets/framework.dart:4587:20)
#392    Element.updateChild (package:flutter/src/widgets/framework.dart:4059:18)
#393    ComponentElement.performRebuild (package:flutter/src/widgets/framework.dart:5841:16)
#394    StatefulElement.performRebuild (package:flutter/src/widgets/framework.dart:5982:11)
#395    Element.rebuild (package:flutter/src/widgets/framework.dart:5529:7)
#396    ComponentElement._firstBuild (package:flutter/src/widgets/framework.dart:5799:5)
#397    StatefulElement._firstBuild (package:flutter/src/widgets/framework.dart:5973:11)
#398    ComponentElement.mount (package:flutter/src/widgets/framework.dart:5793:5)
#399    Element.inflateWidget (package:flutter/src/widgets/framework.dart:4587:20)
#400    Element.updateChild (package:flutter/src/widgets/framework.dart:4059:18)
#401    ComponentElement.performRebuild (package:flutter/src/widgets/framework.dart:5841:16)
#402    StatefulElement.performRebuild (package:flutter/src/widgets/framework.dart:5982:11)
#403    Element.rebuild (package:flutter/src/widgets/framework.dart:5529:7)
#404    ComponentElement._firstBuild (package:flutter/src/widgets/framework.dart:5799:5)
#405    StatefulElement._firstBuild (package:flutter/src/widgets/framework.dart:5973:11)
#406    ComponentElement.mount (package:flutter/src/widgets/framework.dart:5793:5)
#407    Element.inflateWidget (package:flutter/src/widgets/framework.dart:4587:20)
#408    MultiChildRenderObjectElement.inflateWidget (package:flutter/src/widgets/framework.dart:7264:36)
#409    MultiChildRenderObjectElement.mount (package:flutter/src/widgets/framework.dart:7279:32)
#410    Element.inflateWidget (package:flutter/src/widgets/framework.dart:4587:20)
#411    Element.updateChild (package:flutter/src/widgets/framework.dart:4059:18)
#412    ComponentElement.performRebuild (package:flutter/src/widgets/framework.dart:5841:16)
#413    StatefulElement.performRebuild (package:flutter/src/widgets/framework.dart:5982:11)
#414    Element.rebuild (package:flutter/src/widgets/framework.dart:5529:7)
#415    ComponentElement._firstBuild (package:flutter/src/widgets/framework.dart:5799:5)
#416    StatefulElement._firstBuild (package:flutter/src/widgets/framework.dart:5973:11)
#417    ComponentElement.mount (package:flutter/src/widgets/framework.dart:5793:5)
#418    Element.inflateWidget (package:flutter/src/widgets/framework.dart:4587:20)
#419    Element.updateChild (package:flutter/src/widgets/framework.dart:4059:18)
#420    ComponentElement.performRebuild (package:flutter/src/widgets/framework.dart:5841:16)
#421    Element.rebuild (package:flutter/src/widgets/framework.dart:5529:7)
#422    ComponentElement._firstBuild (package:flutter/src/widgets/framework.dart:5799:5)
#423    ComponentElement.mount (package:flutter/src/widgets/framework.dart:5793:5)
#424    Element.inflateWidget (package:flutter/src/widgets/framework.dart:4587:20)
#425    Element.updateChild (package:flutter/src/widgets/framework.dart:4059:18)
#426    ComponentElement.performRebuild (package:flutter/src/widgets/framework.dart:5841:16)
#427    Element.rebuild (package:flutter/src/widgets/framework.dart:5529:7)
#428    ComponentElement._firstBuild (package:flutter/src/widgets/framework.dart:5799:5)
#429    ComponentElement.mount (package:flutter/src/widgets/framework.dart:5793:5)
#430    Element.inflateWidget (package:flutter/src/widgets/framework.dart:4587:20)
#431    Element.updateChild (package:flutter/src/widgets/framework.dart:4059:18)
#432    ComponentElement.performRebuild (package:flutter/src/widgets/framework.dart:5841:16)
#433    StatefulElement.performRebuild (package:flutter/src/widgets/framework.dart:5982:11)
#434    Element.rebuild (package:flutter/src/widgets/framework.dart:5529:7)
#435    ComponentElement._firstBuild (package:flutter/src/widgets/framework.dart:5799:5)
#436    StatefulElement._firstBuild (package:flutter/src/widgets/framework.dart:5973:11)
#437    ComponentElement.mount (package:flutter/src/widgets/framework.dart:5793:5)
#438    Element.inflateWidget (package:flutter/src/widgets/framework.dart:4587:20)
#439    Element.updateChild (package:flutter/src/widgets/framework.dart:4059:18)
#440    ComponentElement.performRebuild (package:flutter/src/widgets/framework.dart:5841:16)
#441    Element.rebuild (package:flutter/src/widgets/framework.dart:5529:7)
#442    ComponentElement._firstBuild (package:flutter/src/widgets/framework.dart:5799:5)
#443    ComponentElement.mount (package:flutter/src/widgets/framework.dart:5793:5)
#444    Element.inflateWidget (package:flutter/src/widgets/framework.dart:4587:20)
#445    Element.updateChild (package:flutter/src/widgets/framework.dart:4059:18)
#446    ComponentElement.performRebuild (package:flutter/src/widgets/framework.dart:5841:16)
#447    StatefulElement.performRebuild (package:flutter/src/widgets/framework.dart:5982:11)
#448    Element.rebuild (package:flutter/src/widgets/framework.dart:5529:7)
#449    ComponentElement._firstBuild (package:flutter/src/widgets/framework.dart:5799:5)
#450    StatefulElement._firstBuild (package:flutter/src/widgets/framework.dart:5973:11)
#451    ComponentElement.mount (package:flutter/src/widgets/framework.dart:5793:5)
#452    Element.inflateWidget (package:flutter/src/widgets/framework.dart:4587:20)
#453    Element.updateChild (package:flutter/src/widgets/framework.dart:4059:18)
#454    ComponentElement.performRebuild (package:flutter/src/widgets/framework.dart:5841:16)
#455    StatefulElement.performRebuild (package:flutter/src/widgets/framework.dart:5982:11)
#456    Element.rebuild (package:flutter/src/widgets/framework.dart:5529:7)
#457    ComponentElement._firstBuild (package:flutter/src/widgets/framework.dart:5799:5)
#458    StatefulElement._firstBuild (package:flutter/src/widgets/framework.dart:5973:11)
#459    ComponentElement.mount (package:flutter/src/widgets/framework.dart:5793:5)
#460    Element.inflateWidget (package:flutter/src/widgets/framework.dart:4587:20)
#461    Element.updateChild (package:flutter/src/widgets/framework.dart:4059:18)
#462    SingleChildRenderObjectElement.mount (package:flutter/src/widgets/framework.dart:7115:14)
#463    Element.inflateWidget (package:flutter/src/widgets/framework.dart:4587:20)
#464    Element.updateChild (package:flutter/src/widgets/framework.dart:4059:18)
#465    SingleChildRenderObjectElement.mount (package:flutter/src/widgets/framework.dart:7115:14)
#466    Element.inflateWidget (package:flutter/src/widgets/framework.dart:4587:20)
#467    Element.updateChild (package:flutter/src/widgets/framework.dart:4059:18)
#468    ComponentElement.performRebuild (package:flutter/src/widgets/framework.dart:5841:16)
#469    Element.rebuild (package:flutter/src/widgets/framework.dart:5529:7)
#470    ComponentElement._firstBuild (package:flutter/src/widgets/framework.dart:5799:5)
#471    ComponentElement.mount (package:flutter/src/widgets/framework.dart:5793:5)
#472    Element.inflateWidget (package:flutter/src/widgets/framework.dart:4587:20)
#473    Element.updateChild (package:flutter/src/widgets/framework.dart:4059:18)
#474    ComponentElement.performRebuild (package:flutter/src/widgets/framework.dart:5841:16)
#475    Element.rebuild (package:flutter/src/widgets/framework.dart:5529:7)
#476    ComponentElement._firstBuild (package:flutter/src/widgets/framework.dart:5799:5)
#477    ComponentElement.mount (package:flutter/src/widgets/framework.dart:5793:5)
#478    Element.inflateWidget (package:flutter/src/widgets/framework.dart:4587:20)
#479    Element.updateChild (package:flutter/src/widgets/framework.dart:4059:18)
#480    ComponentElement.performRebuild (package:flutter/src/widgets/framework.dart:5841:16)
#481    StatefulElement.performRebuild (package:flutter/src/widgets/framework.dart:5982:11)
#482    Element.rebuild (package:flutter/src/widgets/framework.dart:5529:7)
#483    ComponentElement._firstBuild (package:flutter/src/widgets/framework.dart:5799:5)
#484    StatefulElement._firstBuild (package:flutter/src/widgets/framework.dart:5973:11)
#485    ComponentElement.mount (package:flutter/src/widgets/framework.dart:5793:5)
#486    Element.inflateWidget (package:flutter/src/widgets/framework.dart:4587:20)
#487    Element.updateChild (package:flutter/src/widgets/framework.dart:4059:18)
#488    ComponentElement.performRebuild (package:flutter/src/widgets/framework.dart:5841:16)
#489    Element.rebuild (package:flutter/src/widgets/framework.dart:5529:7)
#490    ComponentElement._firstBuild (package:flutter/src/widgets/framework.dart:5799:5)
#491    ComponentElement.mount (package:flutter/src/widgets/framework.dart:5793:5)
#492    Element.inflateWidget (package:flutter/src/widgets/framework.dart:4587:20)
#493    Element.updateChild (package:flutter/src/widgets/framework.dart:4059:18)
#494    SingleChildRenderObjectElement.mount (package:flutter/src/widgets/framework.dart:7115:14)
#495    Element.inflateWidget (package:flutter/src/widgets/framework.dart:4587:20)
#496    Element.updateChild (package:flutter/src/widgets/framework.dart:4059:18)
#497    ComponentElement.performRebuild (package:flutter/src/widgets/framework.dart:5841:16)
#498    StatefulElement.performRebuild (package:flutter/src/widgets/framework.dart:5982:11)
#499    Element.rebuild (package:flutter/src/widgets/framework.dart:5529:7)
#500    ComponentElement._firstBuild (package:flutter/src/widgets/framework.dart:5799:5)
#501    StatefulElement._firstBuild (package:flutter/src/widgets/framework.dart:5973:11)
#502    ComponentElement.mount (package:flutter/src/widgets/framework.dart:5793:5)
#503    Element.inflateWidget (package:flutter/src/widgets/framework.dart:4587:20)
#504    Element.updateChild (package:flutter/src/widgets/framework.dart:4059:18)
#505    ComponentElement.performRebuild (package:flutter/src/widgets/framework.dart:5841:16)
#506    Element.rebuild (package:flutter/src/widgets/framework.dart:5529:7)
#507    ComponentElement._firstBuild (package:flutter/src/widgets/framework.dart:5799:5)
#508    ComponentElement.mount (package:flutter/src/widgets/framework.dart:5793:5)
#509    Element.inflateWidget (package:flutter/src/widgets/framework.dart:4587:20)
#510    Element.updateChild (package:flutter/src/widgets/framework.dart:4059:18)
#511    ComponentElement.performRebuild (package:flutter/src/widgets/framework.dart:5841:16)
#512    Element.rebuild (package:flutter/src/widgets/framework.dart:5529:7)
#513    ComponentElement._firstBuild (package:flutter/src/widgets/framework.dart:5799:5)
#514    ComponentElement.mount (package:flutter/src/widgets/framework.dart:5793:5)
#515    Element.inflateWidget (package:flutter/src/widgets/framework.dart:4587:20)
#516    Element.updateChild (package:flutter/src/widgets/framework.dart:4059:18)
#517    ComponentElement.performRebuild (package:flutter/src/widgets/framework.dart:5841:16)
#518    StatefulElement.performRebuild (package:flutter/src/widgets/framework.dart:5982:11)
#519    Element.rebuild (package:flutter/src/widgets/framework.dart:5529:7)
#520    ComponentElement._firstBuild (package:flutter/src/widgets/framework.dart:5799:5)
#521    StatefulElement._firstBuild (package:flutter/src/widgets/framework.dart:5973:11)
#522    ComponentElement.mount (package:flutter/src/widgets/framework.dart:5793:5)
#523    Element.inflateWidget (package:flutter/src/widgets/framework.dart:4587:20)
#524    Element.updateChild (package:flutter/src/widgets/framework.dart:4059:18)
#525    ComponentElement.performRebuild (package:flutter/src/widgets/framework.dart:5841:16)
#526    Element.rebuild (package:flutter/src/widgets/framework.dart:5529:7)
#527    ComponentElement._firstBuild (package:flutter/src/widgets/framework.dart:5799:5)
#528    ComponentElement.mount (package:flutter/src/widgets/framework.dart:5793:5)
#529    Element.inflateWidget (package:flutter/src/widgets/framework.dart:4587:20)
#530    Element.updateChild (package:flutter/src/widgets/framework.dart:4059:18)
#531    ComponentElement.performRebuild (package:flutter/src/widgets/framework.dart:5841:16)
#532    Element.rebuild (package:flutter/src/widgets/framework.dart:5529:7)
#533    ComponentElement._firstBuild (package:flutter/src/widgets/framework.dart:5799:5)
#534    ComponentElement.mount (package:flutter/src/widgets/framework.dart:5793:5)
#535    Element.inflateWidget (package:flutter/src/widgets/framework.dart:4587:20)
#536    Element.updateChild (package:flutter/src/widgets/framework.dart:4059:18)
#537    ComponentElement.performRebuild (package:flutter/src/widgets/framework.dart:5841:16)
#538    Element.rebuild (package:flutter/src/widgets/framework.dart:5529:7)
#539    ComponentElement._firstBuild (package:flutter/src/widgets/framework.dart:5799:5)
#540    ComponentElement.mount (package:flutter/src/widgets/framework.dart:5793:5)
#541    Element.inflateWidget (package:flutter/src/widgets/framework.dart:4587:20)
#542    Element.updateChild (package:flutter/src/widgets/framework.dart:4059:18)
#543    ComponentElement.performRebuild (package:flutter/src/widgets/framework.dart:5841:16)
#544    Element.rebuild (package:flutter/src/widgets/framework.dart:5529:7)
#545    ComponentElement._firstBuild (package:flutter/src/widgets/framework.dart:5799:5)
#546    ComponentElement.mount (package:flutter/src/widgets/framework.dart:5793:5)
#547    Element.inflateWidget (package:flutter/src/widgets/framework.dart:4587:20)
#548    Element.updateChild (package:flutter/src/widgets/framework.dart:4059:18)
#549    ComponentElement.performRebuild (package:flutter/src/widgets/framework.dart:5841:16)
#550    Element.rebuild (package:flutter/src/widgets/framework.dart:5529:7)
#551    ComponentElement._firstBuild (package:flutter/src/widgets/framework.dart:5799:5)
#552    ComponentElement.mount (package:flutter/src/widgets/framework.dart:5793:5)
#553    Element.inflateWidget (package:flutter/src/widgets/framework.dart:4587:20)
#554    Element.updateChild (package:flutter/src/widgets/framework.dart:4059:18)
#555    ComponentElement.performRebuild (package:flutter/src/widgets/framework.dart:5841:16)
#556    Element.rebuild (package:flutter/src/widgets/framework.dart:5529:7)
#557    ComponentElement._firstBuild (package:flutter/src/widgets/framework.dart:5799:5)
#558    ComponentElement.mount (package:flutter/src/widgets/framework.dart:5793:5)
#559    Element.inflateWidget (package:flutter/src/widgets/framework.dart:4587:20)
#560    Element.updateChild (package:flutter/src/widgets/framework.dart:4059:18)
#561    ComponentElement.performRebuild (package:flutter/src/widgets/framework.dart:5841:16)
#562    Element.rebuild (package:flutter/src/widgets/framework.dart:5529:7)
#563    ComponentElement._firstBuild (package:flutter/src/widgets/framework.dart:5799:5)
#564    ComponentElement.mount (package:flutter/src/widgets/framework.dart:5793:5)
#565    Element.inflateWidget (package:flutter/src/widgets/framework.dart:4587:20)
#566    Element.updateChild (package:flutter/src/widgets/framework.dart:4059:18)
#567    ComponentElement.performRebuild (package:flutter/src/widgets/framework.dart:5841:16)
#568    StatefulElement.performRebuild (package:flutter/src/widgets/framework.dart:5982:11)
#569    Element.rebuild (package:flutter/src/widgets/framework.dart:5529:7)
#570    ComponentElement._firstBuild (package:flutter/src/widgets/framework.dart:5799:5)
#571    StatefulElement._firstBuild (package:flutter/src/widgets/framework.dart:5973:11)
#572    ComponentElement.mount (package:flutter/src/widgets/framework.dart:5793:5)
#573    Element.inflateWidget (package:flutter/src/widgets/framework.dart:4587:20)
#574    Element.updateChild (package:flutter/src/widgets/framework.dart:4059:18)
#575    ComponentElement.performRebuild (package:flutter/src/widgets/framework.dart:5841:16)
#576    Element.rebuild (package:flutter/src/widgets/framework.dart:5529:7)
#577    ComponentElement._firstBuild (package:flutter/src/widgets/framework.dart:5799:5)
#578    ComponentElement.mount (package:flutter/src/widgets/framework.dart:5793:5)
#579    Element.inflateWidget (package:flutter/src/widgets/framework.dart:4587:20)
#580    Element.updateChild (package:flutter/src/widgets/framework.dart:4059:18)
#581    ComponentElement.performRebuild (package:flutter/src/widgets/framework.dart:5841:16)
#582    Element.rebuild (package:flutter/src/widgets/framework.dart:5529:7)
#583    ComponentElement._firstBuild (package:flutter/src/widgets/framework.dart:5799:5)
#584    ComponentElement.mount (package:flutter/src/widgets/framework.dart:5793:5)
#585    Element.inflateWidget (package:flutter/src/widgets/framework.dart:4587:20)
#586    Element.updateChild (package:flutter/src/widgets/framework.dart:4059:18)
#587    ComponentElement.performRebuild (package:flutter/src/widgets/framework.dart:5841:16)
#588    StatefulElement.performRebuild (package:flutter/src/widgets/framework.dart:5982:11)
#589    Element.rebuild (package:flutter/src/widgets/framework.dart:5529:7)
#590    ComponentElement._firstBuild (package:flutter/src/widgets/framework.dart:5799:5)
#591    StatefulElement._firstBuild (package:flutter/src/widgets/framework.dart:5973:11)
#592    ComponentElement.mount (package:flutter/src/widgets/framework.dart:5793:5)
#593    Element.inflateWidget (package:flutter/src/widgets/framework.dart:4587:20)
#594    Element.updateChild (package:flutter/src/widgets/framework.dart:4059:18)
#595    SingleChildRenderObjectElement.mount (package:flutter/src/widgets/framework.dart:7115:14)
#596    Element.inflateWidget (package:flutter/src/widgets/framework.dart:4587:20)
#597    Element.updateChild (package:flutter/src/widgets/framework.dart:4059:18)
#598    ComponentElement.performRebuild (package:flutter/src/widgets/framework.dart:5841:16)
#599    StatefulElement.performRebuild (package:flutter/src/widgets/framework.dart:5982:11)
#600    Element.rebuild (package:flutter/src/widgets/framework.dart:5529:7)
#601    ComponentElement._firstBuild (package:flutter/src/widgets/framework.dart:5799:5)
#602    StatefulElement._firstBuild (package:flutter/src/widgets/framework.dart:5973:11)
#603    ComponentElement.mount (package:flutter/src/widgets/framework.dart:5793:5)
#604    Element.inflateWidget (package:flutter/src/widgets/framework.dart:4587:20)
#605    Element.updateChild (package:flutter/src/widgets/framework.dart:4059:18)
#606    ComponentElement.performRebuild (package:flutter/src/widgets/framework.dart:5841:16)
#607    Element.rebuild (package:flutter/src/widgets/framework.dart:5529:7)
#608    ComponentElement._firstBuild (package:flutter/src/widgets/framework.dart:5799:5)
#609    ComponentElement.mount (package:flutter/src/widgets/framework.dart:5793:5)
#610    Element.inflateWidget (package:flutter/src/widgets/framework.dart:4587:20)
#611    Element.updateChild (package:flutter/src/widgets/framework.dart:4059:18)
#612    SingleChildRenderObjectElement.mount (package:flutter/src/widgets/framework.dart:7115:14)
#613    Element.inflateWidget (package:flutter/src/widgets/framework.dart:4587:20)
#614    Element.updateChild (package:flutter/src/widgets/framework.dart:4059:18)
#615    ComponentElement.performRebuild (package:flutter/src/widgets/framework.dart:5841:16)
#616    Element.rebuild (package:flutter/src/widgets/framework.dart:5529:7)
#617    ComponentElement._firstBuild (package:flutter/src/widgets/framework.dart:5799:5)
#618    ComponentElement.mount (package:flutter/src/widgets/framework.dart:5793:5)
#619    Element.inflateWidget (package:flutter/src/widgets/framework.dart:4587:20)
#620    Element.updateChild (package:flutter/src/widgets/framework.dart:4059:18)
#621    ComponentElement.performRebuild (package:flutter/src/widgets/framework.dart:5841:16)
#622    StatefulElement.performRebuild (package:flutter/src/widgets/framework.dart:5982:11)
#623    Element.rebuild (package:flutter/src/widgets/framework.dart:5529:7)
#624    ComponentElement._firstBuild (package:flutter/src/widgets/framework.dart:5799:5)
#625    StatefulElement._firstBuild (package:flutter/src/widgets/framework.dart:5973:11)
#626    ComponentElement.mount (package:flutter/src/widgets/framework.dart:5793:5)
#627    Element.inflateWidget (package:flutter/src/widgets/framework.dart:4587:20)
#628    Element.updateChild (package:flutter/src/widgets/framework.dart:4059:18)
#629    ComponentElement.performRebuild (package:flutter/src/widgets/framework.dart:5841:16)
#630    StatefulElement.performRebuild (package:flutter/src/widgets/framework.dart:5982:11)
#631    Element.rebuild (package:flutter/src/widgets/framework.dart:5529:7)
#632    ComponentElement._firstBuild (package:flutter/src/widgets/framework.dart:5799:5)
#633    StatefulElement._firstBuild (package:flutter/src/widgets/framework.dart:5973:11)
#634    ComponentElement.mount (package:flutter/src/widgets/framework.dart:5793:5)
#635    Element.inflateWidget (package:flutter/src/widgets/framework.dart:4587:20)
#636    Element.updateChild (package:flutter/src/widgets/framework.dart:4059:18)
#637    ComponentElement.performRebuild (package:flutter/src/widgets/framework.dart:5841:16)
#638    Element.rebuild (package:flutter/src/widgets/framework.dart:5529:7)
#639    ComponentElement._firstBuild (package:flutter/src/widgets/framework.dart:5799:5)
#640    ComponentElement.mount (package:flutter/src/widgets/framework.dart:5793:5)
#641    Element.inflateWidget (package:flutter/src/widgets/framework.dart:4587:20)
#642    Element.updateChild (package:flutter/src/widgets/framework.dart:4059:18)
#643    ComponentElement.performRebuild (package:flutter/src/widgets/framework.dart:5841:16)
#644    Element.rebuild (package:flutter/src/widgets/framework.dart:5529:7)
#645    ComponentElement._firstBuild (package:flutter/src/widgets/framework.dart:5799:5)
#646    ComponentElement.mount (package:flutter/src/widgets/framework.dart:5793:5)
#647    Element.inflateWidget (package:flutter/src/widgets/framework.dart:4587:20)
#648    Element.updateChild (package:flutter/src/widgets/framework.dart:4059:18)
#649    SingleChildRenderObjectElement.mount (package:flutter/src/widgets/framework.dart:7115:14)
#650    Element.inflateWidget (package:flutter/src/widgets/framework.dart:4587:20)
#651    Element.updateChild (package:flutter/src/widgets/framework.dart:4059:18)
#652    ComponentElement.performRebuild (package:flutter/src/widgets/framework.dart:5841:16)
#653    StatefulElement.performRebuild (package:flutter/src/widgets/framework.dart:5982:11)
#654    Element.rebuild (package:flutter/src/widgets/framework.dart:5529:7)
#655    ComponentElement._firstBuild (package:flutter/src/widgets/framework.dart:5799:5)
#656    StatefulElement._firstBuild (package:flutter/src/widgets/framework.dart:5973:11)
#657    ComponentElement.mount (package:flutter/src/widgets/framework.dart:5793:5)
#658    Element.inflateWidget (package:flutter/src/widgets/framework.dart:4587:20)
#659    Element.updateChild (package:flutter/src/widgets/framework.dart:4059:18)
#660    ComponentElement.performRebuild (package:flutter/src/widgets/framework.dart:5841:16)
#661    StatefulElement.performRebuild (package:flutter/src/widgets/framework.dart:5982:11)
#662    Element.rebuild (package:flutter/src/widgets/framework.dart:5529:7)
#663    ComponentElement._firstBuild (package:flutter/src/widgets/framework.dart:5799:5)
#664    StatefulElement._firstBuild (package:flutter/src/widgets/framework.dart:5973:11)
#665    ComponentElement.mount (package:flutter/src/widgets/framework.dart:5793:5)
#666    Element.inflateWidget (package:flutter/src/widgets/framework.dart:4587:20)
#667    Element.updateChild (package:flutter/src/widgets/framework.dart:4059:18)
#668    SingleChildRenderObjectElement.mount (package:flutter/src/widgets/framework.dart:7115:14)
#669    Element.inflateWidget (package:flutter/src/widgets/framework.dart:4587:20)
#670    Element.updateChild (package:flutter/src/widgets/framework.dart:4059:18)
#671    ComponentElement.performRebuild (package:flutter/src/widgets/framework.dart:5841:16)
#672    Element.rebuild (package:flutter/src/widgets/framework.dart:5529:7)
#673    ComponentElement._firstBuild (package:flutter/src/widgets/framework.dart:5799:5)
#674    ComponentElement.mount (package:flutter/src/widgets/framework.dart:5793:5)
#675    Element.inflateWidget (package:flutter/src/widgets/framework.dart:4587:20)
#676    Element.updateChild (package:flutter/src/widgets/framework.dart:4059:18)
#677    ComponentElement.performRebuild (package:flutter/src/widgets/framework.dart:5841:16)
#678    StatefulElement.performRebuild (package:flutter/src/widgets/framework.dart:5982:11)
#679    Element.rebuild (package:flutter/src/widgets/framework.dart:5529:7)
#680    ComponentElement._firstBuild (package:flutter/src/widgets/framework.dart:5799:5)
#681    StatefulElement._firstBuild (package:flutter/src/widgets/framework.dart:5973:11)
#682    ComponentElement.mount (package:flutter/src/widgets/framework.dart:5793:5)
#683    Element.inflateWidget (package:flutter/src/widgets/framework.dart:4587:20)
#684    Element.updateChild (package:flutter/src/widgets/framework.dart:4059:18)
#685    ComponentElement.performRebuild (package:flutter/src/widgets/framework.dart:5841:16)
#686    StatefulElement.performRebuild (package:flutter/src/widgets/framework.dart:5982:11)
#687    Element.rebuild (package:flutter/src/widgets/framework.dart:5529:7)
#688    ComponentElement._firstBuild (package:flutter/src/widgets/framework.dart:5799:5)
#689    StatefulElement._firstBuild (package:flutter/src/widgets/framework.dart:5973:11)
#690    ComponentElement.mount (package:flutter/src/widgets/framework.dart:5793:5)
#691    Element.inflateWidget (package:flutter/src/widgets/framework.dart:4587:20)
#692    Element.updateChild (package:flutter/src/widgets/framework.dart:4059:18)
#693    ComponentElement.performRebuild (package:flutter/src/widgets/framework.dart:5841:16)
#694    Element.rebuild (package:flutter/src/widgets/framework.dart:5529:7)
#695    ComponentElement._firstBuild (package:flutter/src/widgets/framework.dart:5799:5)
#696    ComponentElement.mount (package:flutter/src/widgets/framework.dart:5793:5)
#697    Element.inflateWidget (package:flutter/src/widgets/framework.dart:4587:20)
#698    Element.updateChild (package:flutter/src/widgets/framework.dart:4059:18)
#699    ComponentElement.performRebuild (package:flutter/src/widgets/framework.dart:5841:16)
#700    StatefulElement.performRebuild (package:flutter/src/widgets/framework.dart:5982:11)
#701    Element.rebuild (package:flutter/src/widgets/framework.dart:5529:7)
#702    ComponentElement._firstBuild (package:flutter/src/widgets/framework.dart:5799:5)
#703    StatefulElement._firstBuild (package:flutter/src/widgets/framework.dart:5973:11)
#704    ComponentElement.mount (package:flutter/src/widgets/framework.dart:5793:5)
#705    Element.inflateWidget (package:flutter/src/widgets/framework.dart:4587:20)
#706    Element.updateChild (package:flutter/src/widgets/framework.dart:4059:18)
#707    SingleChildRenderObjectElement.mount (package:flutter/src/widgets/framework.dart:7115:14)
#708    Element.inflateWidget (package:flutter/src/widgets/framework.dart:4587:20)
#709    Element.updateChild (package:flutter/src/widgets/framework.dart:4059:18)
#710    ComponentElement.performRebuild (package:flutter/src/widgets/framework.dart:5841:16)
#711    Element.rebuild (package:flutter/src/widgets/framework.dart:5529:7)
#712    ComponentElement._firstBuild (package:flutter/src/widgets/framework.dart:5799:5)
#713    ComponentElement.mount (package:flutter/src/widgets/framework.dart:5793:5)
#714    Element.inflateWidget (package:flutter/src/widgets/framework.dart:4587:20)
#715    Element.updateChild (package:flutter/src/widgets/framework.dart:4059:18)
#716    ComponentElement.performRebuild (package:flutter/src/widgets/framework.dart:5841:16)
#717    StatefulElement.performRebuild (package:flutter/src/widgets/framework.dart:5982:11)
#718    Element.rebuild (package:flutter/src/widgets/framework.dart:5529:7)
#719    ComponentElement._firstBuild (package:flutter/src/widgets/framework.dart:5799:5)
#720    StatefulElement._firstBuild (package:flutter/src/widgets/framework.dart:5973:11)
#721    ComponentElement.mount (package:flutter/src/widgets/framework.dart:5793:5)
#722    Element.inflateWidget (package:flutter/src/widgets/framework.dart:4587:20)
#723    Element.updateChild (package:flutter/src/widgets/framework.dart:4059:18)
#724    ComponentElement.performRebuild (package:flutter/src/widgets/framework.dart:5841:16)
#725    StatefulElement.performRebuild (package:flutter/src/widgets/framework.dart:5982:11)
#726    Element.rebuild (package:flutter/src/widgets/framework.dart:5529:7)
#727    ComponentElement._firstBuild (package:flutter/src/widgets/framework.dart:5799:5)
#728    StatefulElement._firstBuild (package:flutter/src/widgets/framework.dart:5973:11)
#729    ComponentElement.mount (package:flutter/src/widgets/framework.dart:5793:5)
#730    Element.inflateWidget (package:flutter/src/widgets/framework.dart:4587:20)
#731    Element.updateChild (package:flutter/src/widgets/framework.dart:4059:18)
#732    ComponentElement.performRebuild (package:flutter/src/widgets/framework.dart:5841:16)
#733    Element.rebuild (package:flutter/src/widgets/framework.dart:5529:7)
#734    ComponentElement._firstBuild (package:flutter/src/widgets/framework.dart:5799:5)
#735    ComponentElement.mount (package:flutter/src/widgets/framework.dart:5793:5)
#736    Element.inflateWidget (package:flutter/src/widgets/framework.dart:4587:20)
#737    Element.updateChild (package:flutter/src/widgets/framework.dart:4059:18)
#738    ComponentElement.performRebuild (package:flutter/src/widgets/framework.dart:5841:16)
#739    StatefulElement.performRebuild (package:flutter/src/widgets/framework.dart:5982:11)
#740    Element.rebuild (package:flutter/src/widgets/framework.dart:5529:7)
#741    ComponentElement._firstBuild (package:flutter/src/widgets/framework.dart:5799:5)
#742    StatefulElement._firstBuild (package:flutter/src/widgets/framework.dart:5973:11)
#743    ComponentElement.mount (package:flutter/src/widgets/framework.dart:5793:5)
#744    Element.inflateWidget (package:flutter/src/widgets/framework.dart:4587:20)
#745    Element.updateChild (package:flutter/src/widgets/framework.dart:4059:18)
#746    SingleChildRenderObjectElement.mount (package:flutter/src/widgets/framework.dart:7115:14)
#747    Element.inflateWidget (package:flutter/src/widgets/framework.dart:4587:20)
#748    Element.updateChild (package:flutter/src/widgets/framework.dart:4059:18)
#749    ComponentElement.performRebuild (package:flutter/src/widgets/framework.dart:5841:16)
#750    Element.rebuild (package:flutter/src/widgets/framework.dart:5529:7)
#751    ComponentElement._firstBuild (package:flutter/src/widgets/framework.dart:5799:5)
#752    ComponentElement.mount (package:flutter/src/widgets/framework.dart:5793:5)
#753    Element.inflateWidget (package:flutter/src/widgets/framework.dart:4587:20)
#754    Element.updateChild (package:flutter/src/widgets/framework.dart:4059:18)
#755    ComponentElement.performRebuild (package:flutter/src/widgets/framework.dart:5841:16)
#756    StatefulElement.performRebuild (package:flutter/src/widgets/framework.dart:5982:11)
#757    Element.rebuild (package:flutter/src/widgets/framework.dart:5529:7)
#758    ComponentElement._firstBuild (package:flutter/src/widgets/framework.dart:5799:5)
#759    StatefulElement._firstBuild (package:flutter/src/widgets/framework.dart:5973:11)
#760    ComponentElement.mount (package:flutter/src/widgets/framework.dart:5793:5)
#761    Element.inflateWidget (package:flutter/src/widgets/framework.dart:4587:20)
#762    Element.updateChild (package:flutter/src/widgets/framework.dart:4059:18)
#763    ComponentElement.performRebuild (package:flutter/src/widgets/framework.dart:5841:16)
#764    StatefulElement.performRebuild (package:flutter/src/widgets/framework.dart:5982:11)
#765    Element.rebuild (package:flutter/src/widgets/framework.dart:5529:7)
#766    ComponentElement._firstBuild (package:flutter/src/widgets/framework.dart:5799:5)
#767    StatefulElement._firstBuild (package:flutter/src/widgets/framework.dart:5973:11)
#768    ComponentElement.mount (package:flutter/src/widgets/framework.dart:5793:5)
#769    Element.inflateWidget (package:flutter/src/widgets/framework.dart:4587:20)
#770    Element.updateChild (package:flutter/src/widgets/framework.dart:4059:18)
#771    ComponentElement.performRebuild (package:flutter/src/widgets/framework.dart:5841:16)
#772    Element.rebuild (package:flutter/src/widgets/framework.dart:5529:7)
#773    ComponentElement._firstBuild (package:flutter/src/widgets/framework.dart:5799:5)
#774    ComponentElement.mount (package:flutter/src/widgets/framework.dart:5793:5)
#775    Element.inflateWidget (package:flutter/src/widgets/framework.dart:4587:20)
#776    Element.updateChild (package:flutter/src/widgets/framework.dart:4059:18)
#777    SingleChildRenderObjectElement.mount (package:flutter/src/widgets/framework.dart:7115:14)
#778    Element.inflateWidget (package:flutter/src/widgets/framework.dart:4587:20)
#779    Element.updateChild (package:flutter/src/widgets/framework.dart:4059:18)
#780    ComponentElement.performRebuild (package:flutter/src/widgets/framework.dart:5841:16)
#781    Element.rebuild (package:flutter/src/widgets/framework.dart:5529:7)
#782    ComponentElement._firstBuild (package:flutter/src/widgets/framework.dart:5799:5)
#783    ComponentElement.mount (package:flutter/src/widgets/framework.dart:5793:5)
#784    Element.inflateWidget (package:flutter/src/widgets/framework.dart:4587:20)
#785    Element.updateChild (package:flutter/src/widgets/framework.dart:4059:18)
#786    ComponentElement.performRebuild (package:flutter/src/widgets/framework.dart:5841:16)
#787    StatefulElement.performRebuild (package:flutter/src/widgets/framework.dart:5982:11)
#788    Element.rebuild (package:flutter/src/widgets/framework.dart:5529:7)
#789    ComponentElement._firstBuild (package:flutter/src/widgets/framework.dart:5799:5)
#790    StatefulElement._firstBuild (package:flutter/src/widgets/framework.dart:5973:11)
#791    ComponentElement.mount (package:flutter/src/widgets/framework.dart:5793:5)
#792    Element.inflateWidget (package:flutter/src/widgets/framework.dart:4587:20)
#793    Element.updateChild (package:flutter/src/widgets/framework.dart:4059:18)
#794    ComponentElement.performRebuild (package:flutter/src/widgets/framework.dart:5841:16)
#795    StatefulElement.performRebuild (package:flutter/src/widgets/framework.dart:5982:11)
#796    Element.rebuild (package:flutter/src/widgets/framework.dart:5529:7)
#797    ComponentElement._firstBuild (package:flutter/src/widgets/framework.dart:5799:5)
#798    StatefulElement._firstBuild (package:flutter/src/widgets/framework.dart:5973:11)
#799    ComponentElement.mount (package:flutter/src/widgets/framework.dart:5793:5)
#800    Element.inflateWidget (package:flutter/src/widgets/framework.dart:4587:20)
#801    Element.updateChild (package:flutter/src/widgets/framework.dart:4059:18)
#802    ComponentElement.performRebuild (package:flutter/src/widgets/framework.dart:5841:16)
#803    Element.rebuild (package:flutter/src/widgets/framework.dart:5529:7)
#804    ComponentElement._firstBuild (package:flutter/src/widgets/framework.dart:5799:5)
#805    ComponentElement.mount (package:flutter/src/widgets/framework.dart:5793:5)
#806    Element.inflateWidget (package:flutter/src/widgets/framework.dart:4587:20)
#807    Element.updateChild (package:flutter/src/widgets/framework.dart:4059:18)
#808    ComponentElement.performRebuild (package:flutter/src/widgets/framework.dart:5841:16)
#809    Element.rebuild (package:flutter/src/widgets/framework.dart:5529:7)
#810    ComponentElement._firstBuild (package:flutter/src/widgets/framework.dart:5799:5)
#811    ComponentElement.mount (package:flutter/src/widgets/framework.dart:5793:5)
#812    Element.inflateWidget (package:flutter/src/widgets/framework.dart:4587:20)
#813    Element.updateChild (package:flutter/src/widgets/framework.dart:4059:18)
#814    ComponentElement.performRebuild (package:flutter/src/widgets/framework.dart:5841:16)
#815    StatefulElement.performRebuild (package:flutter/src/widgets/framework.dart:5982:11)
#816    Element.rebuild (package:flutter/src/widgets/framework.dart:5529:7)
#817    ComponentElement._firstBuild (package:flutter/src/widgets/framework.dart:5799:5)
#818    StatefulElement._firstBuild (package:flutter/src/widgets/framework.dart:5973:11)
#819    ComponentElement.mount (package:flutter/src/widgets/framework.dart:5793:5)
#820    Element.inflateWidget (package:flutter/src/widgets/framework.dart:4587:20)
#821    Element.updateChild (package:flutter/src/widgets/framework.dart:4059:18)
#822    ComponentElement.performRebuild (package:flutter/src/widgets/framework.dart:5841:16)
#823    Element.rebuild (package:flutter/src/widgets/framework.dart:5529:7)
#824    ComponentElement._firstBuild (package:flutter/src/widgets/framework.dart:5799:5)
#825    ComponentElement.mount (package:flutter/src/widgets/framework.dart:5793:5)
#826    Element.inflateWidget (package:flutter/src/widgets/framework.dart:4587:20)
#827    Element.updateChild (package:flutter/src/widgets/framework.dart:4059:18)
#828    ComponentElement.performRebuild (package:flutter/src/widgets/framework.dart:5841:16)
#829    StatefulElement.performRebuild (package:flutter/src/widgets/framework.dart:5982:11)
#830    Element.rebuild (package:flutter/src/widgets/framework.dart:5529:7)
#831    ComponentElement._firstBuild (package:flutter/src/widgets/framework.dart:5799:5)
#832    StatefulElement._firstBuild (package:flutter/src/widgets/framework.dart:5973:11)
#833    ComponentElement.mount (package:flutter/src/widgets/framework.dart:5793:5)
#834    Element.inflateWidget (package:flutter/src/widgets/framework.dart:4587:20)
#835    Element.updateChild (package:flutter/src/widgets/framework.dart:4059:18)
#836    ComponentElement.performRebuild (package:flutter/src/widgets/framework.dart:5841:16)
#837    Element.rebuild (package:flutter/src/widgets/framework.dart:5529:7)
#838    ComponentElement._firstBuild (package:flutter/src/widgets/framework.dart:5799:5)
#839    ComponentElement.mount (package:flutter/src/widgets/framework.dart:5793:5)
#840    Element.inflateWidget (package:flutter/src/widgets/framework.dart:4587:20)
#841    Element.updateChild (package:flutter/src/widgets/framework.dart:4059:18)
#842    ComponentElement.performRebuild (package:flutter/src/widgets/framework.dart:5841:16)
#843    StatefulElement.performRebuild (package:flutter/src/widgets/framework.dart:5982:11)
#844    Element.rebuild (package:flutter/src/widgets/framework.dart:5529:7)
#845    ComponentElement._firstBuild (package:flutter/src/widgets/framework.dart:5799:5)
#846    StatefulElement._firstBuild (package:flutter/src/widgets/framework.dart:5973:11)
#847    ComponentElement.mount (package:flutter/src/widgets/framework.dart:5793:5)
#848    Element.inflateWidget (package:flutter/src/widgets/framework.dart:4587:20)
#849    Element.updateChild (package:flutter/src/widgets/framework.dart:4059:18)
#850    ComponentElement.performRebuild (package:flutter/src/widgets/framework.dart:5841:16)
#851    StatefulElement.performRebuild (package:flutter/src/widgets/framework.dart:5982:11)
#852    Element.rebuild (package:flutter/src/widgets/framework.dart:5529:7)
#853    ComponentElement._firstBuild (package:flutter/src/widgets/framework.dart:5799:5)
#854    StatefulElement._firstBuild (package:flutter/src/widgets/framework.dart:5973:11)
#855    ComponentElement.mount (package:flutter/src/widgets/framework.dart:5793:5)
#856    Element.inflateWidget (package:flutter/src/widgets/framework.dart:4587:20)
#857    Element.updateChild (package:flutter/src/widgets/framework.dart:4059:18)
#858    ComponentElement.performRebuild (package:flutter/src/widgets/framework.dart:5841:16)
#859    Element.rebuild (package:flutter/src/widgets/framework.dart:5529:7)
#860    ComponentElement._firstBuild (package:flutter/src/widgets/framework.dart:5799:5)
#861    ComponentElement.mount (package:flutter/src/widgets/framework.dart:5793:5)
#862    Element.inflateWidget (package:flutter/src/widgets/framework.dart:4587:20)
#863    Element.updateChild (package:flutter/src/widgets/framework.dart:4059:18)
#864    ComponentElement.performRebuild (package:flutter/src/widgets/framework.dart:5841:16)
#865    Element.rebuild (package:flutter/src/widgets/framework.dart:5529:7)
#866    ComponentElement._firstBuild (package:flutter/src/widgets/framework.dart:5799:5)
#867    ComponentElement.mount (package:flutter/src/widgets/framework.dart:5793:5)
#868    Element.inflateWidget (package:flutter/src/widgets/framework.dart:4587:20)
#869    Element.updateChild (package:flutter/src/widgets/framework.dart:4059:18)
#870    ComponentElement.performRebuild (package:flutter/src/widgets/framework.dart:5841:16)
#871    StatefulElement.performRebuild (package:flutter/src/widgets/framework.dart:5982:11)
#872    Element.rebuild (package:flutter/src/widgets/framework.dart:5529:7)
#873    ComponentElement._firstBuild (package:flutter/src/widgets/framework.dart:5799:5)
#874    StatefulElement._firstBuild (package:flutter/src/widgets/framework.dart:5973:11)
#875    ComponentElement.mount (package:flutter/src/widgets/framework.dart:5793:5)
#876    Element.inflateWidget (package:flutter/src/widgets/framework.dart:4587:20)
#877    Element.updateChild (package:flutter/src/widgets/framework.dart:4059:18)
#878    ComponentElement.performRebuild (package:flutter/src/widgets/framework.dart:5841:16)
#879    Element.rebuild (package:flutter/src/widgets/framework.dart:5529:7)
#880    ComponentElement._firstBuild (package:flutter/src/widgets/framework.dart:5799:5)
#881    ComponentElement.mount (package:flutter/src/widgets/framework.dart:5793:5)
#882    Element.inflateWidget (package:flutter/src/widgets/framework.dart:4587:20)
#883    Element.updateChild (package:flutter/src/widgets/framework.dart:4059:18)
#884    ComponentElement.performRebuild (package:flutter/src/widgets/framework.dart:5841:16)
#885    StatefulElement.performRebuild (package:flutter/src/widgets/framework.dart:5982:11)
#886    Element.rebuild (package:flutter/src/widgets/framework.dart:5529:7)
#887    ComponentElement._firstBuild (package:flutter/src/widgets/framework.dart:5799:5)
#888    StatefulElement._firstBuild (package:flutter/src/widgets/framework.dart:5973:11)
#889    ComponentElement.mount (package:flutter/src/widgets/framework.dart:5793:5)
#890    Element.inflateWidget (package:flutter/src/widgets/framework.dart:4587:20)
#891    Element.updateChild (package:flutter/src/widgets/framework.dart:4059:18)
#892    ComponentElement.performRebuild (package:flutter/src/widgets/framework.dart:5841:16)
#893    StatefulElement.performRebuild (package:flutter/src/widgets/framework.dart:5982:11)
#894    Element.rebuild (package:flutter/src/widgets/framework.dart:5529:7)
#895    ComponentElement._firstBuild (package:flutter/src/widgets/framework.dart:5799:5)
#896    StatefulElement._firstBuild (package:flutter/src/widgets/framework.dart:5973:11)
#897    ComponentElement.mount (package:flutter/src/widgets/framework.dart:5793:5)
#898    Element.inflateWidget (package:flutter/src/widgets/framework.dart:4587:20)
#899    Element.updateChild (package:flutter/src/widgets/framework.dart:4053:20)
#900    ComponentElement.performRebuild (package:flutter/src/widgets/framework.dart:5841:16)
#901    Element.rebuild (package:flutter/src/widgets/framework.dart:5529:7)
#902    ProxyElement.update (package:flutter/src/widgets/framework.dart:6149:5)
#903    _InheritedNotifierElement.update (package:flutter/src/widgets/inherited_notifier.dart:108:11)
#904    Element.updateChild (package:flutter/src/widgets/framework.dart:4037:15)
#905    ComponentElement.performRebuild (package:flutter/src/widgets/framework.dart:5841:16)
#906    StatefulElement.performRebuild (package:flutter/src/widgets/framework.dart:5982:11)
#907    Element.rebuild (package:flutter/src/widgets/framework.dart:5529:7)
#908    StatefulElement.update (package:flutter/src/widgets/framework.dart:6007:5)
#909    Element.updateChild (package:flutter/src/widgets/framework.dart:4037:15)
#910    ComponentElement.performRebuild (package:flutter/src/widgets/framework.dart:5841:16)
#911    Element.rebuild (package:flutter/src/widgets/framework.dart:5529:7)
#912    ProxyElement.update (package:flutter/src/widgets/framework.dart:6149:5)
#913    _InheritedNotifierElement.update (package:flutter/src/widgets/inherited_notifier.dart:108:11)
#914    Element.updateChild (package:flutter/src/widgets/framework.dart:4037:15)
#915    ComponentElement.performRebuild (package:flutter/src/widgets/framework.dart:5841:16)
#916    StatefulElement.performRebuild (package:flutter/src/widgets/framework.dart:5982:11)
#917    Element.rebuild (package:flutter/src/widgets/framework.dart:5529:7)
#918    StatefulElement.update (package:flutter/src/widgets/framework.dart:6007:5)
#919    Element.updateChild (package:flutter/src/widgets/framework.dart:4037:15)
#920    ComponentElement.performRebuild (package:flutter/src/widgets/framework.dart:5841:16)
#921    StatefulElement.performRebuild (package:flutter/src/widgets/framework.dart:5982:11)
#922    Element.rebuild (package:flutter/src/widgets/framework.dart:5529:7)
#923    StatefulElement.update (package:flutter/src/widgets/framework.dart:6007:5)
#924    Element.updateChild (package:flutter/src/widgets/framework.dart:4037:15)
#925    ComponentElement.performRebuild (package:flutter/src/widgets/framework.dart:5841:16)
#926    Element.rebuild (package:flutter/src/widgets/framework.dart:5529:7)
#927    ProxyElement.update (package:flutter/src/widgets/framework.dart:6149:5)
#928    Element.updateChild (package:flutter/src/widgets/framework.dart:4037:15)
#929    ComponentElement.performRebuild (package:flutter/src/widgets/framework.dart:5841:16)
#930    StatefulElement.performRebuild (package:flutter/src/widgets/framework.dart:5982:11)
#931    Element.rebuild (package:flutter/src/widgets/framework.dart:5529:7)
#932    StatefulElement.update (package:flutter/src/widgets/framework.dart:6007:5)
#933    Element.updateChild (package:flutter/src/widgets/framework.dart:4037:15)
#934    ComponentElement.performRebuild (package:flutter/src/widgets/framework.dart:5841:16)
#935    Element.rebuild (package:flutter/src/widgets/framework.dart:5529:7)
#936    ProxyElement.update (package:flutter/src/widgets/framework.dart:6149:5)
#937    Element.updateChild (package:flutter/src/widgets/framework.dart:4037:15)
#938    ComponentElement.performRebuild (package:flutter/src/widgets/framework.dart:5841:16)
#939    Element.rebuild (package:flutter/src/widgets/framework.dart:5529:7)
#940    ProxyElement.update (package:flutter/src/widgets/framework.dart:6149:5)
#941    Element.updateChild (package:flutter/src/widgets/framework.dart:4037:15)
#942    _RawViewElement._updateChild (package:flutter/src/widgets/view.dart:481:16)
#943    _RawViewElement.update (package:flutter/src/widgets/view.dart:568:5)
#944    Element.updateChild (package:flutter/src/widgets/framework.dart:4037:15)
#945    ComponentElement.performRebuild (package:flutter/src/widgets/framework.dart:5841:16)
#946    Element.rebuild (package:flutter/src/widgets/framework.dart:5529:7)
#947    StatelessElement.update (package:flutter/src/widgets/framework.dart:5895:5)
#948    Element.updateChild (package:flutter/src/widgets/framework.dart:4037:15)
#949    ComponentElement.performRebuild (package:flutter/src/widgets/framework.dart:5841:16)
#950    StatefulElement.performRebuild (package:flutter/src/widgets/framework.dart:5982:11)
#951    Element.rebuild (package:flutter/src/widgets/framework.dart:5529:7)
#952    StatefulElement.update (package:flutter/src/widgets/framework.dart:6007:5)
#953    Element.updateChild (package:flutter/src/widgets/framework.dart:4037:15)
#954    RootElement._rebuild (package:flutter/src/widgets/binding.dart:2091:16)
#955    RootElement.update (package:flutter/src/widgets/binding.dart:2069:5)
#956    RootElement.performRebuild (package:flutter/src/widgets/binding.dart:2083:7)
#957    Element.rebuild (package:flutter/src/widgets/framework.dart:5529:7)
#958    BuildScope._tryRebuild (package:flutter/src/widgets/framework.dart:2750:15)
#959    BuildScope._flushDirtyElements (package:flutter/src/widgets/framework.dart:2807:11)
#960    BuildOwner.buildScope (package:flutter/src/widgets/framework.dart:3111:18)
#961    AutomatedTestWidgetsFlutterBinding.drawFrame (package:flutter_test/src/binding.dart:2431:19)
#962    RendererBinding._handlePersistentFrameCallback (package:flutter/src/rendering/binding.dart:509:5)
#963    SchedulerBinding._invokeFrameCallback (package:flutter/src/scheduler/binding.dart:1430:15)
#964    SchedulerBinding.handleDrawFrame (package:flutter/src/scheduler/binding.dart:1345:9)
#965    AutomatedTestWidgetsFlutterBinding.pump.<anonymous closure> (package:flutter_test/src/binding.dart:2260:9)
#966    _rootRun (dart:async/zone_root.dart:35:13)
#967    _CustomZone.run (dart:async/zone.dart:726:19)
#968    TestAsyncUtils.guard (package:flutter_test/src/test_async_utils.dart:74:41)
#969    AutomatedTestWidgetsFlutterBinding.pump (package:flutter_test/src/binding.dart:2249:27)
#970    WidgetTester.pumpWidget.<anonymous closure> (package:flutter_test/src/widget_tester.dart:598:22)
#971    _rootRun (dart:async/zone_root.dart:35:13)
#972    _CustomZone.run (dart:async/zone.dart:726:19)
#973    TestAsyncUtils.guard (package:flutter_test/src/test_async_utils.dart:74:41)
#974    WidgetTester.pumpWidget (package:flutter_test/src/widget_tester.dart:595:27)
#975    main.<anonymous closure> (file:///C:/Users/andrvoicu/Desktop/repos/collectarr-app/test/features/library/add/library_add_dialog_test.dart:561:18)
#976    testWidgets.<anonymous closure>.<anonymous closure> (package:flutter_test/src/widget_tester.dart:192:29)
<asynchronous suspension>
#977    TestWidgetsFlutterBinding._runTestBody (package:flutter_test/src/binding.dart:1952:5)
<asynchronous suspension>
#978    StackZoneSpecification._registerCallback.<anonymous closure> (package:stack_trace/src/stack_zone_specification.dart:114:42)
<asynchronous suspension>
This warning will only appear on debug builds.
00:11 +249 -4: C:/Users/andrvoicu/Desktop/repos/collectarr-app/test/features/library/detail/bundle_release_contents_section_test.dart: loads bundle contents lazily and renders grouped members
00:12 +250 -4: C:/Users/andrvoicu/Desktop/repos/collectarr-app/test/features/library/detail/item_bundle_release_browser_section_test.dart: loads collected editions lazily and renders selected contents
00:12 +251 -4: C:/Users/andrvoicu/Desktop/repos/collectarr-app/test/features/library/detail/item_bundle_release_browser_section_test.dart: loads collected editions lazily and renders selected contents
00:12 +252 -4: C:/Users/andrvoicu/Desktop/repos/collectarr-app/test/features/library/detail/item_bundle_release_browser_section_test.dart: loads collected editions lazily and renders selected contents
00:12 +253 -4: C:/Users/andrvoicu/Desktop/repos/collectarr-app/test/features/library/detail/item_bundle_release_browser_section_test.dart: loads collected editions lazily and renders selected contents
00:12 +254 -4: C:/Users/andrvoicu/Desktop/repos/collectarr-app/test/features/library/detail/library_detail_catalog_sections_test.dart: detail context section renders metadata and genres
00:12 +255 -4: C:/Users/andrvoicu/Desktop/repos/collectarr-app/test/features/library/add/library_add_dialog_test.dart: comic add dialog applies edited review label from real review dialog
00:12 +256 -4: C:/Users/andrvoicu/Desktop/repos/collectarr-app/test/features/library/add/library_add_dialog_test.dart: comic add dialog applies edited review label from real review dialog
WARNING (drift): It looks like you've created the database class LocalDatabase multiple times. When these two databases use the same QueryExecutor, race conditions will occur and might corrupt the database. 
Try to follow the advice at https://drift.simonbinder.eu/faq/#using-the-database or, if you know what you're doing, set driftRuntimeOptions.dontWarnAboutMultipleDatabases = true
Here is the stacktrace from when the database was opened a second time:
#0      GeneratedDatabase._handleInstantiated (package:drift/src/runtime/api/db_base.dart:96:30)
#1      GeneratedDatabase._whenConstructed (package:drift/src/runtime/api/db_base.dart:73:12)
#2      new GeneratedDatabase (package:drift/src/runtime/api/db_base.dart:64:5)
#3      new _$LocalDatabase (package:collectarr_app/core/db/local_database.g.dart:12351:38)
#4      new LocalDatabase (package:collectarr_app/core/db/local_database.dart:387:9)
#5      localDatabaseProvider.<anonymous closure> (package:collectarr_app/state/local_database_provider.dart:5:14)
#6      Provider.create (package:riverpod/src/providers/provider.dart:59:36)
#7      $ProviderElement.create (package:riverpod/src/providers/provider.dart:343:32)
#8      ProviderElement.buildState (package:riverpod/src/core/element.dart:684:28)
#9      ProviderElement.mount (package:riverpod/src/core/element.dart:537:7)
#10     ProviderElement.flush (package:riverpod/src/core/element.dart:640:7)
#11     $ProviderBaseImpl._addListener (package:riverpod/src/core/provider/provider.dart:119:24)
#12     ProviderContainer.listen (package:riverpod/src/core/provider_container.dart:960:26)
#13     ProviderContainer.read (package:riverpod/src/core/provider_container.dart:917:17)
#14     ConsumerStatefulElement.read (package:flutter_riverpod/src/core/consumer.dart:543:59)
#15     _LibraryAddDialogState._loadAvailableLocations (package:collectarr_app/features/library/add/library_add_dialog.dart:2338:38)
#16     _LibraryAddDialogState.initState (package:collectarr_app/features/library/add/library_add_dialog.dart:659:5)
#17     StatefulElement._firstBuild (package:flutter/src/widgets/framework.dart:5950:55)
#18     ComponentElement.mount (package:flutter/src/widgets/framework.dart:5793:5)
#19     Element.inflateWidget (package:flutter/src/widgets/framework.dart:4587:20)
#20     Element.updateChild (package:flutter/src/widgets/framework.dart:4059:18)
#21     ComponentElement.performRebuild (package:flutter/src/widgets/framework.dart:5841:16)
#22     Element.rebuild (package:flutter/src/widgets/framework.dart:5529:7)
#23     ComponentElement._firstBuild (package:flutter/src/widgets/framework.dart:5799:5)
#24     ComponentElement.mount (package:flutter/src/widgets/framework.dart:5793:5)
#25     Element.inflateWidget (package:flutter/src/widgets/framework.dart:4587:20)
#26     Element.updateChild (package:flutter/src/widgets/framework.dart:4059:18)
#27     ComponentElement.performRebuild (package:flutter/src/widgets/framework.dart:5841:16)
#28     Element.rebuild (package:flutter/src/widgets/framework.dart:5529:7)
#29     ComponentElement._firstBuild (package:flutter/src/widgets/framework.dart:5799:5)
#30     ComponentElement.mount (package:flutter/src/widgets/framework.dart:5793:5)
#31     Element.inflateWidget (package:flutter/src/widgets/framework.dart:4587:20)
#32     Element.updateChild (package:flutter/src/widgets/framework.dart:4059:18)
#33     ComponentElement.performRebuild (package:flutter/src/widgets/framework.dart:5841:16)
#34     Element.rebuild (package:flutter/src/widgets/framework.dart:5529:7)
#35     ComponentElement._firstBuild (package:flutter/src/widgets/framework.dart:5799:5)
#36     ComponentElement.mount (package:flutter/src/widgets/framework.dart:5793:5)
#37     Element.inflateWidget (package:flutter/src/widgets/framework.dart:4587:20)
#38     Element.updateChild (package:flutter/src/widgets/framework.dart:4059:18)
#39     ComponentElement.performRebuild (package:flutter/src/widgets/framework.dart:5841:16)
#40     Element.rebuild (package:flutter/src/widgets/framework.dart:5529:7)
#41     ComponentElement._firstBuild (package:flutter/src/widgets/framework.dart:5799:5)
#42     ComponentElement.mount (package:flutter/src/widgets/framework.dart:5793:5)
#43     Element.inflateWidget (package:flutter/src/widgets/framework.dart:4587:20)
#44     MultiChildRenderObjectElement.inflateWidget (package:flutter/src/widgets/framework.dart:7264:36)
#45     MultiChildRenderObjectElement.mount (package:flutter/src/widgets/framework.dart:7279:32)
#46     Element.inflateWidget (package:flutter/src/widgets/framework.dart:4587:20)
#47     Element.updateChild (package:flutter/src/widgets/framework.dart:4059:18)
#48     ComponentElement.performRebuild (package:flutter/src/widgets/framework.dart:5841:16)
#49     Element.rebuild (package:flutter/src/widgets/framework.dart:5529:7)
#50     ComponentElement._firstBuild (package:flutter/src/widgets/framework.dart:5799:5)
#51     ComponentElement.mount (package:flutter/src/widgets/framework.dart:5793:5)
#52     Element.inflateWidget (package:flutter/src/widgets/framework.dart:4587:20)
#53     Element.updateChild (package:flutter/src/widgets/framework.dart:4059:18)
#54     ComponentElement.performRebuild (package:flutter/src/widgets/framework.dart:5841:16)
#55     StatefulElement.performRebuild (package:flutter/src/widgets/framework.dart:5982:11)
#56     Element.rebuild (package:flutter/src/widgets/framework.dart:5529:7)
#57     ComponentElement._firstBuild (package:flutter/src/widgets/framework.dart:5799:5)
#58     StatefulElement._firstBuild (package:flutter/src/widgets/framework.dart:5973:11)
#59     ComponentElement.mount (package:flutter/src/widgets/framework.dart:5793:5)
#60     Element.inflateWidget (package:flutter/src/widgets/framework.dart:4587:20)
#61     Element.updateChild (package:flutter/src/widgets/framework.dart:4059:18)
#62     ComponentElement.performRebuild (package:flutter/src/widgets/framework.dart:5841:16)
#63     Element.rebuild (package:flutter/src/widgets/framework.dart:5529:7)
#64     ComponentElement._firstBuild (package:flutter/src/widgets/framework.dart:5799:5)
#65     ComponentElement.mount (package:flutter/src/widgets/framework.dart:5793:5)
#66     Element.inflateWidget (package:flutter/src/widgets/framework.dart:4587:20)
#67     Element.updateChild (package:flutter/src/widgets/framework.dart:4059:18)
#68     ComponentElement.performRebuild (package:flutter/src/widgets/framework.dart:5841:16)
#69     Element.rebuild (package:flutter/src/widgets/framework.dart:5529:7)
#70     ComponentElement._firstBuild (package:flutter/src/widgets/framework.dart:5799:5)
#71     ComponentElement.mount (package:flutter/src/widgets/framework.dart:5793:5)
#72     Element.inflateWidget (package:flutter/src/widgets/framework.dart:4587:20)
#73     Element.updateChild (package:flutter/src/widgets/framework.dart:4059:18)
#74     ComponentElement.performRebuild (package:flutter/src/widgets/framework.dart:5841:16)
#75     StatefulElement.performRebuild (package:flutter/src/widgets/framework.dart:5982:11)
#76     Element.rebuild (package:flutter/src/widgets/framework.dart:5529:7)
#77     ComponentElement._firstBuild (package:flutter/src/widgets/framework.dart:5799:5)
#78     StatefulElement._firstBuild (package:flutter/src/widgets/framework.dart:5973:11)
#79     ComponentElement.mount (package:flutter/src/widgets/framework.dart:5793:5)
#80     Element.inflateWidget (package:flutter/src/widgets/framework.dart:4587:20)
#81     Element.updateChild (package:flutter/src/widgets/framework.dart:4059:18)
#82     SingleChildRenderObjectElement.mount (package:flutter/src/widgets/framework.dart:7115:14)
#83     Element.inflateWidget (package:flutter/src/widgets/framework.dart:4587:20)
#84     Element.updateChild (package:flutter/src/widgets/framework.dart:4059:18)
#85     ComponentElement.performRebuild (package:flutter/src/widgets/framework.dart:5841:16)
#86     Element.rebuild (package:flutter/src/widgets/framework.dart:5529:7)
#87     ComponentElement._firstBuild (package:flutter/src/widgets/framework.dart:5799:5)
#88     ComponentElement.mount (package:flutter/src/widgets/framework.dart:5793:5)
#89     Element.inflateWidget (package:flutter/src/widgets/framework.dart:4587:20)
#90     Element.updateChild (package:flutter/src/widgets/framework.dart:4059:18)
#91     SingleChildRenderObjectElement.mount (package:flutter/src/widgets/framework.dart:7115:14)
#92     Element.inflateWidget (package:flutter/src/widgets/framework.dart:4587:20)
#93     Element.updateChild (package:flutter/src/widgets/framework.dart:4059:18)
#94     ComponentElement.performRebuild (package:flutter/src/widgets/framework.dart:5841:16)
#95     StatefulElement.performRebuild (package:flutter/src/widgets/framework.dart:5982:11)
#96     Element.rebuild (package:flutter/src/widgets/framework.dart:5529:7)
#97     ComponentElement._firstBuild (package:flutter/src/widgets/framework.dart:5799:5)
#98     StatefulElement._firstBuild (package:flutter/src/widgets/framework.dart:5973:11)
#99     ComponentElement.mount (package:flutter/src/widgets/framework.dart:5793:5)
#100    Element.inflateWidget (package:flutter/src/widgets/framework.dart:4587:20)
#101    Element.updateChild (package:flutter/src/widgets/framework.dart:4059:18)
#102    ComponentElement.performRebuild (package:flutter/src/widgets/framework.dart:5841:16)
#103    StatefulElement.performRebuild (package:flutter/src/widgets/framework.dart:5982:11)
#104    Element.rebuild (package:flutter/src/widgets/framework.dart:5529:7)
#105    ComponentElement._firstBuild (package:flutter/src/widgets/framework.dart:5799:5)
#106    StatefulElement._firstBuild (package:flutter/src/widgets/framework.dart:5973:11)
#107    ComponentElement.mount (package:flutter/src/widgets/framework.dart:5793:5)
#108    Element.inflateWidget (package:flutter/src/widgets/framework.dart:4587:20)
#109    Element.updateChild (package:flutter/src/widgets/framework.dart:4059:18)
#110    ComponentElement.performRebuild (package:flutter/src/widgets/framework.dart:5841:16)
#111    Element.rebuild (package:flutter/src/widgets/framework.dart:5529:7)
#112    ComponentElement._firstBuild (package:flutter/src/widgets/framework.dart:5799:5)
#113    ComponentElement.mount (package:flutter/src/widgets/framework.dart:5793:5)
#114    Element.inflateWidget (package:flutter/src/widgets/framework.dart:4587:20)
#115    Element.updateChild (package:flutter/src/widgets/framework.dart:4059:18)
#116    ComponentElement.performRebuild (package:flutter/src/widgets/framework.dart:5841:16)
#117    Element.rebuild (package:flutter/src/widgets/framework.dart:5529:7)
#118    ComponentElement._firstBuild (package:flutter/src/widgets/framework.dart:5799:5)
#119    ComponentElement.mount (package:flutter/src/widgets/framework.dart:5793:5)
#120    Element.inflateWidget (package:flutter/src/widgets/framework.dart:4587:20)
#121    Element.updateChild (package:flutter/src/widgets/framework.dart:4059:18)
#122    ComponentElement.performRebuild (package:flutter/src/widgets/framework.dart:5841:16)
#123    Element.rebuild (package:flutter/src/widgets/framework.dart:5529:7)
#124    ComponentElement._firstBuild (package:flutter/src/widgets/framework.dart:5799:5)
#125    ComponentElement.mount (package:flutter/src/widgets/framework.dart:5793:5)
#126    Element.inflateWidget (package:flutter/src/widgets/framework.dart:4587:20)
#127    Element.updateChild (package:flutter/src/widgets/framework.dart:4059:18)
#128    ComponentElement.performRebuild (package:flutter/src/widgets/framework.dart:5841:16)
#129    StatefulElement.performRebuild (package:flutter/src/widgets/framework.dart:5982:11)
#130    Element.rebuild (package:flutter/src/widgets/framework.dart:5529:7)
#131    ComponentElement._firstBuild (package:flutter/src/widgets/framework.dart:5799:5)
#132    StatefulElement._firstBuild (package:flutter/src/widgets/framework.dart:5973:11)
#133    ComponentElement.mount (package:flutter/src/widgets/framework.dart:5793:5)
#134    Element.inflateWidget (package:flutter/src/widgets/framework.dart:4587:20)
#135    Element.updateChild (package:flutter/src/widgets/framework.dart:4059:18)
#136    ComponentElement.performRebuild (package:flutter/src/widgets/framework.dart:5841:16)
#137    Element.rebuild (package:flutter/src/widgets/framework.dart:5529:7)
#138    ComponentElement._firstBuild (package:flutter/src/widgets/framework.dart:5799:5)
#139    ComponentElement.mount (package:flutter/src/widgets/framework.dart:5793:5)
#140    Element.inflateWidget (package:flutter/src/widgets/framework.dart:4587:20)
#141    Element.updateChild (package:flutter/src/widgets/framework.dart:4059:18)
#142    ComponentElement.performRebuild (package:flutter/src/widgets/framework.dart:5841:16)
#143    StatefulElement.performRebuild (package:flutter/src/widgets/framework.dart:5982:11)
#144    Element.rebuild (package:flutter/src/widgets/framework.dart:5529:7)
#145    ComponentElement._firstBuild (package:flutter/src/widgets/framework.dart:5799:5)
#146    StatefulElement._firstBuild (package:flutter/src/widgets/framework.dart:5973:11)
#147    ComponentElement.mount (package:flutter/src/widgets/framework.dart:5793:5)
#148    Element.inflateWidget (package:flutter/src/widgets/framework.dart:4587:20)
#149    Element.updateChild (package:flutter/src/widgets/framework.dart:4059:18)
#150    SingleChildRenderObjectElement.mount (package:flutter/src/widgets/framework.dart:7115:14)
#151    Element.inflateWidget (package:flutter/src/widgets/framework.dart:4587:20)
#152    Element.updateChild (package:flutter/src/widgets/framework.dart:4059:18)
#153    ComponentElement.performRebuild (package:flutter/src/widgets/framework.dart:5841:16)
#154    Element.rebuild (package:flutter/src/widgets/framework.dart:5529:7)
#155    ComponentElement._firstBuild (package:flutter/src/widgets/framework.dart:5799:5)
#156    ComponentElement.mount (package:flutter/src/widgets/framework.dart:5793:5)
#157    Element.inflateWidget (package:flutter/src/widgets/framework.dart:4587:20)
#158    Element.updateChild (package:flutter/src/widgets/framework.dart:4059:18)
#159    SingleChildRenderObjectElement.mount (package:flutter/src/widgets/framework.dart:7115:14)
#160    Element.inflateWidget (package:flutter/src/widgets/framework.dart:4587:20)
#161    Element.updateChild (package:flutter/src/widgets/framework.dart:4059:18)
#162    SingleChildRenderObjectElement.mount (package:flutter/src/widgets/framework.dart:7115:14)
#163    Element.inflateWidget (package:flutter/src/widgets/framework.dart:4587:20)
#164    Element.updateChild (package:flutter/src/widgets/framework.dart:4059:18)
#165    ComponentElement.performRebuild (package:flutter/src/widgets/framework.dart:5841:16)
#166    StatefulElement.performRebuild (package:flutter/src/widgets/framework.dart:5982:11)
#167    Element.rebuild (package:flutter/src/widgets/framework.dart:5529:7)
#168    ComponentElement._firstBuild (package:flutter/src/widgets/framework.dart:5799:5)
#169    StatefulElement._firstBuild (package:flutter/src/widgets/framework.dart:5973:11)
#170    ComponentElement.mount (package:flutter/src/widgets/framework.dart:5793:5)
#171    Element.inflateWidget (package:flutter/src/widgets/framework.dart:4587:20)
#172    Element.updateChild (package:flutter/src/widgets/framework.dart:4059:18)
#173    SingleChildRenderObjectElement.mount (package:flutter/src/widgets/framework.dart:7115:14)
#174    Element.inflateWidget (package:flutter/src/widgets/framework.dart:4587:20)
#175    Element.updateChild (package:flutter/src/widgets/framework.dart:4059:18)
#176    ComponentElement.performRebuild (package:flutter/src/widgets/framework.dart:5841:16)
#177    StatefulElement.performRebuild (package:flutter/src/widgets/framework.dart:5982:11)
#178    Element.rebuild (package:flutter/src/widgets/framework.dart:5529:7)
#179    ComponentElement._firstBuild (package:flutter/src/widgets/framework.dart:5799:5)
#180    StatefulElement._firstBuild (package:flutter/src/widgets/framework.dart:5973:11)
#181    ComponentElement.mount (package:flutter/src/widgets/framework.dart:5793:5)
#182    Element.inflateWidget (package:flutter/src/widgets/framework.dart:4587:20)
#183    Element.updateChild (package:flutter/src/widgets/framework.dart:4059:18)
#184    SingleChildRenderObjectElement.mount (package:flutter/src/widgets/framework.dart:7115:14)
#185    Element.inflateWidget (package:flutter/src/widgets/framework.dart:4587:20)
#186    Element.updateChild (package:flutter/src/widgets/framework.dart:4059:18)
#187    SingleChildRenderObjectElement.mount (package:flutter/src/widgets/framework.dart:7115:14)
#188    Element.inflateWidget (package:flutter/src/widgets/framework.dart:4587:20)
#189    Element.updateChild (package:flutter/src/widgets/framework.dart:4059:18)
#190    ComponentElement.performRebuild (package:flutter/src/widgets/framework.dart:5841:16)
#191    StatefulElement.performRebuild (package:flutter/src/widgets/framework.dart:5982:11)
#192    Element.rebuild (package:flutter/src/widgets/framework.dart:5529:7)
#193    ComponentElement._firstBuild (package:flutter/src/widgets/framework.dart:5799:5)
#194    StatefulElement._firstBuild (package:flutter/src/widgets/framework.dart:5973:11)
#195    ComponentElement.mount (package:flutter/src/widgets/framework.dart:5793:5)
#196    Element.inflateWidget (package:flutter/src/widgets/framework.dart:4587:20)
#197    Element.updateChild (package:flutter/src/widgets/framework.dart:4059:18)
#198    SingleChildRenderObjectElement.mount (package:flutter/src/widgets/framework.dart:7115:14)
#199    Element.inflateWidget (package:flutter/src/widgets/framework.dart:4587:20)
#200    Element.updateChild (package:flutter/src/widgets/framework.dart:4059:18)
#201    ComponentElement.performRebuild (package:flutter/src/widgets/framework.dart:5841:16)
#202    StatefulElement.performRebuild (package:flutter/src/widgets/framework.dart:5982:11)
#203    Element.rebuild (package:flutter/src/widgets/framework.dart:5529:7)
#204    ComponentElement._firstBuild (package:flutter/src/widgets/framework.dart:5799:5)
#205    StatefulElement._firstBuild (package:flutter/src/widgets/framework.dart:5973:11)
#206    ComponentElement.mount (package:flutter/src/widgets/framework.dart:5793:5)
#207    Element.inflateWidget (package:flutter/src/widgets/framework.dart:4587:20)
#208    Element.updateChild (package:flutter/src/widgets/framework.dart:4059:18)
#209    SingleChildRenderObjectElement.mount (package:flutter/src/widgets/framework.dart:7115:14)
#210    Element.inflateWidget (package:flutter/src/widgets/framework.dart:4587:20)
#211    Element.updateChild (package:flutter/src/widgets/framework.dart:4059:18)
#212    SingleChildRenderObjectElement.mount (package:flutter/src/widgets/framework.dart:7115:14)
#213    Element.inflateWidget (package:flutter/src/widgets/framework.dart:4587:20)
#214    Element.updateChild (package:flutter/src/widgets/framework.dart:4059:18)
#215    ComponentElement.performRebuild (package:flutter/src/widgets/framework.dart:5841:16)
#216    StatefulElement.performRebuild (package:flutter/src/widgets/framework.dart:5982:11)
#217    Element.rebuild (package:flutter/src/widgets/framework.dart:5529:7)
#218    ComponentElement._firstBuild (package:flutter/src/widgets/framework.dart:5799:5)
#219    StatefulElement._firstBuild (package:flutter/src/widgets/framework.dart:5973:11)
#220    ComponentElement.mount (package:flutter/src/widgets/framework.dart:5793:5)
#221    Element.inflateWidget (package:flutter/src/widgets/framework.dart:4587:20)
#222    Element.updateChild (package:flutter/src/widgets/framework.dart:4059:18)
#223    SingleChildRenderObjectElement.mount (package:flutter/src/widgets/framework.dart:7115:14)
#224    Element.inflateWidget (package:flutter/src/widgets/framework.dart:4587:20)
#225    Element.updateChild (package:flutter/src/widgets/framework.dart:4059:18)
#226    SingleChildRenderObjectElement.mount (package:flutter/src/widgets/framework.dart:7115:14)
#227    Element.inflateWidget (package:flutter/src/widgets/framework.dart:4587:20)
#228    Element.updateChild (package:flutter/src/widgets/framework.dart:4059:18)
#229    SingleChildRenderObjectElement.mount (package:flutter/src/widgets/framework.dart:7115:14)
#230    Element.inflateWidget (package:flutter/src/widgets/framework.dart:4587:20)
#231    Element.updateChild (package:flutter/src/widgets/framework.dart:4059:18)
#232    ComponentElement.performRebuild (package:flutter/src/widgets/framework.dart:5841:16)
#233    StatefulElement.performRebuild (package:flutter/src/widgets/framework.dart:5982:11)
#234    Element.rebuild (package:flutter/src/widgets/framework.dart:5529:7)
#235    ComponentElement._firstBuild (package:flutter/src/widgets/framework.dart:5799:5)
#236    StatefulElement._firstBuild (package:flutter/src/widgets/framework.dart:5973:11)
#237    ComponentElement.mount (package:flutter/src/widgets/framework.dart:5793:5)
#238    Element.inflateWidget (package:flutter/src/widgets/framework.dart:4587:20)
#239    Element.updateChild (package:flutter/src/widgets/framework.dart:4059:18)
#240    SingleChildRenderObjectElement.mount (package:flutter/src/widgets/framework.dart:7115:14)
#241    Element.inflateWidget (package:flutter/src/widgets/framework.dart:4587:20)
#242    Element.updateChild (package:flutter/src/widgets/framework.dart:4059:18)
#243    ComponentElement.performRebuild (package:flutter/src/widgets/framework.dart:5841:16)
#244    StatefulElement.performRebuild (package:flutter/src/widgets/framework.dart:5982:11)
#245    Element.rebuild (package:flutter/src/widgets/framework.dart:5529:7)
#246    ComponentElement._firstBuild (package:flutter/src/widgets/framework.dart:5799:5)
#247    StatefulElement._firstBuild (package:flutter/src/widgets/framework.dart:5973:11)
#248    ComponentElement.mount (package:flutter/src/widgets/framework.dart:5793:5)
#249    Element.inflateWidget (package:flutter/src/widgets/framework.dart:4587:20)
#250    Element.updateChild (package:flutter/src/widgets/framework.dart:4059:18)
#251    ComponentElement.performRebuild (package:flutter/src/widgets/framework.dart:5841:16)
#252    Element.rebuild (package:flutter/src/widgets/framework.dart:5529:7)
#253    ComponentElement._firstBuild (package:flutter/src/widgets/framework.dart:5799:5)
#254    ComponentElement.mount (package:flutter/src/widgets/framework.dart:5793:5)
#255    Element.inflateWidget (package:flutter/src/widgets/framework.dart:4587:20)
#256    Element.updateChild (package:flutter/src/widgets/framework.dart:4059:18)
#257    ComponentElement.performRebuild (package:flutter/src/widgets/framework.dart:5841:16)
#258    StatefulElement.performRebuild (package:flutter/src/widgets/framework.dart:5982:11)
#259    Element.rebuild (package:flutter/src/widgets/framework.dart:5529:7)
#260    ComponentElement._firstBuild (package:flutter/src/widgets/framework.dart:5799:5)
#261    StatefulElement._firstBuild (package:flutter/src/widgets/framework.dart:5973:11)
#262    ComponentElement.mount (package:flutter/src/widgets/framework.dart:5793:5)
#263    Element.inflateWidget (package:flutter/src/widgets/framework.dart:4587:20)
#264    Element.updateChild (package:flutter/src/widgets/framework.dart:4059:18)
#265    ComponentElement.performRebuild (package:flutter/src/widgets/framework.dart:5841:16)
#266    StatefulElement.performRebuild (package:flutter/src/widgets/framework.dart:5982:11)
#267    Element.rebuild (package:flutter/src/widgets/framework.dart:5529:7)
#268    ComponentElement._firstBuild (package:flutter/src/widgets/framework.dart:5799:5)
#269    StatefulElement._firstBuild (package:flutter/src/widgets/framework.dart:5973:11)
#270    ComponentElement.mount (package:flutter/src/widgets/framework.dart:5793:5)
#271    Element.inflateWidget (package:flutter/src/widgets/framework.dart:4587:20)
#272    Element.updateChild (package:flutter/src/widgets/framework.dart:4059:18)
#273    ComponentElement.performRebuild (package:flutter/src/widgets/framework.dart:5841:16)
#274    StatefulElement.performRebuild (package:flutter/src/widgets/framework.dart:5982:11)
#275    Element.rebuild (package:flutter/src/widgets/framework.dart:5529:7)
#276    ComponentElement._firstBuild (package:flutter/src/widgets/framework.dart:5799:5)
#277    StatefulElement._firstBuild (package:flutter/src/widgets/framework.dart:5973:11)
#278    ComponentElement.mount (package:flutter/src/widgets/framework.dart:5793:5)
#279    Element.inflateWidget (package:flutter/src/widgets/framework.dart:4587:20)
#280    Element.updateChild (package:flutter/src/widgets/framework.dart:4059:18)
#281    SingleChildRenderObjectElement.mount (package:flutter/src/widgets/framework.dart:7115:14)
#282    Element.inflateWidget (package:flutter/src/widgets/framework.dart:4587:20)
#283    Element.updateChild (package:flutter/src/widgets/framework.dart:4059:18)
#284    ComponentElement.performRebuild (package:flutter/src/widgets/framework.dart:5841:16)
#285    Element.rebuild (package:flutter/src/widgets/framework.dart:5529:7)
#286    ComponentElement._firstBuild (package:flutter/src/widgets/framework.dart:5799:5)
#287    ComponentElement.mount (package:flutter/src/widgets/framework.dart:5793:5)
#288    Element.inflateWidget (package:flutter/src/widgets/framework.dart:4587:20)
#289    Element.updateChild (package:flutter/src/widgets/framework.dart:4059:18)
#290    SingleChildRenderObjectElement.mount (package:flutter/src/widgets/framework.dart:7115:14)
#291    Element.inflateWidget (package:flutter/src/widgets/framework.dart:4587:20)
#292    Element.updateChild (package:flutter/src/widgets/framework.dart:4059:18)
#293    ComponentElement.performRebuild (package:flutter/src/widgets/framework.dart:5841:16)
#294    StatefulElement.performRebuild (package:flutter/src/widgets/framework.dart:5982:11)
#295    Element.rebuild (package:flutter/src/widgets/framework.dart:5529:7)
#296    ComponentElement._firstBuild (package:flutter/src/widgets/framework.dart:5799:5)
#297    StatefulElement._firstBuild (package:flutter/src/widgets/framework.dart:5973:11)
#298    ComponentElement.mount (package:flutter/src/widgets/framework.dart:5793:5)
#299    Element.inflateWidget (package:flutter/src/widgets/framework.dart:4587:20)
#300    Element.updateChild (package:flutter/src/widgets/framework.dart:4059:18)
#301    ComponentElement.performRebuild (package:flutter/src/widgets/framework.dart:5841:16)
#302    Element.rebuild (package:flutter/src/widgets/framework.dart:5529:7)
#303    ComponentElement._firstBuild (package:flutter/src/widgets/framework.dart:5799:5)
#304    ComponentElement.mount (package:flutter/src/widgets/framework.dart:5793:5)
#305    Element.inflateWidget (package:flutter/src/widgets/framework.dart:4587:20)
#306    Element.updateChild (package:flutter/src/widgets/framework.dart:4059:18)
#307    ComponentElement.performRebuild (package:flutter/src/widgets/framework.dart:5841:16)
#308    Element.rebuild (package:flutter/src/widgets/framework.dart:5529:7)
#309    ComponentElement._firstBuild (package:flutter/src/widgets/framework.dart:5799:5)
#310    ComponentElement.mount (package:flutter/src/widgets/framework.dart:5793:5)
#311    Element.inflateWidget (package:flutter/src/widgets/framework.dart:4587:20)
#312    Element.updateChild (package:flutter/src/widgets/framework.dart:4059:18)
#313    ComponentElement.performRebuild (package:flutter/src/widgets/framework.dart:5841:16)
#314    StatefulElement.performRebuild (package:flutter/src/widgets/framework.dart:5982:11)
#315    Element.rebuild (package:flutter/src/widgets/framework.dart:5529:7)
#316    ComponentElement._firstBuild (package:flutter/src/widgets/framework.dart:5799:5)
#317    StatefulElement._firstBuild (package:flutter/src/widgets/framework.dart:5973:11)
#318    ComponentElement.mount (package:flutter/src/widgets/framework.dart:5793:5)
#319    Element.inflateWidget (package:flutter/src/widgets/framework.dart:4587:20)
#320    Element.updateChild (package:flutter/src/widgets/framework.dart:4059:18)
#321    ComponentElement.performRebuild (package:flutter/src/widgets/framework.dart:5841:16)
#322    Element.rebuild (package:flutter/src/widgets/framework.dart:5529:7)
#323    ComponentElement._firstBuild (package:flutter/src/widgets/framework.dart:5799:5)
#324    ComponentElement.mount (package:flutter/src/widgets/framework.dart:5793:5)
#325    Element.inflateWidget (package:flutter/src/widgets/framework.dart:4587:20)
#326    Element.updateChild (package:flutter/src/widgets/framework.dart:4059:18)
#327    ComponentElement.performRebuild (package:flutter/src/widgets/framework.dart:5841:16)
#328    Element.rebuild (package:flutter/src/widgets/framework.dart:5529:7)
#329    ComponentElement._firstBuild (package:flutter/src/widgets/framework.dart:5799:5)
#330    ComponentElement.mount (package:flutter/src/widgets/framework.dart:5793:5)
#331    Element.inflateWidget (package:flutter/src/widgets/framework.dart:4587:20)
#332    Element.updateChild (package:flutter/src/widgets/framework.dart:4059:18)
#333    SingleChildRenderObjectElement.mount (package:flutter/src/widgets/framework.dart:7115:14)
#334    Element.inflateWidget (package:flutter/src/widgets/framework.dart:4587:20)
#335    Element.updateChild (package:flutter/src/widgets/framework.dart:4059:18)
#336    ComponentElement.performRebuild (package:flutter/src/widgets/framework.dart:5841:16)
#337    Element.rebuild (package:flutter/src/widgets/framework.dart:5529:7)
#338    ComponentElement._firstBuild (package:flutter/src/widgets/framework.dart:5799:5)
#339    ComponentElement.mount (package:flutter/src/widgets/framework.dart:5793:5)
#340    Element.inflateWidget (package:flutter/src/widgets/framework.dart:4587:20)
#341    Element.updateChild (package:flutter/src/widgets/framework.dart:4059:18)
#342    ComponentElement.performRebuild (package:flutter/src/widgets/framework.dart:5841:16)
#343    Element.rebuild (package:flutter/src/widgets/framework.dart:5529:7)
#344    ComponentElement._firstBuild (package:flutter/src/widgets/framework.dart:5799:5)
#345    ComponentElement.mount (package:flutter/src/widgets/framework.dart:5793:5)
#346    Element.inflateWidget (package:flutter/src/widgets/framework.dart:4587:20)
#347    Element.updateChild (package:flutter/src/widgets/framework.dart:4059:18)
#348    ComponentElement.performRebuild (package:flutter/src/widgets/framework.dart:5841:16)
#349    StatefulElement.performRebuild (package:flutter/src/widgets/framework.dart:5982:11)
#350    Element.rebuild (package:flutter/src/widgets/framework.dart:5529:7)
#351    ComponentElement._firstBuild (package:flutter/src/widgets/framework.dart:5799:5)
#352    StatefulElement._firstBuild (package:flutter/src/widgets/framework.dart:5973:11)
#353    ComponentElement.mount (package:flutter/src/widgets/framework.dart:5793:5)
#354    Element.inflateWidget (package:flutter/src/widgets/framework.dart:4587:20)
#355    Element.updateChild (package:flutter/src/widgets/framework.dart:4059:18)
#356    ComponentElement.performRebuild (package:flutter/src/widgets/framework.dart:5841:16)
#357    StatefulElement.performRebuild (package:flutter/src/widgets/framework.dart:5982:11)
#358    Element.rebuild (package:flutter/src/widgets/framework.dart:5529:7)
#359    ComponentElement._firstBuild (package:flutter/src/widgets/framework.dart:5799:5)
#360    StatefulElement._firstBuild (package:flutter/src/widgets/framework.dart:5973:11)
#361    ComponentElement.mount (package:flutter/src/widgets/framework.dart:5793:5)
#362    Element.inflateWidget (package:flutter/src/widgets/framework.dart:4587:20)
#363    Element.updateChild (package:flutter/src/widgets/framework.dart:4059:18)
#364    ComponentElement.performRebuild (package:flutter/src/widgets/framework.dart:5841:16)
#365    StatefulElement.performRebuild (package:flutter/src/widgets/framework.dart:5982:11)
#366    Element.rebuild (package:flutter/src/widgets/framework.dart:5529:7)
#367    ComponentElement._firstBuild (package:flutter/src/widgets/framework.dart:5799:5)
#368    StatefulElement._firstBuild (package:flutter/src/widgets/framework.dart:5973:11)
#369    ComponentElement.mount (package:flutter/src/widgets/framework.dart:5793:5)
#370    Element.inflateWidget (package:flutter/src/widgets/framework.dart:4587:20)
#371    Element.updateChild (package:flutter/src/widgets/framework.dart:4059:18)
#372    SingleChildRenderObjectElement.mount (package:flutter/src/widgets/framework.dart:7115:14)
#373    Element.inflateWidget (package:flutter/src/widgets/framework.dart:4587:20)
#374    Element.updateChild (package:flutter/src/widgets/framework.dart:4059:18)
#375    ComponentElement.performRebuild (package:flutter/src/widgets/framework.dart:5841:16)
#376    Element.rebuild (package:flutter/src/widgets/framework.dart:5529:7)
#377    ComponentElement._firstBuild (package:flutter/src/widgets/framework.dart:5799:5)
#378    ComponentElement.mount (package:flutter/src/widgets/framework.dart:5793:5)
#379    Element.inflateWidget (package:flutter/src/widgets/framework.dart:4587:20)
#380    Element.updateChild (package:flutter/src/widgets/framework.dart:4059:18)
#381    ComponentElement.performRebuild (package:flutter/src/widgets/framework.dart:5841:16)
#382    Element.rebuild (package:flutter/src/widgets/framework.dart:5529:7)
#383    ComponentElement._firstBuild (package:flutter/src/widgets/framework.dart:5799:5)
#384    ComponentElement.mount (package:flutter/src/widgets/framework.dart:5793:5)
#385    Element.inflateWidget (package:flutter/src/widgets/framework.dart:4587:20)
#386    Element.updateChild (package:flutter/src/widgets/framework.dart:4059:18)
#387    ComponentElement.performRebuild (package:flutter/src/widgets/framework.dart:5841:16)
#388    Element.rebuild (package:flutter/src/widgets/framework.dart:5529:7)
#389    ComponentElement._firstBuild (package:flutter/src/widgets/framework.dart:5799:5)
#390    ComponentElement.mount (package:flutter/src/widgets/framework.dart:5793:5)
#391    Element.inflateWidget (package:flutter/src/widgets/framework.dart:4587:20)
#392    Element.updateChild (package:flutter/src/widgets/framework.dart:4059:18)
#393    ComponentElement.performRebuild (package:flutter/src/widgets/framework.dart:5841:16)
#394    StatefulElement.performRebuild (package:flutter/src/widgets/framework.dart:5982:11)
#395    Element.rebuild (package:flutter/src/widgets/framework.dart:5529:7)
#396    ComponentElement._firstBuild (package:flutter/src/widgets/framework.dart:5799:5)
#397    StatefulElement._firstBuild (package:flutter/src/widgets/framework.dart:5973:11)
#398    ComponentElement.mount (package:flutter/src/widgets/framework.dart:5793:5)
#399    Element.inflateWidget (package:flutter/src/widgets/framework.dart:4587:20)
#400    Element.updateChild (package:flutter/src/widgets/framework.dart:4059:18)
#401    ComponentElement.performRebuild (package:flutter/src/widgets/framework.dart:5841:16)
#402    StatefulElement.performRebuild (package:flutter/src/widgets/framework.dart:5982:11)
#403    Element.rebuild (package:flutter/src/widgets/framework.dart:5529:7)
#404    ComponentElement._firstBuild (package:flutter/src/widgets/framework.dart:5799:5)
#405    StatefulElement._firstBuild (package:flutter/src/widgets/framework.dart:5973:11)
#406    ComponentElement.mount (package:flutter/src/widgets/framework.dart:5793:5)
#407    Element.inflateWidget (package:flutter/src/widgets/framework.dart:4587:20)
#408    MultiChildRenderObjectElement.inflateWidget (package:flutter/src/widgets/framework.dart:7264:36)
#409    MultiChildRenderObjectElement.mount (package:flutter/src/widgets/framework.dart:7279:32)
#410    Element.inflateWidget (package:flutter/src/widgets/framework.dart:4587:20)
#411    Element.updateChild (package:flutter/src/widgets/framework.dart:4059:18)
#412    ComponentElement.performRebuild (package:flutter/src/widgets/framework.dart:5841:16)
#413    StatefulElement.performRebuild (package:flutter/src/widgets/framework.dart:5982:11)
#414    Element.rebuild (package:flutter/src/widgets/framework.dart:5529:7)
#415    ComponentElement._firstBuild (package:flutter/src/widgets/framework.dart:5799:5)
#416    StatefulElement._firstBuild (package:flutter/src/widgets/framework.dart:5973:11)
#417    ComponentElement.mount (package:flutter/src/widgets/framework.dart:5793:5)
#418    Element.inflateWidget (package:flutter/src/widgets/framework.dart:4587:20)
#419    Element.updateChild (package:flutter/src/widgets/framework.dart:4059:18)
#420    ComponentElement.performRebuild (package:flutter/src/widgets/framework.dart:5841:16)
#421    Element.rebuild (package:flutter/src/widgets/framework.dart:5529:7)
#422    ComponentElement._firstBuild (package:flutter/src/widgets/framework.dart:5799:5)
#423    ComponentElement.mount (package:flutter/src/widgets/framework.dart:5793:5)
#424    Element.inflateWidget (package:flutter/src/widgets/framework.dart:4587:20)
#425    Element.updateChild (package:flutter/src/widgets/framework.dart:4059:18)
#426    ComponentElement.performRebuild (package:flutter/src/widgets/framework.dart:5841:16)
#427    Element.rebuild (package:flutter/src/widgets/framework.dart:5529:7)
#428    ComponentElement._firstBuild (package:flutter/src/widgets/framework.dart:5799:5)
#429    ComponentElement.mount (package:flutter/src/widgets/framework.dart:5793:5)
#430    Element.inflateWidget (package:flutter/src/widgets/framework.dart:4587:20)
#431    Element.updateChild (package:flutter/src/widgets/framework.dart:4059:18)
#432    ComponentElement.performRebuild (package:flutter/src/widgets/framework.dart:5841:16)
#433    StatefulElement.performRebuild (package:flutter/src/widgets/framework.dart:5982:11)
#434    Element.rebuild (package:flutter/src/widgets/framework.dart:5529:7)
#435    ComponentElement._firstBuild (package:flutter/src/widgets/framework.dart:5799:5)
#436    StatefulElement._firstBuild (package:flutter/src/widgets/framework.dart:5973:11)
#437    ComponentElement.mount (package:flutter/src/widgets/framework.dart:5793:5)
#438    Element.inflateWidget (package:flutter/src/widgets/framework.dart:4587:20)
#439    Element.updateChild (package:flutter/src/widgets/framework.dart:4059:18)
#440    ComponentElement.performRebuild (package:flutter/src/widgets/framework.dart:5841:16)
#441    Element.rebuild (package:flutter/src/widgets/framework.dart:5529:7)
#442    ComponentElement._firstBuild (package:flutter/src/widgets/framework.dart:5799:5)
#443    ComponentElement.mount (package:flutter/src/widgets/framework.dart:5793:5)
#444    Element.inflateWidget (package:flutter/src/widgets/framework.dart:4587:20)
#445    Element.updateChild (package:flutter/src/widgets/framework.dart:4059:18)
#446    ComponentElement.performRebuild (package:flutter/src/widgets/framework.dart:5841:16)
#447    StatefulElement.performRebuild (package:flutter/src/widgets/framework.dart:5982:11)
#448    Element.rebuild (package:flutter/src/widgets/framework.dart:5529:7)
#449    ComponentElement._firstBuild (package:flutter/src/widgets/framework.dart:5799:5)
#450    StatefulElement._firstBuild (package:flutter/src/widgets/framework.dart:5973:11)
#451    ComponentElement.mount (package:flutter/src/widgets/framework.dart:5793:5)
#452    Element.inflateWidget (package:flutter/src/widgets/framework.dart:4587:20)
#453    Element.updateChild (package:flutter/src/widgets/framework.dart:4059:18)
#454    ComponentElement.performRebuild (package:flutter/src/widgets/framework.dart:5841:16)
#455    StatefulElement.performRebuild (package:flutter/src/widgets/framework.dart:5982:11)
#456    Element.rebuild (package:flutter/src/widgets/framework.dart:5529:7)
#457    ComponentElement._firstBuild (package:flutter/src/widgets/framework.dart:5799:5)
#458    StatefulElement._firstBuild (package:flutter/src/widgets/framework.dart:5973:11)
#459    ComponentElement.mount (package:flutter/src/widgets/framework.dart:5793:5)
#460    Element.inflateWidget (package:flutter/src/widgets/framework.dart:4587:20)
#461    Element.updateChild (package:flutter/src/widgets/framework.dart:4059:18)
#462    SingleChildRenderObjectElement.mount (package:flutter/src/widgets/framework.dart:7115:14)
#463    Element.inflateWidget (package:flutter/src/widgets/framework.dart:4587:20)
#464    Element.updateChild (package:flutter/src/widgets/framework.dart:4059:18)
#465    SingleChildRenderObjectElement.mount (package:flutter/src/widgets/framework.dart:7115:14)
#466    Element.inflateWidget (package:flutter/src/widgets/framework.dart:4587:20)
#467    Element.updateChild (package:flutter/src/widgets/framework.dart:4059:18)
#468    ComponentElement.performRebuild (package:flutter/src/widgets/framework.dart:5841:16)
#469    Element.rebuild (package:flutter/src/widgets/framework.dart:5529:7)
#470    ComponentElement._firstBuild (package:flutter/src/widgets/framework.dart:5799:5)
#471    ComponentElement.mount (package:flutter/src/widgets/framework.dart:5793:5)
#472    Element.inflateWidget (package:flutter/src/widgets/framework.dart:4587:20)
#473    Element.updateChild (package:flutter/src/widgets/framework.dart:4059:18)
#474    ComponentElement.performRebuild (package:flutter/src/widgets/framework.dart:5841:16)
#475    Element.rebuild (package:flutter/src/widgets/framework.dart:5529:7)
#476    ComponentElement._firstBuild (package:flutter/src/widgets/framework.dart:5799:5)
#477    ComponentElement.mount (package:flutter/src/widgets/framework.dart:5793:5)
#478    Element.inflateWidget (package:flutter/src/widgets/framework.dart:4587:20)
#479    Element.updateChild (package:flutter/src/widgets/framework.dart:4059:18)
#480    ComponentElement.performRebuild (package:flutter/src/widgets/framework.dart:5841:16)
#481    StatefulElement.performRebuild (package:flutter/src/widgets/framework.dart:5982:11)
#482    Element.rebuild (package:flutter/src/widgets/framework.dart:5529:7)
#483    ComponentElement._firstBuild (package:flutter/src/widgets/framework.dart:5799:5)
#484    StatefulElement._firstBuild (package:flutter/src/widgets/framework.dart:5973:11)
#485    ComponentElement.mount (package:flutter/src/widgets/framework.dart:5793:5)
#486    Element.inflateWidget (package:flutter/src/widgets/framework.dart:4587:20)
#487    Element.updateChild (package:flutter/src/widgets/framework.dart:4059:18)
#488    ComponentElement.performRebuild (package:flutter/src/widgets/framework.dart:5841:16)
#489    Element.rebuild (package:flutter/src/widgets/framework.dart:5529:7)
#490    ComponentElement._firstBuild (package:flutter/src/widgets/framework.dart:5799:5)
#491    ComponentElement.mount (package:flutter/src/widgets/framework.dart:5793:5)
#492    Element.inflateWidget (package:flutter/src/widgets/framework.dart:4587:20)
#493    Element.updateChild (package:flutter/src/widgets/framework.dart:4059:18)
#494    SingleChildRenderObjectElement.mount (package:flutter/src/widgets/framework.dart:7115:14)
#495    Element.inflateWidget (package:flutter/src/widgets/framework.dart:4587:20)
#496    Element.updateChild (package:flutter/src/widgets/framework.dart:4059:18)
#497    ComponentElement.performRebuild (package:flutter/src/widgets/framework.dart:5841:16)
#498    StatefulElement.performRebuild (package:flutter/src/widgets/framework.dart:5982:11)
#499    Element.rebuild (package:flutter/src/widgets/framework.dart:5529:7)
#500    ComponentElement._firstBuild (package:flutter/src/widgets/framework.dart:5799:5)
#501    StatefulElement._firstBuild (package:flutter/src/widgets/framework.dart:5973:11)
#502    ComponentElement.mount (package:flutter/src/widgets/framework.dart:5793:5)
#503    Element.inflateWidget (package:flutter/src/widgets/framework.dart:4587:20)
#504    Element.updateChild (package:flutter/src/widgets/framework.dart:4059:18)
#505    ComponentElement.performRebuild (package:flutter/src/widgets/framework.dart:5841:16)
#506    Element.rebuild (package:flutter/src/widgets/framework.dart:5529:7)
#507    ComponentElement._firstBuild (package:flutter/src/widgets/framework.dart:5799:5)
#508    ComponentElement.mount (package:flutter/src/widgets/framework.dart:5793:5)
#509    Element.inflateWidget (package:flutter/src/widgets/framework.dart:4587:20)
#510    Element.updateChild (package:flutter/src/widgets/framework.dart:4059:18)
#511    ComponentElement.performRebuild (package:flutter/src/widgets/framework.dart:5841:16)
#512    Element.rebuild (package:flutter/src/widgets/framework.dart:5529:7)
#513    ComponentElement._firstBuild (package:flutter/src/widgets/framework.dart:5799:5)
#514    ComponentElement.mount (package:flutter/src/widgets/framework.dart:5793:5)
#515    Element.inflateWidget (package:flutter/src/widgets/framework.dart:4587:20)
#516    Element.updateChild (package:flutter/src/widgets/framework.dart:4059:18)
#517    ComponentElement.performRebuild (package:flutter/src/widgets/framework.dart:5841:16)
#518    StatefulElement.performRebuild (package:flutter/src/widgets/framework.dart:5982:11)
#519    Element.rebuild (package:flutter/src/widgets/framework.dart:5529:7)
#520    ComponentElement._firstBuild (package:flutter/src/widgets/framework.dart:5799:5)
#521    StatefulElement._firstBuild (package:flutter/src/widgets/framework.dart:5973:11)
#522    ComponentElement.mount (package:flutter/src/widgets/framework.dart:5793:5)
#523    Element.inflateWidget (package:flutter/src/widgets/framework.dart:4587:20)
#524    Element.updateChild (package:flutter/src/widgets/framework.dart:4059:18)
#525    ComponentElement.performRebuild (package:flutter/src/widgets/framework.dart:5841:16)
#526    Element.rebuild (package:flutter/src/widgets/framework.dart:5529:7)
#527    ComponentElement._firstBuild (package:flutter/src/widgets/framework.dart:5799:5)
#528    ComponentElement.mount (package:flutter/src/widgets/framework.dart:5793:5)
#529    Element.inflateWidget (package:flutter/src/widgets/framework.dart:4587:20)
#530    Element.updateChild (package:flutter/src/widgets/framework.dart:4059:18)
#531    ComponentElement.performRebuild (package:flutter/src/widgets/framework.dart:5841:16)
#532    Element.rebuild (package:flutter/src/widgets/framework.dart:5529:7)
#533    ComponentElement._firstBuild (package:flutter/src/widgets/framework.dart:5799:5)
#534    ComponentElement.mount (package:flutter/src/widgets/framework.dart:5793:5)
#535    Element.inflateWidget (package:flutter/src/widgets/framework.dart:4587:20)
#536    Element.updateChild (package:flutter/src/widgets/framework.dart:4059:18)
#537    ComponentElement.performRebuild (package:flutter/src/widgets/framework.dart:5841:16)
#538    Element.rebuild (package:flutter/src/widgets/framework.dart:5529:7)
#539    ComponentElement._firstBuild (package:flutter/src/widgets/framework.dart:5799:5)
#540    ComponentElement.mount (package:flutter/src/widgets/framework.dart:5793:5)
#541    Element.inflateWidget (package:flutter/src/widgets/framework.dart:4587:20)
#542    Element.updateChild (package:flutter/src/widgets/framework.dart:4059:18)
#543    ComponentElement.performRebuild (package:flutter/src/widgets/framework.dart:5841:16)
#544    Element.rebuild (package:flutter/src/widgets/framework.dart:5529:7)
#545    ComponentElement._firstBuild (package:flutter/src/widgets/framework.dart:5799:5)
#546    ComponentElement.mount (package:flutter/src/widgets/framework.dart:5793:5)
#547    Element.inflateWidget (package:flutter/src/widgets/framework.dart:4587:20)
#548    Element.updateChild (package:flutter/src/widgets/framework.dart:4059:18)
#549    ComponentElement.performRebuild (package:flutter/src/widgets/framework.dart:5841:16)
#550    Element.rebuild (package:flutter/src/widgets/framework.dart:5529:7)
#551    ComponentElement._firstBuild (package:flutter/src/widgets/framework.dart:5799:5)
#552    ComponentElement.mount (package:flutter/src/widgets/framework.dart:5793:5)
#553    Element.inflateWidget (package:flutter/src/widgets/framework.dart:4587:20)
#554    Element.updateChild (package:flutter/src/widgets/framework.dart:4059:18)
#555    ComponentElement.performRebuild (package:flutter/src/widgets/framework.dart:5841:16)
#556    Element.rebuild (package:flutter/src/widgets/framework.dart:5529:7)
#557    ComponentElement._firstBuild (package:flutter/src/widgets/framework.dart:5799:5)
#558    ComponentElement.mount (package:flutter/src/widgets/framework.dart:5793:5)
#559    Element.inflateWidget (package:flutter/src/widgets/framework.dart:4587:20)
#560    Element.updateChild (package:flutter/src/widgets/framework.dart:4059:18)
#561    ComponentElement.performRebuild (package:flutter/src/widgets/framework.dart:5841:16)
#562    Element.rebuild (package:flutter/src/widgets/framework.dart:5529:7)
#563    ComponentElement._firstBuild (package:flutter/src/widgets/framework.dart:5799:5)
#564    ComponentElement.mount (package:flutter/src/widgets/framework.dart:5793:5)
#565    Element.inflateWidget (package:flutter/src/widgets/framework.dart:4587:20)
#566    Element.updateChild (package:flutter/src/widgets/framework.dart:4059:18)
#567    ComponentElement.performRebuild (package:flutter/src/widgets/framework.dart:5841:16)
#568    StatefulElement.performRebuild (package:flutter/src/widgets/framework.dart:5982:11)
#569    Element.rebuild (package:flutter/src/widgets/framework.dart:5529:7)
#570    ComponentElement._firstBuild (package:flutter/src/widgets/framework.dart:5799:5)
#571    StatefulElement._firstBuild (package:flutter/src/widgets/framework.dart:5973:11)
#572    ComponentElement.mount (package:flutter/src/widgets/framework.dart:5793:5)
#573    Element.inflateWidget (package:flutter/src/widgets/framework.dart:4587:20)
#574    Element.updateChild (package:flutter/src/widgets/framework.dart:4059:18)
#575    ComponentElement.performRebuild (package:flutter/src/widgets/framework.dart:5841:16)
#576    Element.rebuild (package:flutter/src/widgets/framework.dart:5529:7)
#577    ComponentElement._firstBuild (package:flutter/src/widgets/framework.dart:5799:5)
#578    ComponentElement.mount (package:flutter/src/widgets/framework.dart:5793:5)
#579    Element.inflateWidget (package:flutter/src/widgets/framework.dart:4587:20)
#580    Element.updateChild (package:flutter/src/widgets/framework.dart:4059:18)
#581    ComponentElement.performRebuild (package:flutter/src/widgets/framework.dart:5841:16)
#582    Element.rebuild (package:flutter/src/widgets/framework.dart:5529:7)
#583    ComponentElement._firstBuild (package:flutter/src/widgets/framework.dart:5799:5)
#584    ComponentElement.mount (package:flutter/src/widgets/framework.dart:5793:5)
#585    Element.inflateWidget (package:flutter/src/widgets/framework.dart:4587:20)
#586    Element.updateChild (package:flutter/src/widgets/framework.dart:4059:18)
#587    ComponentElement.performRebuild (package:flutter/src/widgets/framework.dart:5841:16)
#588    StatefulElement.performRebuild (package:flutter/src/widgets/framework.dart:5982:11)
#589    Element.rebuild (package:flutter/src/widgets/framework.dart:5529:7)
#590    ComponentElement._firstBuild (package:flutter/src/widgets/framework.dart:5799:5)
#591    StatefulElement._firstBuild (package:flutter/src/widgets/framework.dart:5973:11)
#592    ComponentElement.mount (package:flutter/src/widgets/framework.dart:5793:5)
#593    Element.inflateWidget (package:flutter/src/widgets/framework.dart:4587:20)
#594    Element.updateChild (package:flutter/src/widgets/framework.dart:4059:18)
#595    SingleChildRenderObjectElement.mount (package:flutter/src/widgets/framework.dart:7115:14)
#596    Element.inflateWidget (package:flutter/src/widgets/framework.dart:4587:20)
#597    Element.updateChild (package:flutter/src/widgets/framework.dart:4059:18)
#598    ComponentElement.performRebuild (package:flutter/src/widgets/framework.dart:5841:16)
#599    StatefulElement.performRebuild (package:flutter/src/widgets/framework.dart:5982:11)
#600    Element.rebuild (package:flutter/src/widgets/framework.dart:5529:7)
#601    ComponentElement._firstBuild (package:flutter/src/widgets/framework.dart:5799:5)
#602    StatefulElement._firstBuild (package:flutter/src/widgets/framework.dart:5973:11)
#603    ComponentElement.mount (package:flutter/src/widgets/framework.dart:5793:5)
#604    Element.inflateWidget (package:flutter/src/widgets/framework.dart:4587:20)
#605    Element.updateChild (package:flutter/src/widgets/framework.dart:4059:18)
#606    ComponentElement.performRebuild (package:flutter/src/widgets/framework.dart:5841:16)
#607    Element.rebuild (package:flutter/src/widgets/framework.dart:5529:7)
#608    ComponentElement._firstBuild (package:flutter/src/widgets/framework.dart:5799:5)
#609    ComponentElement.mount (package:flutter/src/widgets/framework.dart:5793:5)
#610    Element.inflateWidget (package:flutter/src/widgets/framework.dart:4587:20)
#611    Element.updateChild (package:flutter/src/widgets/framework.dart:4059:18)
#612    SingleChildRenderObjectElement.mount (package:flutter/src/widgets/framework.dart:7115:14)
#613    Element.inflateWidget (package:flutter/src/widgets/framework.dart:4587:20)
#614    Element.updateChild (package:flutter/src/widgets/framework.dart:4059:18)
#615    ComponentElement.performRebuild (package:flutter/src/widgets/framework.dart:5841:16)
#616    Element.rebuild (package:flutter/src/widgets/framework.dart:5529:7)
#617    ComponentElement._firstBuild (package:flutter/src/widgets/framework.dart:5799:5)
#618    ComponentElement.mount (package:flutter/src/widgets/framework.dart:5793:5)
#619    Element.inflateWidget (package:flutter/src/widgets/framework.dart:4587:20)
#620    Element.updateChild (package:flutter/src/widgets/framework.dart:4059:18)
#621    ComponentElement.performRebuild (package:flutter/src/widgets/framework.dart:5841:16)
#622    StatefulElement.performRebuild (package:flutter/src/widgets/framework.dart:5982:11)
#623    Element.rebuild (package:flutter/src/widgets/framework.dart:5529:7)
#624    ComponentElement._firstBuild (package:flutter/src/widgets/framework.dart:5799:5)
#625    StatefulElement._firstBuild (package:flutter/src/widgets/framework.dart:5973:11)
#626    ComponentElement.mount (package:flutter/src/widgets/framework.dart:5793:5)
#627    Element.inflateWidget (package:flutter/src/widgets/framework.dart:4587:20)
#628    Element.updateChild (package:flutter/src/widgets/framework.dart:4059:18)
#629    ComponentElement.performRebuild (package:flutter/src/widgets/framework.dart:5841:16)
#630    StatefulElement.performRebuild (package:flutter/src/widgets/framework.dart:5982:11)
#631    Element.rebuild (package:flutter/src/widgets/framework.dart:5529:7)
#632    ComponentElement._firstBuild (package:flutter/src/widgets/framework.dart:5799:5)
#633    StatefulElement._firstBuild (package:flutter/src/widgets/framework.dart:5973:11)
#634    ComponentElement.mount (package:flutter/src/widgets/framework.dart:5793:5)
#635    Element.inflateWidget (package:flutter/src/widgets/framework.dart:4587:20)
#636    Element.updateChild (package:flutter/src/widgets/framework.dart:4059:18)
#637    ComponentElement.performRebuild (package:flutter/src/widgets/framework.dart:5841:16)
#638    Element.rebuild (package:flutter/src/widgets/framework.dart:5529:7)
#639    ComponentElement._firstBuild (package:flutter/src/widgets/framework.dart:5799:5)
#640    ComponentElement.mount (package:flutter/src/widgets/framework.dart:5793:5)
#641    Element.inflateWidget (package:flutter/src/widgets/framework.dart:4587:20)
#642    Element.updateChild (package:flutter/src/widgets/framework.dart:4059:18)
#643    ComponentElement.performRebuild (package:flutter/src/widgets/framework.dart:5841:16)
#644    Element.rebuild (package:flutter/src/widgets/framework.dart:5529:7)
#645    ComponentElement._firstBuild (package:flutter/src/widgets/framework.dart:5799:5)
#646    ComponentElement.mount (package:flutter/src/widgets/framework.dart:5793:5)
#647    Element.inflateWidget (package:flutter/src/widgets/framework.dart:4587:20)
#648    Element.updateChild (package:flutter/src/widgets/framework.dart:4059:18)
#649    SingleChildRenderObjectElement.mount (package:flutter/src/widgets/framework.dart:7115:14)
#650    Element.inflateWidget (package:flutter/src/widgets/framework.dart:4587:20)
#651    Element.updateChild (package:flutter/src/widgets/framework.dart:4059:18)
#652    ComponentElement.performRebuild (package:flutter/src/widgets/framework.dart:5841:16)
#653    StatefulElement.performRebuild (package:flutter/src/widgets/framework.dart:5982:11)
#654    Element.rebuild (package:flutter/src/widgets/framework.dart:5529:7)
#655    ComponentElement._firstBuild (package:flutter/src/widgets/framework.dart:5799:5)
#656    StatefulElement._firstBuild (package:flutter/src/widgets/framework.dart:5973:11)
#657    ComponentElement.mount (package:flutter/src/widgets/framework.dart:5793:5)
#658    Element.inflateWidget (package:flutter/src/widgets/framework.dart:4587:20)
#659    Element.updateChild (package:flutter/src/widgets/framework.dart:4059:18)
#660    ComponentElement.performRebuild (package:flutter/src/widgets/framework.dart:5841:16)
#661    StatefulElement.performRebuild (package:flutter/src/widgets/framework.dart:5982:11)
#662    Element.rebuild (package:flutter/src/widgets/framework.dart:5529:7)
#663    ComponentElement._firstBuild (package:flutter/src/widgets/framework.dart:5799:5)
#664    StatefulElement._firstBuild (package:flutter/src/widgets/framework.dart:5973:11)
#665    ComponentElement.mount (package:flutter/src/widgets/framework.dart:5793:5)
#666    Element.inflateWidget (package:flutter/src/widgets/framework.dart:4587:20)
#667    Element.updateChild (package:flutter/src/widgets/framework.dart:4059:18)
#668    SingleChildRenderObjectElement.mount (package:flutter/src/widgets/framework.dart:7115:14)
#669    Element.inflateWidget (package:flutter/src/widgets/framework.dart:4587:20)
#670    Element.updateChild (package:flutter/src/widgets/framework.dart:4059:18)
#671    ComponentElement.performRebuild (package:flutter/src/widgets/framework.dart:5841:16)
#672    Element.rebuild (package:flutter/src/widgets/framework.dart:5529:7)
#673    ComponentElement._firstBuild (package:flutter/src/widgets/framework.dart:5799:5)
#674    ComponentElement.mount (package:flutter/src/widgets/framework.dart:5793:5)
#675    Element.inflateWidget (package:flutter/src/widgets/framework.dart:4587:20)
#676    Element.updateChild (package:flutter/src/widgets/framework.dart:4059:18)
#677    ComponentElement.performRebuild (package:flutter/src/widgets/framework.dart:5841:16)
#678    StatefulElement.performRebuild (package:flutter/src/widgets/framework.dart:5982:11)
#679    Element.rebuild (package:flutter/src/widgets/framework.dart:5529:7)
#680    ComponentElement._firstBuild (package:flutter/src/widgets/framework.dart:5799:5)
#681    StatefulElement._firstBuild (package:flutter/src/widgets/framework.dart:5973:11)
#682    ComponentElement.mount (package:flutter/src/widgets/framework.dart:5793:5)
#683    Element.inflateWidget (package:flutter/src/widgets/framework.dart:4587:20)
#684    Element.updateChild (package:flutter/src/widgets/framework.dart:4059:18)
#685    ComponentElement.performRebuild (package:flutter/src/widgets/framework.dart:5841:16)
#686    StatefulElement.performRebuild (package:flutter/src/widgets/framework.dart:5982:11)
#687    Element.rebuild (package:flutter/src/widgets/framework.dart:5529:7)
#688    ComponentElement._firstBuild (package:flutter/src/widgets/framework.dart:5799:5)
#689    StatefulElement._firstBuild (package:flutter/src/widgets/framework.dart:5973:11)
#690    ComponentElement.mount (package:flutter/src/widgets/framework.dart:5793:5)
#691    Element.inflateWidget (package:flutter/src/widgets/framework.dart:4587:20)
#692    Element.updateChild (package:flutter/src/widgets/framework.dart:4059:18)
#693    ComponentElement.performRebuild (package:flutter/src/widgets/framework.dart:5841:16)
#694    Element.rebuild (package:flutter/src/widgets/framework.dart:5529:7)
#695    ComponentElement._firstBuild (package:flutter/src/widgets/framework.dart:5799:5)
#696    ComponentElement.mount (package:flutter/src/widgets/framework.dart:5793:5)
#697    Element.inflateWidget (package:flutter/src/widgets/framework.dart:4587:20)
#698    Element.updateChild (package:flutter/src/widgets/framework.dart:4059:18)
#699    ComponentElement.performRebuild (package:flutter/src/widgets/framework.dart:5841:16)
#700    StatefulElement.performRebuild (package:flutter/src/widgets/framework.dart:5982:11)
#701    Element.rebuild (package:flutter/src/widgets/framework.dart:5529:7)
#702    ComponentElement._firstBuild (package:flutter/src/widgets/framework.dart:5799:5)
#703    StatefulElement._firstBuild (package:flutter/src/widgets/framework.dart:5973:11)
#704    ComponentElement.mount (package:flutter/src/widgets/framework.dart:5793:5)
#705    Element.inflateWidget (package:flutter/src/widgets/framework.dart:4587:20)
#706    Element.updateChild (package:flutter/src/widgets/framework.dart:4059:18)
#707    SingleChildRenderObjectElement.mount (package:flutter/src/widgets/framework.dart:7115:14)
#708    Element.inflateWidget (package:flutter/src/widgets/framework.dart:4587:20)
#709    Element.updateChild (package:flutter/src/widgets/framework.dart:4059:18)
#710    ComponentElement.performRebuild (package:flutter/src/widgets/framework.dart:5841:16)
#711    Element.rebuild (package:flutter/src/widgets/framework.dart:5529:7)
#712    ComponentElement._firstBuild (package:flutter/src/widgets/framework.dart:5799:5)
#713    ComponentElement.mount (package:flutter/src/widgets/framework.dart:5793:5)
#714    Element.inflateWidget (package:flutter/src/widgets/framework.dart:4587:20)
#715    Element.updateChild (package:flutter/src/widgets/framework.dart:4059:18)
#716    ComponentElement.performRebuild (package:flutter/src/widgets/framework.dart:5841:16)
#717    StatefulElement.performRebuild (package:flutter/src/widgets/framework.dart:5982:11)
#718    Element.rebuild (package:flutter/src/widgets/framework.dart:5529:7)
#719    ComponentElement._firstBuild (package:flutter/src/widgets/framework.dart:5799:5)
#720    StatefulElement._firstBuild (package:flutter/src/widgets/framework.dart:5973:11)
#721    ComponentElement.mount (package:flutter/src/widgets/framework.dart:5793:5)
#722    Element.inflateWidget (package:flutter/src/widgets/framework.dart:4587:20)
#723    Element.updateChild (package:flutter/src/widgets/framework.dart:4059:18)
#724    ComponentElement.performRebuild (package:flutter/src/widgets/framework.dart:5841:16)
#725    StatefulElement.performRebuild (package:flutter/src/widgets/framework.dart:5982:11)
#726    Element.rebuild (package:flutter/src/widgets/framework.dart:5529:7)
#727    ComponentElement._firstBuild (package:flutter/src/widgets/framework.dart:5799:5)
#728    StatefulElement._firstBuild (package:flutter/src/widgets/framework.dart:5973:11)
#729    ComponentElement.mount (package:flutter/src/widgets/framework.dart:5793:5)
#730    Element.inflateWidget (package:flutter/src/widgets/framework.dart:4587:20)
#731    Element.updateChild (package:flutter/src/widgets/framework.dart:4059:18)
#732    ComponentElement.performRebuild (package:flutter/src/widgets/framework.dart:5841:16)
#733    Element.rebuild (package:flutter/src/widgets/framework.dart:5529:7)
#734    ComponentElement._firstBuild (package:flutter/src/widgets/framework.dart:5799:5)
#735    ComponentElement.mount (package:flutter/src/widgets/framework.dart:5793:5)
#736    Element.inflateWidget (package:flutter/src/widgets/framework.dart:4587:20)
#737    Element.updateChild (package:flutter/src/widgets/framework.dart:4059:18)
#738    ComponentElement.performRebuild (package:flutter/src/widgets/framework.dart:5841:16)
#739    StatefulElement.performRebuild (package:flutter/src/widgets/framework.dart:5982:11)
#740    Element.rebuild (package:flutter/src/widgets/framework.dart:5529:7)
#741    ComponentElement._firstBuild (package:flutter/src/widgets/framework.dart:5799:5)
#742    StatefulElement._firstBuild (package:flutter/src/widgets/framework.dart:5973:11)
#743    ComponentElement.mount (package:flutter/src/widgets/framework.dart:5793:5)
#744    Element.inflateWidget (package:flutter/src/widgets/framework.dart:4587:20)
#745    Element.updateChild (package:flutter/src/widgets/framework.dart:4059:18)
#746    SingleChildRenderObjectElement.mount (package:flutter/src/widgets/framework.dart:7115:14)
#747    Element.inflateWidget (package:flutter/src/widgets/framework.dart:4587:20)
#748    Element.updateChild (package:flutter/src/widgets/framework.dart:4059:18)
#749    ComponentElement.performRebuild (package:flutter/src/widgets/framework.dart:5841:16)
#750    Element.rebuild (package:flutter/src/widgets/framework.dart:5529:7)
#751    ComponentElement._firstBuild (package:flutter/src/widgets/framework.dart:5799:5)
#752    ComponentElement.mount (package:flutter/src/widgets/framework.dart:5793:5)
#753    Element.inflateWidget (package:flutter/src/widgets/framework.dart:4587:20)
#754    Element.updateChild (package:flutter/src/widgets/framework.dart:4059:18)
#755    ComponentElement.performRebuild (package:flutter/src/widgets/framework.dart:5841:16)
#756    StatefulElement.performRebuild (package:flutter/src/widgets/framework.dart:5982:11)
#757    Element.rebuild (package:flutter/src/widgets/framework.dart:5529:7)
#758    ComponentElement._firstBuild (package:flutter/src/widgets/framework.dart:5799:5)
#759    StatefulElement._firstBuild (package:flutter/src/widgets/framework.dart:5973:11)
#760    ComponentElement.mount (package:flutter/src/widgets/framework.dart:5793:5)
#761    Element.inflateWidget (package:flutter/src/widgets/framework.dart:4587:20)
#762    Element.updateChild (package:flutter/src/widgets/framework.dart:4059:18)
#763    ComponentElement.performRebuild (package:flutter/src/widgets/framework.dart:5841:16)
#764    StatefulElement.performRebuild (package:flutter/src/widgets/framework.dart:5982:11)
#765    Element.rebuild (package:flutter/src/widgets/framework.dart:5529:7)
#766    ComponentElement._firstBuild (package:flutter/src/widgets/framework.dart:5799:5)
#767    StatefulElement._firstBuild (package:flutter/src/widgets/framework.dart:5973:11)
#768    ComponentElement.mount (package:flutter/src/widgets/framework.dart:5793:5)
#769    Element.inflateWidget (package:flutter/src/widgets/framework.dart:4587:20)
#770    Element.updateChild (package:flutter/src/widgets/framework.dart:4059:18)
#771    ComponentElement.performRebuild (package:flutter/src/widgets/framework.dart:5841:16)
#772    Element.rebuild (package:flutter/src/widgets/framework.dart:5529:7)
#773    ComponentElement._firstBuild (package:flutter/src/widgets/framework.dart:5799:5)
#774    ComponentElement.mount (package:flutter/src/widgets/framework.dart:5793:5)
#775    Element.inflateWidget (package:flutter/src/widgets/framework.dart:4587:20)
#776    Element.updateChild (package:flutter/src/widgets/framework.dart:4059:18)
#777    SingleChildRenderObjectElement.mount (package:flutter/src/widgets/framework.dart:7115:14)
#778    Element.inflateWidget (package:flutter/src/widgets/framework.dart:4587:20)
#779    Element.updateChild (package:flutter/src/widgets/framework.dart:4059:18)
#780    ComponentElement.performRebuild (package:flutter/src/widgets/framework.dart:5841:16)
#781    Element.rebuild (package:flutter/src/widgets/framework.dart:5529:7)
#782    ComponentElement._firstBuild (package:flutter/src/widgets/framework.dart:5799:5)
#783    ComponentElement.mount (package:flutter/src/widgets/framework.dart:5793:5)
#784    Element.inflateWidget (package:flutter/src/widgets/framework.dart:4587:20)
#785    Element.updateChild (package:flutter/src/widgets/framework.dart:4059:18)
#786    ComponentElement.performRebuild (package:flutter/src/widgets/framework.dart:5841:16)
#787    StatefulElement.performRebuild (package:flutter/src/widgets/framework.dart:5982:11)
#788    Element.rebuild (package:flutter/src/widgets/framework.dart:5529:7)
#789    ComponentElement._firstBuild (package:flutter/src/widgets/framework.dart:5799:5)
#790    StatefulElement._firstBuild (package:flutter/src/widgets/framework.dart:5973:11)
#791    ComponentElement.mount (package:flutter/src/widgets/framework.dart:5793:5)
#792    Element.inflateWidget (package:flutter/src/widgets/framework.dart:4587:20)
#793    Element.updateChild (package:flutter/src/widgets/framework.dart:4059:18)
#794    ComponentElement.performRebuild (package:flutter/src/widgets/framework.dart:5841:16)
#795    StatefulElement.performRebuild (package:flutter/src/widgets/framework.dart:5982:11)
#796    Element.rebuild (package:flutter/src/widgets/framework.dart:5529:7)
#797    ComponentElement._firstBuild (package:flutter/src/widgets/framework.dart:5799:5)
#798    StatefulElement._firstBuild (package:flutter/src/widgets/framework.dart:5973:11)
#799    ComponentElement.mount (package:flutter/src/widgets/framework.dart:5793:5)
#800    Element.inflateWidget (package:flutter/src/widgets/framework.dart:4587:20)
#801    Element.updateChild (package:flutter/src/widgets/framework.dart:4059:18)
#802    ComponentElement.performRebuild (package:flutter/src/widgets/framework.dart:5841:16)
#803    Element.rebuild (package:flutter/src/widgets/framework.dart:5529:7)
#804    ComponentElement._firstBuild (package:flutter/src/widgets/framework.dart:5799:5)
#805    ComponentElement.mount (package:flutter/src/widgets/framework.dart:5793:5)
#806    Element.inflateWidget (package:flutter/src/widgets/framework.dart:4587:20)
#807    Element.updateChild (package:flutter/src/widgets/framework.dart:4059:18)
#808    ComponentElement.performRebuild (package:flutter/src/widgets/framework.dart:5841:16)
#809    Element.rebuild (package:flutter/src/widgets/framework.dart:5529:7)
#810    ComponentElement._firstBuild (package:flutter/src/widgets/framework.dart:5799:5)
#811    ComponentElement.mount (package:flutter/src/widgets/framework.dart:5793:5)
#812    Element.inflateWidget (package:flutter/src/widgets/framework.dart:4587:20)
#813    Element.updateChild (package:flutter/src/widgets/framework.dart:4059:18)
#814    ComponentElement.performRebuild (package:flutter/src/widgets/framework.dart:5841:16)
#815    StatefulElement.performRebuild (package:flutter/src/widgets/framework.dart:5982:11)
#816    Element.rebuild (package:flutter/src/widgets/framework.dart:5529:7)
#817    ComponentElement._firstBuild (package:flutter/src/widgets/framework.dart:5799:5)
#818    StatefulElement._firstBuild (package:flutter/src/widgets/framework.dart:5973:11)
#819    ComponentElement.mount (package:flutter/src/widgets/framework.dart:5793:5)
#820    Element.inflateWidget (package:flutter/src/widgets/framework.dart:4587:20)
#821    Element.updateChild (package:flutter/src/widgets/framework.dart:4059:18)
#822    ComponentElement.performRebuild (package:flutter/src/widgets/framework.dart:5841:16)
#823    Element.rebuild (package:flutter/src/widgets/framework.dart:5529:7)
#824    ComponentElement._firstBuild (package:flutter/src/widgets/framework.dart:5799:5)
#825    ComponentElement.mount (package:flutter/src/widgets/framework.dart:5793:5)
#826    Element.inflateWidget (package:flutter/src/widgets/framework.dart:4587:20)
#827    Element.updateChild (package:flutter/src/widgets/framework.dart:4059:18)
#828    ComponentElement.performRebuild (package:flutter/src/widgets/framework.dart:5841:16)
#829    StatefulElement.performRebuild (package:flutter/src/widgets/framework.dart:5982:11)
#830    Element.rebuild (package:flutter/src/widgets/framework.dart:5529:7)
#831    ComponentElement._firstBuild (package:flutter/src/widgets/framework.dart:5799:5)
#832    StatefulElement._firstBuild (package:flutter/src/widgets/framework.dart:5973:11)
#833    ComponentElement.mount (package:flutter/src/widgets/framework.dart:5793:5)
#834    Element.inflateWidget (package:flutter/src/widgets/framework.dart:4587:20)
#835    Element.updateChild (package:flutter/src/widgets/framework.dart:4059:18)
#836    ComponentElement.performRebuild (package:flutter/src/widgets/framework.dart:5841:16)
#837    Element.rebuild (package:flutter/src/widgets/framework.dart:5529:7)
#838    ComponentElement._firstBuild (package:flutter/src/widgets/framework.dart:5799:5)
#839    ComponentElement.mount (package:flutter/src/widgets/framework.dart:5793:5)
#840    Element.inflateWidget (package:flutter/src/widgets/framework.dart:4587:20)
#841    Element.updateChild (package:flutter/src/widgets/framework.dart:4059:18)
#842    ComponentElement.performRebuild (package:flutter/src/widgets/framework.dart:5841:16)
#843    StatefulElement.performRebuild (package:flutter/src/widgets/framework.dart:5982:11)
#844    Element.rebuild (package:flutter/src/widgets/framework.dart:5529:7)
#845    ComponentElement._firstBuild (package:flutter/src/widgets/framework.dart:5799:5)
#846    StatefulElement._firstBuild (package:flutter/src/widgets/framework.dart:5973:11)
#847    ComponentElement.mount (package:flutter/src/widgets/framework.dart:5793:5)
#848    Element.inflateWidget (package:flutter/src/widgets/framework.dart:4587:20)
#849    Element.updateChild (package:flutter/src/widgets/framework.dart:4059:18)
#850    ComponentElement.performRebuild (package:flutter/src/widgets/framework.dart:5841:16)
#851    StatefulElement.performRebuild (package:flutter/src/widgets/framework.dart:5982:11)
#852    Element.rebuild (package:flutter/src/widgets/framework.dart:5529:7)
#853    ComponentElement._firstBuild (package:flutter/src/widgets/framework.dart:5799:5)
#854    StatefulElement._firstBuild (package:flutter/src/widgets/framework.dart:5973:11)
#855    ComponentElement.mount (package:flutter/src/widgets/framework.dart:5793:5)
#856    Element.inflateWidget (package:flutter/src/widgets/framework.dart:4587:20)
#857    Element.updateChild (package:flutter/src/widgets/framework.dart:4059:18)
#858    ComponentElement.performRebuild (package:flutter/src/widgets/framework.dart:5841:16)
#859    Element.rebuild (package:flutter/src/widgets/framework.dart:5529:7)
#860    ComponentElement._firstBuild (package:flutter/src/widgets/framework.dart:5799:5)
#861    ComponentElement.mount (package:flutter/src/widgets/framework.dart:5793:5)
#862    Element.inflateWidget (package:flutter/src/widgets/framework.dart:4587:20)
#863    Element.updateChild (package:flutter/src/widgets/framework.dart:4059:18)
#864    ComponentElement.performRebuild (package:flutter/src/widgets/framework.dart:5841:16)
#865    Element.rebuild (package:flutter/src/widgets/framework.dart:5529:7)
#866    ComponentElement._firstBuild (package:flutter/src/widgets/framework.dart:5799:5)
#867    ComponentElement.mount (package:flutter/src/widgets/framework.dart:5793:5)
#868    Element.inflateWidget (package:flutter/src/widgets/framework.dart:4587:20)
#869    Element.updateChild (package:flutter/src/widgets/framework.dart:4059:18)
#870    ComponentElement.performRebuild (package:flutter/src/widgets/framework.dart:5841:16)
#871    StatefulElement.performRebuild (package:flutter/src/widgets/framework.dart:5982:11)
#872    Element.rebuild (package:flutter/src/widgets/framework.dart:5529:7)
#873    ComponentElement._firstBuild (package:flutter/src/widgets/framework.dart:5799:5)
#874    StatefulElement._firstBuild (package:flutter/src/widgets/framework.dart:5973:11)
#875    ComponentElement.mount (package:flutter/src/widgets/framework.dart:5793:5)
#876    Element.inflateWidget (package:flutter/src/widgets/framework.dart:4587:20)
#877    Element.updateChild (package:flutter/src/widgets/framework.dart:4059:18)
#878    ComponentElement.performRebuild (package:flutter/src/widgets/framework.dart:5841:16)
#879    Element.rebuild (package:flutter/src/widgets/framework.dart:5529:7)
#880    ComponentElement._firstBuild (package:flutter/src/widgets/framework.dart:5799:5)
#881    ComponentElement.mount (package:flutter/src/widgets/framework.dart:5793:5)
#882    Element.inflateWidget (package:flutter/src/widgets/framework.dart:4587:20)
#883    Element.updateChild (package:flutter/src/widgets/framework.dart:4059:18)
#884    ComponentElement.performRebuild (package:flutter/src/widgets/framework.dart:5841:16)
#885    StatefulElement.performRebuild (package:flutter/src/widgets/framework.dart:5982:11)
#886    Element.rebuild (package:flutter/src/widgets/framework.dart:5529:7)
#887    ComponentElement._firstBuild (package:flutter/src/widgets/framework.dart:5799:5)
#888    StatefulElement._firstBuild (package:flutter/src/widgets/framework.dart:5973:11)
#889    ComponentElement.mount (package:flutter/src/widgets/framework.dart:5793:5)
#890    Element.inflateWidget (package:flutter/src/widgets/framework.dart:4587:20)
#891    Element.updateChild (package:flutter/src/widgets/framework.dart:4059:18)
#892    ComponentElement.performRebuild (package:flutter/src/widgets/framework.dart:5841:16)
#893    StatefulElement.performRebuild (package:flutter/src/widgets/framework.dart:5982:11)
#894    Element.rebuild (package:flutter/src/widgets/framework.dart:5529:7)
#895    ComponentElement._firstBuild (package:flutter/src/widgets/framework.dart:5799:5)
#896    StatefulElement._firstBuild (package:flutter/src/widgets/framework.dart:5973:11)
#897    ComponentElement.mount (package:flutter/src/widgets/framework.dart:5793:5)
#898    Element.inflateWidget (package:flutter/src/widgets/framework.dart:4587:20)
#899    Element.updateChild (package:flutter/src/widgets/framework.dart:4053:20)
#900    ComponentElement.performRebuild (package:flutter/src/widgets/framework.dart:5841:16)
#901    Element.rebuild (package:flutter/src/widgets/framework.dart:5529:7)
00:12 +257 -4: C:/Users/andrvoicu/Desktop/repos/collectarr-app/test/features/library/add/library_add_dialog_test.dart: comic add dialog applies edited review label from real review dialog
#902    ProxyElement.update (package:flutter/src/widgets/framework.dart:6149:5)
#903    _InheritedNotifierElement.update (package:flutter/src/widgets/inherited_notifier.dart:108:11)
#904    Element.updateChild (package:flutter/src/widgets/framework.dart:4037:15)
#905    ComponentElement.performRebuild (package:flutter/src/widgets/framework.dart:5841:16)
#906    StatefulElement.performRebuild (package:flutter/src/widgets/framework.dart:5982:11)
#907    Element.rebuild (package:flutter/src/widgets/framework.dart:5529:7)
#908    StatefulElement.update (package:flutter/src/widgets/framework.dart:6007:5)
#909    Element.updateChild (package:flutter/src/widgets/framework.dart:4037:15)
#910    ComponentElement.performRebuild (package:flutter/src/widgets/framework.dart:5841:16)
#911    Element.rebuild (package:flutter/src/widgets/framework.dart:5529:7)
#912    ProxyElement.update (package:flutter/src/widgets/framework.dart:6149:5)
#913    _InheritedNotifierElement.update (package:flutter/src/widgets/inherited_notifier.dart:108:11)
#914    Element.updateChild (package:flutter/src/widgets/framework.dart:4037:15)
#915    ComponentElement.performRebuild (package:flutter/src/widgets/framework.dart:5841:16)
#916    StatefulElement.performRebuild (package:flutter/src/widgets/framework.dart:5982:11)
#917    Element.rebuild (package:flutter/src/widgets/framework.dart:5529:7)
#918    StatefulElement.update (package:flutter/src/widgets/framework.dart:6007:5)
#919    Element.updateChild (package:flutter/src/widgets/framework.dart:4037:15)
#920    ComponentElement.performRebuild (package:flutter/src/widgets/framework.dart:5841:16)
#921    StatefulElement.performRebuild (package:flutter/src/widgets/framework.dart:5982:11)
#922    Element.rebuild (package:flutter/src/widgets/framework.dart:5529:7)
#923    StatefulElement.update (package:flutter/src/widgets/framework.dart:6007:5)
#924    Element.updateChild (package:flutter/src/widgets/framework.dart:4037:15)
#925    ComponentElement.performRebuild (package:flutter/src/widgets/framework.dart:5841:16)
#926    Element.rebuild (package:flutter/src/widgets/framework.dart:5529:7)
#927    ProxyElement.update (package:flutter/src/widgets/framework.dart:6149:5)
#928    Element.updateChild (package:flutter/src/widgets/framework.dart:4037:15)
#929    ComponentElement.performRebuild (package:flutter/src/widgets/framework.dart:5841:16)
#930    StatefulElement.performRebuild (package:flutter/src/widgets/framework.dart:5982:11)
#931    Element.rebuild (package:flutter/src/widgets/framework.dart:5529:7)
#932    StatefulElement.update (package:flutter/src/widgets/framework.dart:6007:5)
#933    Element.updateChild (package:flutter/src/widgets/framework.dart:4037:15)
#934    ComponentElement.performRebuild (package:flutter/src/widgets/framework.dart:5841:16)
#935    Element.rebuild (package:flutter/src/widgets/framework.dart:5529:7)
#936    ProxyElement.update (package:flutter/src/widgets/framework.dart:6149:5)
#937    Element.updateChild (package:flutter/src/widgets/framework.dart:4037:15)
#938    ComponentElement.performRebuild (package:flutter/src/widgets/framework.dart:5841:16)
#939    Element.rebuild (package:flutter/src/widgets/framework.dart:5529:7)
#940    ProxyElement.update (package:flutter/src/widgets/framework.dart:6149:5)
#941    Element.updateChild (package:flutter/src/widgets/framework.dart:4037:15)
#942    _RawViewElement._updateChild (package:flutter/src/widgets/view.dart:481:16)
#943    _RawViewElement.update (package:flutter/src/widgets/view.dart:568:5)
#944    Element.updateChild (package:flutter/src/widgets/framework.dart:4037:15)
#945    ComponentElement.performRebuild (package:flutter/src/widgets/framework.dart:5841:16)
#946    Element.rebuild (package:flutter/src/widgets/framework.dart:5529:7)
#947    StatelessElement.update (package:flutter/src/widgets/framework.dart:5895:5)
#948    Element.updateChild (package:flutter/src/widgets/framework.dart:4037:15)
#949    ComponentElement.performRebuild (package:flutter/src/widgets/framework.dart:5841:16)
#950    StatefulElement.performRebuild (package:flutter/src/widgets/framework.dart:5982:11)
#951    Element.rebuild (package:flutter/src/widgets/framework.dart:5529:7)
#952    StatefulElement.update (package:flutter/src/widgets/framework.dart:6007:5)
#953    Element.updateChild (package:flutter/src/widgets/framework.dart:4037:15)
#954    RootElement._rebuild (package:flutter/src/widgets/binding.dart:2091:16)
#955    RootElement.update (package:flutter/src/widgets/binding.dart:2069:5)
#956    RootElement.performRebuild (package:flutter/src/widgets/binding.dart:2083:7)
#957    Element.rebuild (package:flutter/src/widgets/framework.dart:5529:7)
#958    BuildScope._tryRebuild (package:flutter/src/widgets/framework.dart:2750:15)
#959    BuildScope._flushDirtyElements (package:flutter/src/widgets/framework.dart:2807:11)
#960    BuildOwner.buildScope (package:flutter/src/widgets/framework.dart:3111:18)
#961    AutomatedTestWidgetsFlutterBinding.drawFrame (package:flutter_test/src/binding.dart:2431:19)
#962    RendererBinding._handlePersistentFrameCallback (package:flutter/src/rendering/binding.dart:509:5)
#963    SchedulerBinding._invokeFrameCallback (package:flutter/src/scheduler/binding.dart:1430:15)
#964    SchedulerBinding.handleDrawFrame (package:flutter/src/scheduler/binding.dart:1345:9)
#965    AutomatedTestWidgetsFlutterBinding.pump.<anonymous closure> (package:flutter_test/src/binding.dart:2260:9)
#966    _rootRun (dart:async/zone_root.dart:35:13)
#967    _CustomZone.run (dart:async/zone.dart:726:19)
#968    TestAsyncUtils.guard (package:flutter_test/src/test_async_utils.dart:74:41)
#969    AutomatedTestWidgetsFlutterBinding.pump (package:flutter_test/src/binding.dart:2249:27)
#970    WidgetTester.pumpWidget.<anonymous closure> (package:flutter_test/src/widget_tester.dart:598:22)
#971    _rootRun (dart:async/zone_root.dart:35:13)
#972    _CustomZone.run (dart:async/zone.dart:726:19)
#973    TestAsyncUtils.guard (package:flutter_test/src/test_async_utils.dart:74:41)
#974    WidgetTester.pumpWidget (package:flutter_test/src/widget_tester.dart:595:27)
#975    main.<anonymous closure> (file:///C:/Users/andrvoicu/Desktop/repos/collectarr-app/test/features/library/add/library_add_dialog_test.dart:707:18)
#976    testWidgets.<anonymous closure>.<anonymous closure> (package:flutter_test/src/widget_tester.dart:192:29)
<asynchronous suspension>
#977    TestWidgetsFlutterBinding._runTestBody (package:flutter_test/src/binding.dart:1952:5)
<asynchronous suspension>
#978    StackZoneSpecification._registerCallback.<anonymous closure> (package:stack_trace/src/stack_zone_specification.dart:114:42)
<asynchronous suspension>
This warning will only appear on debug builds.
00:12 +258 -4: C:/Users/andrvoicu/Desktop/repos/collectarr-app/test/features/library/detail/library_detail_hero_test.dart: detail hero keeps a back cover affordance when the back image is missing
00:12 +259 -4: C:/Users/andrvoicu/Desktop/repos/collectarr-app/test/features/library/detail/library_detail_hero_test.dart: detail hero keeps a back cover affordance when the back image is missing
00:12 +260 -4: C:/Users/andrvoicu/Desktop/repos/collectarr-app/test/features/library/detail/library_detail_hero_test.dart: detail hero keeps a back cover affordance when the back image is missing
00:12 +261 -4: C:/Users/andrvoicu/Desktop/repos/collectarr-app/test/features/library/detail/library_detail_kinds_test.dart: comic detail page renders comic-specific fields (issue number, publisher)
00:13 +262 -4: C:/Users/andrvoicu/Desktop/repos/collectarr-app/test/features/library/detail/library_detail_kinds_test.dart: comic detail page renders comic-specific fields (issue number, publisher)
00:13 +263 -4: C:/Users/andrvoicu/Desktop/repos/collectarr-app/test/features/library/detail/library_detail_kinds_test.dart: comic detail page renders comic-specific fields (issue number, publisher)
00:13 +264 -4: C:/Users/andrvoicu/Desktop/repos/collectarr-app/test/features/library/detail/library_detail_kinds_test.dart: comic detail page renders comic-specific fields (issue number, publisher)
00:13 +265 -4: C:/Users/andrvoicu/Desktop/repos/collectarr-app/test/features/library/detail/library_detail_kinds_test.dart: comic detail page renders comic-specific fields (issue number, publisher)
00:13 +266 -4: C:/Users/andrvoicu/Desktop/repos/collectarr-app/test/features/library/detail/library_detail_kinds_test.dart: comic detail page renders comic-specific fields (issue number, publisher)
00:13 +267 -4: C:/Users/andrvoicu/Desktop/repos/collectarr-app/test/features/library/detail/library_detail_kinds_test.dart: comic detail page renders comic-specific fields (issue number, publisher)
00:13 +268 -4: C:/Users/andrvoicu/Desktop/repos/collectarr-app/test/features/library/detail/library_detail_kinds_test.dart: comic detail page renders comic-specific fields (issue number, publisher)
00:13 +269 -4: C:/Users/andrvoicu/Desktop/repos/collectarr-app/test/features/library/detail/library_detail_kinds_test.dart: comic detail page renders comic-specific fields (issue number, publisher)
00:13 +270 -4: C:/Users/andrvoicu/Desktop/repos/collectarr-app/test/features/library/detail/library_detail_kinds_test.dart: comic detail page renders comic-specific fields (issue number, publisher)
00:13 +270 -4: C:/Users/andrvoicu/Desktop/repos/collectarr-app/test/features/library/add/library_add_dialog_test.dart: provider search does not claim fallback when results are mixed
WARNING (drift): It looks like you've created the database class LocalDatabase multiple times. When these two databases use the same QueryExecutor, race conditions will occur and might corrupt the database. 
Try to follow the advice at https://drift.simonbinder.eu/faq/#using-the-database or, if you know what you're doing, set driftRuntimeOptions.dontWarnAboutMultipleDatabases = true
Here is the stacktrace from when the database was opened a second time:
#0      GeneratedDatabase._handleInstantiated (package:drift/src/runtime/api/db_base.dart:96:30)
#1      GeneratedDatabase._whenConstructed (package:drift/src/runtime/api/db_base.dart:73:12)
#2      new GeneratedDatabase (package:drift/src/runtime/api/db_base.dart:64:5)
#3      new _$LocalDatabase (package:collectarr_app/core/db/local_database.g.dart:12351:38)
#4      new LocalDatabase (package:collectarr_app/core/db/local_database.dart:387:9)
#5      localDatabaseProvider.<anonymous closure> (package:collectarr_app/state/local_database_provider.dart:5:14)
#6      Provider.create (package:riverpod/src/providers/provider.dart:59:36)
#7      $ProviderElement.create (package:riverpod/src/providers/provider.dart:343:32)
#8      ProviderElement.buildState (package:riverpod/src/core/element.dart:684:28)
#9      ProviderElement.mount (package:riverpod/src/core/element.dart:537:7)
#10     ProviderElement.flush (package:riverpod/src/core/element.dart:640:7)
#11     $ProviderBaseImpl._addListener (package:riverpod/src/core/provider/provider.dart:119:24)
#12     ProviderContainer.listen (package:riverpod/src/core/provider_container.dart:960:26)
#13     ProviderContainer.read (package:riverpod/src/core/provider_container.dart:917:17)
#14     ConsumerStatefulElement.read (package:flutter_riverpod/src/core/consumer.dart:543:59)
#15     _LibraryAddDialogState._loadAvailableLocations (package:collectarr_app/features/library/add/library_add_dialog.dart:2338:38)
#16     _LibraryAddDialogState.initState (package:collectarr_app/features/library/add/library_add_dialog.dart:659:5)
#17     StatefulElement._firstBuild (package:flutter/src/widgets/framework.dart:5950:55)
#18     ComponentElement.mount (package:flutter/src/widgets/framework.dart:5793:5)
#19     Element.inflateWidget (package:flutter/src/widgets/framework.dart:4587:20)
#20     Element.updateChild (package:flutter/src/widgets/framework.dart:4059:18)
#21     ComponentElement.performRebuild (package:flutter/src/widgets/framework.dart:5841:16)
#22     Element.rebuild (package:flutter/src/widgets/framework.dart:5529:7)
#23     ComponentElement._firstBuild (package:flutter/src/widgets/framework.dart:5799:5)
#24     ComponentElement.mount (package:flutter/src/widgets/framework.dart:5793:5)
#25     Element.inflateWidget (package:flutter/src/widgets/framework.dart:4587:20)
#26     Element.updateChild (package:flutter/src/widgets/framework.dart:4059:18)
#27     ComponentElement.performRebuild (package:flutter/src/widgets/framework.dart:5841:16)
#28     Element.rebuild (package:flutter/src/widgets/framework.dart:5529:7)
#29     ComponentElement._firstBuild (package:flutter/src/widgets/framework.dart:5799:5)
#30     ComponentElement.mount (package:flutter/src/widgets/framework.dart:5793:5)
#31     Element.inflateWidget (package:flutter/src/widgets/framework.dart:4587:20)
#32     Element.updateChild (package:flutter/src/widgets/framework.dart:4059:18)
#33     ComponentElement.performRebuild (package:flutter/src/widgets/framework.dart:5841:16)
#34     Element.rebuild (package:flutter/src/widgets/framework.dart:5529:7)
#35     ComponentElement._firstBuild (package:flutter/src/widgets/framework.dart:5799:5)
#36     ComponentElement.mount (package:flutter/src/widgets/framework.dart:5793:5)
#37     Element.inflateWidget (package:flutter/src/widgets/framework.dart:4587:20)
#38     Element.updateChild (package:flutter/src/widgets/framework.dart:4059:18)
#39     ComponentElement.performRebuild (package:flutter/src/widgets/framework.dart:5841:16)
#40     Element.rebuild (package:flutter/src/widgets/framework.dart:5529:7)
#41     ComponentElement._firstBuild (package:flutter/src/widgets/framework.dart:5799:5)
#42     ComponentElement.mount (package:flutter/src/widgets/framework.dart:5793:5)
#43     Element.inflateWidget (package:flutter/src/widgets/framework.dart:4587:20)
#44     MultiChildRenderObjectElement.inflateWidget (package:flutter/src/widgets/framework.dart:7264:36)
#45     MultiChildRenderObjectElement.mount (package:flutter/src/widgets/framework.dart:7279:32)
#46     Element.inflateWidget (package:flutter/src/widgets/framework.dart:4587:20)
#47     Element.updateChild (package:flutter/src/widgets/framework.dart:4059:18)
#48     ComponentElement.performRebuild (package:flutter/src/widgets/framework.dart:5841:16)
#49     Element.rebuild (package:flutter/src/widgets/framework.dart:5529:7)
#50     ComponentElement._firstBuild (package:flutter/src/widgets/framework.dart:5799:5)
#51     ComponentElement.mount (package:flutter/src/widgets/framework.dart:5793:5)
#52     Element.inflateWidget (package:flutter/src/widgets/framework.dart:4587:20)
#53     Element.updateChild (package:flutter/src/widgets/framework.dart:4059:18)
#54     ComponentElement.performRebuild (package:flutter/src/widgets/framework.dart:5841:16)
#55     StatefulElement.performRebuild (package:flutter/src/widgets/framework.dart:5982:11)
#56     Element.rebuild (package:flutter/src/widgets/framework.dart:5529:7)
#57     ComponentElement._firstBuild (package:flutter/src/widgets/framework.dart:5799:5)
#58     StatefulElement._firstBuild (package:flutter/src/widgets/framework.dart:5973:11)
#59     ComponentElement.mount (package:flutter/src/widgets/framework.dart:5793:5)
#60     Element.inflateWidget (package:flutter/src/widgets/framework.dart:4587:20)
#61     Element.updateChild (package:flutter/src/widgets/framework.dart:4059:18)
#62     ComponentElement.performRebuild (package:flutter/src/widgets/framework.dart:5841:16)
#63     Element.rebuild (package:flutter/src/widgets/framework.dart:5529:7)
#64     ComponentElement._firstBuild (package:flutter/src/widgets/framework.dart:5799:5)
#65     ComponentElement.mount (package:flutter/src/widgets/framework.dart:5793:5)
#66     Element.inflateWidget (package:flutter/src/widgets/framework.dart:4587:20)
#67     Element.updateChild (package:flutter/src/widgets/framework.dart:4059:18)
#68     ComponentElement.performRebuild (package:flutter/src/widgets/framework.dart:5841:16)
#69     Element.rebuild (package:flutter/src/widgets/framework.dart:5529:7)
#70     ComponentElement._firstBuild (package:flutter/src/widgets/framework.dart:5799:5)
#71     ComponentElement.mount (package:flutter/src/widgets/framework.dart:5793:5)
#72     Element.inflateWidget (package:flutter/src/widgets/framework.dart:4587:20)
#73     Element.updateChild (package:flutter/src/widgets/framework.dart:4059:18)
#74     ComponentElement.performRebuild (package:flutter/src/widgets/framework.dart:5841:16)
#75     StatefulElement.performRebuild (package:flutter/src/widgets/framework.dart:5982:11)
#76     Element.rebuild (package:flutter/src/widgets/framework.dart:5529:7)
#77     ComponentElement._firstBuild (package:flutter/src/widgets/framework.dart:5799:5)
#78     StatefulElement._firstBuild (package:flutter/src/widgets/framework.dart:5973:11)
#79     ComponentElement.mount (package:flutter/src/widgets/framework.dart:5793:5)
#80     Element.inflateWidget (package:flutter/src/widgets/framework.dart:4587:20)
#81     Element.updateChild (package:flutter/src/widgets/framework.dart:4059:18)
#82     SingleChildRenderObjectElement.mount (package:flutter/src/widgets/framework.dart:7115:14)
#83     Element.inflateWidget (package:flutter/src/widgets/framework.dart:4587:20)
#84     Element.updateChild (package:flutter/src/widgets/framework.dart:4059:18)
#85     ComponentElement.performRebuild (package:flutter/src/widgets/framework.dart:5841:16)
#86     Element.rebuild (package:flutter/src/widgets/framework.dart:5529:7)
#87     ComponentElement._firstBuild (package:flutter/src/widgets/framework.dart:5799:5)
#88     ComponentElement.mount (package:flutter/src/widgets/framework.dart:5793:5)
#89     Element.inflateWidget (package:flutter/src/widgets/framework.dart:4587:20)
#90     Element.updateChild (package:flutter/src/widgets/framework.dart:4059:18)
#91     SingleChildRenderObjectElement.mount (package:flutter/src/widgets/framework.dart:7115:14)
#92     Element.inflateWidget (package:flutter/src/widgets/framework.dart:4587:20)
#93     Element.updateChild (package:flutter/src/widgets/framework.dart:4059:18)
#94     ComponentElement.performRebuild (package:flutter/src/widgets/framework.dart:5841:16)
#95     StatefulElement.performRebuild (package:flutter/src/widgets/framework.dart:5982:11)
#96     Element.rebuild (package:flutter/src/widgets/framework.dart:5529:7)
#97     ComponentElement._firstBuild (package:flutter/src/widgets/framework.dart:5799:5)
#98     StatefulElement._firstBuild (package:flutter/src/widgets/framework.dart:5973:11)
#99     ComponentElement.mount (package:flutter/src/widgets/framework.dart:5793:5)
#100    Element.inflateWidget (package:flutter/src/widgets/framework.dart:4587:20)
#101    Element.updateChild (package:flutter/src/widgets/framework.dart:4059:18)
#102    ComponentElement.performRebuild (package:flutter/src/widgets/framework.dart:5841:16)
#103    StatefulElement.performRebuild (package:flutter/src/widgets/framework.dart:5982:11)
#104    Element.rebuild (package:flutter/src/widgets/framework.dart:5529:7)
#105    ComponentElement._firstBuild (package:flutter/src/widgets/framework.dart:5799:5)
#106    StatefulElement._firstBuild (package:flutter/src/widgets/framework.dart:5973:11)
#107    ComponentElement.mount (package:flutter/src/widgets/framework.dart:5793:5)
#108    Element.inflateWidget (package:flutter/src/widgets/framework.dart:4587:20)
#109    Element.updateChild (package:flutter/src/widgets/framework.dart:4059:18)
#110    ComponentElement.performRebuild (package:flutter/src/widgets/framework.dart:5841:16)
#111    Element.rebuild (package:flutter/src/widgets/framework.dart:5529:7)
#112    ComponentElement._firstBuild (package:flutter/src/widgets/framework.dart:5799:5)
#113    ComponentElement.mount (package:flutter/src/widgets/framework.dart:5793:5)
#114    Element.inflateWidget (package:flutter/src/widgets/framework.dart:4587:20)
#115    Element.updateChild (package:flutter/src/widgets/framework.dart:4059:18)
#116    ComponentElement.performRebuild (package:flutter/src/widgets/framework.dart:5841:16)
#117    Element.rebuild (package:flutter/src/widgets/framework.dart:5529:7)
#118    ComponentElement._firstBuild (package:flutter/src/widgets/framework.dart:5799:5)
#119    ComponentElement.mount (package:flutter/src/widgets/framework.dart:5793:5)
#120    Element.inflateWidget (package:flutter/src/widgets/framework.dart:4587:20)
#121    Element.updateChild (package:flutter/src/widgets/framework.dart:4059:18)
#122    ComponentElement.performRebuild (package:flutter/src/widgets/framework.dart:5841:16)
#123    Element.rebuild (package:flutter/src/widgets/framework.dart:5529:7)
#124    ComponentElement._firstBuild (package:flutter/src/widgets/framework.dart:5799:5)
#125    ComponentElement.mount (package:flutter/src/widgets/framework.dart:5793:5)
#126    Element.inflateWidget (package:flutter/src/widgets/framework.dart:4587:20)
#127    Element.updateChild (package:flutter/src/widgets/framework.dart:4059:18)
#128    ComponentElement.performRebuild (package:flutter/src/widgets/framework.dart:5841:16)
#129    StatefulElement.performRebuild (package:flutter/src/widgets/framework.dart:5982:11)
#130    Element.rebuild (package:flutter/src/widgets/framework.dart:5529:7)
#131    ComponentElement._firstBuild (package:flutter/src/widgets/framework.dart:5799:5)
#132    StatefulElement._firstBuild (package:flutter/src/widgets/framework.dart:5973:11)
#133    ComponentElement.mount (package:flutter/src/widgets/framework.dart:5793:5)
#134    Element.inflateWidget (package:flutter/src/widgets/framework.dart:4587:20)
#135    Element.updateChild (package:flutter/src/widgets/framework.dart:4059:18)
#136    ComponentElement.performRebuild (package:flutter/src/widgets/framework.dart:5841:16)
#137    Element.rebuild (package:flutter/src/widgets/framework.dart:5529:7)
#138    ComponentElement._firstBuild (package:flutter/src/widgets/framework.dart:5799:5)
#139    ComponentElement.mount (package:flutter/src/widgets/framework.dart:5793:5)
#140    Element.inflateWidget (package:flutter/src/widgets/framework.dart:4587:20)
#141    Element.updateChild (package:flutter/src/widgets/framework.dart:4059:18)
#142    ComponentElement.performRebuild (package:flutter/src/widgets/framework.dart:5841:16)
#143    StatefulElement.performRebuild (package:flutter/src/widgets/framework.dart:5982:11)
#144    Element.rebuild (package:flutter/src/widgets/framework.dart:5529:7)
#145    ComponentElement._firstBuild (package:flutter/src/widgets/framework.dart:5799:5)
#146    StatefulElement._firstBuild (package:flutter/src/widgets/framework.dart:5973:11)
#147    ComponentElement.mount (package:flutter/src/widgets/framework.dart:5793:5)
#148    Element.inflateWidget (package:flutter/src/widgets/framework.dart:4587:20)
#149    Element.updateChild (package:flutter/src/widgets/framework.dart:4059:18)
#150    SingleChildRenderObjectElement.mount (package:flutter/src/widgets/framework.dart:7115:14)
#151    Element.inflateWidget (package:flutter/src/widgets/framework.dart:4587:20)
#152    Element.updateChild (package:flutter/src/widgets/framework.dart:4059:18)
#153    ComponentElement.performRebuild (package:flutter/src/widgets/framework.dart:5841:16)
#154    Element.rebuild (package:flutter/src/widgets/framework.dart:5529:7)
#155    ComponentElement._firstBuild (package:flutter/src/widgets/framework.dart:5799:5)
#156    ComponentElement.mount (package:flutter/src/widgets/framework.dart:5793:5)
#157    Element.inflateWidget (package:flutter/src/widgets/framework.dart:4587:20)
#158    Element.updateChild (package:flutter/src/widgets/framework.dart:4059:18)
#159    SingleChildRenderObjectElement.mount (package:flutter/src/widgets/framework.dart:7115:14)
#160    Element.inflateWidget (package:flutter/src/widgets/framework.dart:4587:20)
#161    Element.updateChild (package:flutter/src/widgets/framework.dart:4059:18)
#162    SingleChildRenderObjectElement.mount (package:flutter/src/widgets/framework.dart:7115:14)
#163    Element.inflateWidget (package:flutter/src/widgets/framework.dart:4587:20)
#164    Element.updateChild (package:flutter/src/widgets/framework.dart:4059:18)
#165    ComponentElement.performRebuild (package:flutter/src/widgets/framework.dart:5841:16)
#166    StatefulElement.performRebuild (package:flutter/src/widgets/framework.dart:5982:11)
#167    Element.rebuild (package:flutter/src/widgets/framework.dart:5529:7)
#168    ComponentElement._firstBuild (package:flutter/src/widgets/framework.dart:5799:5)
#169    StatefulElement._firstBuild (package:flutter/src/widgets/framework.dart:5973:11)
#170    ComponentElement.mount (package:flutter/src/widgets/framework.dart:5793:5)
#171    Element.inflateWidget (package:flutter/src/widgets/framework.dart:4587:20)
#172    Element.updateChild (package:flutter/src/widgets/framework.dart:4059:18)
#173    SingleChildRenderObjectElement.mount (package:flutter/src/widgets/framework.dart:7115:14)
#174    Element.inflateWidget (package:flutter/src/widgets/framework.dart:4587:20)
#175    Element.updateChild (package:flutter/src/widgets/framework.dart:4059:18)
#176    ComponentElement.performRebuild (package:flutter/src/widgets/framework.dart:5841:16)
#177    StatefulElement.performRebuild (package:flutter/src/widgets/framework.dart:5982:11)
#178    Element.rebuild (package:flutter/src/widgets/framework.dart:5529:7)
#179    ComponentElement._firstBuild (package:flutter/src/widgets/framework.dart:5799:5)
#180    StatefulElement._firstBuild (package:flutter/src/widgets/framework.dart:5973:11)
#181    ComponentElement.mount (package:flutter/src/widgets/framework.dart:5793:5)
#182    Element.inflateWidget (package:flutter/src/widgets/framework.dart:4587:20)
#183    Element.updateChild (package:flutter/src/widgets/framework.dart:4059:18)
#184    SingleChildRenderObjectElement.mount (package:flutter/src/widgets/framework.dart:7115:14)
#185    Element.inflateWidget (package:flutter/src/widgets/framework.dart:4587:20)
#186    Element.updateChild (package:flutter/src/widgets/framework.dart:4059:18)
#187    SingleChildRenderObjectElement.mount (package:flutter/src/widgets/framework.dart:7115:14)
#188    Element.inflateWidget (package:flutter/src/widgets/framework.dart:4587:20)
#189    Element.updateChild (package:flutter/src/widgets/framework.dart:4059:18)
#190    ComponentElement.performRebuild (package:flutter/src/widgets/framework.dart:5841:16)
#191    StatefulElement.performRebuild (package:flutter/src/widgets/framework.dart:5982:11)
#192    Element.rebuild (package:flutter/src/widgets/framework.dart:5529:7)
#193    ComponentElement._firstBuild (package:flutter/src/widgets/framework.dart:5799:5)
#194    StatefulElement._firstBuild (package:flutter/src/widgets/framework.dart:5973:11)
#195    ComponentElement.mount (package:flutter/src/widgets/framework.dart:5793:5)
#196    Element.inflateWidget (package:flutter/src/widgets/framework.dart:4587:20)
#197    Element.updateChild (package:flutter/src/widgets/framework.dart:4059:18)
#198    SingleChildRenderObjectElement.mount (package:flutter/src/widgets/framework.dart:7115:14)
#199    Element.inflateWidget (package:flutter/src/widgets/framework.dart:4587:20)
#200    Element.updateChild (package:flutter/src/widgets/framework.dart:4059:18)
#201    ComponentElement.performRebuild (package:flutter/src/widgets/framework.dart:5841:16)
#202    StatefulElement.performRebuild (package:flutter/src/widgets/framework.dart:5982:11)
#203    Element.rebuild (package:flutter/src/widgets/framework.dart:5529:7)
#204    ComponentElement._firstBuild (package:flutter/src/widgets/framework.dart:5799:5)
#205    StatefulElement._firstBuild (package:flutter/src/widgets/framework.dart:5973:11)
#206    ComponentElement.mount (package:flutter/src/widgets/framework.dart:5793:5)
#207    Element.inflateWidget (package:flutter/src/widgets/framework.dart:4587:20)
#208    Element.updateChild (package:flutter/src/widgets/framework.dart:4059:18)
#209    SingleChildRenderObjectElement.mount (package:flutter/src/widgets/framework.dart:7115:14)
#210    Element.inflateWidget (package:flutter/src/widgets/framework.dart:4587:20)
#211    Element.updateChild (package:flutter/src/widgets/framework.dart:4059:18)
#212    SingleChildRenderObjectElement.mount (package:flutter/src/widgets/framework.dart:7115:14)
#213    Element.inflateWidget (package:flutter/src/widgets/framework.dart:4587:20)
#214    Element.updateChild (package:flutter/src/widgets/framework.dart:4059:18)
#215    ComponentElement.performRebuild (package:flutter/src/widgets/framework.dart:5841:16)
#216    StatefulElement.performRebuild (package:flutter/src/widgets/framework.dart:5982:11)
#217    Element.rebuild (package:flutter/src/widgets/framework.dart:5529:7)
#218    ComponentElement._firstBuild (package:flutter/src/widgets/framework.dart:5799:5)
#219    StatefulElement._firstBuild (package:flutter/src/widgets/framework.dart:5973:11)
#220    ComponentElement.mount (package:flutter/src/widgets/framework.dart:5793:5)
#221    Element.inflateWidget (package:flutter/src/widgets/framework.dart:4587:20)
#222    Element.updateChild (package:flutter/src/widgets/framework.dart:4059:18)
#223    SingleChildRenderObjectElement.mount (package:flutter/src/widgets/framework.dart:7115:14)
#224    Element.inflateWidget (package:flutter/src/widgets/framework.dart:4587:20)
#225    Element.updateChild (package:flutter/src/widgets/framework.dart:4059:18)
#226    SingleChildRenderObjectElement.mount (package:flutter/src/widgets/framework.dart:7115:14)
#227    Element.inflateWidget (package:flutter/src/widgets/framework.dart:4587:20)
#228    Element.updateChild (package:flutter/src/widgets/framework.dart:4059:18)
#229    SingleChildRenderObjectElement.mount (package:flutter/src/widgets/framework.dart:7115:14)
#230    Element.inflateWidget (package:flutter/src/widgets/framework.dart:4587:20)
#231    Element.updateChild (package:flutter/src/widgets/framework.dart:4059:18)
#232    ComponentElement.performRebuild (package:flutter/src/widgets/framework.dart:5841:16)
#233    StatefulElement.performRebuild (package:flutter/src/widgets/framework.dart:5982:11)
#234    Element.rebuild (package:flutter/src/widgets/framework.dart:5529:7)
#235    ComponentElement._firstBuild (package:flutter/src/widgets/framework.dart:5799:5)
#236    StatefulElement._firstBuild (package:flutter/src/widgets/framework.dart:5973:11)
#237    ComponentElement.mount (package:flutter/src/widgets/framework.dart:5793:5)
#238    Element.inflateWidget (package:flutter/src/widgets/framework.dart:4587:20)
#239    Element.updateChild (package:flutter/src/widgets/framework.dart:4059:18)
#240    SingleChildRenderObjectElement.mount (package:flutter/src/widgets/framework.dart:7115:14)
#241    Element.inflateWidget (package:flutter/src/widgets/framework.dart:4587:20)
#242    Element.updateChild (package:flutter/src/widgets/framework.dart:4059:18)
#243    ComponentElement.performRebuild (package:flutter/src/widgets/framework.dart:5841:16)
#244    StatefulElement.performRebuild (package:flutter/src/widgets/framework.dart:5982:11)
#245    Element.rebuild (package:flutter/src/widgets/framework.dart:5529:7)
#246    ComponentElement._firstBuild (package:flutter/src/widgets/framework.dart:5799:5)
#247    StatefulElement._firstBuild (package:flutter/src/widgets/framework.dart:5973:11)
#248    ComponentElement.mount (package:flutter/src/widgets/framework.dart:5793:5)
#249    Element.inflateWidget (package:flutter/src/widgets/framework.dart:4587:20)
#250    Element.updateChild (package:flutter/src/widgets/framework.dart:4059:18)
#251    ComponentElement.performRebuild (package:flutter/src/widgets/framework.dart:5841:16)
#252    Element.rebuild (package:flutter/src/widgets/framework.dart:5529:7)
#253    ComponentElement._firstBuild (package:flutter/src/widgets/framework.dart:5799:5)
#254    ComponentElement.mount (package:flutter/src/widgets/framework.dart:5793:5)
#255    Element.inflateWidget (package:flutter/src/widgets/framework.dart:4587:20)
#256    Element.updateChild (package:flutter/src/widgets/framework.dart:4059:18)
#257    ComponentElement.performRebuild (package:flutter/src/widgets/framework.dart:5841:16)
#258    StatefulElement.performRebuild (package:flutter/src/widgets/framework.dart:5982:11)
#259    Element.rebuild (package:flutter/src/widgets/framework.dart:5529:7)
#260    ComponentElement._firstBuild (package:flutter/src/widgets/framework.dart:5799:5)
#261    StatefulElement._firstBuild (package:flutter/src/widgets/framework.dart:5973:11)
#262    ComponentElement.mount (package:flutter/src/widgets/framework.dart:5793:5)
#263    Element.inflateWidget (package:flutter/src/widgets/framework.dart:4587:20)
#264    Element.updateChild (package:flutter/src/widgets/framework.dart:4059:18)
#265    ComponentElement.performRebuild (package:flutter/src/widgets/framework.dart:5841:16)
#266    StatefulElement.performRebuild (package:flutter/src/widgets/framework.dart:5982:11)
#267    Element.rebuild (package:flutter/src/widgets/framework.dart:5529:7)
#268    ComponentElement._firstBuild (package:flutter/src/widgets/framework.dart:5799:5)
#269    StatefulElement._firstBuild (package:flutter/src/widgets/framework.dart:5973:11)
#270    ComponentElement.mount (package:flutter/src/widgets/framework.dart:5793:5)
#271    Element.inflateWidget (package:flutter/src/widgets/framework.dart:4587:20)
#272    Element.updateChild (package:flutter/src/widgets/framework.dart:4059:18)
#273    ComponentElement.performRebuild (package:flutter/src/widgets/framework.dart:5841:16)
#274    StatefulElement.performRebuild (package:flutter/src/widgets/framework.dart:5982:11)
#275    Element.rebuild (package:flutter/src/widgets/framework.dart:5529:7)
#276    ComponentElement._firstBuild (package:flutter/src/widgets/framework.dart:5799:5)
#277    StatefulElement._firstBuild (package:flutter/src/widgets/framework.dart:5973:11)
#278    ComponentElement.mount (package:flutter/src/widgets/framework.dart:5793:5)
#279    Element.inflateWidget (package:flutter/src/widgets/framework.dart:4587:20)
#280    Element.updateChild (package:flutter/src/widgets/framework.dart:4059:18)
#281    SingleChildRenderObjectElement.mount (package:flutter/src/widgets/framework.dart:7115:14)
#282    Element.inflateWidget (package:flutter/src/widgets/framework.dart:4587:20)
#283    Element.updateChild (package:flutter/src/widgets/framework.dart:4059:18)
#284    ComponentElement.performRebuild (package:flutter/src/widgets/framework.dart:5841:16)
#285    Element.rebuild (package:flutter/src/widgets/framework.dart:5529:7)
#286    ComponentElement._firstBuild (package:flutter/src/widgets/framework.dart:5799:5)
#287    ComponentElement.mount (package:flutter/src/widgets/framework.dart:5793:5)
#288    Element.inflateWidget (package:flutter/src/widgets/framework.dart:4587:20)
#289    Element.updateChild (package:flutter/src/widgets/framework.dart:4059:18)
#290    SingleChildRenderObjectElement.mount (package:flutter/src/widgets/framework.dart:7115:14)
#291    Element.inflateWidget (package:flutter/src/widgets/framework.dart:4587:20)
#292    Element.updateChild (package:flutter/src/widgets/framework.dart:4059:18)
#293    ComponentElement.performRebuild (package:flutter/src/widgets/framework.dart:5841:16)
#294    StatefulElement.performRebuild (package:flutter/src/widgets/framework.dart:5982:11)
#295    Element.rebuild (package:flutter/src/widgets/framework.dart:5529:7)
#296    ComponentElement._firstBuild (package:flutter/src/widgets/framework.dart:5799:5)
#297    StatefulElement._firstBuild (package:flutter/src/widgets/framework.dart:5973:11)
#298    ComponentElement.mount (package:flutter/src/widgets/framework.dart:5793:5)
#299    Element.inflateWidget (package:flutter/src/widgets/framework.dart:4587:20)
#300    Element.updateChild (package:flutter/src/widgets/framework.dart:4059:18)
#301    ComponentElement.performRebuild (package:flutter/src/widgets/framework.dart:5841:16)
#302    Element.rebuild (package:flutter/src/widgets/framework.dart:5529:7)
#303    ComponentElement._firstBuild (package:flutter/src/widgets/framework.dart:5799:5)
#304    ComponentElement.mount (package:flutter/src/widgets/framework.dart:5793:5)
#305    Element.inflateWidget (package:flutter/src/widgets/framework.dart:4587:20)
#306    Element.updateChild (package:flutter/src/widgets/framework.dart:4059:18)
#307    ComponentElement.performRebuild (package:flutter/src/widgets/framework.dart:5841:16)
#308    Element.rebuild (package:flutter/src/widgets/framework.dart:5529:7)
#309    ComponentElement._firstBuild (package:flutter/src/widgets/framework.dart:5799:5)
#310    ComponentElement.mount (package:flutter/src/widgets/framework.dart:5793:5)
#311    Element.inflateWidget (package:flutter/src/widgets/framework.dart:4587:20)
#312    Element.updateChild (package:flutter/src/widgets/framework.dart:4059:18)
#313    ComponentElement.performRebuild (package:flutter/src/widgets/framework.dart:5841:16)
#314    StatefulElement.performRebuild (package:flutter/src/widgets/framework.dart:5982:11)
#315    Element.rebuild (package:flutter/src/widgets/framework.dart:5529:7)
#316    ComponentElement._firstBuild (package:flutter/src/widgets/framework.dart:5799:5)
#317    StatefulElement._firstBuild (package:flutter/src/widgets/framework.dart:5973:11)
#318    ComponentElement.mount (package:flutter/src/widgets/framework.dart:5793:5)
#319    Element.inflateWidget (package:flutter/src/widgets/framework.dart:4587:20)
#320    Element.updateChild (package:flutter/src/widgets/framework.dart:4059:18)
#321    ComponentElement.performRebuild (package:flutter/src/widgets/framework.dart:5841:16)
#322    Element.rebuild (package:flutter/src/widgets/framework.dart:5529:7)
#323    ComponentElement._firstBuild (package:flutter/src/widgets/framework.dart:5799:5)
#324    ComponentElement.mount (package:flutter/src/widgets/framework.dart:5793:5)
#325    Element.inflateWidget (package:flutter/src/widgets/framework.dart:4587:20)
#326    Element.updateChild (package:flutter/src/widgets/framework.dart:4059:18)
#327    ComponentElement.performRebuild (package:flutter/src/widgets/framework.dart:5841:16)
#328    Element.rebuild (package:flutter/src/widgets/framework.dart:5529:7)
#329    ComponentElement._firstBuild (package:flutter/src/widgets/framework.dart:5799:5)
#330    ComponentElement.mount (package:flutter/src/widgets/framework.dart:5793:5)
#331    Element.inflateWidget (package:flutter/src/widgets/framework.dart:4587:20)
#332    Element.updateChild (package:flutter/src/widgets/framework.dart:4059:18)
#333    SingleChildRenderObjectElement.mount (package:flutter/src/widgets/framework.dart:7115:14)
#334    Element.inflateWidget (package:flutter/src/widgets/framework.dart:4587:20)
#335    Element.updateChild (package:flutter/src/widgets/framework.dart:4059:18)
#336    ComponentElement.performRebuild (package:flutter/src/widgets/framework.dart:5841:16)
#337    Element.rebuild (package:flutter/src/widgets/framework.dart:5529:7)
#338    ComponentElement._firstBuild (package:flutter/src/widgets/framework.dart:5799:5)
#339    ComponentElement.mount (package:flutter/src/widgets/framework.dart:5793:5)
#340    Element.inflateWidget (package:flutter/src/widgets/framework.dart:4587:20)
#341    Element.updateChild (package:flutter/src/widgets/framework.dart:4059:18)
#342    ComponentElement.performRebuild (package:flutter/src/widgets/framework.dart:5841:16)
#343    Element.rebuild (package:flutter/src/widgets/framework.dart:5529:7)
#344    ComponentElement._firstBuild (package:flutter/src/widgets/framework.dart:5799:5)
#345    ComponentElement.mount (package:flutter/src/widgets/framework.dart:5793:5)
#346    Element.inflateWidget (package:flutter/src/widgets/framework.dart:4587:20)
#347    Element.updateChild (package:flutter/src/widgets/framework.dart:4059:18)
#348    ComponentElement.performRebuild (package:flutter/src/widgets/framework.dart:5841:16)
#349    StatefulElement.performRebuild (package:flutter/src/widgets/framework.dart:5982:11)
#350    Element.rebuild (package:flutter/src/widgets/framework.dart:5529:7)
#351    ComponentElement._firstBuild (package:flutter/src/widgets/framework.dart:5799:5)
#352    StatefulElement._firstBuild (package:flutter/src/widgets/framework.dart:5973:11)
#353    ComponentElement.mount (package:flutter/src/widgets/framework.dart:5793:5)
#354    Element.inflateWidget (package:flutter/src/widgets/framework.dart:4587:20)
#355    Element.updateChild (package:flutter/src/widgets/framework.dart:4059:18)
#356    ComponentElement.performRebuild (package:flutter/src/widgets/framework.dart:5841:16)
#357    StatefulElement.performRebuild (package:flutter/src/widgets/framework.dart:5982:11)
#358    Element.rebuild (package:flutter/src/widgets/framework.dart:5529:7)
#359    ComponentElement._firstBuild (package:flutter/src/widgets/framework.dart:5799:5)
#360    StatefulElement._firstBuild (package:flutter/src/widgets/framework.dart:5973:11)
#361    ComponentElement.mount (package:flutter/src/widgets/framework.dart:5793:5)
#362    Element.inflateWidget (package:flutter/src/widgets/framework.dart:4587:20)
#363    Element.updateChild (package:flutter/src/widgets/framework.dart:4059:18)
#364    ComponentElement.performRebuild (package:flutter/src/widgets/framework.dart:5841:16)
#365    StatefulElement.performRebuild (package:flutter/src/widgets/framework.dart:5982:11)
#366    Element.rebuild (package:flutter/src/widgets/framework.dart:5529:7)
#367    ComponentElement._firstBuild (package:flutter/src/widgets/framework.dart:5799:5)
#368    StatefulElement._firstBuild (package:flutter/src/widgets/framework.dart:5973:11)
#369    ComponentElement.mount (package:flutter/src/widgets/framework.dart:5793:5)
#370    Element.inflateWidget (package:flutter/src/widgets/framework.dart:4587:20)
#371    Element.updateChild (package:flutter/src/widgets/framework.dart:4059:18)
#372    SingleChildRenderObjectElement.mount (package:flutter/src/widgets/framework.dart:7115:14)
#373    Element.inflateWidget (package:flutter/src/widgets/framework.dart:4587:20)
#374    Element.updateChild (package:flutter/src/widgets/framework.dart:4059:18)
#375    ComponentElement.performRebuild (package:flutter/src/widgets/framework.dart:5841:16)
#376    Element.rebuild (package:flutter/src/widgets/framework.dart:5529:7)
#377    ComponentElement._firstBuild (package:flutter/src/widgets/framework.dart:5799:5)
#378    ComponentElement.mount (package:flutter/src/widgets/framework.dart:5793:5)
#379    Element.inflateWidget (package:flutter/src/widgets/framework.dart:4587:20)
#380    Element.updateChild (package:flutter/src/widgets/framework.dart:4059:18)
#381    ComponentElement.performRebuild (package:flutter/src/widgets/framework.dart:5841:16)
#382    Element.rebuild (package:flutter/src/widgets/framework.dart:5529:7)
#383    ComponentElement._firstBuild (package:flutter/src/widgets/framework.dart:5799:5)
#384    ComponentElement.mount (package:flutter/src/widgets/framework.dart:5793:5)
#385    Element.inflateWidget (package:flutter/src/widgets/framework.dart:4587:20)
#386    Element.updateChild (package:flutter/src/widgets/framework.dart:4059:18)
#387    ComponentElement.performRebuild (package:flutter/src/widgets/framework.dart:5841:16)
#388    Element.rebuild (package:flutter/src/widgets/framework.dart:5529:7)
#389    ComponentElement._firstBuild (package:flutter/src/widgets/framework.dart:5799:5)
#390    ComponentElement.mount (package:flutter/src/widgets/framework.dart:5793:5)
#391    Element.inflateWidget (package:flutter/src/widgets/framework.dart:4587:20)
#392    Element.updateChild (package:flutter/src/widgets/framework.dart:4059:18)
#393    ComponentElement.performRebuild (package:flutter/src/widgets/framework.dart:5841:16)
#394    StatefulElement.performRebuild (package:flutter/src/widgets/framework.dart:5982:11)
#395    Element.rebuild (package:flutter/src/widgets/framework.dart:5529:7)
#396    ComponentElement._firstBuild (package:flutter/src/widgets/framework.dart:5799:5)
#397    StatefulElement._firstBuild (package:flutter/src/widgets/framework.dart:5973:11)
#398    ComponentElement.mount (package:flutter/src/widgets/framework.dart:5793:5)
#399    Element.inflateWidget (package:flutter/src/widgets/framework.dart:4587:20)
#400    Element.updateChild (package:flutter/src/widgets/framework.dart:4059:18)
#401    ComponentElement.performRebuild (package:flutter/src/widgets/framework.dart:5841:16)
#402    StatefulElement.performRebuild (package:flutter/src/widgets/framework.dart:5982:11)
#403    Element.rebuild (package:flutter/src/widgets/framework.dart:5529:7)
#404    ComponentElement._firstBuild (package:flutter/src/widgets/framework.dart:5799:5)
#405    StatefulElement._firstBuild (package:flutter/src/widgets/framework.dart:5973:11)
#406    ComponentElement.mount (package:flutter/src/widgets/framework.dart:5793:5)
#407    Element.inflateWidget (package:flutter/src/widgets/framework.dart:4587:20)
#408    MultiChildRenderObjectElement.inflateWidget (package:flutter/src/widgets/framework.dart:7264:36)
#409    MultiChildRenderObjectElement.mount (package:flutter/src/widgets/framework.dart:7279:32)
#410    Element.inflateWidget (package:flutter/src/widgets/framework.dart:4587:20)
#411    Element.updateChild (package:flutter/src/widgets/framework.dart:4059:18)
#412    ComponentElement.performRebuild (package:flutter/src/widgets/framework.dart:5841:16)
#413    StatefulElement.performRebuild (package:flutter/src/widgets/framework.dart:5982:11)
#414    Element.rebuild (package:flutter/src/widgets/framework.dart:5529:7)
#415    ComponentElement._firstBuild (package:flutter/src/widgets/framework.dart:5799:5)
#416    StatefulElement._firstBuild (package:flutter/src/widgets/framework.dart:5973:11)
#417    ComponentElement.mount (package:flutter/src/widgets/framework.dart:5793:5)
#418    Element.inflateWidget (package:flutter/src/widgets/framework.dart:4587:20)
#419    Element.updateChild (package:flutter/src/widgets/framework.dart:4059:18)
#420    ComponentElement.performRebuild (package:flutter/src/widgets/framework.dart:5841:16)
#421    Element.rebuild (package:flutter/src/widgets/framework.dart:5529:7)
#422    ComponentElement._firstBuild (package:flutter/src/widgets/framework.dart:5799:5)
#423    ComponentElement.mount (package:flutter/src/widgets/framework.dart:5793:5)
#424    Element.inflateWidget (package:flutter/src/widgets/framework.dart:4587:20)
#425    Element.updateChild (package:flutter/src/widgets/framework.dart:4059:18)
#426    ComponentElement.performRebuild (package:flutter/src/widgets/framework.dart:5841:16)
#427    Element.rebuild (package:flutter/src/widgets/framework.dart:5529:7)
#428    ComponentElement._firstBuild (package:flutter/src/widgets/framework.dart:5799:5)
#429    ComponentElement.mount (package:flutter/src/widgets/framework.dart:5793:5)
#430    Element.inflateWidget (package:flutter/src/widgets/framework.dart:4587:20)
#431    Element.updateChild (package:flutter/src/widgets/framework.dart:4059:18)
#432    ComponentElement.performRebuild (package:flutter/src/widgets/framework.dart:5841:16)
#433    StatefulElement.performRebuild (package:flutter/src/widgets/framework.dart:5982:11)
#434    Element.rebuild (package:flutter/src/widgets/framework.dart:5529:7)
#435    ComponentElement._firstBuild (package:flutter/src/widgets/framework.dart:5799:5)
#436    StatefulElement._firstBuild (package:flutter/src/widgets/framework.dart:5973:11)
#437    ComponentElement.mount (package:flutter/src/widgets/framework.dart:5793:5)
#438    Element.inflateWidget (package:flutter/src/widgets/framework.dart:4587:20)
#439    Element.updateChild (package:flutter/src/widgets/framework.dart:4059:18)
#440    ComponentElement.performRebuild (package:flutter/src/widgets/framework.dart:5841:16)
#441    Element.rebuild (package:flutter/src/widgets/framework.dart:5529:7)
#442    ComponentElement._firstBuild (package:flutter/src/widgets/framework.dart:5799:5)
#443    ComponentElement.mount (package:flutter/src/widgets/framework.dart:5793:5)
#444    Element.inflateWidget (package:flutter/src/widgets/framework.dart:4587:20)
#445    Element.updateChild (package:flutter/src/widgets/framework.dart:4059:18)
#446    ComponentElement.performRebuild (package:flutter/src/widgets/framework.dart:5841:16)
#447    StatefulElement.performRebuild (package:flutter/src/widgets/framework.dart:5982:11)
#448    Element.rebuild (package:flutter/src/widgets/framework.dart:5529:7)
#449    ComponentElement._firstBuild (package:flutter/src/widgets/framework.dart:5799:5)
#450    StatefulElement._firstBuild (package:flutter/src/widgets/framework.dart:5973:11)
#451    ComponentElement.mount (package:flutter/src/widgets/framework.dart:5793:5)
#452    Element.inflateWidget (package:flutter/src/widgets/framework.dart:4587:20)
#453    Element.updateChild (package:flutter/src/widgets/framework.dart:4059:18)
#454    ComponentElement.performRebuild (package:flutter/src/widgets/framework.dart:5841:16)
#455    StatefulElement.performRebuild (package:flutter/src/widgets/framework.dart:5982:11)
#456    Element.rebuild (package:flutter/src/widgets/framework.dart:5529:7)
#457    ComponentElement._firstBuild (package:flutter/src/widgets/framework.dart:5799:5)
#458    StatefulElement._firstBuild (package:flutter/src/widgets/framework.dart:5973:11)
#459    ComponentElement.mount (package:flutter/src/widgets/framework.dart:5793:5)
#460    Element.inflateWidget (package:flutter/src/widgets/framework.dart:4587:20)
#461    Element.updateChild (package:flutter/src/widgets/framework.dart:4059:18)
#462    SingleChildRenderObjectElement.mount (package:flutter/src/widgets/framework.dart:7115:14)
#463    Element.inflateWidget (package:flutter/src/widgets/framework.dart:4587:20)
#464    Element.updateChild (package:flutter/src/widgets/framework.dart:4059:18)
#465    SingleChildRenderObjectElement.mount (package:flutter/src/widgets/framework.dart:7115:14)
#466    Element.inflateWidget (package:flutter/src/widgets/framework.dart:4587:20)
#467    Element.updateChild (package:flutter/src/widgets/framework.dart:4059:18)
#468    ComponentElement.performRebuild (package:flutter/src/widgets/framework.dart:5841:16)
#469    Element.rebuild (package:flutter/src/widgets/framework.dart:5529:7)
#470    ComponentElement._firstBuild (package:flutter/src/widgets/framework.dart:5799:5)
#471    ComponentElement.mount (package:flutter/src/widgets/framework.dart:5793:5)
#472    Element.inflateWidget (package:flutter/src/widgets/framework.dart:4587:20)
#473    Element.updateChild (package:flutter/src/widgets/framework.dart:4059:18)
#474    ComponentElement.performRebuild (package:flutter/src/widgets/framework.dart:5841:16)
#475    Element.rebuild (package:flutter/src/widgets/framework.dart:5529:7)
#476    ComponentElement._firstBuild (package:flutter/src/widgets/framework.dart:5799:5)
#477    ComponentElement.mount (package:flutter/src/widgets/framework.dart:5793:5)
#478    Element.inflateWidget (package:flutter/src/widgets/framework.dart:4587:20)
#479    Element.updateChild (package:flutter/src/widgets/framework.dart:4059:18)
#480    ComponentElement.performRebuild (package:flutter/src/widgets/framework.dart:5841:16)
#481    StatefulElement.performRebuild (package:flutter/src/widgets/framework.dart:5982:11)
#482    Element.rebuild (package:flutter/src/widgets/framework.dart:5529:7)
#483    ComponentElement._firstBuild (package:flutter/src/widgets/framework.dart:5799:5)
#484    StatefulElement._firstBuild (package:flutter/src/widgets/framework.dart:5973:11)
#485    ComponentElement.mount (package:flutter/src/widgets/framework.dart:5793:5)
#486    Element.inflateWidget (package:flutter/src/widgets/framework.dart:4587:20)
#487    Element.updateChild (package:flutter/src/widgets/framework.dart:4059:18)
#488    ComponentElement.performRebuild (package:flutter/src/widgets/framework.dart:5841:16)
#489    Element.rebuild (package:flutter/src/widgets/framework.dart:5529:7)
#490    ComponentElement._firstBuild (package:flutter/src/widgets/framework.dart:5799:5)
#491    ComponentElement.mount (package:flutter/src/widgets/framework.dart:5793:5)
#492    Element.inflateWidget (package:flutter/src/widgets/framework.dart:4587:20)
#493    Element.updateChild (package:flutter/src/widgets/framework.dart:4059:18)
#494    SingleChildRenderObjectElement.mount (package:flutter/src/widgets/framework.dart:7115:14)
#495    Element.inflateWidget (package:flutter/src/widgets/framework.dart:4587:20)
#496    Element.updateChild (package:flutter/src/widgets/framework.dart:4059:18)
#497    ComponentElement.performRebuild (package:flutter/src/widgets/framework.dart:5841:16)
#498    StatefulElement.performRebuild (package:flutter/src/widgets/framework.dart:5982:11)
#499    Element.rebuild (package:flutter/src/widgets/framework.dart:5529:7)
#500    ComponentElement._firstBuild (package:flutter/src/widgets/framework.dart:5799:5)
#501    StatefulElement._firstBuild (package:flutter/src/widgets/framework.dart:5973:11)
#502    ComponentElement.mount (package:flutter/src/widgets/framework.dart:5793:5)
#503    Element.inflateWidget (package:flutter/src/widgets/framework.dart:4587:20)
#504    Element.updateChild (package:flutter/src/widgets/framework.dart:4059:18)
#505    ComponentElement.performRebuild (package:flutter/src/widgets/framework.dart:5841:16)
#506    Element.rebuild (package:flutter/src/widgets/framework.dart:5529:7)
#507    ComponentElement._firstBuild (package:flutter/src/widgets/framework.dart:5799:5)
#508    ComponentElement.mount (package:flutter/src/widgets/framework.dart:5793:5)
#509    Element.inflateWidget (package:flutter/src/widgets/framework.dart:4587:20)
#510    Element.updateChild (package:flutter/src/widgets/framework.dart:4059:18)
#511    ComponentElement.performRebuild (package:flutter/src/widgets/framework.dart:5841:16)
#512    Element.rebuild (package:flutter/src/widgets/framework.dart:5529:7)
#513    ComponentElement._firstBuild (package:flutter/src/widgets/framework.dart:5799:5)
#514    ComponentElement.mount (package:flutter/src/widgets/framework.dart:5793:5)
#515    Element.inflateWidget (package:flutter/src/widgets/framework.dart:4587:20)
#516    Element.updateChild (package:flutter/src/widgets/framework.dart:4059:18)
#517    ComponentElement.performRebuild (package:flutter/src/widgets/framework.dart:5841:16)
#518    StatefulElement.performRebuild (package:flutter/src/widgets/framework.dart:5982:11)
#519    Element.rebuild (package:flutter/src/widgets/framework.dart:5529:7)
#520    ComponentElement._firstBuild (package:flutter/src/widgets/framework.dart:5799:5)
#521    StatefulElement._firstBuild (package:flutter/src/widgets/framework.dart:5973:11)
#522    ComponentElement.mount (package:flutter/src/widgets/framework.dart:5793:5)
#523    Element.inflateWidget (package:flutter/src/widgets/framework.dart:4587:20)
#524    Element.updateChild (package:flutter/src/widgets/framework.dart:4059:18)
#525    ComponentElement.performRebuild (package:flutter/src/widgets/framework.dart:5841:16)
#526    Element.rebuild (package:flutter/src/widgets/framework.dart:5529:7)
#527    ComponentElement._firstBuild (package:flutter/src/widgets/framework.dart:5799:5)
#528    ComponentElement.mount (package:flutter/src/widgets/framework.dart:5793:5)
#529    Element.inflateWidget (package:flutter/src/widgets/framework.dart:4587:20)
#530    Element.updateChild (package:flutter/src/widgets/framework.dart:4059:18)
#531    ComponentElement.performRebuild (package:flutter/src/widgets/framework.dart:5841:16)
#532    Element.rebuild (package:flutter/src/widgets/framework.dart:5529:7)
#533    ComponentElement._firstBuild (package:flutter/src/widgets/framework.dart:5799:5)
#534    ComponentElement.mount (package:flutter/src/widgets/framework.dart:5793:5)
#535    Element.inflateWidget (package:flutter/src/widgets/framework.dart:4587:20)
#536    Element.updateChild (package:flutter/src/widgets/framework.dart:4059:18)
#537    ComponentElement.performRebuild (package:flutter/src/widgets/framework.dart:5841:16)
#538    Element.rebuild (package:flutter/src/widgets/framework.dart:5529:7)
#539    ComponentElement._firstBuild (package:flutter/src/widgets/framework.dart:5799:5)
#540    ComponentElement.mount (package:flutter/src/widgets/framework.dart:5793:5)
#541    Element.inflateWidget (package:flutter/src/widgets/framework.dart:4587:20)
#542    Element.updateChild (package:flutter/src/widgets/framework.dart:4059:18)
#543    ComponentElement.performRebuild (package:flutter/src/widgets/framework.dart:5841:16)
#544    Element.rebuild (package:flutter/src/widgets/framework.dart:5529:7)
#545    ComponentElement._firstBuild (package:flutter/src/widgets/framework.dart:5799:5)
#546    ComponentElement.mount (package:flutter/src/widgets/framework.dart:5793:5)
#547    Element.inflateWidget (package:flutter/src/widgets/framework.dart:4587:20)
#548    Element.updateChild (package:flutter/src/widgets/framework.dart:4059:18)
#549    ComponentElement.performRebuild (package:flutter/src/widgets/framework.dart:5841:16)
#550    Element.rebuild (package:flutter/src/widgets/framework.dart:5529:7)
#551    ComponentElement._firstBuild (package:flutter/src/widgets/framework.dart:5799:5)
#552    ComponentElement.mount (package:flutter/src/widgets/framework.dart:5793:5)
#553    Element.inflateWidget (package:flutter/src/widgets/framework.dart:4587:20)
#554    Element.updateChild (package:flutter/src/widgets/framework.dart:4059:18)
#555    ComponentElement.performRebuild (package:flutter/src/widgets/framework.dart:5841:16)
#556    Element.rebuild (package:flutter/src/widgets/framework.dart:5529:7)
#557    ComponentElement._firstBuild (package:flutter/src/widgets/framework.dart:5799:5)
#558    ComponentElement.mount (package:flutter/src/widgets/framework.dart:5793:5)
#559    Element.inflateWidget (package:flutter/src/widgets/framework.dart:4587:20)
#560    Element.updateChild (package:flutter/src/widgets/framework.dart:4059:18)
#561    ComponentElement.performRebuild (package:flutter/src/widgets/framework.dart:5841:16)
#562    Element.rebuild (package:flutter/src/widgets/framework.dart:5529:7)
#563    ComponentElement._firstBuild (package:flutter/src/widgets/framework.dart:5799:5)
#564    ComponentElement.mount (package:flutter/src/widgets/framework.dart:5793:5)
#565    Element.inflateWidget (package:flutter/src/widgets/framework.dart:4587:20)
#566    Element.updateChild (package:flutter/src/widgets/framework.dart:4059:18)
#567    ComponentElement.performRebuild (package:flutter/src/widgets/framework.dart:5841:16)
#568    StatefulElement.performRebuild (package:flutter/src/widgets/framework.dart:5982:11)
#569    Element.rebuild (package:flutter/src/widgets/framework.dart:5529:7)
#570    ComponentElement._firstBuild (package:flutter/src/widgets/framework.dart:5799:5)
#571    StatefulElement._firstBuild (package:flutter/src/widgets/framework.dart:5973:11)
#572    ComponentElement.mount (package:flutter/src/widgets/framework.dart:5793:5)
#573    Element.inflateWidget (package:flutter/src/widgets/framework.dart:4587:20)
#574    Element.updateChild (package:flutter/src/widgets/framework.dart:4059:18)
#575    ComponentElement.performRebuild (package:flutter/src/widgets/framework.dart:5841:16)
#576    Element.rebuild (package:flutter/src/widgets/framework.dart:5529:7)
#577    ComponentElement._firstBuild (package:flutter/src/widgets/framework.dart:5799:5)
#578    ComponentElement.mount (package:flutter/src/widgets/framework.dart:5793:5)
#579    Element.inflateWidget (package:flutter/src/widgets/framework.dart:4587:20)
#580    Element.updateChild (package:flutter/src/widgets/framework.dart:4059:18)
#581    ComponentElement.performRebuild (package:flutter/src/widgets/framework.dart:5841:16)
#582    Element.rebuild (package:flutter/src/widgets/framework.dart:5529:7)
#583    ComponentElement._firstBuild (package:flutter/src/widgets/framework.dart:5799:5)
#584    ComponentElement.mount (package:flutter/src/widgets/framework.dart:5793:5)
#585    Element.inflateWidget (package:flutter/src/widgets/framework.dart:4587:20)
#586    Element.updateChild (package:flutter/src/widgets/framework.dart:4059:18)
#587    ComponentElement.performRebuild (package:flutter/src/widgets/framework.dart:5841:16)
#588    StatefulElement.performRebuild (package:flutter/src/widgets/framework.dart:5982:11)
#589    Element.rebuild (package:flutter/src/widgets/framework.dart:5529:7)
#590    ComponentElement._firstBuild (package:flutter/src/widgets/framework.dart:5799:5)
#591    StatefulElement._firstBuild (package:flutter/src/widgets/framework.dart:5973:11)
#592    ComponentElement.mount (package:flutter/src/widgets/framework.dart:5793:5)
#593    Element.inflateWidget (package:flutter/src/widgets/framework.dart:4587:20)
#594    Element.updateChild (package:flutter/src/widgets/framework.dart:4059:18)
#595    SingleChildRenderObjectElement.mount (package:flutter/src/widgets/framework.dart:7115:14)
#596    Element.inflateWidget (package:flutter/src/widgets/framework.dart:4587:20)
#597    Element.updateChild (package:flutter/src/widgets/framework.dart:4059:18)
#598    ComponentElement.performRebuild (package:flutter/src/widgets/framework.dart:5841:16)
#599    StatefulElement.performRebuild (package:flutter/src/widgets/framework.dart:5982:11)
#600    Element.rebuild (package:flutter/src/widgets/framework.dart:5529:7)
#601    ComponentElement._firstBuild (package:flutter/src/widgets/framework.dart:5799:5)
#602    StatefulElement._firstBuild (package:flutter/src/widgets/framework.dart:5973:11)
#603    ComponentElement.mount (package:flutter/src/widgets/framework.dart:5793:5)
#604    Element.inflateWidget (package:flutter/src/widgets/framework.dart:4587:20)
#605    Element.updateChild (package:flutter/src/widgets/framework.dart:4059:18)
#606    ComponentElement.performRebuild (package:flutter/src/widgets/framework.dart:5841:16)
#607    Element.rebuild (package:flutter/src/widgets/framework.dart:5529:7)
#608    ComponentElement._firstBuild (package:flutter/src/widgets/framework.dart:5799:5)
#609    ComponentElement.mount (package:flutter/src/widgets/framework.dart:5793:5)
#610    Element.inflateWidget (package:flutter/src/widgets/framework.dart:4587:20)
#611    Element.updateChild (package:flutter/src/widgets/framework.dart:4059:18)
#612    SingleChildRenderObjectElement.mount (package:flutter/src/widgets/framework.dart:7115:14)
#613    Element.inflateWidget (package:flutter/src/widgets/framework.dart:4587:20)
#614    Element.updateChild (package:flutter/src/widgets/framework.dart:4059:18)
#615    ComponentElement.performRebuild (package:flutter/src/widgets/framework.dart:5841:16)
#616    Element.rebuild (package:flutter/src/widgets/framework.dart:5529:7)
#617    ComponentElement._firstBuild (package:flutter/src/widgets/framework.dart:5799:5)
#618    ComponentElement.mount (package:flutter/src/widgets/framework.dart:5793:5)
#619    Element.inflateWidget (package:flutter/src/widgets/framework.dart:4587:20)
#620    Element.updateChild (package:flutter/src/widgets/framework.dart:4059:18)
#621    ComponentElement.performRebuild (package:flutter/src/widgets/framework.dart:5841:16)
#622    StatefulElement.performRebuild (package:flutter/src/widgets/framework.dart:5982:11)
#623    Element.rebuild (package:flutter/src/widgets/framework.dart:5529:7)
#624    ComponentElement._firstBuild (package:flutter/src/widgets/framework.dart:5799:5)
#625    StatefulElement._firstBuild (package:flutter/src/widgets/framework.dart:5973:11)
#626    ComponentElement.mount (package:flutter/src/widgets/framework.dart:5793:5)
#627    Element.inflateWidget (package:flutter/src/widgets/framework.dart:4587:20)
#628    Element.updateChild (package:flutter/src/widgets/framework.dart:4059:18)
#629    ComponentElement.performRebuild (package:flutter/src/widgets/framework.dart:5841:16)
#630    StatefulElement.performRebuild (package:flutter/src/widgets/framework.dart:5982:11)
#631    Element.rebuild (package:flutter/src/widgets/framework.dart:5529:7)
#632    ComponentElement._firstBuild (package:flutter/src/widgets/framework.dart:5799:5)
#633    StatefulElement._firstBuild (package:flutter/src/widgets/framework.dart:5973:11)
#634    ComponentElement.mount (package:flutter/src/widgets/framework.dart:5793:5)
#635    Element.inflateWidget (package:flutter/src/widgets/framework.dart:4587:20)
#636    Element.updateChild (package:flutter/src/widgets/framework.dart:4059:18)
#637    ComponentElement.performRebuild (package:flutter/src/widgets/framework.dart:5841:16)
#638    Element.rebuild (package:flutter/src/widgets/framework.dart:5529:7)
#639    ComponentElement._firstBuild (package:flutter/src/widgets/framework.dart:5799:5)
#640    ComponentElement.mount (package:flutter/src/widgets/framework.dart:5793:5)
#641    Element.inflateWidget (package:flutter/src/widgets/framework.dart:4587:20)
#642    Element.updateChild (package:flutter/src/widgets/framework.dart:4059:18)
#643    ComponentElement.performRebuild (package:flutter/src/widgets/framework.dart:5841:16)
#644    Element.rebuild (package:flutter/src/widgets/framework.dart:5529:7)
#645    ComponentElement._firstBuild (package:flutter/src/widgets/framework.dart:5799:5)
#646    ComponentElement.mount (package:flutter/src/widgets/framework.dart:5793:5)
#647    Element.inflateWidget (package:flutter/src/widgets/framework.dart:4587:20)
#648    Element.updateChild (package:flutter/src/widgets/framework.dart:4059:18)
#649    SingleChildRenderObjectElement.mount (package:flutter/src/widgets/framework.dart:7115:14)
#650    Element.inflateWidget (package:flutter/src/widgets/framework.dart:4587:20)
#651    Element.updateChild (package:flutter/src/widgets/framework.dart:4059:18)
#652    ComponentElement.performRebuild (package:flutter/src/widgets/framework.dart:5841:16)
#653    StatefulElement.performRebuild (package:flutter/src/widgets/framework.dart:5982:11)
#654    Element.rebuild (package:flutter/src/widgets/framework.dart:5529:7)
#655    ComponentElement._firstBuild (package:flutter/src/widgets/framework.dart:5799:5)
#656    StatefulElement._firstBuild (package:flutter/src/widgets/framework.dart:5973:11)
#657    ComponentElement.mount (package:flutter/src/widgets/framework.dart:5793:5)
#658    Element.inflateWidget (package:flutter/src/widgets/framework.dart:4587:20)
#659    Element.updateChild (package:flutter/src/widgets/framework.dart:4059:18)
#660    ComponentElement.performRebuild (package:flutter/src/widgets/framework.dart:5841:16)
#661    StatefulElement.performRebuild (package:flutter/src/widgets/framework.dart:5982:11)
#662    Element.rebuild (package:flutter/src/widgets/framework.dart:5529:7)
#663    ComponentElement._firstBuild (package:flutter/src/widgets/framework.dart:5799:5)
#664    StatefulElement._firstBuild (package:flutter/src/widgets/framework.dart:5973:11)
#665    ComponentElement.mount (package:flutter/src/widgets/framework.dart:5793:5)
#666    Element.inflateWidget (package:flutter/src/widgets/framework.dart:4587:20)
#667    Element.updateChild (package:flutter/src/widgets/framework.dart:4059:18)
#668    SingleChildRenderObjectElement.mount (package:flutter/src/widgets/framework.dart:7115:14)
#669    Element.inflateWidget (package:flutter/src/widgets/framework.dart:4587:20)
#670    Element.updateChild (package:flutter/src/widgets/framework.dart:4059:18)
#671    ComponentElement.performRebuild (package:flutter/src/widgets/framework.dart:5841:16)
#672    Element.rebuild (package:flutter/src/widgets/framework.dart:5529:7)
#673    ComponentElement._firstBuild (package:flutter/src/widgets/framework.dart:5799:5)
#674    ComponentElement.mount (package:flutter/src/widgets/framework.dart:5793:5)
#675    Element.inflateWidget (package:flutter/src/widgets/framework.dart:4587:20)
#676    Element.updateChild (package:flutter/src/widgets/framework.dart:4059:18)
#677    ComponentElement.performRebuild (package:flutter/src/widgets/framework.dart:5841:16)
#678    StatefulElement.performRebuild (package:flutter/src/widgets/framework.dart:5982:11)
#679    Element.rebuild (package:flutter/src/widgets/framework.dart:5529:7)
#680    ComponentElement._firstBuild (package:flutter/src/widgets/framework.dart:5799:5)
#681    StatefulElement._firstBuild (package:flutter/src/widgets/framework.dart:5973:11)
#682    ComponentElement.mount (package:flutter/src/widgets/framework.dart:5793:5)
#683    Element.inflateWidget (package:flutter/src/widgets/framework.dart:4587:20)
#684    Element.updateChild (package:flutter/src/widgets/framework.dart:4059:18)
#685    ComponentElement.performRebuild (package:flutter/src/widgets/framework.dart:5841:16)
#686    StatefulElement.performRebuild (package:flutter/src/widgets/framework.dart:5982:11)
#687    Element.rebuild (package:flutter/src/widgets/framework.dart:5529:7)
#688    ComponentElement._firstBuild (package:flutter/src/widgets/framework.dart:5799:5)
#689    StatefulElement._firstBuild (package:flutter/src/widgets/framework.dart:5973:11)
#690    ComponentElement.mount (package:flutter/src/widgets/framework.dart:5793:5)
#691    Element.inflateWidget (package:flutter/src/widgets/framework.dart:4587:20)
#692    Element.updateChild (package:flutter/src/widgets/framework.dart:4059:18)
#693    ComponentElement.performRebuild (package:flutter/src/widgets/framework.dart:5841:16)
#694    Element.rebuild (package:flutter/src/widgets/framework.dart:5529:7)
#695    ComponentElement._firstBuild (package:flutter/src/widgets/framework.dart:5799:5)
#696    ComponentElement.mount (package:flutter/src/widgets/framework.dart:5793:5)
#697    Element.inflateWidget (package:flutter/src/widgets/framework.dart:4587:20)
#698    Element.updateChild (package:flutter/src/widgets/framework.dart:4059:18)
#699    ComponentElement.performRebuild (package:flutter/src/widgets/framework.dart:5841:16)
#700    StatefulElement.performRebuild (package:flutter/src/widgets/framework.dart:5982:11)
#701    Element.rebuild (package:flutter/src/widgets/framework.dart:5529:7)
#702    ComponentElement._firstBuild (package:flutter/src/widgets/framework.dart:5799:5)
#703    StatefulElement._firstBuild (package:flutter/src/widgets/framework.dart:5973:11)
#704    ComponentElement.mount (package:flutter/src/widgets/framework.dart:5793:5)
#705    Element.inflateWidget (package:flutter/src/widgets/framework.dart:4587:20)
#706    Element.updateChild (package:flutter/src/widgets/framework.dart:4059:18)
#707    SingleChildRenderObjectElement.mount (package:flutter/src/widgets/framework.dart:7115:14)
#708    Element.inflateWidget (package:flutter/src/widgets/framework.dart:4587:20)
#709    Element.updateChild (package:flutter/src/widgets/framework.dart:4059:18)
#710    ComponentElement.performRebuild (package:flutter/src/widgets/framework.dart:5841:16)
#711    Element.rebuild (package:flutter/src/widgets/framework.dart:5529:7)
#712    ComponentElement._firstBuild (package:flutter/src/widgets/framework.dart:5799:5)
#713    ComponentElement.mount (package:flutter/src/widgets/framework.dart:5793:5)
#714    Element.inflateWidget (package:flutter/src/widgets/framework.dart:4587:20)
#715    Element.updateChild (package:flutter/src/widgets/framework.dart:4059:18)
#716    ComponentElement.performRebuild (package:flutter/src/widgets/framework.dart:5841:16)
#717    StatefulElement.performRebuild (package:flutter/src/widgets/framework.dart:5982:11)
#718    Element.rebuild (package:flutter/src/widgets/framework.dart:5529:7)
#719    ComponentElement._firstBuild (package:flutter/src/widgets/framework.dart:5799:5)
#720    StatefulElement._firstBuild (package:flutter/src/widgets/framework.dart:5973:11)
#721    ComponentElement.mount (package:flutter/src/widgets/framework.dart:5793:5)
#722    Element.inflateWidget (package:flutter/src/widgets/framework.dart:4587:20)
#723    Element.updateChild (package:flutter/src/widgets/framework.dart:4059:18)
#724    ComponentElement.performRebuild (package:flutter/src/widgets/framework.dart:5841:16)
#725    StatefulElement.performRebuild (package:flutter/src/widgets/framework.dart:5982:11)
#726    Element.rebuild (package:flutter/src/widgets/framework.dart:5529:7)
#727    ComponentElement._firstBuild (package:flutter/src/widgets/framework.dart:5799:5)
#728    StatefulElement._firstBuild (package:flutter/src/widgets/framework.dart:5973:11)
#729    ComponentElement.mount (package:flutter/src/widgets/framework.dart:5793:5)
#730    Element.inflateWidget (package:flutter/src/widgets/framework.dart:4587:20)
#731    Element.updateChild (package:flutter/src/widgets/framework.dart:4059:18)
#732    ComponentElement.performRebuild (package:flutter/src/widgets/framework.dart:5841:16)
#733    Element.rebuild (package:flutter/src/widgets/framework.dart:5529:7)
#734    ComponentElement._firstBuild (package:flutter/src/widgets/framework.dart:5799:5)
#735    ComponentElement.mount (package:flutter/src/widgets/framework.dart:5793:5)
#736    Element.inflateWidget (package:flutter/src/widgets/framework.dart:4587:20)
#737    Element.updateChild (package:flutter/src/widgets/framework.dart:4059:18)
#738    ComponentElement.performRebuild (package:flutter/src/widgets/framework.dart:5841:16)
#739    StatefulElement.performRebuild (package:flutter/src/widgets/framework.dart:5982:11)
#740    Element.rebuild (package:flutter/src/widgets/framework.dart:5529:7)
#741    ComponentElement._firstBuild (package:flutter/src/widgets/framework.dart:5799:5)
#742    StatefulElement._firstBuild (package:flutter/src/widgets/framework.dart:5973:11)
#743    ComponentElement.mount (package:flutter/src/widgets/framework.dart:5793:5)
#744    Element.inflateWidget (package:flutter/src/widgets/framework.dart:4587:20)
#745    Element.updateChild (package:flutter/src/widgets/framework.dart:4059:18)
#746    SingleChildRenderObjectElement.mount (package:flutter/src/widgets/framework.dart:7115:14)
#747    Element.inflateWidget (package:flutter/src/widgets/framework.dart:4587:20)
#748    Element.updateChild (package:flutter/src/widgets/framework.dart:4059:18)
#749    ComponentElement.performRebuild (package:flutter/src/widgets/framework.dart:5841:16)
#750    Element.rebuild (package:flutter/src/widgets/framework.dart:5529:7)
#751    ComponentElement._firstBuild (package:flutter/src/widgets/framework.dart:5799:5)
#752    ComponentElement.mount (package:flutter/src/widgets/framework.dart:5793:5)
#753    Element.inflateWidget (package:flutter/src/widgets/framework.dart:4587:20)
#754    Element.updateChild (package:flutter/src/widgets/framework.dart:4059:18)
#755    ComponentElement.performRebuild (package:flutter/src/widgets/framework.dart:5841:16)
#756    StatefulElement.performRebuild (package:flutter/src/widgets/framework.dart:5982:11)
#757    Element.rebuild (package:flutter/src/widgets/framework.dart:5529:7)
#758    ComponentElement._firstBuild (package:flutter/src/widgets/framework.dart:5799:5)
#759    StatefulElement._firstBuild (package:flutter/src/widgets/framework.dart:5973:11)
#760    ComponentElement.mount (package:flutter/src/widgets/framework.dart:5793:5)
#761    Element.inflateWidget (package:flutter/src/widgets/framework.dart:4587:20)
#762    Element.updateChild (package:flutter/src/widgets/framework.dart:4059:18)
#763    ComponentElement.performRebuild (package:flutter/src/widgets/framework.dart:5841:16)
#764    StatefulElement.performRebuild (package:flutter/src/widgets/framework.dart:5982:11)
#765    Element.rebuild (package:flutter/src/widgets/framework.dart:5529:7)
#766    ComponentElement._firstBuild (package:flutter/src/widgets/framework.dart:5799:5)
#767    StatefulElement._firstBuild (package:flutter/src/widgets/framework.dart:5973:11)
#768    ComponentElement.mount (package:flutter/src/widgets/framework.dart:5793:5)
#769    Element.inflateWidget (package:flutter/src/widgets/framework.dart:4587:20)
#770    Element.updateChild (package:flutter/src/widgets/framework.dart:4059:18)
#771    ComponentElement.performRebuild (package:flutter/src/widgets/framework.dart:5841:16)
#772    Element.rebuild (package:flutter/src/widgets/framework.dart:5529:7)
#773    ComponentElement._firstBuild (package:flutter/src/widgets/framework.dart:5799:5)
#774    ComponentElement.mount (package:flutter/src/widgets/framework.dart:5793:5)
#775    Element.inflateWidget (package:flutter/src/widgets/framework.dart:4587:20)
#776    Element.updateChild (package:flutter/src/widgets/framework.dart:4059:18)
#777    SingleChildRenderObjectElement.mount (package:flutter/src/widgets/framework.dart:7115:14)
#778    Element.inflateWidget (package:flutter/src/widgets/framework.dart:4587:20)
#779    Element.updateChild (package:flutter/src/widgets/framework.dart:4059:18)
#780    ComponentElement.performRebuild (package:flutter/src/widgets/framework.dart:5841:16)
#781    Element.rebuild (package:flutter/src/widgets/framework.dart:5529:7)
#782    ComponentElement._firstBuild (package:flutter/src/widgets/framework.dart:5799:5)
#783    ComponentElement.mount (package:flutter/src/widgets/framework.dart:5793:5)
#784    Element.inflateWidget (package:flutter/src/widgets/framework.dart:4587:20)
#785    Element.updateChild (package:flutter/src/widgets/framework.dart:4059:18)
#786    ComponentElement.performRebuild (package:flutter/src/widgets/framework.dart:5841:16)
#787    StatefulElement.performRebuild (package:flutter/src/widgets/framework.dart:5982:11)
#788    Element.rebuild (package:flutter/src/widgets/framework.dart:5529:7)
#789    ComponentElement._firstBuild (package:flutter/src/widgets/framework.dart:5799:5)
#790    StatefulElement._firstBuild (package:flutter/src/widgets/framework.dart:5973:11)
#791    ComponentElement.mount (package:flutter/src/widgets/framework.dart:5793:5)
#792    Element.inflateWidget (package:flutter/src/widgets/framework.dart:4587:20)
#793    Element.updateChild (package:flutter/src/widgets/framework.dart:4059:18)
#794    ComponentElement.performRebuild (package:flutter/src/widgets/framework.dart:5841:16)
#795    StatefulElement.performRebuild (package:flutter/src/widgets/framework.dart:5982:11)
#796    Element.rebuild (package:flutter/src/widgets/framework.dart:5529:7)
#797    ComponentElement._firstBuild (package:flutter/src/widgets/framework.dart:5799:5)
#798    StatefulElement._firstBuild (package:flutter/src/widgets/framework.dart:5973:11)
#799    ComponentElement.mount (package:flutter/src/widgets/framework.dart:5793:5)
#800    Element.inflateWidget (package:flutter/src/widgets/framework.dart:4587:20)
#801    Element.updateChild (package:flutter/src/widgets/framework.dart:4059:18)
#802    ComponentElement.performRebuild (package:flutter/src/widgets/framework.dart:5841:16)
#803    Element.rebuild (package:flutter/src/widgets/framework.dart:5529:7)
#804    ComponentElement._firstBuild (package:flutter/src/widgets/framework.dart:5799:5)
#805    ComponentElement.mount (package:flutter/src/widgets/framework.dart:5793:5)
#806    Element.inflateWidget (package:flutter/src/widgets/framework.dart:4587:20)
#807    Element.updateChild (package:flutter/src/widgets/framework.dart:4059:18)
#808    ComponentElement.performRebuild (package:flutter/src/widgets/framework.dart:5841:16)
#809    Element.rebuild (package:flutter/src/widgets/framework.dart:5529:7)
#810    ComponentElement._firstBuild (package:flutter/src/widgets/framework.dart:5799:5)
#811    ComponentElement.mount (package:flutter/src/widgets/framework.dart:5793:5)
#812    Element.inflateWidget (package:flutter/src/widgets/framework.dart:4587:20)
#813    Element.updateChild (package:flutter/src/widgets/framework.dart:4059:18)
#814    ComponentElement.performRebuild (package:flutter/src/widgets/framework.dart:5841:16)
#815    StatefulElement.performRebuild (package:flutter/src/widgets/framework.dart:5982:11)
#816    Element.rebuild (package:flutter/src/widgets/framework.dart:5529:7)
#817    ComponentElement._firstBuild (package:flutter/src/widgets/framework.dart:5799:5)
#818    StatefulElement._firstBuild (package:flutter/src/widgets/framework.dart:5973:11)
#819    ComponentElement.mount (package:flutter/src/widgets/framework.dart:5793:5)
#820    Element.inflateWidget (package:flutter/src/widgets/framework.dart:4587:20)
#821    Element.updateChild (package:flutter/src/widgets/framework.dart:4059:18)
#822    ComponentElement.performRebuild (package:flutter/src/widgets/framework.dart:5841:16)
#823    Element.rebuild (package:flutter/src/widgets/framework.dart:5529:7)
#824    ComponentElement._firstBuild (package:flutter/src/widgets/framework.dart:5799:5)
#825    ComponentElement.mount (package:flutter/src/widgets/framework.dart:5793:5)
#826    Element.inflateWidget (package:flutter/src/widgets/framework.dart:4587:20)
#827    Element.updateChild (package:flutter/src/widgets/framework.dart:4059:18)
#828    ComponentElement.performRebuild (package:flutter/src/widgets/framework.dart:5841:16)
#829    StatefulElement.performRebuild (package:flutter/src/widgets/framework.dart:5982:11)
#830    Element.rebuild (package:flutter/src/widgets/framework.dart:5529:7)
#831    ComponentElement._firstBuild (package:flutter/src/widgets/framework.dart:5799:5)
#832    StatefulElement._firstBuild (package:flutter/src/widgets/framework.dart:5973:11)
#833    ComponentElement.mount (package:flutter/src/widgets/framework.dart:5793:5)
#834    Element.inflateWidget (package:flutter/src/widgets/framework.dart:4587:20)
#835    Element.updateChild (package:flutter/src/widgets/framework.dart:4059:18)
#836    ComponentElement.performRebuild (package:flutter/src/widgets/framework.dart:5841:16)
#837    Element.rebuild (package:flutter/src/widgets/framework.dart:5529:7)
#838    ComponentElement._firstBuild (package:flutter/src/widgets/framework.dart:5799:5)
#839    ComponentElement.mount (package:flutter/src/widgets/framework.dart:5793:5)
#840    Element.inflateWidget (package:flutter/src/widgets/framework.dart:4587:20)
#841    Element.updateChild (package:flutter/src/widgets/framework.dart:4059:18)
#842    ComponentElement.performRebuild (package:flutter/src/widgets/framework.dart:5841:16)
#843    StatefulElement.performRebuild (package:flutter/src/widgets/framework.dart:5982:11)
#844    Element.rebuild (package:flutter/src/widgets/framework.dart:5529:7)
#845    ComponentElement._firstBuild (package:flutter/src/widgets/framework.dart:5799:5)
#846    StatefulElement._firstBuild (package:flutter/src/widgets/framework.dart:5973:11)
#847    ComponentElement.mount (package:flutter/src/widgets/framework.dart:5793:5)
#848    Element.inflateWidget (package:flutter/src/widgets/framework.dart:4587:20)
#849    Element.updateChild (package:flutter/src/widgets/framework.dart:4059:18)
#850    ComponentElement.performRebuild (package:flutter/src/widgets/framework.dart:5841:16)
#851    StatefulElement.performRebuild (package:flutter/src/widgets/framework.dart:5982:11)
#852    Element.rebuild (package:flutter/src/widgets/framework.dart:5529:7)
#853    ComponentElement._firstBuild (package:flutter/src/widgets/framework.dart:5799:5)
#854    StatefulElement._firstBuild (package:flutter/src/widgets/framework.dart:5973:11)
#855    ComponentElement.mount (package:flutter/src/widgets/framework.dart:5793:5)
#856    Element.inflateWidget (package:flutter/src/widgets/framework.dart:4587:20)
#857    Element.updateChild (package:flutter/src/widgets/framework.dart:4059:18)
#858    ComponentElement.performRebuild (package:flutter/src/widgets/framework.dart:5841:16)
#859    Element.rebuild (package:flutter/src/widgets/framework.dart:5529:7)
#860    ComponentElement._firstBuild (package:flutter/src/widgets/framework.dart:5799:5)
#861    ComponentElement.mount (package:flutter/src/widgets/framework.dart:5793:5)
#862    Element.inflateWidget (package:flutter/src/widgets/framework.dart:4587:20)
#863    Element.updateChild (package:flutter/src/widgets/framework.dart:4059:18)
#864    ComponentElement.performRebuild (package:flutter/src/widgets/framework.dart:5841:16)
#865    Element.rebuild (package:flutter/src/widgets/framework.dart:5529:7)
#866    ComponentElement._firstBuild (package:flutter/src/widgets/framework.dart:5799:5)
#867    ComponentElement.mount (package:flutter/src/widgets/framework.dart:5793:5)
#868    Element.inflateWidget (package:flutter/src/widgets/framework.dart:4587:20)
#869    Element.updateChild (package:flutter/src/widgets/framework.dart:4059:18)
#870    ComponentElement.performRebuild (package:flutter/src/widgets/framework.dart:5841:16)
#871    StatefulElement.performRebuild (package:flutter/src/widgets/framework.dart:5982:11)
#872    Element.rebuild (package:flutter/src/widgets/framework.dart:5529:7)
#873    ComponentElement._firstBuild (package:flutter/src/widgets/framework.dart:5799:5)
#874    StatefulElement._firstBuild (package:flutter/src/widgets/framework.dart:5973:11)
#875    ComponentElement.mount (package:flutter/src/widgets/framework.dart:5793:5)
#876    Element.inflateWidget (package:flutter/src/widgets/framework.dart:4587:20)
#877    Element.updateChild (package:flutter/src/widgets/framework.dart:4059:18)
#878    ComponentElement.performRebuild (package:flutter/src/widgets/framework.dart:5841:16)
#879    Element.rebuild (package:flutter/src/widgets/framework.dart:5529:7)
#880    ComponentElement._firstBuild (package:flutter/src/widgets/framework.dart:5799:5)
#881    ComponentElement.mount (package:flutter/src/widgets/framework.dart:5793:5)
#882    Element.inflateWidget (package:flutter/src/widgets/framework.dart:4587:20)
#883    Element.updateChild (package:flutter/src/widgets/framework.dart:4059:18)
#884    ComponentElement.performRebuild (package:flutter/src/widgets/framework.dart:5841:16)
#885    StatefulElement.performRebuild (package:flutter/src/widgets/framework.dart:5982:11)
#886    Element.rebuild (package:flutter/src/widgets/framework.dart:5529:7)
#887    ComponentElement._firstBuild (package:flutter/src/widgets/framework.dart:5799:5)
#888    StatefulElement._firstBuild (package:flutter/src/widgets/framework.dart:5973:11)
#889    ComponentElement.mount (package:flutter/src/widgets/framework.dart:5793:5)
#890    Element.inflateWidget (package:flutter/src/widgets/framework.dart:4587:20)
#891    Element.updateChild (package:flutter/src/widgets/framework.dart:4059:18)
#892    ComponentElement.performRebuild (package:flutter/src/widgets/framework.dart:5841:16)
#893    StatefulElement.performRebuild (package:flutter/src/widgets/framework.dart:5982:11)
#894    Element.rebuild (package:flutter/src/widgets/framework.dart:5529:7)
#895    ComponentElement._firstBuild (package:flutter/src/widgets/framework.dart:5799:5)
#896    StatefulElement._firstBuild (package:flutter/src/widgets/framework.dart:5973:11)
#897    ComponentElement.mount (package:flutter/src/widgets/framework.dart:5793:5)
#898    Element.inflateWidget (package:flutter/src/widgets/framework.dart:4587:20)
#899    Element.updateChild (package:flutter/src/widgets/framework.dart:4053:20)
#900    ComponentElement.performRebuild (package:flutter/src/widgets/framework.dart:5841:16)
#901    Element.rebuild (package:flutter/src/widgets/framework.dart:5529:7)
#902    ProxyElement.update (package:flutter/src/widgets/framework.dart:6149:5)
#903    _InheritedNotifierElement.update (package:flutter/src/widgets/inherited_notifier.dart:108:11)
#904    Element.updateChild (package:flutter/src/widgets/framework.dart:4037:15)
#905    ComponentElement.performRebuild (package:flutter/src/widgets/framework.dart:5841:16)
#906    StatefulElement.performRebuild (package:flutter/src/widgets/framework.dart:5982:11)
#907    Element.rebuild (package:flutter/src/widgets/framework.dart:5529:7)
#908    StatefulElement.update (package:flutter/src/widgets/framework.dart:6007:5)
#909    Element.updateChild (package:flutter/src/widgets/framework.dart:4037:15)
#910    ComponentElement.performRebuild (package:flutter/src/widgets/framework.dart:5841:16)
#911    Element.rebuild (package:flutter/src/widgets/framework.dart:5529:7)
#912    ProxyElement.update (package:flutter/src/widgets/framework.dart:6149:5)
#913    _InheritedNotifierElement.update (package:flutter/src/widgets/inherited_notifier.dart:108:11)
#914    Element.updateChild (package:flutter/src/widgets/framework.dart:4037:15)
#915    ComponentElement.performRebuild (package:flutter/src/widgets/framework.dart:5841:16)
#916    StatefulElement.performRebuild (package:flutter/src/widgets/framework.dart:5982:11)
#917    Element.rebuild (package:flutter/src/widgets/framework.dart:5529:7)
#918    StatefulElement.update (package:flutter/src/widgets/framework.dart:6007:5)
#919    Element.updateChild (package:flutter/src/widgets/framework.dart:4037:15)
#920    ComponentElement.performRebuild (package:flutter/src/widgets/framework.dart:5841:16)
#921    StatefulElement.performRebuild (package:flutter/src/widgets/framework.dart:5982:11)
#922    Element.rebuild (package:flutter/src/widgets/framework.dart:5529:7)
#923    StatefulElement.update (package:flutter/src/widgets/framework.dart:6007:5)
#924    Element.updateChild (package:flutter/src/widgets/framework.dart:4037:15)
#925    ComponentElement.performRebuild (package:flutter/src/widgets/framework.dart:5841:16)
#926    Element.rebuild (package:flutter/src/widgets/framework.dart:5529:7)
#927    ProxyElement.update (package:flutter/src/widgets/framework.dart:6149:5)
#928    Element.updateChild (package:flutter/src/widgets/framework.dart:4037:15)
#929    ComponentElement.performRebuild (package:flutter/src/widgets/framework.dart:5841:16)
#930    StatefulElement.performRebuild (package:flutter/src/widgets/framework.dart:5982:11)
#931    Element.rebuild (package:flutter/src/widgets/framework.dart:5529:7)
#932    StatefulElement.update (package:flutter/src/widgets/framework.dart:6007:5)
#933    Element.updateChild (package:flutter/src/widgets/framework.dart:4037:15)
#934    ComponentElement.performRebuild (package:flutter/src/widgets/framework.dart:5841:16)
#935    Element.rebuild (package:flutter/src/widgets/framework.dart:5529:7)
#936    ProxyElement.update (package:flutter/src/widgets/framework.dart:6149:5)
#937    Element.updateChild (package:flutter/src/widgets/framework.dart:4037:15)
#938    ComponentElement.performRebuild (package:flutter/src/widgets/framework.dart:5841:16)
#939    Element.rebuild (package:flutter/src/widgets/framework.dart:5529:7)
#940    ProxyElement.update (package:flutter/src/widgets/framework.dart:6149:5)
#941    Element.updateChild (package:flutter/src/widgets/framework.dart:4037:15)
#942    _RawViewElement._updateChild (package:flutter/src/widgets/view.dart:481:16)
#943    _RawViewElement.update (package:flutter/src/widgets/view.dart:568:5)
#944    Element.updateChild (package:flutter/src/widgets/framework.dart:4037:15)
#945    ComponentElement.performRebuild (package:flutter/src/widgets/framework.dart:5841:16)
#946    Element.rebuild (package:flutter/src/widgets/framework.dart:5529:7)
#947    StatelessElement.update (package:flutter/src/widgets/framework.dart:5895:5)
#948    Element.updateChild (package:flutter/src/widgets/framework.dart:4037:15)
#949    ComponentElement.performRebuild (package:flutter/src/widgets/framework.dart:5841:16)
#950    StatefulElement.performRebuild (package:flutter/src/widgets/framework.dart:5982:11)
#951    Element.rebuild (package:flutter/src/widgets/framework.dart:5529:7)
#952    StatefulElement.update (package:flutter/src/widgets/framework.dart:6007:5)
#953    Element.updateChild (package:flutter/src/widgets/framework.dart:4037:15)
#954    RootElement._rebuild (package:flutter/src/widgets/binding.dart:2091:16)
#955    RootElement.update (package:flutter/src/widgets/binding.dart:2069:5)
#956    RootElement.performRebuild (package:flutter/src/widgets/binding.dart:2083:7)
#957    Element.rebuild (package:flutter/src/widgets/framework.dart:5529:7)
#958    BuildScope._tryRebuild (package:flutter/src/widgets/framework.dart:2750:15)
#959    BuildScope._flushDirtyElements (package:flutter/src/widgets/framework.dart:2807:11)
#960    BuildOwner.buildScope (package:flutter/src/widgets/framework.dart:3111:18)
#961    AutomatedTestWidgetsFlutterBinding.drawFrame (package:flutter_test/src/binding.dart:2431:19)
#962    RendererBinding._handlePersistentFrameCallback (package:flutter/src/rendering/binding.dart:509:5)
#963    SchedulerBinding._invokeFrameCallback (package:flutter/src/scheduler/binding.dart:1430:15)
#964    SchedulerBinding.handleDrawFrame (package:flutter/src/scheduler/binding.dart:1345:9)
#965    AutomatedTestWidgetsFlutterBinding.pump.<anonymous closure> (package:flutter_test/src/binding.dart:2260:9)
#966    _rootRun (dart:async/zone_root.dart:35:13)
#967    _CustomZone.run (dart:async/zone.dart:726:19)
#968    TestAsyncUtils.guard (package:flutter_test/src/test_async_utils.dart:74:41)
#969    AutomatedTestWidgetsFlutterBinding.pump (package:flutter_test/src/binding.dart:2249:27)
#970    WidgetTester.pumpWidget.<anonymous closure> (package:flutter_test/src/widget_tester.dart:598:22)
#971    _rootRun (dart:async/zone_root.dart:35:13)
#972    _CustomZone.run (dart:async/zone.dart:726:19)
#973    TestAsyncUtils.guard (package:flutter_test/src/test_async_utils.dart:74:41)
#974    WidgetTester.pumpWidget (package:flutter_test/src/widget_tester.dart:595:27)
#975    main.<anonymous closure> (file:///C:/Users/andrvoicu/Desktop/repos/collectarr-app/test/features/library/add/library_add_dialog_test.dart:948:18)
#976    testWidgets.<anonymous closure>.<anonymous closure> (package:flutter_test/src/widget_tester.dart:192:29)
<asynchronous suspension>
#977    TestWidgetsFlutterBinding._runTestBody (package:flutter_test/src/binding.dart:1952:5)
<asynchronous suspension>
#978    StackZoneSpecification._registerCallback.<anonymous closure> (package:stack_trace/src/stack_zone_specification.dart:114:42)
<asynchronous suspension>
This warning will only appear on debug builds.
00:13 +271 -4: C:/Users/andrvoicu/Desktop/repos/collectarr-app/test/features/library/detail/library_detail_kinds_test.dart: comic detail page renders comic-specific fields (issue number, publisher)
00:13 +272 -4: C:/Users/andrvoicu/Desktop/repos/collectarr-app/test/features/library/detail/library_detail_page_test.dart: detail page shows copy selector when multiple copies exist
00:13 +273 -4: C:/Users/andrvoicu/Desktop/repos/collectarr-app/test/features/library/detail/library_detail_page_test.dart: detail page shows copy selector when multiple copies exist
00:13 +274 -4: C:/Users/andrvoicu/Desktop/repos/collectarr-app/test/features/library/detail/library_detail_page_test.dart: detail page shows copy selector when multiple copies exist
00:13 +275 -4: C:/Users/andrvoicu/Desktop/repos/collectarr-app/test/features/library/detail/library_detail_page_test.dart: detail page shows copy selector when multiple copies exist
00:13 +276 -4: C:/Users/andrvoicu/Desktop/repos/collectarr-app/test/features/library/detail/library_detail_page_test.dart: detail page shows copy selector when multiple copies exist
00:13 +277 -4: C:/Users/andrvoicu/Desktop/repos/collectarr-app/test/features/library/detail/library_detail_page_test.dart: detail page shows copy selector when multiple copies exist
00:13 +278 -4: C:/Users/andrvoicu/Desktop/repos/collectarr-app/test/features/library/detail/video_detail_page_test.dart: double tap on a video card opens the release browser
00:13 +279 -4: C:/Users/andrvoicu/Desktop/repos/collectarr-app/test/features/library/detail/video_detail_page_test.dart: double tap on a video card opens the release browser
00:14 +280 -4: C:/Users/andrvoicu/Desktop/repos/collectarr-app/test/features/library/detail/video_detail_page_test.dart: double tap on a video card opens the release browser
00:14 +281 -4: C:/Users/andrvoicu/Desktop/repos/collectarr-app/test/features/library/detail/video_season_tracking_section_test.dart: video detail stores granular episode tracking locally
00:14 +282 -4: C:/Users/andrvoicu/Desktop/repos/collectarr-app/test/features/library/detail/video_season_tracking_section_test.dart: video detail stores granular episode tracking locally
00:14 +282 -4: C:/Users/andrvoicu/Desktop/repos/collectarr-app/test/features/library/detail/video_detail_page_test.dart: release browser shows remove wishlist for the selected release
WARNING (drift): It looks like you've created the database class LocalDatabase multiple times. When these two databases use the same QueryExecutor, race conditions will occur and might corrupt the database. 
Try to follow the advice at https://drift.simonbinder.eu/faq/#using-the-database or, if you know what you're doing, set driftRuntimeOptions.dontWarnAboutMultipleDatabases = true
Here is the stacktrace from when the database was opened a second time:
#0      GeneratedDatabase._handleInstantiated (package:drift/src/runtime/api/db_base.dart:96:30)
#1      GeneratedDatabase._whenConstructed (package:drift/src/runtime/api/db_base.dart:73:12)
#2      new GeneratedDatabase (package:drift/src/runtime/api/db_base.dart:64:5)
#3      new _$LocalDatabase (package:collectarr_app/core/db/local_database.g.dart:12351:38)
#4      new LocalDatabase (package:collectarr_app/core/db/local_database.dart:387:9)
#5      localDatabaseProvider.<anonymous closure> (package:collectarr_app/state/local_database_provider.dart:5:14)
#6      Provider.create (package:riverpod/src/providers/provider.dart:59:36)
#7      $ProviderElement.create (package:riverpod/src/providers/provider.dart:343:32)
#8      ProviderElement.buildState (package:riverpod/src/core/element.dart:684:28)
#9      ProviderElement.mount (package:riverpod/src/core/element.dart:537:7)
#10     ProviderElement.flush (package:riverpod/src/core/element.dart:640:7)
#11     $ProviderBaseImpl._addListener (package:riverpod/src/core/provider/provider.dart:119:24)
#12     ProviderContainer.listen (package:riverpod/src/core/provider_container.dart:960:26)
#13     ConsumerStatefulElement.watch.<anonymous closure> (package:flutter_riverpod/src/core/consumer.dart:475:37)
#14     _LinkedHashMapMixin.putIfAbsent (dart:_compact_hash:682:23)
#15     ConsumerStatefulElement.watch (package:flutter_riverpod/src/core/consumer.dart:468:14)
#16     LibraryDetailHero.build.<anonymous closure>.<anonymous closure> (package:collectarr_app/features/library/detail/library_detail_hero.dart:65:32)
#17     Consumer.build (package:flutter_riverpod/src/core/consumer.dart:182:19)
#18     _ConsumerState.build (package:flutter_riverpod/src/core/consumer.dart:283:48)
#19     StatefulElement.build (package:flutter/src/widgets/framework.dart:5931:27)
#20     ConsumerStatefulElement.build (package:flutter_riverpod/src/core/consumer.dart:445:20)
#21     ComponentElement.performRebuild (package:flutter/src/widgets/framework.dart:5817:15)
#22     StatefulElement.performRebuild (package:flutter/src/widgets/framework.dart:5982:11)
#23     Element.rebuild (package:flutter/src/widgets/framework.dart:5529:7)
#24     ComponentElement._firstBuild (package:flutter/src/widgets/framework.dart:5799:5)
#25     StatefulElement._firstBuild (package:flutter/src/widgets/framework.dart:5973:11)
#26     ComponentElement.mount (package:flutter/src/widgets/framework.dart:5793:5)
#27     Element.inflateWidget (package:flutter/src/widgets/framework.dart:4587:20)
#28     MultiChildRenderObjectElement.inflateWidget (package:flutter/src/widgets/framework.dart:7264:36)
#29     MultiChildRenderObjectElement.mount (package:flutter/src/widgets/framework.dart:7279:32)
#30     Element.inflateWidget (package:flutter/src/widgets/framework.dart:4587:20)
#31     Element.updateChild (package:flutter/src/widgets/framework.dart:4059:18)
#32     _LayoutBuilderElement._rebuildWithConstraints.updateChildCallback (package:flutter/src/widgets/layout_builder.dart:247:18)
#33     BuildOwner.buildScope (package:flutter/src/widgets/framework.dart:3101:19)
#34     _LayoutBuilderElement._rebuildWithConstraints (package:flutter/src/widgets/layout_builder.dart:270:12)
#35     RenderAbstractLayoutBuilderMixin.layoutCallback (package:flutter/src/widgets/layout_builder.dart:333:38)
#36     RenderObjectWithLayoutCallbackMixin.runLayoutCallback.<anonymous closure> (package:flutter/src/rendering/object.dart:4302:33)
#37     RenderObject.invokeLayoutCallback.<anonymous closure> (package:flutter/src/rendering/object.dart:3026:17)
#38     PipelineOwner._enableMutationsToDirtySubtrees (package:flutter/src/rendering/object.dart:1223:15)
#39     RenderObject.invokeLayoutCallback (package:flutter/src/rendering/object.dart:3025:14)
#40     RenderObjectWithLayoutCallbackMixin.runLayoutCallback (package:flutter/src/rendering/object.dart:4302:5)
#41     _RenderLayoutBuilder.performLayout (package:flutter/src/widgets/layout_builder.dart:447:5)
#42     RenderObject.layout (package:flutter/src/rendering/object.dart:2907:7)
#43     RenderPadding.performLayout (package:flutter/src/rendering/shifted_box.dart:262:12)
#44     RenderObject.layout (package:flutter/src/rendering/object.dart:2907:7)
#45     RenderProxyBoxMixin.performLayout (package:flutter/src/rendering/proxy_box.dart:118:18)
#46     RenderObject.layout (package:flutter/src/rendering/object.dart:2907:7)
#47     RenderProxyBoxMixin.performLayout (package:flutter/src/rendering/proxy_box.dart:118:18)
#48     RenderObject.layout (package:flutter/src/rendering/object.dart:2907:7)
#49     RenderProxyBoxMixin.performLayout (package:flutter/src/rendering/proxy_box.dart:118:18)
#50     RenderObject.layout (package:flutter/src/rendering/object.dart:2907:7)
#51     RenderSliverList.performLayout (package:flutter/src/rendering/sliver_list.dart:209:28)
#52     RenderObject.layout (package:flutter/src/rendering/object.dart:2907:7)
#53     RenderSliverEdgeInsetsPadding.performLayout (package:flutter/src/rendering/sliver_padding.dart:133:12)
#54     RenderSliverPadding.performLayout (package:flutter/src/rendering/sliver_padding.dart:368:11)
#55     RenderObject.layout (package:flutter/src/rendering/object.dart:2907:7)
#56     RenderViewportBase.layoutChildSequence (package:flutter/src/rendering/viewport.dart:821:13)
#57     RenderViewport._attemptLayout (package:flutter/src/rendering/viewport.dart:1831:12)
#58     RenderViewport.performLayout (package:flutter/src/rendering/viewport.dart:1724:20)
#59     RenderObject.layout (package:flutter/src/rendering/object.dart:2907:7)
#60     RenderProxyBoxMixin.performLayout (package:flutter/src/rendering/proxy_box.dart:118:18)
#61     RenderObject.layout (package:flutter/src/rendering/object.dart:2907:7)
#62     RenderProxyBoxMixin.performLayout (package:flutter/src/rendering/proxy_box.dart:118:18)
#63     RenderObject.layout (package:flutter/src/rendering/object.dart:2907:7)
#64     RenderProxyBoxMixin.performLayout (package:flutter/src/rendering/proxy_box.dart:118:18)
#65     RenderObject.layout (package:flutter/src/rendering/object.dart:2907:7)
#66     RenderProxyBoxMixin.performLayout (package:flutter/src/rendering/proxy_box.dart:118:18)
#67     RenderObject.layout (package:flutter/src/rendering/object.dart:2907:7)
#68     RenderProxyBoxMixin.performLayout (package:flutter/src/rendering/proxy_box.dart:118:18)
#69     RenderObject.layout (package:flutter/src/rendering/object.dart:2907:7)
#70     RenderProxyBoxMixin.performLayout (package:flutter/src/rendering/proxy_box.dart:118:18)
#71     RenderObject.layout (package:flutter/src/rendering/object.dart:2907:7)
#72     RenderProxyBoxMixin.performLayout (package:flutter/src/rendering/proxy_box.dart:118:18)
#73     RenderObject.layout (package:flutter/src/rendering/object.dart:2907:7)
#74     RenderProxyBoxMixin.performLayout (package:flutter/src/rendering/proxy_box.dart:118:18)
#75     _RenderCustomClip.performLayout (package:flutter/src/rendering/proxy_box.dart:1549:11)
#76     RenderObject.layout (package:flutter/src/rendering/object.dart:2907:7)
#77     MultiChildLayoutDelegate.layoutChild (package:flutter/src/rendering/custom_layout.dart:180:12)
#78     _ScaffoldLayout.performLayout (package:flutter/src/material/scaffold.dart:1113:7)
#79     MultiChildLayoutDelegate._callPerformLayout (package:flutter/src/rendering/custom_layout.dart:246:7)
#80     RenderCustomMultiChildLayoutBox.performLayout (package:flutter/src/rendering/custom_layout.dart:417:14)
#81     RenderObject.layout (package:flutter/src/rendering/object.dart:2907:7)
#82     RenderProxyBoxMixin.performLayout (package:flutter/src/rendering/proxy_box.dart:118:18)
#83     RenderObject.layout (package:flutter/src/rendering/object.dart:2907:7)
#84     RenderProxyBoxMixin.performLayout (package:flutter/src/rendering/proxy_box.dart:118:18)
#85     _RenderCustomClip.performLayout (package:flutter/src/rendering/proxy_box.dart:1549:11)
#86     RenderObject.layout (package:flutter/src/rendering/object.dart:2907:7)
#87     RenderProxyBoxMixin.performLayout (package:flutter/src/rendering/proxy_box.dart:118:18)
#88     RenderObject.layout (package:flutter/src/rendering/object.dart:2907:7)
#89     RenderProxyBoxMixin.performLayout (package:flutter/src/rendering/proxy_box.dart:118:18)
#90     RenderObject.layout (package:flutter/src/rendering/object.dart:2907:7)
#91     RenderProxyBoxMixin.performLayout (package:flutter/src/rendering/proxy_box.dart:118:18)
#92     RenderObject.layout (package:flutter/src/rendering/object.dart:2907:7)
#93     RenderProxyBoxMixin.performLayout (package:flutter/src/rendering/proxy_box.dart:118:18)
#94     RenderObject.layout (package:flutter/src/rendering/object.dart:2907:7)
#95     RenderProxyBoxMixin.performLayout (package:flutter/src/rendering/proxy_box.dart:118:18)
#96     RenderObject.layout (package:flutter/src/rendering/object.dart:2907:7)
#97     RenderProxyBoxMixin.performLayout (package:flutter/src/rendering/proxy_box.dart:118:18)
#98     RenderObject.layout (package:flutter/src/rendering/object.dart:2907:7)
#99     RenderProxyBoxMixin.performLayout (package:flutter/src/rendering/proxy_box.dart:118:18)
#100    RenderObject.layout (package:flutter/src/rendering/object.dart:2907:7)
#101    RenderProxyBoxMixin.performLayout (package:flutter/src/rendering/proxy_box.dart:118:18)
#102    RenderObject.layout (package:flutter/src/rendering/object.dart:2907:7)
#103    RenderProxyBoxMixin.performLayout (package:flutter/src/rendering/proxy_box.dart:118:18)
#104    RenderObject.layout (package:flutter/src/rendering/object.dart:2907:7)
#105    RenderProxyBoxMixin.performLayout (package:flutter/src/rendering/proxy_box.dart:118:18)
#106    RenderObject.layout (package:flutter/src/rendering/object.dart:2907:7)
#107    RenderProxyBoxMixin.performLayout (package:flutter/src/rendering/proxy_box.dart:118:18)
#108    RenderObject.layout (package:flutter/src/rendering/object.dart:2907:7)
#109    RenderProxyBoxMixin.performLayout (package:flutter/src/rendering/proxy_box.dart:118:18)
#110    RenderObject.layout (package:flutter/src/rendering/object.dart:2907:7)
#111    RenderProxyBoxMixin.performLayout (package:flutter/src/rendering/proxy_box.dart:118:18)
#112    RenderObject.layout (package:flutter/src/rendering/object.dart:2907:7)
#113    RenderProxyBoxMixin.performLayout (package:flutter/src/rendering/proxy_box.dart:118:18)
#114    RenderObject.layout (package:flutter/src/rendering/object.dart:2907:7)
#115    RenderProxyBoxMixin.performLayout (package:flutter/src/rendering/proxy_box.dart:118:18)
#116    RenderObject.layout (package:flutter/src/rendering/object.dart:2907:7)
#117    RenderOffstage.performLayout (package:flutter/src/rendering/proxy_box.dart:3921:14)
#118    RenderObject.layout (package:flutter/src/rendering/object.dart:2907:7)
#119    RenderProxyBoxMixin.performLayout (package:flutter/src/rendering/proxy_box.dart:118:18)
#120    RenderObject.layout (package:flutter/src/rendering/object.dart:2907:7)
#121    _RenderTheaterMixin.layoutChild (package:flutter/src/widgets/overlay.dart:1124:13)
#122    _RenderTheater.performLayout (package:flutter/src/widgets/overlay.dart:1481:9)
#123    RenderObject._layoutWithoutResize (package:flutter/src/rendering/object.dart:2755:7)
#124    PipelineOwner.flushLayout (package:flutter/src/rendering/object.dart:1174:18)
#125    PipelineOwner.flushLayout (package:flutter/src/rendering/object.dart:1187:15)
#126    AutomatedTestWidgetsFlutterBinding.drawFrame (package:flutter_test/src/binding.dart:2433:27)
#127    RendererBinding._handlePersistentFrameCallback (package:flutter/src/rendering/binding.dart:509:5)
#128    SchedulerBinding._invokeFrameCallback (package:flutter/src/scheduler/binding.dart:1430:15)
#129    SchedulerBinding.handleDrawFrame (package:flutter/src/scheduler/binding.dart:1345:9)
#130    AutomatedTestWidgetsFlutterBinding.pump.<anonymous closure> (package:flutter_test/src/binding.dart:2260:9)
#131    _rootRun (dart:async/zone_root.dart:35:13)
#132    _CustomZone.run (dart:async/zone.dart:726:19)
#133    TestAsyncUtils.guard (package:flutter_test/src/test_async_utils.dart:74:41)
#134    AutomatedTestWidgetsFlutterBinding.pump (package:flutter_test/src/binding.dart:2249:27)
#135    WidgetTester.pump.<anonymous closure> (package:flutter_test/src/widget_tester.dart:652:53)
#136    _rootRun (dart:async/zone_root.dart:35:13)
#137    _CustomZone.run (dart:async/zone.dart:726:19)
#138    TestAsyncUtils.guard (package:flutter_test/src/test_async_utils.dart:74:41)
#139    WidgetTester.pump (package:flutter_test/src/widget_tester.dart:652:27)
#140    pumpUntilSettled (file:///C:/Users/andrvoicu/Desktop/repos/collectarr-app/test/helpers/test_constants.dart:31:18)
#141    main.<anonymous closure> (file:///C:/Users/andrvoicu/Desktop/repos/collectarr-app/test/features/library/detail/video_detail_page_test.dart:235:11)
<asynchronous suspension>
#142    testWidgets.<anonymous closure>.<anonymous closure> (package:flutter_test/src/widget_tester.dart:192:15)
<asynchronous suspension>
#143    TestWidgetsFlutterBinding._runTestBody (package:flutter_test/src/binding.dart:1952:5)
<asynchronous suspension>
#144    StackZoneSpecification._registerCallback.<anonymous closure> (package:stack_trace/src/stack_zone_specification.dart:114:42)
<asynchronous suspension>
This warning will only appear on debug builds.
00:14 +283 -4: C:/Users/andrvoicu/Desktop/repos/collectarr-app/test/features/library/detail/video_season_tracking_section_test.dart: video detail stores granular episode tracking locally
00:14 +284 -4: C:/Users/andrvoicu/Desktop/repos/collectarr-app/test/features/library/detail/video_season_tracking_section_test.dart: video detail stores granular episode tracking locally
00:14 +284 -4: C:/Users/andrvoicu/Desktop/repos/collectarr-app/test/features/library/add/library_add_dialog_test.dart: movie add dialog exposes physical format edition data
WARNING (drift): It looks like you've created the database class LocalDatabase multiple times. When these two databases use the same QueryExecutor, race conditions will occur and might corrupt the database. 
Try to follow the advice at https://drift.simonbinder.eu/faq/#using-the-database or, if you know what you're doing, set driftRuntimeOptions.dontWarnAboutMultipleDatabases = true
Here is the stacktrace from when the database was opened a second time:
#0      GeneratedDatabase._handleInstantiated (package:drift/src/runtime/api/db_base.dart:96:30)
#1      GeneratedDatabase._whenConstructed (package:drift/src/runtime/api/db_base.dart:73:12)
#2      new GeneratedDatabase (package:drift/src/runtime/api/db_base.dart:64:5)
#3      new _$LocalDatabase (package:collectarr_app/core/db/local_database.g.dart:12351:38)
#4      new LocalDatabase (package:collectarr_app/core/db/local_database.dart:387:9)
#5      localDatabaseProvider.<anonymous closure> (package:collectarr_app/state/local_database_provider.dart:5:14)
#6      Provider.create (package:riverpod/src/providers/provider.dart:59:36)
#7      $ProviderElement.create (package:riverpod/src/providers/provider.dart:343:32)
#8      ProviderElement.buildState (package:riverpod/src/core/element.dart:684:28)
#9      ProviderElement.mount (package:riverpod/src/core/element.dart:537:7)
#10     ProviderElement.flush (package:riverpod/src/core/element.dart:640:7)
#11     $ProviderBaseImpl._addListener (package:riverpod/src/core/provider/provider.dart:119:24)
#12     ProviderContainer.listen (package:riverpod/src/core/provider_container.dart:960:26)
#13     ProviderContainer.read (package:riverpod/src/core/provider_container.dart:917:17)
#14     ConsumerStatefulElement.read (package:flutter_riverpod/src/core/consumer.dart:543:59)
#15     _LibraryAddDialogState._loadAvailableLocations (package:collectarr_app/features/library/add/library_add_dialog.dart:2338:38)
#16     _LibraryAddDialogState.initState (package:collectarr_app/features/library/add/library_add_dialog.dart:659:5)
#17     StatefulElement._firstBuild (package:flutter/src/widgets/framework.dart:5950:55)
#18     ComponentElement.mount (package:flutter/src/widgets/framework.dart:5793:5)
#19     Element.inflateWidget (package:flutter/src/widgets/framework.dart:4587:20)
#20     Element.updateChild (package:flutter/src/widgets/framework.dart:4059:18)
#21     ComponentElement.performRebuild (package:flutter/src/widgets/framework.dart:5841:16)
#22     Element.rebuild (package:flutter/src/widgets/framework.dart:5529:7)
#23     ComponentElement._firstBuild (package:flutter/src/widgets/framework.dart:5799:5)
#24     ComponentElement.mount (package:flutter/src/widgets/framework.dart:5793:5)
#25     Element.inflateWidget (package:flutter/src/widgets/framework.dart:4587:20)
#26     Element.updateChild (package:flutter/src/widgets/framework.dart:4059:18)
#27     ComponentElement.performRebuild (package:flutter/src/widgets/framework.dart:5841:16)
#28     Element.rebuild (package:flutter/src/widgets/framework.dart:5529:7)
#29     ComponentElement._firstBuild (package:flutter/src/widgets/framework.dart:5799:5)
#30     ComponentElement.mount (package:flutter/src/widgets/framework.dart:5793:5)
#31     Element.inflateWidget (package:flutter/src/widgets/framework.dart:4587:20)
#32     Element.updateChild (package:flutter/src/widgets/framework.dart:4059:18)
#33     ComponentElement.performRebuild (package:flutter/src/widgets/framework.dart:5841:16)
#34     Element.rebuild (package:flutter/src/widgets/framework.dart:5529:7)
#35     ComponentElement._firstBuild (package:flutter/src/widgets/framework.dart:5799:5)
#36     ComponentElement.mount (package:flutter/src/widgets/framework.dart:5793:5)
#37     Element.inflateWidget (package:flutter/src/widgets/framework.dart:4587:20)
#38     Element.updateChild (package:flutter/src/widgets/framework.dart:4059:18)
#39     ComponentElement.performRebuild (package:flutter/src/widgets/framework.dart:5841:16)
#40     Element.rebuild (package:flutter/src/widgets/framework.dart:5529:7)
#41     ComponentElement._firstBuild (package:flutter/src/widgets/framework.dart:5799:5)
#42     ComponentElement.mount (package:flutter/src/widgets/framework.dart:5793:5)
#43     Element.inflateWidget (package:flutter/src/widgets/framework.dart:4587:20)
#44     MultiChildRenderObjectElement.inflateWidget (package:flutter/src/widgets/framework.dart:7264:36)
#45     MultiChildRenderObjectElement.mount (package:flutter/src/widgets/framework.dart:7279:32)
#46     Element.inflateWidget (package:flutter/src/widgets/framework.dart:4587:20)
#47     Element.updateChild (package:flutter/src/widgets/framework.dart:4059:18)
#48     ComponentElement.performRebuild (package:flutter/src/widgets/framework.dart:5841:16)
#49     Element.rebuild (package:flutter/src/widgets/framework.dart:5529:7)
#50     ComponentElement._firstBuild (package:flutter/src/widgets/framework.dart:5799:5)
#51     ComponentElement.mount (package:flutter/src/widgets/framework.dart:5793:5)
#52     Element.inflateWidget (package:flutter/src/widgets/framework.dart:4587:20)
#53     Element.updateChild (package:flutter/src/widgets/framework.dart:4059:18)
#54     ComponentElement.performRebuild (package:flutter/src/widgets/framework.dart:5841:16)
#55     StatefulElement.performRebuild (package:flutter/src/widgets/framework.dart:5982:11)
#56     Element.rebuild (package:flutter/src/widgets/framework.dart:5529:7)
#57     ComponentElement._firstBuild (package:flutter/src/widgets/framework.dart:5799:5)
#58     StatefulElement._firstBuild (package:flutter/src/widgets/framework.dart:5973:11)
#59     ComponentElement.mount (package:flutter/src/widgets/framework.dart:5793:5)
#60     Element.inflateWidget (package:flutter/src/widgets/framework.dart:4587:20)
#61     Element.updateChild (package:flutter/src/widgets/framework.dart:4059:18)
#62     ComponentElement.performRebuild (package:flutter/src/widgets/framework.dart:5841:16)
#63     Element.rebuild (package:flutter/src/widgets/framework.dart:5529:7)
#64     ComponentElement._firstBuild (package:flutter/src/widgets/framework.dart:5799:5)
#65     ComponentElement.mount (package:flutter/src/widgets/framework.dart:5793:5)
#66     Element.inflateWidget (package:flutter/src/widgets/framework.dart:4587:20)
#67     Element.updateChild (package:flutter/src/widgets/framework.dart:4059:18)
#68     ComponentElement.performRebuild (package:flutter/src/widgets/framework.dart:5841:16)
#69     Element.rebuild (package:flutter/src/widgets/framework.dart:5529:7)
#70     ComponentElement._firstBuild (package:flutter/src/widgets/framework.dart:5799:5)
#71     ComponentElement.mount (package:flutter/src/widgets/framework.dart:5793:5)
#72     Element.inflateWidget (package:flutter/src/widgets/framework.dart:4587:20)
#73     Element.updateChild (package:flutter/src/widgets/framework.dart:4059:18)
#74     ComponentElement.performRebuild (package:flutter/src/widgets/framework.dart:5841:16)
#75     StatefulElement.performRebuild (package:flutter/src/widgets/framework.dart:5982:11)
#76     Element.rebuild (package:flutter/src/widgets/framework.dart:5529:7)
#77     ComponentElement._firstBuild (package:flutter/src/widgets/framework.dart:5799:5)
#78     StatefulElement._firstBuild (package:flutter/src/widgets/framework.dart:5973:11)
#79     ComponentElement.mount (package:flutter/src/widgets/framework.dart:5793:5)
#80     Element.inflateWidget (package:flutter/src/widgets/framework.dart:4587:20)
#81     Element.updateChild (package:flutter/src/widgets/framework.dart:4059:18)
#82     SingleChildRenderObjectElement.mount (package:flutter/src/widgets/framework.dart:7115:14)
#83     Element.inflateWidget (package:flutter/src/widgets/framework.dart:4587:20)
#84     Element.updateChild (package:flutter/src/widgets/framework.dart:4059:18)
#85     ComponentElement.performRebuild (package:flutter/src/widgets/framework.dart:5841:16)
#86     Element.rebuild (package:flutter/src/widgets/framework.dart:5529:7)
#87     ComponentElement._firstBuild (package:flutter/src/widgets/framework.dart:5799:5)
#88     ComponentElement.mount (package:flutter/src/widgets/framework.dart:5793:5)
#89     Element.inflateWidget (package:flutter/src/widgets/framework.dart:4587:20)
#90     Element.updateChild (package:flutter/src/widgets/framework.dart:4059:18)
#91     SingleChildRenderObjectElement.mount (package:flutter/src/widgets/framework.dart:7115:14)
#92     Element.inflateWidget (package:flutter/src/widgets/framework.dart:4587:20)
#93     Element.updateChild (package:flutter/src/widgets/framework.dart:4059:18)
#94     ComponentElement.performRebuild (package:flutter/src/widgets/framework.dart:5841:16)
#95     StatefulElement.performRebuild (package:flutter/src/widgets/framework.dart:5982:11)
#96     Element.rebuild (package:flutter/src/widgets/framework.dart:5529:7)
#97     ComponentElement._firstBuild (package:flutter/src/widgets/framework.dart:5799:5)
#98     StatefulElement._firstBuild (package:flutter/src/widgets/framework.dart:5973:11)
#99     ComponentElement.mount (package:flutter/src/widgets/framework.dart:5793:5)
#100    Element.inflateWidget (package:flutter/src/widgets/framework.dart:4587:20)
#101    Element.updateChild (package:flutter/src/widgets/framework.dart:4059:18)
#102    ComponentElement.performRebuild (package:flutter/src/widgets/framework.dart:5841:16)
#103    StatefulElement.performRebuild (package:flutter/src/widgets/framework.dart:5982:11)
#104    Element.rebuild (package:flutter/src/widgets/framework.dart:5529:7)
#105    ComponentElement._firstBuild (package:flutter/src/widgets/framework.dart:5799:5)
#106    StatefulElement._firstBuild (package:flutter/src/widgets/framework.dart:5973:11)
#107    ComponentElement.mount (package:flutter/src/widgets/framework.dart:5793:5)
#108    Element.inflateWidget (package:flutter/src/widgets/framework.dart:4587:20)
#109    Element.updateChild (package:flutter/src/widgets/framework.dart:4059:18)
#110    ComponentElement.performRebuild (package:flutter/src/widgets/framework.dart:5841:16)
#111    Element.rebuild (package:flutter/src/widgets/framework.dart:5529:7)
#112    ComponentElement._firstBuild (package:flutter/src/widgets/framework.dart:5799:5)
#113    ComponentElement.mount (package:flutter/src/widgets/framework.dart:5793:5)
#114    Element.inflateWidget (package:flutter/src/widgets/framework.dart:4587:20)
#115    Element.updateChild (package:flutter/src/widgets/framework.dart:4059:18)
#116    ComponentElement.performRebuild (package:flutter/src/widgets/framework.dart:5841:16)
#117    Element.rebuild (package:flutter/src/widgets/framework.dart:5529:7)
#118    ComponentElement._firstBuild (package:flutter/src/widgets/framework.dart:5799:5)
#119    ComponentElement.mount (package:flutter/src/widgets/framework.dart:5793:5)
#120    Element.inflateWidget (package:flutter/src/widgets/framework.dart:4587:20)
#121    Element.updateChild (package:flutter/src/widgets/framework.dart:4059:18)
#122    ComponentElement.performRebuild (package:flutter/src/widgets/framework.dart:5841:16)
#123    Element.rebuild (package:flutter/src/widgets/framework.dart:5529:7)
#124    ComponentElement._firstBuild (package:flutter/src/widgets/framework.dart:5799:5)
#125    ComponentElement.mount (package:flutter/src/widgets/framework.dart:5793:5)
#126    Element.inflateWidget (package:flutter/src/widgets/framework.dart:4587:20)
#127    Element.updateChild (package:flutter/src/widgets/framework.dart:4059:18)
#128    ComponentElement.performRebuild (package:flutter/src/widgets/framework.dart:5841:16)
#129    StatefulElement.performRebuild (package:flutter/src/widgets/framework.dart:5982:11)
#130    Element.rebuild (package:flutter/src/widgets/framework.dart:5529:7)
#131    ComponentElement._firstBuild (package:flutter/src/widgets/framework.dart:5799:5)
#132    StatefulElement._firstBuild (package:flutter/src/widgets/framework.dart:5973:11)
#133    ComponentElement.mount (package:flutter/src/widgets/framework.dart:5793:5)
#134    Element.inflateWidget (package:flutter/src/widgets/framework.dart:4587:20)
#135    Element.updateChild (package:flutter/src/widgets/framework.dart:4059:18)
#136    ComponentElement.performRebuild (package:flutter/src/widgets/framework.dart:5841:16)
#137    Element.rebuild (package:flutter/src/widgets/framework.dart:5529:7)
#138    ComponentElement._firstBuild (package:flutter/src/widgets/framework.dart:5799:5)
#139    ComponentElement.mount (package:flutter/src/widgets/framework.dart:5793:5)
#140    Element.inflateWidget (package:flutter/src/widgets/framework.dart:4587:20)
#141    Element.updateChild (package:flutter/src/widgets/framework.dart:4059:18)
#142    ComponentElement.performRebuild (package:flutter/src/widgets/framework.dart:5841:16)
#143    StatefulElement.performRebuild (package:flutter/src/widgets/framework.dart:5982:11)
#144    Element.rebuild (package:flutter/src/widgets/framework.dart:5529:7)
#145    ComponentElement._firstBuild (package:flutter/src/widgets/framework.dart:5799:5)
#146    StatefulElement._firstBuild (package:flutter/src/widgets/framework.dart:5973:11)
#147    ComponentElement.mount (package:flutter/src/widgets/framework.dart:5793:5)
#148    Element.inflateWidget (package:flutter/src/widgets/framework.dart:4587:20)
#149    Element.updateChild (package:flutter/src/widgets/framework.dart:4059:18)
#150    SingleChildRenderObjectElement.mount (package:flutter/src/widgets/framework.dart:7115:14)
#151    Element.inflateWidget (package:flutter/src/widgets/framework.dart:4587:20)
#152    Element.updateChild (package:flutter/src/widgets/framework.dart:4059:18)
#153    ComponentElement.performRebuild (package:flutter/src/widgets/framework.dart:5841:16)
#154    Element.rebuild (package:flutter/src/widgets/framework.dart:5529:7)
#155    ComponentElement._firstBuild (package:flutter/src/widgets/framework.dart:5799:5)
#156    ComponentElement.mount (package:flutter/src/widgets/framework.dart:5793:5)
#157    Element.inflateWidget (package:flutter/src/widgets/framework.dart:4587:20)
#158    Element.updateChild (package:flutter/src/widgets/framework.dart:4059:18)
#159    SingleChildRenderObjectElement.mount (package:flutter/src/widgets/framework.dart:7115:14)
#160    Element.inflateWidget (package:flutter/src/widgets/framework.dart:4587:20)
#161    Element.updateChild (package:flutter/src/widgets/framework.dart:4059:18)
#162    SingleChildRenderObjectElement.mount (package:flutter/src/widgets/framework.dart:7115:14)
#163    Element.inflateWidget (package:flutter/src/widgets/framework.dart:4587:20)
#164    Element.updateChild (package:flutter/src/widgets/framework.dart:4059:18)
#165    ComponentElement.performRebuild (package:flutter/src/widgets/framework.dart:5841:16)
#166    StatefulElement.performRebuild (package:flutter/src/widgets/framework.dart:5982:11)
#167    Element.rebuild (package:flutter/src/widgets/framework.dart:5529:7)
#168    ComponentElement._firstBuild (package:flutter/src/widgets/framework.dart:5799:5)
#169    StatefulElement._firstBuild (package:flutter/src/widgets/framework.dart:5973:11)
#170    ComponentElement.mount (package:flutter/src/widgets/framework.dart:5793:5)
#171    Element.inflateWidget (package:flutter/src/widgets/framework.dart:4587:20)
#172    Element.updateChild (package:flutter/src/widgets/framework.dart:4059:18)
#173    SingleChildRenderObjectElement.mount (package:flutter/src/widgets/framework.dart:7115:14)
#174    Element.inflateWidget (package:flutter/src/widgets/framework.dart:4587:20)
#175    Element.updateChild (package:flutter/src/widgets/framework.dart:4059:18)
#176    ComponentElement.performRebuild (package:flutter/src/widgets/framework.dart:5841:16)
#177    StatefulElement.performRebuild (package:flutter/src/widgets/framework.dart:5982:11)
#178    Element.rebuild (package:flutter/src/widgets/framework.dart:5529:7)
#179    ComponentElement._firstBuild (package:flutter/src/widgets/framework.dart:5799:5)
#180    StatefulElement._firstBuild (package:flutter/src/widgets/framework.dart:5973:11)
#181    ComponentElement.mount (package:flutter/src/widgets/framework.dart:5793:5)
#182    Element.inflateWidget (package:flutter/src/widgets/framework.dart:4587:20)
#183    Element.updateChild (package:flutter/src/widgets/framework.dart:4059:18)
#184    SingleChildRenderObjectElement.mount (package:flutter/src/widgets/framework.dart:7115:14)
#185    Element.inflateWidget (package:flutter/src/widgets/framework.dart:4587:20)
#186    Element.updateChild (package:flutter/src/widgets/framework.dart:4059:18)
#187    SingleChildRenderObjectElement.mount (package:flutter/src/widgets/framework.dart:7115:14)
#188    Element.inflateWidget (package:flutter/src/widgets/framework.dart:4587:20)
#189    Element.updateChild (package:flutter/src/widgets/framework.dart:4059:18)
#190    ComponentElement.performRebuild (package:flutter/src/widgets/framework.dart:5841:16)
#191    StatefulElement.performRebuild (package:flutter/src/widgets/framework.dart:5982:11)
#192    Element.rebuild (package:flutter/src/widgets/framework.dart:5529:7)
#193    ComponentElement._firstBuild (package:flutter/src/widgets/framework.dart:5799:5)
#194    StatefulElement._firstBuild (package:flutter/src/widgets/framework.dart:5973:11)
#195    ComponentElement.mount (package:flutter/src/widgets/framework.dart:5793:5)
#196    Element.inflateWidget (package:flutter/src/widgets/framework.dart:4587:20)
#197    Element.updateChild (package:flutter/src/widgets/framework.dart:4059:18)
#198    SingleChildRenderObjectElement.mount (package:flutter/src/widgets/framework.dart:7115:14)
#199    Element.inflateWidget (package:flutter/src/widgets/framework.dart:4587:20)
#200    Element.updateChild (package:flutter/src/widgets/framework.dart:4059:18)
#201    ComponentElement.performRebuild (package:flutter/src/widgets/framework.dart:5841:16)
#202    StatefulElement.performRebuild (package:flutter/src/widgets/framework.dart:5982:11)
#203    Element.rebuild (package:flutter/src/widgets/framework.dart:5529:7)
#204    ComponentElement._firstBuild (package:flutter/src/widgets/framework.dart:5799:5)
#205    StatefulElement._firstBuild (package:flutter/src/widgets/framework.dart:5973:11)
#206    ComponentElement.mount (package:flutter/src/widgets/framework.dart:5793:5)
#207    Element.inflateWidget (package:flutter/src/widgets/framework.dart:4587:20)
#208    Element.updateChild (package:flutter/src/widgets/framework.dart:4059:18)
#209    SingleChildRenderObjectElement.mount (package:flutter/src/widgets/framework.dart:7115:14)
#210    Element.inflateWidget (package:flutter/src/widgets/framework.dart:4587:20)
#211    Element.updateChild (package:flutter/src/widgets/framework.dart:4059:18)
#212    SingleChildRenderObjectElement.mount (package:flutter/src/widgets/framework.dart:7115:14)
#213    Element.inflateWidget (package:flutter/src/widgets/framework.dart:4587:20)
#214    Element.updateChild (package:flutter/src/widgets/framework.dart:4059:18)
#215    ComponentElement.performRebuild (package:flutter/src/widgets/framework.dart:5841:16)
#216    StatefulElement.performRebuild (package:flutter/src/widgets/framework.dart:5982:11)
#217    Element.rebuild (package:flutter/src/widgets/framework.dart:5529:7)
#218    ComponentElement._firstBuild (package:flutter/src/widgets/framework.dart:5799:5)
#219    StatefulElement._firstBuild (package:flutter/src/widgets/framework.dart:5973:11)
#220    ComponentElement.mount (package:flutter/src/widgets/framework.dart:5793:5)
#221    Element.inflateWidget (package:flutter/src/widgets/framework.dart:4587:20)
#222    Element.updateChild (package:flutter/src/widgets/framework.dart:4059:18)
#223    SingleChildRenderObjectElement.mount (package:flutter/src/widgets/framework.dart:7115:14)
#224    Element.inflateWidget (package:flutter/src/widgets/framework.dart:4587:20)
#225    Element.updateChild (package:flutter/src/widgets/framework.dart:4059:18)
#226    SingleChildRenderObjectElement.mount (package:flutter/src/widgets/framework.dart:7115:14)
#227    Element.inflateWidget (package:flutter/src/widgets/framework.dart:4587:20)
#228    Element.updateChild (package:flutter/src/widgets/framework.dart:4059:18)
#229    SingleChildRenderObjectElement.mount (package:flutter/src/widgets/framework.dart:7115:14)
#230    Element.inflateWidget (package:flutter/src/widgets/framework.dart:4587:20)
#231    Element.updateChild (package:flutter/src/widgets/framework.dart:4059:18)
#232    ComponentElement.performRebuild (package:flutter/src/widgets/framework.dart:5841:16)
#233    StatefulElement.performRebuild (package:flutter/src/widgets/framework.dart:5982:11)
#234    Element.rebuild (package:flutter/src/widgets/framework.dart:5529:7)
#235    ComponentElement._firstBuild (package:flutter/src/widgets/framework.dart:5799:5)
#236    StatefulElement._firstBuild (package:flutter/src/widgets/framework.dart:5973:11)
#237    ComponentElement.mount (package:flutter/src/widgets/framework.dart:5793:5)
#238    Element.inflateWidget (package:flutter/src/widgets/framework.dart:4587:20)
#239    Element.updateChild (package:flutter/src/widgets/framework.dart:4059:18)
#240    SingleChildRenderObjectElement.mount (package:flutter/src/widgets/framework.dart:7115:14)
#241    Element.inflateWidget (package:flutter/src/widgets/framework.dart:4587:20)
#242    Element.updateChild (package:flutter/src/widgets/framework.dart:4059:18)
#243    ComponentElement.performRebuild (package:flutter/src/widgets/framework.dart:5841:16)
#244    StatefulElement.performRebuild (package:flutter/src/widgets/framework.dart:5982:11)
#245    Element.rebuild (package:flutter/src/widgets/framework.dart:5529:7)
#246    ComponentElement._firstBuild (package:flutter/src/widgets/framework.dart:5799:5)
#247    StatefulElement._firstBuild (package:flutter/src/widgets/framework.dart:5973:11)
#248    ComponentElement.mount (package:flutter/src/widgets/framework.dart:5793:5)
#249    Element.inflateWidget (package:flutter/src/widgets/framework.dart:4587:20)
#250    Element.updateChild (package:flutter/src/widgets/framework.dart:4059:18)
#251    ComponentElement.performRebuild (package:flutter/src/widgets/framework.dart:5841:16)
#252    Element.rebuild (package:flutter/src/widgets/framework.dart:5529:7)
#253    ComponentElement._firstBuild (package:flutter/src/widgets/framework.dart:5799:5)
#254    ComponentElement.mount (package:flutter/src/widgets/framework.dart:5793:5)
#255    Element.inflateWidget (package:flutter/src/widgets/framework.dart:4587:20)
#256    Element.updateChild (package:flutter/src/widgets/framework.dart:4059:18)
#257    ComponentElement.performRebuild (package:flutter/src/widgets/framework.dart:5841:16)
#258    StatefulElement.performRebuild (package:flutter/src/widgets/framework.dart:5982:11)
#259    Element.rebuild (package:flutter/src/widgets/framework.dart:5529:7)
#260    ComponentElement._firstBuild (package:flutter/src/widgets/framework.dart:5799:5)
#261    StatefulElement._firstBuild (package:flutter/src/widgets/framework.dart:5973:11)
#262    ComponentElement.mount (package:flutter/src/widgets/framework.dart:5793:5)
#263    Element.inflateWidget (package:flutter/src/widgets/framework.dart:4587:20)
#264    Element.updateChild (package:flutter/src/widgets/framework.dart:4059:18)
#265    ComponentElement.performRebuild (package:flutter/src/widgets/framework.dart:5841:16)
#266    StatefulElement.performRebuild (package:flutter/src/widgets/framework.dart:5982:11)
#267    Element.rebuild (package:flutter/src/widgets/framework.dart:5529:7)
#268    ComponentElement._firstBuild (package:flutter/src/widgets/framework.dart:5799:5)
#269    StatefulElement._firstBuild (package:flutter/src/widgets/framework.dart:5973:11)
#270    ComponentElement.mount (package:flutter/src/widgets/framework.dart:5793:5)
#271    Element.inflateWidget (package:flutter/src/widgets/framework.dart:4587:20)
#272    Element.updateChild (package:flutter/src/widgets/framework.dart:4059:18)
#273    ComponentElement.performRebuild (package:flutter/src/widgets/framework.dart:5841:16)
#274    StatefulElement.performRebuild (package:flutter/src/widgets/framework.dart:5982:11)
#275    Element.rebuild (package:flutter/src/widgets/framework.dart:5529:7)
#276    ComponentElement._firstBuild (package:flutter/src/widgets/framework.dart:5799:5)
#277    StatefulElement._firstBuild (package:flutter/src/widgets/framework.dart:5973:11)
#278    ComponentElement.mount (package:flutter/src/widgets/framework.dart:5793:5)
#279    Element.inflateWidget (package:flutter/src/widgets/framework.dart:4587:20)
#280    Element.updateChild (package:flutter/src/widgets/framework.dart:4059:18)
#281    SingleChildRenderObjectElement.mount (package:flutter/src/widgets/framework.dart:7115:14)
#282    Element.inflateWidget (package:flutter/src/widgets/framework.dart:4587:20)
#283    Element.updateChild (package:flutter/src/widgets/framework.dart:4059:18)
#284    ComponentElement.performRebuild (package:flutter/src/widgets/framework.dart:5841:16)
#285    Element.rebuild (package:flutter/src/widgets/framework.dart:5529:7)
#286    ComponentElement._firstBuild (package:flutter/src/widgets/framework.dart:5799:5)
#287    ComponentElement.mount (package:flutter/src/widgets/framework.dart:5793:5)
#288    Element.inflateWidget (package:flutter/src/widgets/framework.dart:4587:20)
#289    Element.updateChild (package:flutter/src/widgets/framework.dart:4059:18)
#290    SingleChildRenderObjectElement.mount (package:flutter/src/widgets/framework.dart:7115:14)
#291    Element.inflateWidget (package:flutter/src/widgets/framework.dart:4587:20)
#292    Element.updateChild (package:flutter/src/widgets/framework.dart:4059:18)
#293    ComponentElement.performRebuild (package:flutter/src/widgets/framework.dart:5841:16)
#294    StatefulElement.performRebuild (package:flutter/src/widgets/framework.dart:5982:11)
#295    Element.rebuild (package:flutter/src/widgets/framework.dart:5529:7)
#296    ComponentElement._firstBuild (package:flutter/src/widgets/framework.dart:5799:5)
#297    StatefulElement._firstBuild (package:flutter/src/widgets/framework.dart:5973:11)
#298    ComponentElement.mount (package:flutter/src/widgets/framework.dart:5793:5)
#299    Element.inflateWidget (package:flutter/src/widgets/framework.dart:4587:20)
#300    Element.updateChild (package:flutter/src/widgets/framework.dart:4059:18)
#301    ComponentElement.performRebuild (package:flutter/src/widgets/framework.dart:5841:16)
#302    Element.rebuild (package:flutter/src/widgets/framework.dart:5529:7)
#303    ComponentElement._firstBuild (package:flutter/src/widgets/framework.dart:5799:5)
#304    ComponentElement.mount (package:flutter/src/widgets/framework.dart:5793:5)
#305    Element.inflateWidget (package:flutter/src/widgets/framework.dart:4587:20)
#306    Element.updateChild (package:flutter/src/widgets/framework.dart:4059:18)
#307    ComponentElement.performRebuild (package:flutter/src/widgets/framework.dart:5841:16)
#308    Element.rebuild (package:flutter/src/widgets/framework.dart:5529:7)
#309    ComponentElement._firstBuild (package:flutter/src/widgets/framework.dart:5799:5)
#310    ComponentElement.mount (package:flutter/src/widgets/framework.dart:5793:5)
#311    Element.inflateWidget (package:flutter/src/widgets/framework.dart:4587:20)
#312    Element.updateChild (package:flutter/src/widgets/framework.dart:4059:18)
#313    ComponentElement.performRebuild (package:flutter/src/widgets/framework.dart:5841:16)
#314    StatefulElement.performRebuild (package:flutter/src/widgets/framework.dart:5982:11)
#315    Element.rebuild (package:flutter/src/widgets/framework.dart:5529:7)
#316    ComponentElement._firstBuild (package:flutter/src/widgets/framework.dart:5799:5)
#317    StatefulElement._firstBuild (package:flutter/src/widgets/framework.dart:5973:11)
#318    ComponentElement.mount (package:flutter/src/widgets/framework.dart:5793:5)
#319    Element.inflateWidget (package:flutter/src/widgets/framework.dart:4587:20)
#320    Element.updateChild (package:flutter/src/widgets/framework.dart:4059:18)
#321    ComponentElement.performRebuild (package:flutter/src/widgets/framework.dart:5841:16)
#322    Element.rebuild (package:flutter/src/widgets/framework.dart:5529:7)
#323    ComponentElement._firstBuild (package:flutter/src/widgets/framework.dart:5799:5)
#324    ComponentElement.mount (package:flutter/src/widgets/framework.dart:5793:5)
#325    Element.inflateWidget (package:flutter/src/widgets/framework.dart:4587:20)
#326    Element.updateChild (package:flutter/src/widgets/framework.dart:4059:18)
#327    ComponentElement.performRebuild (package:flutter/src/widgets/framework.dart:5841:16)
#328    Element.rebuild (package:flutter/src/widgets/framework.dart:5529:7)
#329    ComponentElement._firstBuild (package:flutter/src/widgets/framework.dart:5799:5)
#330    ComponentElement.mount (package:flutter/src/widgets/framework.dart:5793:5)
#331    Element.inflateWidget (package:flutter/src/widgets/framework.dart:4587:20)
#332    Element.updateChild (package:flutter/src/widgets/framework.dart:4059:18)
#333    SingleChildRenderObjectElement.mount (package:flutter/src/widgets/framework.dart:7115:14)
#334    Element.inflateWidget (package:flutter/src/widgets/framework.dart:4587:20)
#335    Element.updateChild (package:flutter/src/widgets/framework.dart:4059:18)
#336    ComponentElement.performRebuild (package:flutter/src/widgets/framework.dart:5841:16)
#337    Element.rebuild (package:flutter/src/widgets/framework.dart:5529:7)
#338    ComponentElement._firstBuild (package:flutter/src/widgets/framework.dart:5799:5)
#339    ComponentElement.mount (package:flutter/src/widgets/framework.dart:5793:5)
#340    Element.inflateWidget (package:flutter/src/widgets/framework.dart:4587:20)
#341    Element.updateChild (package:flutter/src/widgets/framework.dart:4059:18)
#342    ComponentElement.performRebuild (package:flutter/src/widgets/framework.dart:5841:16)
#343    Element.rebuild (package:flutter/src/widgets/framework.dart:5529:7)
#344    ComponentElement._firstBuild (package:flutter/src/widgets/framework.dart:5799:5)
#345    ComponentElement.mount (package:flutter/src/widgets/framework.dart:5793:5)
#346    Element.inflateWidget (package:flutter/src/widgets/framework.dart:4587:20)
#347    Element.updateChild (package:flutter/src/widgets/framework.dart:4059:18)
#348    ComponentElement.performRebuild (package:flutter/src/widgets/framework.dart:5841:16)
#349    StatefulElement.performRebuild (package:flutter/src/widgets/framework.dart:5982:11)
#350    Element.rebuild (package:flutter/src/widgets/framework.dart:5529:7)
#351    ComponentElement._firstBuild (package:flutter/src/widgets/framework.dart:5799:5)
#352    StatefulElement._firstBuild (package:flutter/src/widgets/framework.dart:5973:11)
#353    ComponentElement.mount (package:flutter/src/widgets/framework.dart:5793:5)
#354    Element.inflateWidget (package:flutter/src/widgets/framework.dart:4587:20)
#355    Element.updateChild (package:flutter/src/widgets/framework.dart:4059:18)
#356    ComponentElement.performRebuild (package:flutter/src/widgets/framework.dart:5841:16)
#357    StatefulElement.performRebuild (package:flutter/src/widgets/framework.dart:5982:11)
#358    Element.rebuild (package:flutter/src/widgets/framework.dart:5529:7)
#359    ComponentElement._firstBuild (package:flutter/src/widgets/framework.dart:5799:5)
#360    StatefulElement._firstBuild (package:flutter/src/widgets/framework.dart:5973:11)
#361    ComponentElement.mount (package:flutter/src/widgets/framework.dart:5793:5)
#362    Element.inflateWidget (package:flutter/src/widgets/framework.dart:4587:20)
#363    Element.updateChild (package:flutter/src/widgets/framework.dart:4059:18)
#364    ComponentElement.performRebuild (package:flutter/src/widgets/framework.dart:5841:16)
#365    StatefulElement.performRebuild (package:flutter/src/widgets/framework.dart:5982:11)
#366    Element.rebuild (package:flutter/src/widgets/framework.dart:5529:7)
#367    ComponentElement._firstBuild (package:flutter/src/widgets/framework.dart:5799:5)
#368    StatefulElement._firstBuild (package:flutter/src/widgets/framework.dart:5973:11)
#369    ComponentElement.mount (package:flutter/src/widgets/framework.dart:5793:5)
#370    Element.inflateWidget (package:flutter/src/widgets/framework.dart:4587:20)
#371    Element.updateChild (package:flutter/src/widgets/framework.dart:4059:18)
#372    SingleChildRenderObjectElement.mount (package:flutter/src/widgets/framework.dart:7115:14)
#373    Element.inflateWidget (package:flutter/src/widgets/framework.dart:4587:20)
#374    Element.updateChild (package:flutter/src/widgets/framework.dart:4059:18)
#375    ComponentElement.performRebuild (package:flutter/src/widgets/framework.dart:5841:16)
#376    Element.rebuild (package:flutter/src/widgets/framework.dart:5529:7)
#377    ComponentElement._firstBuild (package:flutter/src/widgets/framework.dart:5799:5)
#378    ComponentElement.mount (package:flutter/src/widgets/framework.dart:5793:5)
#379    Element.inflateWidget (package:flutter/src/widgets/framework.dart:4587:20)
#380    Element.updateChild (package:flutter/src/widgets/framework.dart:4059:18)
#381    ComponentElement.performRebuild (package:flutter/src/widgets/framework.dart:5841:16)
#382    Element.rebuild (package:flutter/src/widgets/framework.dart:5529:7)
#383    ComponentElement._firstBuild (package:flutter/src/widgets/framework.dart:5799:5)
#384    ComponentElement.mount (package:flutter/src/widgets/framework.dart:5793:5)
#385    Element.inflateWidget (package:flutter/src/widgets/framework.dart:4587:20)
#386    Element.updateChild (package:flutter/src/widgets/framework.dart:4059:18)
#387    ComponentElement.performRebuild (package:flutter/src/widgets/framework.dart:5841:16)
#388    Element.rebuild (package:flutter/src/widgets/framework.dart:5529:7)
#389    ComponentElement._firstBuild (package:flutter/src/widgets/framework.dart:5799:5)
#390    ComponentElement.mount (package:flutter/src/widgets/framework.dart:5793:5)
#391    Element.inflateWidget (package:flutter/src/widgets/framework.dart:4587:20)
#392    Element.updateChild (package:flutter/src/widgets/framework.dart:4059:18)
#393    ComponentElement.performRebuild (package:flutter/src/widgets/framework.dart:5841:16)
#394    StatefulElement.performRebuild (package:flutter/src/widgets/framework.dart:5982:11)
#395    Element.rebuild (package:flutter/src/widgets/framework.dart:5529:7)
#396    ComponentElement._firstBuild (package:flutter/src/widgets/framework.dart:5799:5)
#397    StatefulElement._firstBuild (package:flutter/src/widgets/framework.dart:5973:11)
#398    ComponentElement.mount (package:flutter/src/widgets/framework.dart:5793:5)
#399    Element.inflateWidget (package:flutter/src/widgets/framework.dart:4587:20)
#400    Element.updateChild (package:flutter/src/widgets/framework.dart:4059:18)
#401    ComponentElement.performRebuild (package:flutter/src/widgets/framework.dart:5841:16)
#402    StatefulElement.performRebuild (package:flutter/src/widgets/framework.dart:5982:11)
#403    Element.rebuild (package:flutter/src/widgets/framework.dart:5529:7)
#404    ComponentElement._firstBuild (package:flutter/src/widgets/framework.dart:5799:5)
#405    StatefulElement._firstBuild (package:flutter/src/widgets/framework.dart:5973:11)
#406    ComponentElement.mount (package:flutter/src/widgets/framework.dart:5793:5)
#407    Element.inflateWidget (package:flutter/src/widgets/framework.dart:4587:20)
#408    MultiChildRenderObjectElement.inflateWidget (package:flutter/src/widgets/framework.dart:7264:36)
#409    MultiChildRenderObjectElement.mount (package:flutter/src/widgets/framework.dart:7279:32)
#410    Element.inflateWidget (package:flutter/src/widgets/framework.dart:4587:20)
#411    Element.updateChild (package:flutter/src/widgets/framework.dart:4059:18)
#412    ComponentElement.performRebuild (package:flutter/src/widgets/framework.dart:5841:16)
#413    StatefulElement.performRebuild (package:flutter/src/widgets/framework.dart:5982:11)
#414    Element.rebuild (package:flutter/src/widgets/framework.dart:5529:7)
#415    ComponentElement._firstBuild (package:flutter/src/widgets/framework.dart:5799:5)
#416    StatefulElement._firstBuild (package:flutter/src/widgets/framework.dart:5973:11)
#417    ComponentElement.mount (package:flutter/src/widgets/framework.dart:5793:5)
#418    Element.inflateWidget (package:flutter/src/widgets/framework.dart:4587:20)
#419    Element.updateChild (package:flutter/src/widgets/framework.dart:4059:18)
#420    ComponentElement.performRebuild (package:flutter/src/widgets/framework.dart:5841:16)
#421    Element.rebuild (package:flutter/src/widgets/framework.dart:5529:7)
#422    ComponentElement._firstBuild (package:flutter/src/widgets/framework.dart:5799:5)
#423    ComponentElement.mount (package:flutter/src/widgets/framework.dart:5793:5)
#424    Element.inflateWidget (package:flutter/src/widgets/framework.dart:4587:20)
#425    Element.updateChild (package:flutter/src/widgets/framework.dart:4059:18)
#426    ComponentElement.performRebuild (package:flutter/src/widgets/framework.dart:5841:16)
#427    Element.rebuild (package:flutter/src/widgets/framework.dart:5529:7)
#428    ComponentElement._firstBuild (package:flutter/src/widgets/framework.dart:5799:5)
#429    ComponentElement.mount (package:flutter/src/widgets/framework.dart:5793:5)
#430    Element.inflateWidget (package:flutter/src/widgets/framework.dart:4587:20)
#431    Element.updateChild (package:flutter/src/widgets/framework.dart:4059:18)
#432    ComponentElement.performRebuild (package:flutter/src/widgets/framework.dart:5841:16)
#433    StatefulElement.performRebuild (package:flutter/src/widgets/framework.dart:5982:11)
#434    Element.rebuild (package:flutter/src/widgets/framework.dart:5529:7)
#435    ComponentElement._firstBuild (package:flutter/src/widgets/framework.dart:5799:5)
#436    StatefulElement._firstBuild (package:flutter/src/widgets/framework.dart:5973:11)
#437    ComponentElement.mount (package:flutter/src/widgets/framework.dart:5793:5)
#438    Element.inflateWidget (package:flutter/src/widgets/framework.dart:4587:20)
#439    Element.updateChild (package:flutter/src/widgets/framework.dart:4059:18)
#440    ComponentElement.performRebuild (package:flutter/src/widgets/framework.dart:5841:16)
#441    Element.rebuild (package:flutter/src/widgets/framework.dart:5529:7)
#442    ComponentElement._firstBuild (package:flutter/src/widgets/framework.dart:5799:5)
#443    ComponentElement.mount (package:flutter/src/widgets/framework.dart:5793:5)
#444    Element.inflateWidget (package:flutter/src/widgets/framework.dart:4587:20)
#445    Element.updateChild (package:flutter/src/widgets/framework.dart:4059:18)
#446    ComponentElement.performRebuild (package:flutter/src/widgets/framework.dart:5841:16)
#447    StatefulElement.performRebuild (package:flutter/src/widgets/framework.dart:5982:11)
#448    Element.rebuild (package:flutter/src/widgets/framework.dart:5529:7)
#449    ComponentElement._firstBuild (package:flutter/src/widgets/framework.dart:5799:5)
#450    StatefulElement._firstBuild (package:flutter/src/widgets/framework.dart:5973:11)
#451    ComponentElement.mount (package:flutter/src/widgets/framework.dart:5793:5)
#452    Element.inflateWidget (package:flutter/src/widgets/framework.dart:4587:20)
#453    Element.updateChild (package:flutter/src/widgets/framework.dart:4059:18)
#454    ComponentElement.performRebuild (package:flutter/src/widgets/framework.dart:5841:16)
#455    StatefulElement.performRebuild (package:flutter/src/widgets/framework.dart:5982:11)
#456    Element.rebuild (package:flutter/src/widgets/framework.dart:5529:7)
#457    ComponentElement._firstBuild (package:flutter/src/widgets/framework.dart:5799:5)
#458    StatefulElement._firstBuild (package:flutter/src/widgets/framework.dart:5973:11)
#459    ComponentElement.mount (package:flutter/src/widgets/framework.dart:5793:5)
#460    Element.inflateWidget (package:flutter/src/widgets/framework.dart:4587:20)
#461    Element.updateChild (package:flutter/src/widgets/framework.dart:4059:18)
#462    SingleChildRenderObjectElement.mount (package:flutter/src/widgets/framework.dart:7115:14)
#463    Element.inflateWidget (package:flutter/src/widgets/framework.dart:4587:20)
#464    Element.updateChild (package:flutter/src/widgets/framework.dart:4059:18)
#465    SingleChildRenderObjectElement.mount (package:flutter/src/widgets/framework.dart:7115:14)
#466    Element.inflateWidget (package:flutter/src/widgets/framework.dart:4587:20)
#467    Element.updateChild (package:flutter/src/widgets/framework.dart:4059:18)
#468    ComponentElement.performRebuild (package:flutter/src/widgets/framework.dart:5841:16)
#469    Element.rebuild (package:flutter/src/widgets/framework.dart:5529:7)
#470    ComponentElement._firstBuild (package:flutter/src/widgets/framework.dart:5799:5)
#471    ComponentElement.mount (package:flutter/src/widgets/framework.dart:5793:5)
#472    Element.inflateWidget (package:flutter/src/widgets/framework.dart:4587:20)
#473    Element.updateChild (package:flutter/src/widgets/framework.dart:4059:18)
#474    ComponentElement.performRebuild (package:flutter/src/widgets/framework.dart:5841:16)
#475    Element.rebuild (package:flutter/src/widgets/framework.dart:5529:7)
#476    ComponentElement._firstBuild (package:flutter/src/widgets/framework.dart:5799:5)
#477    ComponentElement.mount (package:flutter/src/widgets/framework.dart:5793:5)
#478    Element.inflateWidget (package:flutter/src/widgets/framework.dart:4587:20)
#479    Element.updateChild (package:flutter/src/widgets/framework.dart:4059:18)
#480    ComponentElement.performRebuild (package:flutter/src/widgets/framework.dart:5841:16)
#481    StatefulElement.performRebuild (package:flutter/src/widgets/framework.dart:5982:11)
#482    Element.rebuild (package:flutter/src/widgets/framework.dart:5529:7)
#483    ComponentElement._firstBuild (package:flutter/src/widgets/framework.dart:5799:5)
#484    StatefulElement._firstBuild (package:flutter/src/widgets/framework.dart:5973:11)
#485    ComponentElement.mount (package:flutter/src/widgets/framework.dart:5793:5)
#486    Element.inflateWidget (package:flutter/src/widgets/framework.dart:4587:20)
#487    Element.updateChild (package:flutter/src/widgets/framework.dart:4059:18)
#488    ComponentElement.performRebuild (package:flutter/src/widgets/framework.dart:5841:16)
#489    Element.rebuild (package:flutter/src/widgets/framework.dart:5529:7)
#490    ComponentElement._firstBuild (package:flutter/src/widgets/framework.dart:5799:5)
#491    ComponentElement.mount (package:flutter/src/widgets/framework.dart:5793:5)
#492    Element.inflateWidget (package:flutter/src/widgets/framework.dart:4587:20)
#493    Element.updateChild (package:flutter/src/widgets/framework.dart:4059:18)
#494    SingleChildRenderObjectElement.mount (package:flutter/src/widgets/framework.dart:7115:14)
#495    Element.inflateWidget (package:flutter/src/widgets/framework.dart:4587:20)
#496    Element.updateChild (package:flutter/src/widgets/framework.dart:4059:18)
#497    ComponentElement.performRebuild (package:flutter/src/widgets/framework.dart:5841:16)
#498    StatefulElement.performRebuild (package:flutter/src/widgets/framework.dart:5982:11)
#499    Element.rebuild (package:flutter/src/widgets/framework.dart:5529:7)
#500    ComponentElement._firstBuild (package:flutter/src/widgets/framework.dart:5799:5)
#501    StatefulElement._firstBuild (package:flutter/src/widgets/framework.dart:5973:11)
#502    ComponentElement.mount (package:flutter/src/widgets/framework.dart:5793:5)
#503    Element.inflateWidget (package:flutter/src/widgets/framework.dart:4587:20)
#504    Element.updateChild (package:flutter/src/widgets/framework.dart:4059:18)
#505    ComponentElement.performRebuild (package:flutter/src/widgets/framework.dart:5841:16)
#506    Element.rebuild (package:flutter/src/widgets/framework.dart:5529:7)
#507    ComponentElement._firstBuild (package:flutter/src/widgets/framework.dart:5799:5)
#508    ComponentElement.mount (package:flutter/src/widgets/framework.dart:5793:5)
#509    Element.inflateWidget (package:flutter/src/widgets/framework.dart:4587:20)
#510    Element.updateChild (package:flutter/src/widgets/framework.dart:4059:18)
#511    ComponentElement.performRebuild (package:flutter/src/widgets/framework.dart:5841:16)
#512    Element.rebuild (package:flutter/src/widgets/framework.dart:5529:7)
#513    ComponentElement._firstBuild (package:flutter/src/widgets/framework.dart:5799:5)
#514    ComponentElement.mount (package:flutter/src/widgets/framework.dart:5793:5)
#515    Element.inflateWidget (package:flutter/src/widgets/framework.dart:4587:20)
#516    Element.updateChild (package:flutter/src/widgets/framework.dart:4059:18)
#517    ComponentElement.performRebuild (package:flutter/src/widgets/framework.dart:5841:16)
#518    StatefulElement.performRebuild (package:flutter/src/widgets/framework.dart:5982:11)
#519    Element.rebuild (package:flutter/src/widgets/framework.dart:5529:7)
#520    ComponentElement._firstBuild (package:flutter/src/widgets/framework.dart:5799:5)
#521    StatefulElement._firstBuild (package:flutter/src/widgets/framework.dart:5973:11)
#522    ComponentElement.mount (package:flutter/src/widgets/framework.dart:5793:5)
#523    Element.inflateWidget (package:flutter/src/widgets/framework.dart:4587:20)
#524    Element.updateChild (package:flutter/src/widgets/framework.dart:4059:18)
#525    ComponentElement.performRebuild (package:flutter/src/widgets/framework.dart:5841:16)
#526    Element.rebuild (package:flutter/src/widgets/framework.dart:5529:7)
#527    ComponentElement._firstBuild (package:flutter/src/widgets/framework.dart:5799:5)
#528    ComponentElement.mount (package:flutter/src/widgets/framework.dart:5793:5)
#529    Element.inflateWidget (package:flutter/src/widgets/framework.dart:4587:20)
#530    Element.updateChild (package:flutter/src/widgets/framework.dart:4059:18)
#531    ComponentElement.performRebuild (package:flutter/src/widgets/framework.dart:5841:16)
#532    Element.rebuild (package:flutter/src/widgets/framework.dart:5529:7)
#533    ComponentElement._firstBuild (package:flutter/src/widgets/framework.dart:5799:5)
#534    ComponentElement.mount (package:flutter/src/widgets/framework.dart:5793:5)
#535    Element.inflateWidget (package:flutter/src/widgets/framework.dart:4587:20)
#536    Element.updateChild (package:flutter/src/widgets/framework.dart:4059:18)
#537    ComponentElement.performRebuild (package:flutter/src/widgets/framework.dart:5841:16)
#538    Element.rebuild (package:flutter/src/widgets/framework.dart:5529:7)
#539    ComponentElement._firstBuild (package:flutter/src/widgets/framework.dart:5799:5)
#540    ComponentElement.mount (package:flutter/src/widgets/framework.dart:5793:5)
#541    Element.inflateWidget (package:flutter/src/widgets/framework.dart:4587:20)
#542    Element.updateChild (package:flutter/src/widgets/framework.dart:4059:18)
#543    ComponentElement.performRebuild (package:flutter/src/widgets/framework.dart:5841:16)
#544    Element.rebuild (package:flutter/src/widgets/framework.dart:5529:7)
#545    ComponentElement._firstBuild (package:flutter/src/widgets/framework.dart:5799:5)
#546    ComponentElement.mount (package:flutter/src/widgets/framework.dart:5793:5)
#547    Element.inflateWidget (package:flutter/src/widgets/framework.dart:4587:20)
#548    Element.updateChild (package:flutter/src/widgets/framework.dart:4059:18)
#549    ComponentElement.performRebuild (package:flutter/src/widgets/framework.dart:5841:16)
#550    Element.rebuild (package:flutter/src/widgets/framework.dart:5529:7)
#551    ComponentElement._firstBuild (package:flutter/src/widgets/framework.dart:5799:5)
#552    ComponentElement.mount (package:flutter/src/widgets/framework.dart:5793:5)
#553    Element.inflateWidget (package:flutter/src/widgets/framework.dart:4587:20)
#554    Element.updateChild (package:flutter/src/widgets/framework.dart:4059:18)
#555    ComponentElement.performRebuild (package:flutter/src/widgets/framework.dart:5841:16)
#556    Element.rebuild (package:flutter/src/widgets/framework.dart:5529:7)
#557    ComponentElement._firstBuild (package:flutter/src/widgets/framework.dart:5799:5)
#558    ComponentElement.mount (package:flutter/src/widgets/framework.dart:5793:5)
#559    Element.inflateWidget (package:flutter/src/widgets/framework.dart:4587:20)
#560    Element.updateChild (package:flutter/src/widgets/framework.dart:4059:18)
#561    ComponentElement.performRebuild (package:flutter/src/widgets/framework.dart:5841:16)
#562    Element.rebuild (package:flutter/src/widgets/framework.dart:5529:7)
#563    ComponentElement._firstBuild (package:flutter/src/widgets/framework.dart:5799:5)
#564    ComponentElement.mount (package:flutter/src/widgets/framework.dart:5793:5)
#565    Element.inflateWidget (package:flutter/src/widgets/framework.dart:4587:20)
#566    Element.updateChild (package:flutter/src/widgets/framework.dart:4059:18)
#567    ComponentElement.performRebuild (package:flutter/src/widgets/framework.dart:5841:16)
#568    StatefulElement.performRebuild (package:flutter/src/widgets/framework.dart:5982:11)
#569    Element.rebuild (package:flutter/src/widgets/framework.dart:5529:7)
#570    ComponentElement._firstBuild (package:flutter/src/widgets/framework.dart:5799:5)
#571    StatefulElement._firstBuild (package:flutter/src/widgets/framework.dart:5973:11)
#572    ComponentElement.mount (package:flutter/src/widgets/framework.dart:5793:5)
#573    Element.inflateWidget (package:flutter/src/widgets/framework.dart:4587:20)
#574    Element.updateChild (package:flutter/src/widgets/framework.dart:4059:18)
#575    ComponentElement.performRebuild (package:flutter/src/widgets/framework.dart:5841:16)
#576    Element.rebuild (package:flutter/src/widgets/framework.dart:5529:7)
#577    ComponentElement._firstBuild (package:flutter/src/widgets/framework.dart:5799:5)
#578    ComponentElement.mount (package:flutter/src/widgets/framework.dart:5793:5)
#579    Element.inflateWidget (package:flutter/src/widgets/framework.dart:4587:20)
#580    Element.updateChild (package:flutter/src/widgets/framework.dart:4059:18)
#581    ComponentElement.performRebuild (package:flutter/src/widgets/framework.dart:5841:16)
#582    Element.rebuild (package:flutter/src/widgets/framework.dart:5529:7)
#583    ComponentElement._firstBuild (package:flutter/src/widgets/framework.dart:5799:5)
#584    ComponentElement.mount (package:flutter/src/widgets/framework.dart:5793:5)
#585    Element.inflateWidget (package:flutter/src/widgets/framework.dart:4587:20)
#586    Element.updateChild (package:flutter/src/widgets/framework.dart:4059:18)
#587    ComponentElement.performRebuild (package:flutter/src/widgets/framework.dart:5841:16)
#588    StatefulElement.performRebuild (package:flutter/src/widgets/framework.dart:5982:11)
#589    Element.rebuild (package:flutter/src/widgets/framework.dart:5529:7)
#590    ComponentElement._firstBuild (package:flutter/src/widgets/framework.dart:5799:5)
#591    StatefulElement._firstBuild (package:flutter/src/widgets/framework.dart:5973:11)
#592    ComponentElement.mount (package:flutter/src/widgets/framework.dart:5793:5)
#593    Element.inflateWidget (package:flutter/src/widgets/framework.dart:4587:20)
#594    Element.updateChild (package:flutter/src/widgets/framework.dart:4059:18)
#595    SingleChildRenderObjectElement.mount (package:flutter/src/widgets/framework.dart:7115:14)
#596    Element.inflateWidget (package:flutter/src/widgets/framework.dart:4587:20)
#597    Element.updateChild (package:flutter/src/widgets/framework.dart:4059:18)
#598    ComponentElement.performRebuild (package:flutter/src/widgets/framework.dart:5841:16)
#599    StatefulElement.performRebuild (package:flutter/src/widgets/framework.dart:5982:11)
#600    Element.rebuild (package:flutter/src/widgets/framework.dart:5529:7)
#601    ComponentElement._firstBuild (package:flutter/src/widgets/framework.dart:5799:5)
#602    StatefulElement._firstBuild (package:flutter/src/widgets/framework.dart:5973:11)
#603    ComponentElement.mount (package:flutter/src/widgets/framework.dart:5793:5)
#604    Element.inflateWidget (package:flutter/src/widgets/framework.dart:4587:20)
#605    Element.updateChild (package:flutter/src/widgets/framework.dart:4059:18)
#606    ComponentElement.performRebuild (package:flutter/src/widgets/framework.dart:5841:16)
#607    Element.rebuild (package:flutter/src/widgets/framework.dart:5529:7)
#608    ComponentElement._firstBuild (package:flutter/src/widgets/framework.dart:5799:5)
#609    ComponentElement.mount (package:flutter/src/widgets/framework.dart:5793:5)
#610    Element.inflateWidget (package:flutter/src/widgets/framework.dart:4587:20)
#611    Element.updateChild (package:flutter/src/widgets/framework.dart:4059:18)
#612    SingleChildRenderObjectElement.mount (package:flutter/src/widgets/framework.dart:7115:14)
#613    Element.inflateWidget (package:flutter/src/widgets/framework.dart:4587:20)
#614    Element.updateChild (package:flutter/src/widgets/framework.dart:4059:18)
#615    ComponentElement.performRebuild (package:flutter/src/widgets/framework.dart:5841:16)
#616    Element.rebuild (package:flutter/src/widgets/framework.dart:5529:7)
#617    ComponentElement._firstBuild (package:flutter/src/widgets/framework.dart:5799:5)
#618    ComponentElement.mount (package:flutter/src/widgets/framework.dart:5793:5)
#619    Element.inflateWidget (package:flutter/src/widgets/framework.dart:4587:20)
#620    Element.updateChild (package:flutter/src/widgets/framework.dart:4059:18)
#621    ComponentElement.performRebuild (package:flutter/src/widgets/framework.dart:5841:16)
#622    StatefulElement.performRebuild (package:flutter/src/widgets/framework.dart:5982:11)
#623    Element.rebuild (package:flutter/src/widgets/framework.dart:5529:7)
#624    ComponentElement._firstBuild (package:flutter/src/widgets/framework.dart:5799:5)
#625    StatefulElement._firstBuild (package:flutter/src/widgets/framework.dart:5973:11)
#626    ComponentElement.mount (package:flutter/src/widgets/framework.dart:5793:5)
#627    Element.inflateWidget (package:flutter/src/widgets/framework.dart:4587:20)
#628    Element.updateChild (package:flutter/src/widgets/framework.dart:4059:18)
#629    ComponentElement.performRebuild (package:flutter/src/widgets/framework.dart:5841:16)
#630    StatefulElement.performRebuild (package:flutter/src/widgets/framework.dart:5982:11)
#631    Element.rebuild (package:flutter/src/widgets/framework.dart:5529:7)
#632    ComponentElement._firstBuild (package:flutter/src/widgets/framework.dart:5799:5)
#633    StatefulElement._firstBuild (package:flutter/src/widgets/framework.dart:5973:11)
#634    ComponentElement.mount (package:flutter/src/widgets/framework.dart:5793:5)
#635    Element.inflateWidget (package:flutter/src/widgets/framework.dart:4587:20)
#636    Element.updateChild (package:flutter/src/widgets/framework.dart:4059:18)
#637    ComponentElement.performRebuild (package:flutter/src/widgets/framework.dart:5841:16)
#638    Element.rebuild (package:flutter/src/widgets/framework.dart:5529:7)
#639    ComponentElement._firstBuild (package:flutter/src/widgets/framework.dart:5799:5)
#640    ComponentElement.mount (package:flutter/src/widgets/framework.dart:5793:5)
#641    Element.inflateWidget (package:flutter/src/widgets/framework.dart:4587:20)
#642    Element.updateChild (package:flutter/src/widgets/framework.dart:4059:18)
#643    ComponentElement.performRebuild (package:flutter/src/widgets/framework.dart:5841:16)
#644    Element.rebuild (package:flutter/src/widgets/framework.dart:5529:7)
#645    ComponentElement._firstBuild (package:flutter/src/widgets/framework.dart:5799:5)
#646    ComponentElement.mount (package:flutter/src/widgets/framework.dart:5793:5)
#647    Element.inflateWidget (package:flutter/src/widgets/framework.dart:4587:20)
#648    Element.updateChild (package:flutter/src/widgets/framework.dart:4059:18)
#649    SingleChildRenderObjectElement.mount (package:flutter/src/widgets/framework.dart:7115:14)
#650    Element.inflateWidget (package:flutter/src/widgets/framework.dart:4587:20)
#651    Element.updateChild (package:flutter/src/widgets/framework.dart:4059:18)
#652    ComponentElement.performRebuild (package:flutter/src/widgets/framework.dart:5841:16)
#653    StatefulElement.performRebuild (package:flutter/src/widgets/framework.dart:5982:11)
#654    Element.rebuild (package:flutter/src/widgets/framework.dart:5529:7)
#655    ComponentElement._firstBuild (package:flutter/src/widgets/framework.dart:5799:5)
#656    StatefulElement._firstBuild (package:flutter/src/widgets/framework.dart:5973:11)
#657    ComponentElement.mount (package:flutter/src/widgets/framework.dart:5793:5)
#658    Element.inflateWidget (package:flutter/src/widgets/framework.dart:4587:20)
#659    Element.updateChild (package:flutter/src/widgets/framework.dart:4059:18)
#660    ComponentElement.performRebuild (package:flutter/src/widgets/framework.dart:5841:16)
#661    StatefulElement.performRebuild (package:flutter/src/widgets/framework.dart:5982:11)
#662    Element.rebuild (package:flutter/src/widgets/framework.dart:5529:7)
#663    ComponentElement._firstBuild (package:flutter/src/widgets/framework.dart:5799:5)
#664    StatefulElement._firstBuild (package:flutter/src/widgets/framework.dart:5973:11)
#665    ComponentElement.mount (package:flutter/src/widgets/framework.dart:5793:5)
#666    Element.inflateWidget (package:flutter/src/widgets/framework.dart:4587:20)
#667    Element.updateChild (package:flutter/src/widgets/framework.dart:4059:18)
#668    SingleChildRenderObjectElement.mount (package:flutter/src/widgets/framework.dart:7115:14)
#669    Element.inflateWidget (package:flutter/src/widgets/framework.dart:4587:20)
#670    Element.updateChild (package:flutter/src/widgets/framework.dart:4059:18)
#671    ComponentElement.performRebuild (package:flutter/src/widgets/framework.dart:5841:16)
#672    Element.rebuild (package:flutter/src/widgets/framework.dart:5529:7)
#673    ComponentElement._firstBuild (package:flutter/src/widgets/framework.dart:5799:5)
#674    ComponentElement.mount (package:flutter/src/widgets/framework.dart:5793:5)
#675    Element.inflateWidget (package:flutter/src/widgets/framework.dart:4587:20)
#676    Element.updateChild (package:flutter/src/widgets/framework.dart:4059:18)
#677    ComponentElement.performRebuild (package:flutter/src/widgets/framework.dart:5841:16)
#678    StatefulElement.performRebuild (package:flutter/src/widgets/framework.dart:5982:11)
#679    Element.rebuild (package:flutter/src/widgets/framework.dart:5529:7)
#680    ComponentElement._firstBuild (package:flutter/src/widgets/framework.dart:5799:5)
#681    StatefulElement._firstBuild (package:flutter/src/widgets/framework.dart:5973:11)
#682    ComponentElement.mount (package:flutter/src/widgets/framework.dart:5793:5)
#683    Element.inflateWidget (package:flutter/src/widgets/framework.dart:4587:20)
#684    Element.updateChild (package:flutter/src/widgets/framework.dart:4059:18)
#685    ComponentElement.performRebuild (package:flutter/src/widgets/framework.dart:5841:16)
#686    StatefulElement.performRebuild (package:flutter/src/widgets/framework.dart:5982:11)
#687    Element.rebuild (package:flutter/src/widgets/framework.dart:5529:7)
#688    ComponentElement._firstBuild (package:flutter/src/widgets/framework.dart:5799:5)
#689    StatefulElement._firstBuild (package:flutter/src/widgets/framework.dart:5973:11)
#690    ComponentElement.mount (package:flutter/src/widgets/framework.dart:5793:5)
#691    Element.inflateWidget (package:flutter/src/widgets/framework.dart:4587:20)
#692    Element.updateChild (package:flutter/src/widgets/framework.dart:4059:18)
#693    ComponentElement.performRebuild (package:flutter/src/widgets/framework.dart:5841:16)
#694    Element.rebuild (package:flutter/src/widgets/framework.dart:5529:7)
#695    ComponentElement._firstBuild (package:flutter/src/widgets/framework.dart:5799:5)
#696    ComponentElement.mount (package:flutter/src/widgets/framework.dart:5793:5)
#697    Element.inflateWidget (package:flutter/src/widgets/framework.dart:4587:20)
#698    Element.updateChild (package:flutter/src/widgets/framework.dart:4059:18)
#699    ComponentElement.performRebuild (package:flutter/src/widgets/framework.dart:5841:16)
#700    StatefulElement.performRebuild (package:flutter/src/widgets/framework.dart:5982:11)
#701    Element.rebuild (package:flutter/src/widgets/framework.dart:5529:7)
#702    ComponentElement._firstBuild (package:flutter/src/widgets/framework.dart:5799:5)
#703    StatefulElement._firstBuild (package:flutter/src/widgets/framework.dart:5973:11)
#704    ComponentElement.mount (package:flutter/src/widgets/framework.dart:5793:5)
#705    Element.inflateWidget (package:flutter/src/widgets/framework.dart:4587:20)
#706    Element.updateChild (package:flutter/src/widgets/framework.dart:4059:18)
#707    SingleChildRenderObjectElement.mount (package:flutter/src/widgets/framework.dart:7115:14)
#708    Element.inflateWidget (package:flutter/src/widgets/framework.dart:4587:20)
#709    Element.updateChild (package:flutter/src/widgets/framework.dart:4059:18)
#710    ComponentElement.performRebuild (package:flutter/src/widgets/framework.dart:5841:16)
#711    Element.rebuild (package:flutter/src/widgets/framework.dart:5529:7)
#712    ComponentElement._firstBuild (package:flutter/src/widgets/framework.dart:5799:5)
#713    ComponentElement.mount (package:flutter/src/widgets/framework.dart:5793:5)
#714    Element.inflateWidget (package:flutter/src/widgets/framework.dart:4587:20)
#715    Element.updateChild (package:flutter/src/widgets/framework.dart:4059:18)
#716    ComponentElement.performRebuild (package:flutter/src/widgets/framework.dart:5841:16)
#717    StatefulElement.performRebuild (package:flutter/src/widgets/framework.dart:5982:11)
#718    Element.rebuild (package:flutter/src/widgets/framework.dart:5529:7)
#719    ComponentElement._firstBuild (package:flutter/src/widgets/framework.dart:5799:5)
#720    StatefulElement._firstBuild (package:flutter/src/widgets/framework.dart:5973:11)
#721    ComponentElement.mount (package:flutter/src/widgets/framework.dart:5793:5)
#722    Element.inflateWidget (package:flutter/src/widgets/framework.dart:4587:20)
#723    Element.updateChild (package:flutter/src/widgets/framework.dart:4059:18)
#724    ComponentElement.performRebuild (package:flutter/src/widgets/framework.dart:5841:16)
#725    StatefulElement.performRebuild (package:flutter/src/widgets/framework.dart:5982:11)
#726    Element.rebuild (package:flutter/src/widgets/framework.dart:5529:7)
#727    ComponentElement._firstBuild (package:flutter/src/widgets/framework.dart:5799:5)
#728    StatefulElement._firstBuild (package:flutter/src/widgets/framework.dart:5973:11)
#729    ComponentElement.mount (package:flutter/src/widgets/framework.dart:5793:5)
#730    Element.inflateWidget (package:flutter/src/widgets/framework.dart:4587:20)
#731    Element.updateChild (package:flutter/src/widgets/framework.dart:4059:18)
#732    ComponentElement.performRebuild (package:flutter/src/widgets/framework.dart:5841:16)
#733    Element.rebuild (package:flutter/src/widgets/framework.dart:5529:7)
#734    ComponentElement._firstBuild (package:flutter/src/widgets/framework.dart:5799:5)
#735    ComponentElement.mount (package:flutter/src/widgets/framework.dart:5793:5)
#736    Element.inflateWidget (package:flutter/src/widgets/framework.dart:4587:20)
#737    Element.updateChild (package:flutter/src/widgets/framework.dart:4059:18)
#738    ComponentElement.performRebuild (package:flutter/src/widgets/framework.dart:5841:16)
#739    StatefulElement.performRebuild (package:flutter/src/widgets/framework.dart:5982:11)
#740    Element.rebuild (package:flutter/src/widgets/framework.dart:5529:7)
#741    ComponentElement._firstBuild (package:flutter/src/widgets/framework.dart:5799:5)
#742    StatefulElement._firstBuild (package:flutter/src/widgets/framework.dart:5973:11)
#743    ComponentElement.mount (package:flutter/src/widgets/framework.dart:5793:5)
#744    Element.inflateWidget (package:flutter/src/widgets/framework.dart:4587:20)
#745    Element.updateChild (package:flutter/src/widgets/framework.dart:4059:18)
#746    SingleChildRenderObjectElement.mount (package:flutter/src/widgets/framework.dart:7115:14)
#747    Element.inflateWidget (package:flutter/src/widgets/framework.dart:4587:20)
#748    Element.updateChild (package:flutter/src/widgets/framework.dart:4059:18)
#749    ComponentElement.performRebuild (package:flutter/src/widgets/framework.dart:5841:16)
#750    Element.rebuild (package:flutter/src/widgets/framework.dart:5529:7)
#751    ComponentElement._firstBuild (package:flutter/src/widgets/framework.dart:5799:5)
#752    ComponentElement.mount (package:flutter/src/widgets/framework.dart:5793:5)
#753    Element.inflateWidget (package:flutter/src/widgets/framework.dart:4587:20)
#754    Element.updateChild (package:flutter/src/widgets/framework.dart:4059:18)
#755    ComponentElement.performRebuild (package:flutter/src/widgets/framework.dart:5841:16)
#756    StatefulElement.performRebuild (package:flutter/src/widgets/framework.dart:5982:11)
#757    Element.rebuild (package:flutter/src/widgets/framework.dart:5529:7)
#758    ComponentElement._firstBuild (package:flutter/src/widgets/framework.dart:5799:5)
#759    StatefulElement._firstBuild (package:flutter/src/widgets/framework.dart:5973:11)
#760    ComponentElement.mount (package:flutter/src/widgets/framework.dart:5793:5)
#761    Element.inflateWidget (package:flutter/src/widgets/framework.dart:4587:20)
#762    Element.updateChild (package:flutter/src/widgets/framework.dart:4059:18)
#763    ComponentElement.performRebuild (package:flutter/src/widgets/framework.dart:5841:16)
#764    StatefulElement.performRebuild (package:flutter/src/widgets/framework.dart:5982:11)
#765    Element.rebuild (package:flutter/src/widgets/framework.dart:5529:7)
#766    ComponentElement._firstBuild (package:flutter/src/widgets/framework.dart:5799:5)
#767    StatefulElement._firstBuild (package:flutter/src/widgets/framework.dart:5973:11)
#768    ComponentElement.mount (package:flutter/src/widgets/framework.dart:5793:5)
#769    Element.inflateWidget (package:flutter/src/widgets/framework.dart:4587:20)
#770    Element.updateChild (package:flutter/src/widgets/framework.dart:4059:18)
#771    ComponentElement.performRebuild (package:flutter/src/widgets/framework.dart:5841:16)
#772    Element.rebuild (package:flutter/src/widgets/framework.dart:5529:7)
#773    ComponentElement._firstBuild (package:flutter/src/widgets/framework.dart:5799:5)
#774    ComponentElement.mount (package:flutter/src/widgets/framework.dart:5793:5)
#775    Element.inflateWidget (package:flutter/src/widgets/framework.dart:4587:20)
#776    Element.updateChild (package:flutter/src/widgets/framework.dart:4059:18)
#777    SingleChildRenderObjectElement.mount (package:flutter/src/widgets/framework.dart:7115:14)
#778    Element.inflateWidget (package:flutter/src/widgets/framework.dart:4587:20)
#779    Element.updateChild (package:flutter/src/widgets/framework.dart:4059:18)
#780    ComponentElement.performRebuild (package:flutter/src/widgets/framework.dart:5841:16)
#781    Element.rebuild (package:flutter/src/widgets/framework.dart:5529:7)
#782    ComponentElement._firstBuild (package:flutter/src/widgets/framework.dart:5799:5)
#783    ComponentElement.mount (package:flutter/src/widgets/framework.dart:5793:5)
#784    Element.inflateWidget (package:flutter/src/widgets/framework.dart:4587:20)
#785    Element.updateChild (package:flutter/src/widgets/framework.dart:4059:18)
#786    ComponentElement.performRebuild (package:flutter/src/widgets/framework.dart:5841:16)
#787    StatefulElement.performRebuild (package:flutter/src/widgets/framework.dart:5982:11)
#788    Element.rebuild (package:flutter/src/widgets/framework.dart:5529:7)
#789    ComponentElement._firstBuild (package:flutter/src/widgets/framework.dart:5799:5)
#790    StatefulElement._firstBuild (package:flutter/src/widgets/framework.dart:5973:11)
#791    ComponentElement.mount (package:flutter/src/widgets/framework.dart:5793:5)
#792    Element.inflateWidget (package:flutter/src/widgets/framework.dart:4587:20)
#793    Element.updateChild (package:flutter/src/widgets/framework.dart:4059:18)
#794    ComponentElement.performRebuild (package:flutter/src/widgets/framework.dart:5841:16)
#795    StatefulElement.performRebuild (package:flutter/src/widgets/framework.dart:5982:11)
#796    Element.rebuild (package:flutter/src/widgets/framework.dart:5529:7)
#797    ComponentElement._firstBuild (package:flutter/src/widgets/framework.dart:5799:5)
#798    StatefulElement._firstBuild (package:flutter/src/widgets/framework.dart:5973:11)
#799    ComponentElement.mount (package:flutter/src/widgets/framework.dart:5793:5)
#800    Element.inflateWidget (package:flutter/src/widgets/framework.dart:4587:20)
#801    Element.updateChild (package:flutter/src/widgets/framework.dart:4059:18)
#802    ComponentElement.performRebuild (package:flutter/src/widgets/framework.dart:5841:16)
#803    Element.rebuild (package:flutter/src/widgets/framework.dart:5529:7)
#804    ComponentElement._firstBuild (package:flutter/src/widgets/framework.dart:5799:5)
#805    ComponentElement.mount (package:flutter/src/widgets/framework.dart:5793:5)
#806    Element.inflateWidget (package:flutter/src/widgets/framework.dart:4587:20)
#807    Element.updateChild (package:flutter/src/widgets/framework.dart:4059:18)
#808    ComponentElement.performRebuild (package:flutter/src/widgets/framework.dart:5841:16)
#809    Element.rebuild (package:flutter/src/widgets/framework.dart:5529:7)
#810    ComponentElement._firstBuild (package:flutter/src/widgets/framework.dart:5799:5)
#811    ComponentElement.mount (package:flutter/src/widgets/framework.dart:5793:5)
#812    Element.inflateWidget (package:flutter/src/widgets/framework.dart:4587:20)
#813    Element.updateChild (package:flutter/src/widgets/framework.dart:4059:18)
#814    ComponentElement.performRebuild (package:flutter/src/widgets/framework.dart:5841:16)
#815    StatefulElement.performRebuild (package:flutter/src/widgets/framework.dart:5982:11)
#816    Element.rebuild (package:flutter/src/widgets/framework.dart:5529:7)
#817    ComponentElement._firstBuild (package:flutter/src/widgets/framework.dart:5799:5)
#818    StatefulElement._firstBuild (package:flutter/src/widgets/framework.dart:5973:11)
#819    ComponentElement.mount (package:flutter/src/widgets/framework.dart:5793:5)
#820    Element.inflateWidget (package:flutter/src/widgets/framework.dart:4587:20)
#821    Element.updateChild (package:flutter/src/widgets/framework.dart:4059:18)
#822    ComponentElement.performRebuild (package:flutter/src/widgets/framework.dart:5841:16)
00:14 +284 -4: C:/Users/andrvoicu/Desktop/repos/collectarr-app/test/features/library/detail/video_detail_page_test.dart: release browser explains when core has no releases yet
WARNING (drift): It looks like you've created the database class LocalDatabase multiple times. When these two databases use the same QueryExecutor, race conditions will occur and might corrupt the database. 
00:14 +284 -4: C:/Users/andrvoicu/Desktop/repos/collectarr-app/test/features/library/add/library_add_dialog_test.dart: movie add dialog exposes physical format edition data
#823    Element.rebuild (package:flutter/src/widgets/framework.dart:5529:7)
00:14 +284 -4: C:/Users/andrvoicu/Desktop/repos/collectarr-app/test/features/library/detail/video_detail_page_test.dart: release browser explains when core has no releases yet
Try to follow the advice at https://drift.simonbinder.eu/faq/#using-the-database or, if you know what you're doing, set driftRuntimeOptions.dontWarnAboutMultipleDatabases = true
00:14 +284 -4: C:/Users/andrvoicu/Desktop/repos/collectarr-app/test/features/library/add/library_add_dialog_test.dart: movie add dialog exposes physical format edition data
#824    ComponentElement._firstBuild (package:flutter/src/widgets/framework.dart:5799:5)
#825    ComponentElement.mount (package:flutter/src/widgets/framework.dart:5793:5)
#826    Element.inflateWidget (package:flutter/src/widgets/framework.dart:4587:20)
00:14 +284 -4: C:/Users/andrvoicu/Desktop/repos/collectarr-app/test/features/library/detail/video_detail_page_test.dart: release browser explains when core has no releases yet
Here is the stacktrace from when the database was opened a second time:
00:14 +284 -4: C:/Users/andrvoicu/Desktop/repos/collectarr-app/test/features/library/add/library_add_dialog_test.dart: movie add dialog exposes physical format edition data
#827    Element.updateChild (package:flutter/src/widgets/framework.dart:4059:18)
00:14 +284 -4: C:/Users/andrvoicu/Desktop/repos/collectarr-app/test/features/library/detail/video_detail_page_test.dart: release browser explains when core has no releases yet
#0      GeneratedDatabase._handleInstantiated (package:drift/src/runtime/api/db_base.dart:96:30)
00:14 +284 -4: C:/Users/andrvoicu/Desktop/repos/collectarr-app/test/features/library/add/library_add_dialog_test.dart: movie add dialog exposes physical format edition data
#828    ComponentElement.performRebuild (package:flutter/src/widgets/framework.dart:5841:16)
00:14 +284 -4: C:/Users/andrvoicu/Desktop/repos/collectarr-app/test/features/library/detail/video_detail_page_test.dart: release browser explains when core has no releases yet
#1      GeneratedDatabase._whenConstructed (package:drift/src/runtime/api/db_base.dart:73:12)
00:14 +284 -4: C:/Users/andrvoicu/Desktop/repos/collectarr-app/test/features/library/add/library_add_dialog_test.dart: movie add dialog exposes physical format edition data
#829    StatefulElement.performRebuild (package:flutter/src/widgets/framework.dart:5982:11)
00:14 +284 -4: C:/Users/andrvoicu/Desktop/repos/collectarr-app/test/features/library/detail/video_detail_page_test.dart: release browser explains when core has no releases yet
#2      new GeneratedDatabase (package:drift/src/runtime/api/db_base.dart:64:5)
00:14 +284 -4: C:/Users/andrvoicu/Desktop/repos/collectarr-app/test/features/library/add/library_add_dialog_test.dart: movie add dialog exposes physical format edition data
#830    Element.rebuild (package:flutter/src/widgets/framework.dart:5529:7)
00:14 +284 -4: C:/Users/andrvoicu/Desktop/repos/collectarr-app/test/features/library/detail/video_detail_page_test.dart: release browser explains when core has no releases yet
#3      new _$LocalDatabase (package:collectarr_app/core/db/local_database.g.dart:12351:38)
00:14 +284 -4: C:/Users/andrvoicu/Desktop/repos/collectarr-app/test/features/library/add/library_add_dialog_test.dart: movie add dialog exposes physical format edition data
#831    ComponentElement._firstBuild (package:flutter/src/widgets/framework.dart:5799:5)
#832    StatefulElement._firstBuild (package:flutter/src/widgets/framework.dart:5973:11)
00:14 +284 -4: C:/Users/andrvoicu/Desktop/repos/collectarr-app/test/features/library/detail/video_detail_page_test.dart: release browser explains when core has no releases yet
#4      new LocalDatabase (package:collectarr_app/core/db/local_database.dart:387:9)
00:14 +284 -4: C:/Users/andrvoicu/Desktop/repos/collectarr-app/test/features/library/add/library_add_dialog_test.dart: movie add dialog exposes physical format edition data
#833    ComponentElement.mount (package:flutter/src/widgets/framework.dart:5793:5)
#834    Element.inflateWidget (package:flutter/src/widgets/framework.dart:4587:20)
00:14 +284 -4: C:/Users/andrvoicu/Desktop/repos/collectarr-app/test/features/library/detail/video_detail_page_test.dart: release browser explains when core has no releases yet
#5      localDatabaseProvider.<anonymous closure> (package:collectarr_app/state/local_database_provider.dart:5:14)
00:14 +284 -4: C:/Users/andrvoicu/Desktop/repos/collectarr-app/test/features/library/add/library_add_dialog_test.dart: movie add dialog exposes physical format edition data
#835    Element.updateChild (package:flutter/src/widgets/framework.dart:4059:18)
00:14 +284 -4: C:/Users/andrvoicu/Desktop/repos/collectarr-app/test/features/library/detail/video_detail_page_test.dart: release browser explains when core has no releases yet
#6      Provider.create (package:riverpod/src/providers/provider.dart:59:36)
00:14 +284 -4: C:/Users/andrvoicu/Desktop/repos/collectarr-app/test/features/library/add/library_add_dialog_test.dart: movie add dialog exposes physical format edition data
#836    ComponentElement.performRebuild (package:flutter/src/widgets/framework.dart:5841:16)
#837    Element.rebuild (package:flutter/src/widgets/framework.dart:5529:7)
00:14 +284 -4: C:/Users/andrvoicu/Desktop/repos/collectarr-app/test/features/library/detail/video_detail_page_test.dart: release browser explains when core has no releases yet
#7      $ProviderElement.create (package:riverpod/src/providers/provider.dart:343:32)
00:14 +284 -4: C:/Users/andrvoicu/Desktop/repos/collectarr-app/test/features/library/add/library_add_dialog_test.dart: movie add dialog exposes physical format edition data
#838    ComponentElement._firstBuild (package:flutter/src/widgets/framework.dart:5799:5)
#839    ComponentElement.mount (package:flutter/src/widgets/framework.dart:5793:5)
00:14 +284 -4: C:/Users/andrvoicu/Desktop/repos/collectarr-app/test/features/library/detail/video_detail_page_test.dart: release browser explains when core has no releases yet
#8      ProviderElement.buildState (package:riverpod/src/core/element.dart:684:28)
00:14 +284 -4: C:/Users/andrvoicu/Desktop/repos/collectarr-app/test/features/library/add/library_add_dialog_test.dart: movie add dialog exposes physical format edition data
#840    Element.inflateWidget (package:flutter/src/widgets/framework.dart:4587:20)
#841    Element.updateChild (package:flutter/src/widgets/framework.dart:4059:18)
00:14 +284 -4: C:/Users/andrvoicu/Desktop/repos/collectarr-app/test/features/library/detail/video_detail_page_test.dart: release browser explains when core has no releases yet
#9      ProviderElement.mount (package:riverpod/src/core/element.dart:537:7)
#10     ProviderElement.flush (package:riverpod/src/core/element.dart:640:7)
00:14 +284 -4: C:/Users/andrvoicu/Desktop/repos/collectarr-app/test/features/library/add/library_add_dialog_test.dart: movie add dialog exposes physical format edition data
#842    ComponentElement.performRebuild (package:flutter/src/widgets/framework.dart:5841:16)
00:14 +284 -4: C:/Users/andrvoicu/Desktop/repos/collectarr-app/test/features/library/detail/video_detail_page_test.dart: release browser explains when core has no releases yet
#11     $ProviderBaseImpl._addListener (package:riverpod/src/core/provider/provider.dart:119:24)
#12     ProviderContainer.listen (package:riverpod/src/core/provider_container.dart:960:26)
00:14 +284 -4: C:/Users/andrvoicu/Desktop/repos/collectarr-app/test/features/library/add/library_add_dialog_test.dart: movie add dialog exposes physical format edition data
#843    StatefulElement.performRebuild (package:flutter/src/widgets/framework.dart:5982:11)
00:14 +284 -4: C:/Users/andrvoicu/Desktop/repos/collectarr-app/test/features/library/detail/video_detail_page_test.dart: release browser explains when core has no releases yet
#13     ConsumerStatefulElement.watch.<anonymous closure> (package:flutter_riverpod/src/core/consumer.dart:475:37)
00:14 +284 -4: C:/Users/andrvoicu/Desktop/repos/collectarr-app/test/features/library/add/library_add_dialog_test.dart: movie add dialog exposes physical format edition data
#844    Element.rebuild (package:flutter/src/widgets/framework.dart:5529:7)
00:14 +284 -4: C:/Users/andrvoicu/Desktop/repos/collectarr-app/test/features/library/detail/video_detail_page_test.dart: release browser explains when core has no releases yet
#14     _LinkedHashMapMixin.putIfAbsent (dart:_compact_hash:682:23)
00:14 +284 -4: C:/Users/andrvoicu/Desktop/repos/collectarr-app/test/features/library/add/library_add_dialog_test.dart: movie add dialog exposes physical format edition data
#845    ComponentElement._firstBuild (package:flutter/src/widgets/framework.dart:5799:5)
00:14 +284 -4: C:/Users/andrvoicu/Desktop/repos/collectarr-app/test/features/library/detail/video_detail_page_test.dart: release browser explains when core has no releases yet
#15     ConsumerStatefulElement.watch (package:flutter_riverpod/src/core/consumer.dart:468:14)
#16     LibraryDetailHero.build.<anonymous closure>.<anonymous closure> (package:collectarr_app/features/library/detail/library_detail_hero.dart:65:32)
00:14 +284 -4: C:/Users/andrvoicu/Desktop/repos/collectarr-app/test/features/library/add/library_add_dialog_test.dart: movie add dialog exposes physical format edition data
#846    StatefulElement._firstBuild (package:flutter/src/widgets/framework.dart:5973:11)
00:14 +284 -4: C:/Users/andrvoicu/Desktop/repos/collectarr-app/test/features/library/detail/video_detail_page_test.dart: release browser explains when core has no releases yet
#17     Consumer.build (package:flutter_riverpod/src/core/consumer.dart:182:19)
00:14 +284 -4: C:/Users/andrvoicu/Desktop/repos/collectarr-app/test/features/library/add/library_add_dialog_test.dart: movie add dialog exposes physical format edition data
#847    ComponentElement.mount (package:flutter/src/widgets/framework.dart:5793:5)
00:14 +284 -4: C:/Users/andrvoicu/Desktop/repos/collectarr-app/test/features/library/detail/video_detail_page_test.dart: release browser explains when core has no releases yet
#18     _ConsumerState.build (package:flutter_riverpod/src/core/consumer.dart:283:48)
00:14 +284 -4: C:/Users/andrvoicu/Desktop/repos/collectarr-app/test/features/library/add/library_add_dialog_test.dart: movie add dialog exposes physical format edition data
#848    Element.inflateWidget (package:flutter/src/widgets/framework.dart:4587:20)
#849    Element.updateChild (package:flutter/src/widgets/framework.dart:4059:18)
00:14 +284 -4: C:/Users/andrvoicu/Desktop/repos/collectarr-app/test/features/library/detail/video_detail_page_test.dart: release browser explains when core has no releases yet
#19     StatefulElement.build (package:flutter/src/widgets/framework.dart:5931:27)
00:14 +284 -4: C:/Users/andrvoicu/Desktop/repos/collectarr-app/test/features/library/add/library_add_dialog_test.dart: movie add dialog exposes physical format edition data
#850    ComponentElement.performRebuild (package:flutter/src/widgets/framework.dart:5841:16)
00:14 +284 -4: C:/Users/andrvoicu/Desktop/repos/collectarr-app/test/features/library/detail/video_detail_page_test.dart: release browser explains when core has no releases yet
#20     ConsumerStatefulElement.build (package:flutter_riverpod/src/core/consumer.dart:445:20)
00:14 +284 -4: C:/Users/andrvoicu/Desktop/repos/collectarr-app/test/features/library/add/library_add_dialog_test.dart: movie add dialog exposes physical format edition data
#851    StatefulElement.performRebuild (package:flutter/src/widgets/framework.dart:5982:11)
#852    Element.rebuild (package:flutter/src/widgets/framework.dart:5529:7)
00:14 +284 -4: C:/Users/andrvoicu/Desktop/repos/collectarr-app/test/features/library/detail/video_detail_page_test.dart: release browser explains when core has no releases yet
#21     ComponentElement.performRebuild (package:flutter/src/widgets/framework.dart:5817:15)
00:14 +284 -4: C:/Users/andrvoicu/Desktop/repos/collectarr-app/test/features/library/add/library_add_dialog_test.dart: movie add dialog exposes physical format edition data
#853    ComponentElement._firstBuild (package:flutter/src/widgets/framework.dart:5799:5)
00:14 +284 -4: C:/Users/andrvoicu/Desktop/repos/collectarr-app/test/features/library/detail/video_detail_page_test.dart: release browser explains when core has no releases yet
#22     StatefulElement.performRebuild (package:flutter/src/widgets/framework.dart:5982:11)
00:14 +284 -4: C:/Users/andrvoicu/Desktop/repos/collectarr-app/test/features/library/add/library_add_dialog_test.dart: movie add dialog exposes physical format edition data
#854    StatefulElement._firstBuild (package:flutter/src/widgets/framework.dart:5973:11)
#855    ComponentElement.mount (package:flutter/src/widgets/framework.dart:5793:5)
00:14 +284 -4: C:/Users/andrvoicu/Desktop/repos/collectarr-app/test/features/library/detail/video_detail_page_test.dart: release browser explains when core has no releases yet
#23     Element.rebuild (package:flutter/src/widgets/framework.dart:5529:7)
00:14 +284 -4: C:/Users/andrvoicu/Desktop/repos/collectarr-app/test/features/library/add/library_add_dialog_test.dart: movie add dialog exposes physical format edition data
#856    Element.inflateWidget (package:flutter/src/widgets/framework.dart:4587:20)
00:14 +284 -4: C:/Users/andrvoicu/Desktop/repos/collectarr-app/test/features/library/detail/video_detail_page_test.dart: release browser explains when core has no releases yet
#24     ComponentElement._firstBuild (package:flutter/src/widgets/framework.dart:5799:5)
00:14 +284 -4: C:/Users/andrvoicu/Desktop/repos/collectarr-app/test/features/library/add/library_add_dialog_test.dart: movie add dialog exposes physical format edition data
#857    Element.updateChild (package:flutter/src/widgets/framework.dart:4059:18)
00:14 +284 -4: C:/Users/andrvoicu/Desktop/repos/collectarr-app/test/features/library/detail/video_detail_page_test.dart: release browser explains when core has no releases yet
#25     StatefulElement._firstBuild (package:flutter/src/widgets/framework.dart:5973:11)
00:14 +284 -4: C:/Users/andrvoicu/Desktop/repos/collectarr-app/test/features/library/add/library_add_dialog_test.dart: movie add dialog exposes physical format edition data
#858    ComponentElement.performRebuild (package:flutter/src/widgets/framework.dart:5841:16)
00:14 +284 -4: C:/Users/andrvoicu/Desktop/repos/collectarr-app/test/features/library/detail/video_detail_page_test.dart: release browser explains when core has no releases yet
#26     ComponentElement.mount (package:flutter/src/widgets/framework.dart:5793:5)
00:14 +284 -4: C:/Users/andrvoicu/Desktop/repos/collectarr-app/test/features/library/add/library_add_dialog_test.dart: movie add dialog exposes physical format edition data
#859    Element.rebuild (package:flutter/src/widgets/framework.dart:5529:7)
#860    ComponentElement._firstBuild (package:flutter/src/widgets/framework.dart:5799:5)
00:14 +284 -4: C:/Users/andrvoicu/Desktop/repos/collectarr-app/test/features/library/detail/video_detail_page_test.dart: release browser explains when core has no releases yet
#27     Element.inflateWidget (package:flutter/src/widgets/framework.dart:4587:20)
00:14 +284 -4: C:/Users/andrvoicu/Desktop/repos/collectarr-app/test/features/library/add/library_add_dialog_test.dart: movie add dialog exposes physical format edition data
#861    ComponentElement.mount (package:flutter/src/widgets/framework.dart:5793:5)
00:14 +284 -4: C:/Users/andrvoicu/Desktop/repos/collectarr-app/test/features/library/detail/video_detail_page_test.dart: release browser explains when core has no releases yet
#28     MultiChildRenderObjectElement.inflateWidget (package:flutter/src/widgets/framework.dart:7264:36)
00:14 +284 -4: C:/Users/andrvoicu/Desktop/repos/collectarr-app/test/features/library/add/library_add_dialog_test.dart: movie add dialog exposes physical format edition data
#862    Element.inflateWidget (package:flutter/src/widgets/framework.dart:4587:20)
00:14 +284 -4: C:/Users/andrvoicu/Desktop/repos/collectarr-app/test/features/library/detail/video_detail_page_test.dart: release browser explains when core has no releases yet
#29     MultiChildRenderObjectElement.mount (package:flutter/src/widgets/framework.dart:7279:32)
00:14 +284 -4: C:/Users/andrvoicu/Desktop/repos/collectarr-app/test/features/library/add/library_add_dialog_test.dart: movie add dialog exposes physical format edition data
#863    Element.updateChild (package:flutter/src/widgets/framework.dart:4059:18)
00:14 +284 -4: C:/Users/andrvoicu/Desktop/repos/collectarr-app/test/features/library/detail/video_detail_page_test.dart: release browser explains when core has no releases yet
#30     Element.inflateWidget (package:flutter/src/widgets/framework.dart:4587:20)
#31     Element.updateChild (package:flutter/src/widgets/framework.dart:4059:18)
00:14 +284 -4: C:/Users/andrvoicu/Desktop/repos/collectarr-app/test/features/library/add/library_add_dialog_test.dart: movie add dialog exposes physical format edition data
#864    ComponentElement.performRebuild (package:flutter/src/widgets/framework.dart:5841:16)
00:14 +284 -4: C:/Users/andrvoicu/Desktop/repos/collectarr-app/test/features/library/detail/video_detail_page_test.dart: release browser explains when core has no releases yet
#32     _LayoutBuilderElement._rebuildWithConstraints.updateChildCallback (package:flutter/src/widgets/layout_builder.dart:247:18)
00:14 +284 -4: C:/Users/andrvoicu/Desktop/repos/collectarr-app/test/features/library/add/library_add_dialog_test.dart: movie add dialog exposes physical format edition data
#865    Element.rebuild (package:flutter/src/widgets/framework.dart:5529:7)
00:14 +284 -4: C:/Users/andrvoicu/Desktop/repos/collectarr-app/test/features/library/detail/video_detail_page_test.dart: release browser explains when core has no releases yet
#33     BuildOwner.buildScope (package:flutter/src/widgets/framework.dart:3101:19)
00:14 +284 -4: C:/Users/andrvoicu/Desktop/repos/collectarr-app/test/features/library/add/library_add_dialog_test.dart: movie add dialog exposes physical format edition data
#866    ComponentElement._firstBuild (package:flutter/src/widgets/framework.dart:5799:5)
00:14 +284 -4: C:/Users/andrvoicu/Desktop/repos/collectarr-app/test/features/library/detail/video_detail_page_test.dart: release browser explains when core has no releases yet
#34     _LayoutBuilderElement._rebuildWithConstraints (package:flutter/src/widgets/layout_builder.dart:270:12)
00:14 +284 -4: C:/Users/andrvoicu/Desktop/repos/collectarr-app/test/features/library/add/library_add_dialog_test.dart: movie add dialog exposes physical format edition data
#867    ComponentElement.mount (package:flutter/src/widgets/framework.dart:5793:5)
#868    Element.inflateWidget (package:flutter/src/widgets/framework.dart:4587:20)
00:14 +284 -4: C:/Users/andrvoicu/Desktop/repos/collectarr-app/test/features/library/detail/video_detail_page_test.dart: release browser explains when core has no releases yet
#35     RenderAbstractLayoutBuilderMixin.layoutCallback (package:flutter/src/widgets/layout_builder.dart:333:38)
00:14 +284 -4: C:/Users/andrvoicu/Desktop/repos/collectarr-app/test/features/library/add/library_add_dialog_test.dart: movie add dialog exposes physical format edition data
#869    Element.updateChild (package:flutter/src/widgets/framework.dart:4059:18)
00:14 +284 -4: C:/Users/andrvoicu/Desktop/repos/collectarr-app/test/features/library/detail/video_detail_page_test.dart: release browser explains when core has no releases yet
#36     RenderObjectWithLayoutCallbackMixin.runLayoutCallback.<anonymous closure> (package:flutter/src/rendering/object.dart:4302:33)
00:14 +284 -4: C:/Users/andrvoicu/Desktop/repos/collectarr-app/test/features/library/add/library_add_dialog_test.dart: movie add dialog exposes physical format edition data
#870    ComponentElement.performRebuild (package:flutter/src/widgets/framework.dart:5841:16)
00:14 +284 -4: C:/Users/andrvoicu/Desktop/repos/collectarr-app/test/features/library/detail/video_detail_page_test.dart: release browser explains when core has no releases yet
#37     RenderObject.invokeLayoutCallback.<anonymous closure> (package:flutter/src/rendering/object.dart:3026:17)
#38     PipelineOwner._enableMutationsToDirtySubtrees (package:flutter/src/rendering/object.dart:1223:15)
00:14 +284 -4: C:/Users/andrvoicu/Desktop/repos/collectarr-app/test/features/library/add/library_add_dialog_test.dart: movie add dialog exposes physical format edition data
#871    StatefulElement.performRebuild (package:flutter/src/widgets/framework.dart:5982:11)
00:14 +284 -4: C:/Users/andrvoicu/Desktop/repos/collectarr-app/test/features/library/detail/video_detail_page_test.dart: release browser explains when core has no releases yet
#39     RenderObject.invokeLayoutCallback (package:flutter/src/rendering/object.dart:3025:14)
00:14 +284 -4: C:/Users/andrvoicu/Desktop/repos/collectarr-app/test/features/library/add/library_add_dialog_test.dart: movie add dialog exposes physical format edition data
#872    Element.rebuild (package:flutter/src/widgets/framework.dart:5529:7)
00:14 +284 -4: C:/Users/andrvoicu/Desktop/repos/collectarr-app/test/features/library/detail/video_detail_page_test.dart: release browser explains when core has no releases yet
#40     RenderObjectWithLayoutCallbackMixin.runLayoutCallback (package:flutter/src/rendering/object.dart:4302:5)
00:14 +284 -4: C:/Users/andrvoicu/Desktop/repos/collectarr-app/test/features/library/add/library_add_dialog_test.dart: movie add dialog exposes physical format edition data
#873    ComponentElement._firstBuild (package:flutter/src/widgets/framework.dart:5799:5)
00:14 +284 -4: C:/Users/andrvoicu/Desktop/repos/collectarr-app/test/features/library/detail/video_detail_page_test.dart: release browser explains when core has no releases yet
#41     _RenderLayoutBuilder.performLayout (package:flutter/src/widgets/layout_builder.dart:447:5)
00:14 +284 -4: C:/Users/andrvoicu/Desktop/repos/collectarr-app/test/features/library/add/library_add_dialog_test.dart: movie add dialog exposes physical format edition data
#874    StatefulElement._firstBuild (package:flutter/src/widgets/framework.dart:5973:11)
00:14 +284 -4: C:/Users/andrvoicu/Desktop/repos/collectarr-app/test/features/library/detail/video_detail_page_test.dart: release browser explains when core has no releases yet
#42     RenderObject.layout (package:flutter/src/rendering/object.dart:2907:7)
00:14 +284 -4: C:/Users/andrvoicu/Desktop/repos/collectarr-app/test/features/library/add/library_add_dialog_test.dart: movie add dialog exposes physical format edition data
#875    ComponentElement.mount (package:flutter/src/widgets/framework.dart:5793:5)
00:14 +284 -4: C:/Users/andrvoicu/Desktop/repos/collectarr-app/test/features/library/detail/video_detail_page_test.dart: release browser explains when core has no releases yet
#43     RenderPadding.performLayout (package:flutter/src/rendering/shifted_box.dart:262:12)
00:14 +284 -4: C:/Users/andrvoicu/Desktop/repos/collectarr-app/test/features/library/add/library_add_dialog_test.dart: movie add dialog exposes physical format edition data
#876    Element.inflateWidget (package:flutter/src/widgets/framework.dart:4587:20)
00:14 +284 -4: C:/Users/andrvoicu/Desktop/repos/collectarr-app/test/features/library/detail/video_detail_page_test.dart: release browser explains when core has no releases yet
#44     RenderObject.layout (package:flutter/src/rendering/object.dart:2907:7)
00:14 +284 -4: C:/Users/andrvoicu/Desktop/repos/collectarr-app/test/features/library/add/library_add_dialog_test.dart: movie add dialog exposes physical format edition data
#877    Element.updateChild (package:flutter/src/widgets/framework.dart:4059:18)
#878    ComponentElement.performRebuild (package:flutter/src/widgets/framework.dart:5841:16)
00:14 +284 -4: C:/Users/andrvoicu/Desktop/repos/collectarr-app/test/features/library/detail/video_detail_page_test.dart: release browser explains when core has no releases yet
#45     RenderProxyBoxMixin.performLayout (package:flutter/src/rendering/proxy_box.dart:118:18)
00:14 +284 -4: C:/Users/andrvoicu/Desktop/repos/collectarr-app/test/features/library/add/library_add_dialog_test.dart: movie add dialog exposes physical format edition data
#879    Element.rebuild (package:flutter/src/widgets/framework.dart:5529:7)
00:14 +284 -4: C:/Users/andrvoicu/Desktop/repos/collectarr-app/test/features/library/detail/video_detail_page_test.dart: release browser explains when core has no releases yet
#46     RenderObject.layout (package:flutter/src/rendering/object.dart:2907:7)
#47     RenderProxyBoxMixin.performLayout (package:flutter/src/rendering/proxy_box.dart:118:18)
00:14 +284 -4: C:/Users/andrvoicu/Desktop/repos/collectarr-app/test/features/library/add/library_add_dialog_test.dart: movie add dialog exposes physical format edition data
#880    ComponentElement._firstBuild (package:flutter/src/widgets/framework.dart:5799:5)
00:14 +284 -4: C:/Users/andrvoicu/Desktop/repos/collectarr-app/test/features/library/detail/video_detail_page_test.dart: release browser explains when core has no releases yet
#48     RenderObject.layout (package:flutter/src/rendering/object.dart:2907:7)
00:14 +284 -4: C:/Users/andrvoicu/Desktop/repos/collectarr-app/test/features/library/add/library_add_dialog_test.dart: movie add dialog exposes physical format edition data
#881    ComponentElement.mount (package:flutter/src/widgets/framework.dart:5793:5)
00:14 +284 -4: C:/Users/andrvoicu/Desktop/repos/collectarr-app/test/features/library/detail/video_detail_page_test.dart: release browser explains when core has no releases yet
#49     RenderProxyBoxMixin.performLayout (package:flutter/src/rendering/proxy_box.dart:118:18)
#50     RenderObject.layout (package:flutter/src/rendering/object.dart:2907:7)
00:14 +284 -4: C:/Users/andrvoicu/Desktop/repos/collectarr-app/test/features/library/add/library_add_dialog_test.dart: movie add dialog exposes physical format edition data
#882    Element.inflateWidget (package:flutter/src/widgets/framework.dart:4587:20)
00:14 +284 -4: C:/Users/andrvoicu/Desktop/repos/collectarr-app/test/features/library/detail/video_detail_page_test.dart: release browser explains when core has no releases yet
#51     RenderSliverList.performLayout (package:flutter/src/rendering/sliver_list.dart:209:28)
#52     RenderObject.layout (package:flutter/src/rendering/object.dart:2907:7)
00:14 +284 -4: C:/Users/andrvoicu/Desktop/repos/collectarr-app/test/features/library/add/library_add_dialog_test.dart: movie add dialog exposes physical format edition data
#883    Element.updateChild (package:flutter/src/widgets/framework.dart:4059:18)
00:14 +284 -4: C:/Users/andrvoicu/Desktop/repos/collectarr-app/test/features/library/detail/video_detail_page_test.dart: release browser explains when core has no releases yet
#53     RenderSliverEdgeInsetsPadding.performLayout (package:flutter/src/rendering/sliver_padding.dart:133:12)
00:14 +284 -4: C:/Users/andrvoicu/Desktop/repos/collectarr-app/test/features/library/add/library_add_dialog_test.dart: movie add dialog exposes physical format edition data
#884    ComponentElement.performRebuild (package:flutter/src/widgets/framework.dart:5841:16)
00:14 +284 -4: C:/Users/andrvoicu/Desktop/repos/collectarr-app/test/features/library/detail/video_detail_page_test.dart: release browser explains when core has no releases yet
#54     RenderSliverPadding.performLayout (package:flutter/src/rendering/sliver_padding.dart:368:11)
#55     RenderObject.layout (package:flutter/src/rendering/object.dart:2907:7)
00:14 +284 -4: C:/Users/andrvoicu/Desktop/repos/collectarr-app/test/features/library/add/library_add_dialog_test.dart: movie add dialog exposes physical format edition data
#885    StatefulElement.performRebuild (package:flutter/src/widgets/framework.dart:5982:11)
00:14 +284 -4: C:/Users/andrvoicu/Desktop/repos/collectarr-app/test/features/library/detail/video_detail_page_test.dart: release browser explains when core has no releases yet
#56     RenderViewportBase.layoutChildSequence (package:flutter/src/rendering/viewport.dart:821:13)
#57     RenderViewport._attemptLayout (package:flutter/src/rendering/viewport.dart:1831:12)
#58     RenderViewport.performLayout (package:flutter/src/rendering/viewport.dart:1724:20)
00:14 +284 -4: C:/Users/andrvoicu/Desktop/repos/collectarr-app/test/features/library/add/library_add_dialog_test.dart: movie add dialog exposes physical format edition data
#886    Element.rebuild (package:flutter/src/widgets/framework.dart:5529:7)
00:14 +284 -4: C:/Users/andrvoicu/Desktop/repos/collectarr-app/test/features/library/detail/video_detail_page_test.dart: release browser explains when core has no releases yet
#59     RenderObject.layout (package:flutter/src/rendering/object.dart:2907:7)
00:14 +284 -4: C:/Users/andrvoicu/Desktop/repos/collectarr-app/test/features/library/add/library_add_dialog_test.dart: movie add dialog exposes physical format edition data
#887    ComponentElement._firstBuild (package:flutter/src/widgets/framework.dart:5799:5)
00:14 +284 -4: C:/Users/andrvoicu/Desktop/repos/collectarr-app/test/features/library/detail/video_detail_page_test.dart: release browser explains when core has no releases yet
#60     RenderProxyBoxMixin.performLayout (package:flutter/src/rendering/proxy_box.dart:118:18)
00:14 +284 -4: C:/Users/andrvoicu/Desktop/repos/collectarr-app/test/features/library/add/library_add_dialog_test.dart: movie add dialog exposes physical format edition data
#888    StatefulElement._firstBuild (package:flutter/src/widgets/framework.dart:5973:11)
00:14 +284 -4: C:/Users/andrvoicu/Desktop/repos/collectarr-app/test/features/library/detail/video_detail_page_test.dart: release browser explains when core has no releases yet
#61     RenderObject.layout (package:flutter/src/rendering/object.dart:2907:7)
00:14 +284 -4: C:/Users/andrvoicu/Desktop/repos/collectarr-app/test/features/library/add/library_add_dialog_test.dart: movie add dialog exposes physical format edition data
#889    ComponentElement.mount (package:flutter/src/widgets/framework.dart:5793:5)
00:14 +284 -4: C:/Users/andrvoicu/Desktop/repos/collectarr-app/test/features/library/detail/video_detail_page_test.dart: release browser explains when core has no releases yet
#62     RenderProxyBoxMixin.performLayout (package:flutter/src/rendering/proxy_box.dart:118:18)
00:14 +284 -4: C:/Users/andrvoicu/Desktop/repos/collectarr-app/test/features/library/add/library_add_dialog_test.dart: movie add dialog exposes physical format edition data
#890    Element.inflateWidget (package:flutter/src/widgets/framework.dart:4587:20)
00:14 +284 -4: C:/Users/andrvoicu/Desktop/repos/collectarr-app/test/features/library/detail/video_detail_page_test.dart: release browser explains when core has no releases yet
#63     RenderObject.layout (package:flutter/src/rendering/object.dart:2907:7)
00:14 +284 -4: C:/Users/andrvoicu/Desktop/repos/collectarr-app/test/features/library/add/library_add_dialog_test.dart: movie add dialog exposes physical format edition data
#891    Element.updateChild (package:flutter/src/widgets/framework.dart:4059:18)
00:14 +284 -4: C:/Users/andrvoicu/Desktop/repos/collectarr-app/test/features/library/detail/video_detail_page_test.dart: release browser explains when core has no releases yet
#64     RenderProxyBoxMixin.performLayout (package:flutter/src/rendering/proxy_box.dart:118:18)
00:14 +284 -4: C:/Users/andrvoicu/Desktop/repos/collectarr-app/test/features/library/add/library_add_dialog_test.dart: movie add dialog exposes physical format edition data
#892    ComponentElement.performRebuild (package:flutter/src/widgets/framework.dart:5841:16)
00:14 +284 -4: C:/Users/andrvoicu/Desktop/repos/collectarr-app/test/features/library/detail/video_detail_page_test.dart: release browser explains when core has no releases yet
#65     RenderObject.layout (package:flutter/src/rendering/object.dart:2907:7)
#66     RenderProxyBoxMixin.performLayout (package:flutter/src/rendering/proxy_box.dart:118:18)
#67     RenderObject.layout (package:flutter/src/rendering/object.dart:2907:7)
00:14 +284 -4: C:/Users/andrvoicu/Desktop/repos/collectarr-app/test/features/library/add/library_add_dialog_test.dart: movie add dialog exposes physical format edition data
#893    StatefulElement.performRebuild (package:flutter/src/widgets/framework.dart:5982:11)
00:14 +284 -4: C:/Users/andrvoicu/Desktop/repos/collectarr-app/test/features/library/detail/video_detail_page_test.dart: release browser explains when core has no releases yet
#68     RenderProxyBoxMixin.performLayout (package:flutter/src/rendering/proxy_box.dart:118:18)
00:14 +284 -4: C:/Users/andrvoicu/Desktop/repos/collectarr-app/test/features/library/add/library_add_dialog_test.dart: movie add dialog exposes physical format edition data
#894    Element.rebuild (package:flutter/src/widgets/framework.dart:5529:7)
00:14 +284 -4: C:/Users/andrvoicu/Desktop/repos/collectarr-app/test/features/library/detail/video_detail_page_test.dart: release browser explains when core has no releases yet
#69     RenderObject.layout (package:flutter/src/rendering/object.dart:2907:7)
#70     RenderProxyBoxMixin.performLayout (package:flutter/src/rendering/proxy_box.dart:118:18)
00:14 +284 -4: C:/Users/andrvoicu/Desktop/repos/collectarr-app/test/features/library/add/library_add_dialog_test.dart: movie add dialog exposes physical format edition data
#895    ComponentElement._firstBuild (package:flutter/src/widgets/framework.dart:5799:5)
#896    StatefulElement._firstBuild (package:flutter/src/widgets/framework.dart:5973:11)
00:14 +284 -4: C:/Users/andrvoicu/Desktop/repos/collectarr-app/test/features/library/detail/video_detail_page_test.dart: release browser explains when core has no releases yet
#71     RenderObject.layout (package:flutter/src/rendering/object.dart:2907:7)
00:14 +284 -4: C:/Users/andrvoicu/Desktop/repos/collectarr-app/test/features/library/add/library_add_dialog_test.dart: movie add dialog exposes physical format edition data
#897    ComponentElement.mount (package:flutter/src/widgets/framework.dart:5793:5)
00:14 +284 -4: C:/Users/andrvoicu/Desktop/repos/collectarr-app/test/features/library/detail/video_detail_page_test.dart: release browser explains when core has no releases yet
#72     RenderProxyBoxMixin.performLayout (package:flutter/src/rendering/proxy_box.dart:118:18)
#73     RenderObject.layout (package:flutter/src/rendering/object.dart:2907:7)
00:14 +284 -4: C:/Users/andrvoicu/Desktop/repos/collectarr-app/test/features/library/add/library_add_dialog_test.dart: movie add dialog exposes physical format edition data
#898    Element.inflateWidget (package:flutter/src/widgets/framework.dart:4587:20)
00:14 +284 -4: C:/Users/andrvoicu/Desktop/repos/collectarr-app/test/features/library/detail/video_detail_page_test.dart: release browser explains when core has no releases yet
#74     RenderProxyBoxMixin.performLayout (package:flutter/src/rendering/proxy_box.dart:118:18)
#75     _RenderCustomClip.performLayout (package:flutter/src/rendering/proxy_box.dart:1549:11)
00:14 +284 -4: C:/Users/andrvoicu/Desktop/repos/collectarr-app/test/features/library/add/library_add_dialog_test.dart: movie add dialog exposes physical format edition data
#899    Element.updateChild (package:flutter/src/widgets/framework.dart:4053:20)
00:14 +284 -4: C:/Users/andrvoicu/Desktop/repos/collectarr-app/test/features/library/detail/video_detail_page_test.dart: release browser explains when core has no releases yet
#76     RenderObject.layout (package:flutter/src/rendering/object.dart:2907:7)
00:14 +284 -4: C:/Users/andrvoicu/Desktop/repos/collectarr-app/test/features/library/add/library_add_dialog_test.dart: movie add dialog exposes physical format edition data
#900    ComponentElement.performRebuild (package:flutter/src/widgets/framework.dart:5841:16)
00:14 +284 -4: C:/Users/andrvoicu/Desktop/repos/collectarr-app/test/features/library/detail/video_detail_page_test.dart: release browser explains when core has no releases yet
#77     MultiChildLayoutDelegate.layoutChild (package:flutter/src/rendering/custom_layout.dart:180:12)
#78     _ScaffoldLayout.performLayout (package:flutter/src/material/scaffold.dart:1113:7)
00:14 +284 -4: C:/Users/andrvoicu/Desktop/repos/collectarr-app/test/features/library/add/library_add_dialog_test.dart: movie add dialog exposes physical format edition data
#901    Element.rebuild (package:flutter/src/widgets/framework.dart:5529:7)
00:14 +284 -4: C:/Users/andrvoicu/Desktop/repos/collectarr-app/test/features/library/detail/video_detail_page_test.dart: release browser explains when core has no releases yet
#79     MultiChildLayoutDelegate._callPerformLayout (package:flutter/src/rendering/custom_layout.dart:246:7)
#80     RenderCustomMultiChildLayoutBox.performLayout (package:flutter/src/rendering/custom_layout.dart:417:14)
00:14 +284 -4: C:/Users/andrvoicu/Desktop/repos/collectarr-app/test/features/library/add/library_add_dialog_test.dart: movie add dialog exposes physical format edition data
#902    ProxyElement.update (package:flutter/src/widgets/framework.dart:6149:5)
00:14 +284 -4: C:/Users/andrvoicu/Desktop/repos/collectarr-app/test/features/library/detail/video_detail_page_test.dart: release browser explains when core has no releases yet
#81     RenderObject.layout (package:flutter/src/rendering/object.dart:2907:7)
#82     RenderProxyBoxMixin.performLayout (package:flutter/src/rendering/proxy_box.dart:118:18)
00:14 +284 -4: C:/Users/andrvoicu/Desktop/repos/collectarr-app/test/features/library/add/library_add_dialog_test.dart: movie add dialog exposes physical format edition data
#903    _InheritedNotifierElement.update (package:flutter/src/widgets/inherited_notifier.dart:108:11)
00:14 +284 -4: C:/Users/andrvoicu/Desktop/repos/collectarr-app/test/features/library/detail/video_detail_page_test.dart: release browser explains when core has no releases yet
#83     RenderObject.layout (package:flutter/src/rendering/object.dart:2907:7)
00:14 +284 -4: C:/Users/andrvoicu/Desktop/repos/collectarr-app/test/features/library/add/library_add_dialog_test.dart: movie add dialog exposes physical format edition data
#904    Element.updateChild (package:flutter/src/widgets/framework.dart:4037:15)
00:14 +284 -4: C:/Users/andrvoicu/Desktop/repos/collectarr-app/test/features/library/detail/video_detail_page_test.dart: release browser explains when core has no releases yet
#84     RenderProxyBoxMixin.performLayout (package:flutter/src/rendering/proxy_box.dart:118:18)
00:14 +284 -4: C:/Users/andrvoicu/Desktop/repos/collectarr-app/test/features/library/add/library_add_dialog_test.dart: movie add dialog exposes physical format edition data
#905    ComponentElement.performRebuild (package:flutter/src/widgets/framework.dart:5841:16)
00:14 +284 -4: C:/Users/andrvoicu/Desktop/repos/collectarr-app/test/features/library/detail/video_detail_page_test.dart: release browser explains when core has no releases yet
#85     _RenderCustomClip.performLayout (package:flutter/src/rendering/proxy_box.dart:1549:11)
#86     RenderObject.layout (package:flutter/src/rendering/object.dart:2907:7)
00:14 +284 -4: C:/Users/andrvoicu/Desktop/repos/collectarr-app/test/features/library/add/library_add_dialog_test.dart: movie add dialog exposes physical format edition data
#906    StatefulElement.performRebuild (package:flutter/src/widgets/framework.dart:5982:11)
#907    Element.rebuild (package:flutter/src/widgets/framework.dart:5529:7)
00:14 +284 -4: C:/Users/andrvoicu/Desktop/repos/collectarr-app/test/features/library/detail/video_detail_page_test.dart: release browser explains when core has no releases yet
#87     RenderProxyBoxMixin.performLayout (package:flutter/src/rendering/proxy_box.dart:118:18)
00:14 +284 -4: C:/Users/andrvoicu/Desktop/repos/collectarr-app/test/features/library/add/library_add_dialog_test.dart: movie add dialog exposes physical format edition data
#908    StatefulElement.update (package:flutter/src/widgets/framework.dart:6007:5)
#909    Element.updateChild (package:flutter/src/widgets/framework.dart:4037:15)
00:14 +284 -4: C:/Users/andrvoicu/Desktop/repos/collectarr-app/test/features/library/detail/video_detail_page_test.dart: release browser explains when core has no releases yet
#88     RenderObject.layout (package:flutter/src/rendering/object.dart:2907:7)
00:14 +284 -4: C:/Users/andrvoicu/Desktop/repos/collectarr-app/test/features/library/add/library_add_dialog_test.dart: movie add dialog exposes physical format edition data
#910    ComponentElement.performRebuild (package:flutter/src/widgets/framework.dart:5841:16)
00:14 +284 -4: C:/Users/andrvoicu/Desktop/repos/collectarr-app/test/features/library/detail/video_detail_page_test.dart: release browser explains when core has no releases yet
#89     RenderProxyBoxMixin.performLayout (package:flutter/src/rendering/proxy_box.dart:118:18)
00:14 +284 -4: C:/Users/andrvoicu/Desktop/repos/collectarr-app/test/features/library/add/library_add_dialog_test.dart: movie add dialog exposes physical format edition data
#911    Element.rebuild (package:flutter/src/widgets/framework.dart:5529:7)
00:14 +284 -4: C:/Users/andrvoicu/Desktop/repos/collectarr-app/test/features/library/detail/video_detail_page_test.dart: release browser explains when core has no releases yet
#90     RenderObject.layout (package:flutter/src/rendering/object.dart:2907:7)
00:14 +284 -4: C:/Users/andrvoicu/Desktop/repos/collectarr-app/test/features/library/add/library_add_dialog_test.dart: movie add dialog exposes physical format edition data
#912    ProxyElement.update (package:flutter/src/widgets/framework.dart:6149:5)
00:14 +284 -4: C:/Users/andrvoicu/Desktop/repos/collectarr-app/test/features/library/detail/video_detail_page_test.dart: release browser explains when core has no releases yet
#91     RenderProxyBoxMixin.performLayout (package:flutter/src/rendering/proxy_box.dart:118:18)
00:14 +284 -4: C:/Users/andrvoicu/Desktop/repos/collectarr-app/test/features/library/add/library_add_dialog_test.dart: movie add dialog exposes physical format edition data
#913    _InheritedNotifierElement.update (package:flutter/src/widgets/inherited_notifier.dart:108:11)
00:14 +284 -4: C:/Users/andrvoicu/Desktop/repos/collectarr-app/test/features/library/detail/video_detail_page_test.dart: release browser explains when core has no releases yet
#92     RenderObject.layout (package:flutter/src/rendering/object.dart:2907:7)
00:14 +284 -4: C:/Users/andrvoicu/Desktop/repos/collectarr-app/test/features/library/add/library_add_dialog_test.dart: movie add dialog exposes physical format edition data
#914    Element.updateChild (package:flutter/src/widgets/framework.dart:4037:15)
00:14 +284 -4: C:/Users/andrvoicu/Desktop/repos/collectarr-app/test/features/library/detail/video_detail_page_test.dart: release browser explains when core has no releases yet
#93     RenderProxyBoxMixin.performLayout (package:flutter/src/rendering/proxy_box.dart:118:18)
00:14 +284 -4: C:/Users/andrvoicu/Desktop/repos/collectarr-app/test/features/library/add/library_add_dialog_test.dart: movie add dialog exposes physical format edition data
#915    ComponentElement.performRebuild (package:flutter/src/widgets/framework.dart:5841:16)
#916    StatefulElement.performRebuild (package:flutter/src/widgets/framework.dart:5982:11)
00:14 +284 -4: C:/Users/andrvoicu/Desktop/repos/collectarr-app/test/features/library/detail/video_detail_page_test.dart: release browser explains when core has no releases yet
#94     RenderObject.layout (package:flutter/src/rendering/object.dart:2907:7)
00:14 +284 -4: C:/Users/andrvoicu/Desktop/repos/collectarr-app/test/features/library/add/library_add_dialog_test.dart: movie add dialog exposes physical format edition data
#917    Element.rebuild (package:flutter/src/widgets/framework.dart:5529:7)
00:14 +284 -4: C:/Users/andrvoicu/Desktop/repos/collectarr-app/test/features/library/detail/video_detail_page_test.dart: release browser explains when core has no releases yet
#95     RenderProxyBoxMixin.performLayout (package:flutter/src/rendering/proxy_box.dart:118:18)
00:14 +284 -4: C:/Users/andrvoicu/Desktop/repos/collectarr-app/test/features/library/add/library_add_dialog_test.dart: movie add dialog exposes physical format edition data
#918    StatefulElement.update (package:flutter/src/widgets/framework.dart:6007:5)
#919    Element.updateChild (package:flutter/src/widgets/framework.dart:4037:15)
00:14 +284 -4: C:/Users/andrvoicu/Desktop/repos/collectarr-app/test/features/library/detail/video_detail_page_test.dart: release browser explains when core has no releases yet
#96     RenderObject.layout (package:flutter/src/rendering/object.dart:2907:7)
00:14 +284 -4: C:/Users/andrvoicu/Desktop/repos/collectarr-app/test/features/library/add/library_add_dialog_test.dart: movie add dialog exposes physical format edition data
#920    ComponentElement.performRebuild (package:flutter/src/widgets/framework.dart:5841:16)
00:14 +284 -4: C:/Users/andrvoicu/Desktop/repos/collectarr-app/test/features/library/detail/video_detail_page_test.dart: release browser explains when core has no releases yet
#97     RenderProxyBoxMixin.performLayout (package:flutter/src/rendering/proxy_box.dart:118:18)
00:14 +284 -4: C:/Users/andrvoicu/Desktop/repos/collectarr-app/test/features/library/add/library_add_dialog_test.dart: movie add dialog exposes physical format edition data
#921    StatefulElement.performRebuild (package:flutter/src/widgets/framework.dart:5982:11)
00:14 +284 -4: C:/Users/andrvoicu/Desktop/repos/collectarr-app/test/features/library/detail/video_detail_page_test.dart: release browser explains when core has no releases yet
#98     RenderObject.layout (package:flutter/src/rendering/object.dart:2907:7)
00:14 +284 -4: C:/Users/andrvoicu/Desktop/repos/collectarr-app/test/features/library/add/library_add_dialog_test.dart: movie add dialog exposes physical format edition data
#922    Element.rebuild (package:flutter/src/widgets/framework.dart:5529:7)
00:14 +284 -4: C:/Users/andrvoicu/Desktop/repos/collectarr-app/test/features/library/detail/video_detail_page_test.dart: release browser explains when core has no releases yet
#99     RenderProxyBoxMixin.performLayout (package:flutter/src/rendering/proxy_box.dart:118:18)
00:14 +284 -4: C:/Users/andrvoicu/Desktop/repos/collectarr-app/test/features/library/add/library_add_dialog_test.dart: movie add dialog exposes physical format edition data
#923    StatefulElement.update (package:flutter/src/widgets/framework.dart:6007:5)
00:14 +284 -4: C:/Users/andrvoicu/Desktop/repos/collectarr-app/test/features/library/detail/video_detail_page_test.dart: release browser explains when core has no releases yet
#100    RenderObject.layout (package:flutter/src/rendering/object.dart:2907:7)
00:14 +284 -4: C:/Users/andrvoicu/Desktop/repos/collectarr-app/test/features/library/add/library_add_dialog_test.dart: movie add dialog exposes physical format edition data
#924    Element.updateChild (package:flutter/src/widgets/framework.dart:4037:15)
00:14 +284 -4: C:/Users/andrvoicu/Desktop/repos/collectarr-app/test/features/library/detail/video_detail_page_test.dart: release browser explains when core has no releases yet
#101    RenderProxyBoxMixin.performLayout (package:flutter/src/rendering/proxy_box.dart:118:18)
00:14 +284 -4: C:/Users/andrvoicu/Desktop/repos/collectarr-app/test/features/library/add/library_add_dialog_test.dart: movie add dialog exposes physical format edition data
#925    ComponentElement.performRebuild (package:flutter/src/widgets/framework.dart:5841:16)
00:14 +284 -4: C:/Users/andrvoicu/Desktop/repos/collectarr-app/test/features/library/detail/video_detail_page_test.dart: release browser explains when core has no releases yet
#102    RenderObject.layout (package:flutter/src/rendering/object.dart:2907:7)
00:14 +284 -4: C:/Users/andrvoicu/Desktop/repos/collectarr-app/test/features/library/add/library_add_dialog_test.dart: movie add dialog exposes physical format edition data
#926    Element.rebuild (package:flutter/src/widgets/framework.dart:5529:7)
#927    ProxyElement.update (package:flutter/src/widgets/framework.dart:6149:5)
00:14 +284 -4: C:/Users/andrvoicu/Desktop/repos/collectarr-app/test/features/library/detail/video_detail_page_test.dart: release browser explains when core has no releases yet
#103    RenderProxyBoxMixin.performLayout (package:flutter/src/rendering/proxy_box.dart:118:18)
00:14 +284 -4: C:/Users/andrvoicu/Desktop/repos/collectarr-app/test/features/library/add/library_add_dialog_test.dart: movie add dialog exposes physical format edition data
#928    Element.updateChild (package:flutter/src/widgets/framework.dart:4037:15)
00:14 +284 -4: C:/Users/andrvoicu/Desktop/repos/collectarr-app/test/features/library/detail/video_detail_page_test.dart: release browser explains when core has no releases yet
#104    RenderObject.layout (package:flutter/src/rendering/object.dart:2907:7)
00:14 +284 -4: C:/Users/andrvoicu/Desktop/repos/collectarr-app/test/features/library/add/library_add_dialog_test.dart: movie add dialog exposes physical format edition data
#929    ComponentElement.performRebuild (package:flutter/src/widgets/framework.dart:5841:16)
00:14 +284 -4: C:/Users/andrvoicu/Desktop/repos/collectarr-app/test/features/library/detail/video_detail_page_test.dart: release browser explains when core has no releases yet
#105    RenderProxyBoxMixin.performLayout (package:flutter/src/rendering/proxy_box.dart:118:18)
00:14 +284 -4: C:/Users/andrvoicu/Desktop/repos/collectarr-app/test/features/library/add/library_add_dialog_test.dart: movie add dialog exposes physical format edition data
#930    StatefulElement.performRebuild (package:flutter/src/widgets/framework.dart:5982:11)
#931    Element.rebuild (package:flutter/src/widgets/framework.dart:5529:7)
00:14 +284 -4: C:/Users/andrvoicu/Desktop/repos/collectarr-app/test/features/library/detail/video_detail_page_test.dart: release browser explains when core has no releases yet
#106    RenderObject.layout (package:flutter/src/rendering/object.dart:2907:7)
#107    RenderProxyBoxMixin.performLayout (package:flutter/src/rendering/proxy_box.dart:118:18)
00:14 +284 -4: C:/Users/andrvoicu/Desktop/repos/collectarr-app/test/features/library/add/library_add_dialog_test.dart: movie add dialog exposes physical format edition data
#932    StatefulElement.update (package:flutter/src/widgets/framework.dart:6007:5)
#933    Element.updateChild (package:flutter/src/widgets/framework.dart:4037:15)
00:14 +284 -4: C:/Users/andrvoicu/Desktop/repos/collectarr-app/test/features/library/detail/video_detail_page_test.dart: release browser explains when core has no releases yet
#108    RenderObject.layout (package:flutter/src/rendering/object.dart:2907:7)
00:14 +284 -4: C:/Users/andrvoicu/Desktop/repos/collectarr-app/test/features/library/add/library_add_dialog_test.dart: movie add dialog exposes physical format edition data
#934    ComponentElement.performRebuild (package:flutter/src/widgets/framework.dart:5841:16)
00:14 +284 -4: C:/Users/andrvoicu/Desktop/repos/collectarr-app/test/features/library/detail/video_detail_page_test.dart: release browser explains when core has no releases yet
#109    RenderProxyBoxMixin.performLayout (package:flutter/src/rendering/proxy_box.dart:118:18)
00:14 +284 -4: C:/Users/andrvoicu/Desktop/repos/collectarr-app/test/features/library/add/library_add_dialog_test.dart: movie add dialog exposes physical format edition data
#935    Element.rebuild (package:flutter/src/widgets/framework.dart:5529:7)
00:14 +284 -4: C:/Users/andrvoicu/Desktop/repos/collectarr-app/test/features/library/detail/video_detail_page_test.dart: release browser explains when core has no releases yet
#110    RenderObject.layout (package:flutter/src/rendering/object.dart:2907:7)
00:14 +284 -4: C:/Users/andrvoicu/Desktop/repos/collectarr-app/test/features/library/add/library_add_dialog_test.dart: movie add dialog exposes physical format edition data
#936    ProxyElement.update (package:flutter/src/widgets/framework.dart:6149:5)
00:14 +284 -4: C:/Users/andrvoicu/Desktop/repos/collectarr-app/test/features/library/detail/video_detail_page_test.dart: release browser explains when core has no releases yet
#111    RenderProxyBoxMixin.performLayout (package:flutter/src/rendering/proxy_box.dart:118:18)
00:14 +284 -4: C:/Users/andrvoicu/Desktop/repos/collectarr-app/test/features/library/add/library_add_dialog_test.dart: movie add dialog exposes physical format edition data
#937    Element.updateChild (package:flutter/src/widgets/framework.dart:4037:15)
#938    ComponentElement.performRebuild (package:flutter/src/widgets/framework.dart:5841:16)
00:14 +284 -4: C:/Users/andrvoicu/Desktop/repos/collectarr-app/test/features/library/detail/video_detail_page_test.dart: release browser explains when core has no releases yet
#112    RenderObject.layout (package:flutter/src/rendering/object.dart:2907:7)
00:14 +284 -4: C:/Users/andrvoicu/Desktop/repos/collectarr-app/test/features/library/add/library_add_dialog_test.dart: movie add dialog exposes physical format edition data
#939    Element.rebuild (package:flutter/src/widgets/framework.dart:5529:7)
00:14 +284 -4: C:/Users/andrvoicu/Desktop/repos/collectarr-app/test/features/library/detail/video_detail_page_test.dart: release browser explains when core has no releases yet
#113    RenderProxyBoxMixin.performLayout (package:flutter/src/rendering/proxy_box.dart:118:18)
00:14 +284 -4: C:/Users/andrvoicu/Desktop/repos/collectarr-app/test/features/library/add/library_add_dialog_test.dart: movie add dialog exposes physical format edition data
#940    ProxyElement.update (package:flutter/src/widgets/framework.dart:6149:5)
00:14 +284 -4: C:/Users/andrvoicu/Desktop/repos/collectarr-app/test/features/library/detail/video_detail_page_test.dart: release browser explains when core has no releases yet
#114    RenderObject.layout (package:flutter/src/rendering/object.dart:2907:7)
00:14 +284 -4: C:/Users/andrvoicu/Desktop/repos/collectarr-app/test/features/library/add/library_add_dialog_test.dart: movie add dialog exposes physical format edition data
#941    Element.updateChild (package:flutter/src/widgets/framework.dart:4037:15)
00:14 +284 -4: C:/Users/andrvoicu/Desktop/repos/collectarr-app/test/features/library/detail/video_detail_page_test.dart: release browser explains when core has no releases yet
#115    RenderProxyBoxMixin.performLayout (package:flutter/src/rendering/proxy_box.dart:118:18)
00:14 +284 -4: C:/Users/andrvoicu/Desktop/repos/collectarr-app/test/features/library/add/library_add_dialog_test.dart: movie add dialog exposes physical format edition data
#942    _RawViewElement._updateChild (package:flutter/src/widgets/view.dart:481:16)
00:14 +284 -4: C:/Users/andrvoicu/Desktop/repos/collectarr-app/test/features/library/detail/video_detail_page_test.dart: release browser explains when core has no releases yet
#116    RenderObject.layout (package:flutter/src/rendering/object.dart:2907:7)
00:14 +284 -4: C:/Users/andrvoicu/Desktop/repos/collectarr-app/test/features/library/add/library_add_dialog_test.dart: movie add dialog exposes physical format edition data
#943    _RawViewElement.update (package:flutter/src/widgets/view.dart:568:5)
#944    Element.updateChild (package:flutter/src/widgets/framework.dart:4037:15)
00:14 +284 -4: C:/Users/andrvoicu/Desktop/repos/collectarr-app/test/features/library/detail/video_detail_page_test.dart: release browser explains when core has no releases yet
#117    RenderOffstage.performLayout (package:flutter/src/rendering/proxy_box.dart:3921:14)
00:14 +284 -4: C:/Users/andrvoicu/Desktop/repos/collectarr-app/test/features/library/add/library_add_dialog_test.dart: movie add dialog exposes physical format edition data
#945    ComponentElement.performRebuild (package:flutter/src/widgets/framework.dart:5841:16)
00:14 +284 -4: C:/Users/andrvoicu/Desktop/repos/collectarr-app/test/features/library/detail/video_detail_page_test.dart: release browser explains when core has no releases yet
#118    RenderObject.layout (package:flutter/src/rendering/object.dart:2907:7)
00:14 +284 -4: C:/Users/andrvoicu/Desktop/repos/collectarr-app/test/features/library/add/library_add_dialog_test.dart: movie add dialog exposes physical format edition data
#946    Element.rebuild (package:flutter/src/widgets/framework.dart:5529:7)
#947    StatelessElement.update (package:flutter/src/widgets/framework.dart:5895:5)
00:14 +284 -4: C:/Users/andrvoicu/Desktop/repos/collectarr-app/test/features/library/detail/video_detail_page_test.dart: release browser explains when core has no releases yet
#119    RenderProxyBoxMixin.performLayout (package:flutter/src/rendering/proxy_box.dart:118:18)
00:14 +284 -4: C:/Users/andrvoicu/Desktop/repos/collectarr-app/test/features/library/add/library_add_dialog_test.dart: movie add dialog exposes physical format edition data
#948    Element.updateChild (package:flutter/src/widgets/framework.dart:4037:15)
00:14 +284 -4: C:/Users/andrvoicu/Desktop/repos/collectarr-app/test/features/library/detail/video_detail_page_test.dart: release browser explains when core has no releases yet
#120    RenderObject.layout (package:flutter/src/rendering/object.dart:2907:7)
00:14 +284 -4: C:/Users/andrvoicu/Desktop/repos/collectarr-app/test/features/library/add/library_add_dialog_test.dart: movie add dialog exposes physical format edition data
#949    ComponentElement.performRebuild (package:flutter/src/widgets/framework.dart:5841:16)
00:14 +284 -4: C:/Users/andrvoicu/Desktop/repos/collectarr-app/test/features/library/detail/video_detail_page_test.dart: release browser explains when core has no releases yet
#121    _RenderTheaterMixin.layoutChild (package:flutter/src/widgets/overlay.dart:1124:13)
00:14 +284 -4: C:/Users/andrvoicu/Desktop/repos/collectarr-app/test/features/library/add/library_add_dialog_test.dart: movie add dialog exposes physical format edition data
#950    StatefulElement.performRebuild (package:flutter/src/widgets/framework.dart:5982:11)
#951    Element.rebuild (package:flutter/src/widgets/framework.dart:5529:7)
00:14 +284 -4: C:/Users/andrvoicu/Desktop/repos/collectarr-app/test/features/library/detail/video_detail_page_test.dart: release browser explains when core has no releases yet
#122    _RenderTheater.performLayout (package:flutter/src/widgets/overlay.dart:1481:9)
00:14 +284 -4: C:/Users/andrvoicu/Desktop/repos/collectarr-app/test/features/library/add/library_add_dialog_test.dart: movie add dialog exposes physical format edition data
#952    StatefulElement.update (package:flutter/src/widgets/framework.dart:6007:5)
00:14 +284 -4: C:/Users/andrvoicu/Desktop/repos/collectarr-app/test/features/library/detail/video_detail_page_test.dart: release browser explains when core has no releases yet
#123    RenderObject._layoutWithoutResize (package:flutter/src/rendering/object.dart:2755:7)
00:14 +284 -4: C:/Users/andrvoicu/Desktop/repos/collectarr-app/test/features/library/add/library_add_dialog_test.dart: movie add dialog exposes physical format edition data
#953    Element.updateChild (package:flutter/src/widgets/framework.dart:4037:15)
00:14 +284 -4: C:/Users/andrvoicu/Desktop/repos/collectarr-app/test/features/library/detail/video_detail_page_test.dart: release browser explains when core has no releases yet
#124    PipelineOwner.flushLayout (package:flutter/src/rendering/object.dart:1174:18)
00:14 +284 -4: C:/Users/andrvoicu/Desktop/repos/collectarr-app/test/features/library/add/library_add_dialog_test.dart: movie add dialog exposes physical format edition data
#954    RootElement._rebuild (package:flutter/src/widgets/binding.dart:2091:16)
00:14 +284 -4: C:/Users/andrvoicu/Desktop/repos/collectarr-app/test/features/library/detail/video_detail_page_test.dart: release browser explains when core has no releases yet
#125    PipelineOwner.flushLayout (package:flutter/src/rendering/object.dart:1187:15)
00:14 +284 -4: C:/Users/andrvoicu/Desktop/repos/collectarr-app/test/features/library/add/library_add_dialog_test.dart: movie add dialog exposes physical format edition data
#955    RootElement.update (package:flutter/src/widgets/binding.dart:2069:5)
00:14 +284 -4: C:/Users/andrvoicu/Desktop/repos/collectarr-app/test/features/library/detail/video_detail_page_test.dart: release browser explains when core has no releases yet
#126    AutomatedTestWidgetsFlutterBinding.drawFrame (package:flutter_test/src/binding.dart:2433:27)
00:14 +284 -4: C:/Users/andrvoicu/Desktop/repos/collectarr-app/test/features/library/add/library_add_dialog_test.dart: movie add dialog exposes physical format edition data
#956    RootElement.performRebuild (package:flutter/src/widgets/binding.dart:2083:7)
00:14 +284 -4: C:/Users/andrvoicu/Desktop/repos/collectarr-app/test/features/library/detail/video_detail_page_test.dart: release browser explains when core has no releases yet
#127    RendererBinding._handlePersistentFrameCallback (package:flutter/src/rendering/binding.dart:509:5)
#128    SchedulerBinding._invokeFrameCallback (package:flutter/src/scheduler/binding.dart:1430:15)
00:14 +284 -4: C:/Users/andrvoicu/Desktop/repos/collectarr-app/test/features/library/add/library_add_dialog_test.dart: movie add dialog exposes physical format edition data
#957    Element.rebuild (package:flutter/src/widgets/framework.dart:5529:7)
00:14 +284 -4: C:/Users/andrvoicu/Desktop/repos/collectarr-app/test/features/library/detail/video_detail_page_test.dart: release browser explains when core has no releases yet
#129    SchedulerBinding.handleDrawFrame (package:flutter/src/scheduler/binding.dart:1345:9)
00:14 +284 -4: C:/Users/andrvoicu/Desktop/repos/collectarr-app/test/features/library/add/library_add_dialog_test.dart: movie add dialog exposes physical format edition data
#958    BuildScope._tryRebuild (package:flutter/src/widgets/framework.dart:2750:15)
00:14 +284 -4: C:/Users/andrvoicu/Desktop/repos/collectarr-app/test/features/library/detail/video_detail_page_test.dart: release browser explains when core has no releases yet
#130    AutomatedTestWidgetsFlutterBinding.pump.<anonymous closure> (package:flutter_test/src/binding.dart:2260:9)
00:14 +284 -4: C:/Users/andrvoicu/Desktop/repos/collectarr-app/test/features/library/add/library_add_dialog_test.dart: movie add dialog exposes physical format edition data
#959    BuildScope._flushDirtyElements (package:flutter/src/widgets/framework.dart:2807:11)
00:14 +284 -4: C:/Users/andrvoicu/Desktop/repos/collectarr-app/test/features/library/detail/video_detail_page_test.dart: release browser explains when core has no releases yet
#131    _rootRun (dart:async/zone_root.dart:35:13)
00:14 +284 -4: C:/Users/andrvoicu/Desktop/repos/collectarr-app/test/features/library/add/library_add_dialog_test.dart: movie add dialog exposes physical format edition data
#960    BuildOwner.buildScope (package:flutter/src/widgets/framework.dart:3111:18)
00:14 +284 -4: C:/Users/andrvoicu/Desktop/repos/collectarr-app/test/features/library/detail/video_detail_page_test.dart: release browser explains when core has no releases yet
#132    _CustomZone.run (dart:async/zone.dart:726:19)
#133    TestAsyncUtils.guard (package:flutter_test/src/test_async_utils.dart:74:41)
00:14 +284 -4: C:/Users/andrvoicu/Desktop/repos/collectarr-app/test/features/library/add/library_add_dialog_test.dart: movie add dialog exposes physical format edition data
#961    AutomatedTestWidgetsFlutterBinding.drawFrame (package:flutter_test/src/binding.dart:2431:19)
00:14 +284 -4: C:/Users/andrvoicu/Desktop/repos/collectarr-app/test/features/library/detail/video_detail_page_test.dart: release browser explains when core has no releases yet
#134    AutomatedTestWidgetsFlutterBinding.pump (package:flutter_test/src/binding.dart:2249:27)
00:14 +284 -4: C:/Users/andrvoicu/Desktop/repos/collectarr-app/test/features/library/add/library_add_dialog_test.dart: movie add dialog exposes physical format edition data
#962    RendererBinding._handlePersistentFrameCallback (package:flutter/src/rendering/binding.dart:509:5)
00:14 +284 -4: C:/Users/andrvoicu/Desktop/repos/collectarr-app/test/features/library/detail/video_detail_page_test.dart: release browser explains when core has no releases yet
#135    WidgetTester.pump.<anonymous closure> (package:flutter_test/src/widget_tester.dart:652:53)
00:14 +284 -4: C:/Users/andrvoicu/Desktop/repos/collectarr-app/test/features/library/add/library_add_dialog_test.dart: movie add dialog exposes physical format edition data
#963    SchedulerBinding._invokeFrameCallback (package:flutter/src/scheduler/binding.dart:1430:15)
#964    SchedulerBinding.handleDrawFrame (package:flutter/src/scheduler/binding.dart:1345:9)
#965    AutomatedTestWidgetsFlutterBinding.pump.<anonymous closure> (package:flutter_test/src/binding.dart:2260:9)
00:14 +284 -4: C:/Users/andrvoicu/Desktop/repos/collectarr-app/test/features/library/detail/video_detail_page_test.dart: release browser explains when core has no releases yet
#136    _rootRun (dart:async/zone_root.dart:35:13)
00:14 +284 -4: C:/Users/andrvoicu/Desktop/repos/collectarr-app/test/features/library/add/library_add_dialog_test.dart: movie add dialog exposes physical format edition data
#966    _rootRun (dart:async/zone_root.dart:35:13)
00:14 +284 -4: C:/Users/andrvoicu/Desktop/repos/collectarr-app/test/features/library/detail/video_detail_page_test.dart: release browser explains when core has no releases yet
#137    _CustomZone.run (dart:async/zone.dart:726:19)
00:14 +284 -4: C:/Users/andrvoicu/Desktop/repos/collectarr-app/test/features/library/add/library_add_dialog_test.dart: movie add dialog exposes physical format edition data
#967    _CustomZone.run (dart:async/zone.dart:726:19)
00:14 +284 -4: C:/Users/andrvoicu/Desktop/repos/collectarr-app/test/features/library/detail/video_detail_page_test.dart: release browser explains when core has no releases yet
#138    TestAsyncUtils.guard (package:flutter_test/src/test_async_utils.dart:74:41)
00:14 +284 -4: C:/Users/andrvoicu/Desktop/repos/collectarr-app/test/features/library/add/library_add_dialog_test.dart: movie add dialog exposes physical format edition data
#968    TestAsyncUtils.guard (package:flutter_test/src/test_async_utils.dart:74:41)
#969    AutomatedTestWidgetsFlutterBinding.pump (package:flutter_test/src/binding.dart:2249:27)
00:14 +284 -4: C:/Users/andrvoicu/Desktop/repos/collectarr-app/test/features/library/detail/video_detail_page_test.dart: release browser explains when core has no releases yet
#139    WidgetTester.pump (package:flutter_test/src/widget_tester.dart:652:27)
00:14 +284 -4: C:/Users/andrvoicu/Desktop/repos/collectarr-app/test/features/library/add/library_add_dialog_test.dart: movie add dialog exposes physical format edition data
#970    WidgetTester.pumpWidget.<anonymous closure> (package:flutter_test/src/widget_tester.dart:598:22)
00:14 +284 -4: C:/Users/andrvoicu/Desktop/repos/collectarr-app/test/features/library/detail/video_detail_page_test.dart: release browser explains when core has no releases yet
#140    pumpUntilSettled (file:///C:/Users/andrvoicu/Desktop/repos/collectarr-app/test/helpers/test_constants.dart:31:18)
00:14 +284 -4: C:/Users/andrvoicu/Desktop/repos/collectarr-app/test/features/library/add/library_add_dialog_test.dart: movie add dialog exposes physical format edition data
#971    _rootRun (dart:async/zone_root.dart:35:13)
00:14 +284 -4: C:/Users/andrvoicu/Desktop/repos/collectarr-app/test/features/library/detail/video_detail_page_test.dart: release browser explains when core has no releases yet
#141    main.<anonymous closure> (file:///C:/Users/andrvoicu/Desktop/repos/collectarr-app/test/features/library/detail/video_detail_page_test.dart:314:11)
00:14 +284 -4: C:/Users/andrvoicu/Desktop/repos/collectarr-app/test/features/library/add/library_add_dialog_test.dart: movie add dialog exposes physical format edition data
#972    _CustomZone.run (dart:async/zone.dart:726:19)
00:14 +284 -4: C:/Users/andrvoicu/Desktop/repos/collectarr-app/test/features/library/detail/video_detail_page_test.dart: release browser explains when core has no releases yet
<asynchronous suspension>
00:14 +284 -4: C:/Users/andrvoicu/Desktop/repos/collectarr-app/test/features/library/add/library_add_dialog_test.dart: movie add dialog exposes physical format edition data
#973    TestAsyncUtils.guard (package:flutter_test/src/test_async_utils.dart:74:41)
00:14 +284 -4: C:/Users/andrvoicu/Desktop/repos/collectarr-app/test/features/library/detail/video_detail_page_test.dart: release browser explains when core has no releases yet
#142    testWidgets.<anonymous closure>.<anonymous closure> (package:flutter_test/src/widget_tester.dart:192:15)
00:14 +284 -4: C:/Users/andrvoicu/Desktop/repos/collectarr-app/test/features/library/add/library_add_dialog_test.dart: movie add dialog exposes physical format edition data
#974    WidgetTester.pumpWidget (package:flutter_test/src/widget_tester.dart:595:27)
00:14 +284 -4: C:/Users/andrvoicu/Desktop/repos/collectarr-app/test/features/library/detail/video_detail_page_test.dart: release browser explains when core has no releases yet
<asynchronous suspension>
00:14 +284 -4: C:/Users/andrvoicu/Desktop/repos/collectarr-app/test/features/library/add/library_add_dialog_test.dart: movie add dialog exposes physical format edition data
#975    main.<anonymous closure> (file:///C:/Users/andrvoicu/Desktop/repos/collectarr-app/test/features/library/add/library_add_dialog_test.dart:988:18)
00:14 +284 -4: C:/Users/andrvoicu/Desktop/repos/collectarr-app/test/features/library/detail/video_detail_page_test.dart: release browser explains when core has no releases yet
#143    TestWidgetsFlutterBinding._runTestBody (package:flutter_test/src/binding.dart:1952:5)
00:14 +284 -4: C:/Users/andrvoicu/Desktop/repos/collectarr-app/test/features/library/add/library_add_dialog_test.dart: movie add dialog exposes physical format edition data
#976    testWidgets.<anonymous closure>.<anonymous closure> (package:flutter_test/src/widget_tester.dart:192:29)
00:14 +284 -4: C:/Users/andrvoicu/Desktop/repos/collectarr-app/test/features/library/detail/video_detail_page_test.dart: release browser explains when core has no releases yet
<asynchronous suspension>
00:14 +284 -4: C:/Users/andrvoicu/Desktop/repos/collectarr-app/test/features/library/add/library_add_dialog_test.dart: movie add dialog exposes physical format edition data
<asynchronous suspension>
00:14 +284 -4: C:/Users/andrvoicu/Desktop/repos/collectarr-app/test/features/library/detail/video_detail_page_test.dart: release browser explains when core has no releases yet
#144    StackZoneSpecification._registerCallback.<anonymous closure> (package:stack_trace/src/stack_zone_specification.dart:114:42)
00:14 +284 -4: C:/Users/andrvoicu/Desktop/repos/collectarr-app/test/features/library/add/library_add_dialog_test.dart: movie add dialog exposes physical format edition data
#977    TestWidgetsFlutterBinding._runTestBody (package:flutter_test/src/binding.dart:1952:5)
<asynchronous suspension>
00:14 +284 -4: C:/Users/andrvoicu/Desktop/repos/collectarr-app/test/features/library/detail/video_detail_page_test.dart: release browser explains when core has no releases yet
<asynchronous suspension>
00:14 +284 -4: C:/Users/andrvoicu/Desktop/repos/collectarr-app/test/features/library/add/library_add_dialog_test.dart: movie add dialog exposes physical format edition data
#978    StackZoneSpecification._registerCallback.<anonymous closure> (package:stack_trace/src/stack_zone_specification.dart:114:42)
00:14 +284 -4: C:/Users/andrvoicu/Desktop/repos/collectarr-app/test/features/library/detail/video_detail_page_test.dart: release browser explains when core has no releases yet
This warning will only appear on debug builds.
00:14 +284 -4: C:/Users/andrvoicu/Desktop/repos/collectarr-app/test/features/library/add/library_add_dialog_test.dart: movie add dialog exposes physical format edition data
<asynchronous suspension>
00:14 +285 -4: C:/Users/andrvoicu/Desktop/repos/collectarr-app/test/features/library/detail/video_season_tracking_section_test.dart: video detail stores granular episode tracking locally
00:14 +285 -4: C:/Users/andrvoicu/Desktop/repos/collectarr-app/test/features/library/add/library_add_dialog_test.dart: movie add dialog exposes physical format edition data
This warning will only appear on debug builds.
ΓòÉΓòÉΓòí EXCEPTION CAUGHT BY FLUTTER TEST FRAMEWORK Γò₧ΓòÉΓòÉΓòÉΓòÉΓòÉΓòÉΓòÉΓòÉΓòÉΓòÉΓòÉΓòÉΓòÉΓòÉΓòÉΓòÉΓòÉΓòÉΓòÉΓòÉΓòÉΓòÉΓòÉΓòÉΓòÉΓòÉΓòÉΓòÉΓòÉΓòÉΓòÉΓòÉΓòÉΓòÉΓòÉΓòÉΓòÉΓòÉΓòÉΓòÉΓòÉΓòÉΓòÉΓòÉΓòÉΓòÉΓòÉΓòÉΓòÉΓòÉΓòÉΓòÉ
The following TestFailure was thrown running a test:
Expected: exactly one matching candidate
  Actual: _TextWidgetFinder:<Found 0 widgets with text "Owned copies created from this draft will be
saved as Digital copy.": []>
   Which: means none were found but one was expected

When the exception was thrown, this was the stack:
#4      main.<anonymous closure> (file:///C:/Users/andrvoicu/Desktop/repos/collectarr-app/test/features/library/add/library_add_dialog_test.dart:1022:5)
<asynchronous suspension>
#5      testWidgets.<anonymous closure>.<anonymous closure> (package:flutter_test/src/widget_tester.dart:192:15)
<asynchronous suspension>
#6      TestWidgetsFlutterBinding._runTestBody (package:flutter_test/src/binding.dart:1952:5)
<asynchronous suspension>
<asynchronous suspension>
(elided one frame from package:stack_trace)

This was caught by the test expectation on the following line:
  file:///C:/Users/andrvoicu/Desktop/repos/collectarr-app/test/features/library/add/library_add_dialog_test.dart line 1022
The test description was:
  movie add dialog exposes physical format edition data
ΓòÉΓòÉΓòÉΓòÉΓòÉΓòÉΓòÉΓòÉΓòÉΓòÉΓòÉΓòÉΓòÉΓòÉΓòÉΓòÉΓòÉΓòÉΓòÉΓòÉΓòÉΓòÉΓòÉΓòÉΓòÉΓòÉΓòÉΓòÉΓòÉΓòÉΓòÉΓòÉΓòÉΓòÉΓòÉΓòÉΓòÉΓòÉΓòÉΓòÉΓòÉΓòÉΓòÉΓòÉΓòÉΓòÉΓòÉΓòÉΓòÉΓòÉΓòÉΓòÉΓòÉΓòÉΓòÉΓòÉΓòÉΓòÉΓòÉΓòÉΓòÉΓòÉΓòÉΓòÉΓòÉΓòÉΓòÉΓòÉΓòÉΓòÉΓòÉΓòÉΓòÉΓòÉΓòÉΓòÉΓòÉΓòÉΓòÉΓòÉΓòÉΓòÉΓòÉΓòÉΓòÉΓòÉΓòÉΓòÉΓòÉΓòÉΓòÉΓòÉΓòÉΓòÉΓòÉΓòÉΓòÉΓòÉΓòÉΓòÉ
00:14 +285 -5: C:/Users/andrvoicu/Desktop/repos/collectarr-app/test/features/library/detail/video_season_tracking_section_test.dart: video detail stores granular episode tracking locally
00:14 +285 -5: C:/Users/andrvoicu/Desktop/repos/collectarr-app/test/features/library/add/library_add_dialog_test.dart: movie add dialog exposes physical format edition data [E]
  Test failed. See exception logs above.
  The test description was: movie add dialog exposes physical format edition data
  
00:14 +286 -5: C:/Users/andrvoicu/Desktop/repos/collectarr-app/test/features/library/detail/video_season_tracking_section_test.dart: video detail stores granular episode tracking locally
00:14 +287 -5: C:/Users/andrvoicu/Desktop/repos/collectarr-app/test/features/library/edit/library_edit_dialog_test.dart: generic edit dialog returns media-aware catalog and owned fields
00:15 +288 -5: C:/Users/andrvoicu/Desktop/repos/collectarr-app/test/features/library/edit/library_edit_dialog_test.dart: generic edit dialog returns media-aware catalog and owned fields
00:15 +288 -5: C:/Users/andrvoicu/Desktop/repos/collectarr-app/test/features/library/add/library_add_dialog_test.dart: showLibraryAddDialog uses comic-specific manual add flow
WARNING (drift): It looks like you've created the database class LocalDatabase multiple times. When these two databases use the same QueryExecutor, race conditions will occur and might corrupt the database. 
Try to follow the advice at https://drift.simonbinder.eu/faq/#using-the-database or, if you know what you're doing, set driftRuntimeOptions.dontWarnAboutMultipleDatabases = true
Here is the stacktrace from when the database was opened a second time:
#0      GeneratedDatabase._handleInstantiated (package:drift/src/runtime/api/db_base.dart:96:30)
#1      GeneratedDatabase._whenConstructed (package:drift/src/runtime/api/db_base.dart:73:12)
#2      new GeneratedDatabase (package:drift/src/runtime/api/db_base.dart:64:5)
#3      new _$LocalDatabase (package:collectarr_app/core/db/local_database.g.dart:12351:38)
#4      new LocalDatabase (package:collectarr_app/core/db/local_database.dart:387:9)
#5      localDatabaseProvider.<anonymous closure> (package:collectarr_app/state/local_database_provider.dart:5:14)
#6      Provider.create (package:riverpod/src/providers/provider.dart:59:36)
#7      $ProviderElement.create (package:riverpod/src/providers/provider.dart:343:32)
#8      ProviderElement.buildState (package:riverpod/src/core/element.dart:684:28)
#9      ProviderElement.mount (package:riverpod/src/core/element.dart:537:7)
#10     ProviderElement.flush (package:riverpod/src/core/element.dart:640:7)
#11     $ProviderBaseImpl._addListener (package:riverpod/src/core/provider/provider.dart:119:24)
#12     ProviderContainer.listen (package:riverpod/src/core/provider_container.dart:960:26)
#13     ProviderContainer.read (package:riverpod/src/core/provider_container.dart:917:17)
#14     ConsumerStatefulElement.read (package:flutter_riverpod/src/core/consumer.dart:543:59)
#15     _LibraryAddDialogState._loadAvailableLocations (package:collectarr_app/features/library/add/library_add_dialog.dart:2338:38)
#16     _LibraryAddDialogState.initState (package:collectarr_app/features/library/add/library_add_dialog.dart:659:5)
#17     StatefulElement._firstBuild (package:flutter/src/widgets/framework.dart:5950:55)
#18     ComponentElement.mount (package:flutter/src/widgets/framework.dart:5793:5)
#19     Element.inflateWidget (package:flutter/src/widgets/framework.dart:4587:20)
#20     Element.updateChild (package:flutter/src/widgets/framework.dart:4059:18)
#21     ComponentElement.performRebuild (package:flutter/src/widgets/framework.dart:5841:16)
#22     Element.rebuild (package:flutter/src/widgets/framework.dart:5529:7)
#23     ComponentElement._firstBuild (package:flutter/src/widgets/framework.dart:5799:5)
#24     ComponentElement.mount (package:flutter/src/widgets/framework.dart:5793:5)
#25     Element.inflateWidget (package:flutter/src/widgets/framework.dart:4587:20)
#26     Element.updateChild (package:flutter/src/widgets/framework.dart:4059:18)
#27     ComponentElement.performRebuild (package:flutter/src/widgets/framework.dart:5841:16)
#28     Element.rebuild (package:flutter/src/widgets/framework.dart:5529:7)
#29     ComponentElement._firstBuild (package:flutter/src/widgets/framework.dart:5799:5)
#30     ComponentElement.mount (package:flutter/src/widgets/framework.dart:5793:5)
#31     Element.inflateWidget (package:flutter/src/widgets/framework.dart:4587:20)
#32     Element.updateChild (package:flutter/src/widgets/framework.dart:4059:18)
#33     ComponentElement.performRebuild (package:flutter/src/widgets/framework.dart:5841:16)
#34     Element.rebuild (package:flutter/src/widgets/framework.dart:5529:7)
#35     ComponentElement._firstBuild (package:flutter/src/widgets/framework.dart:5799:5)
#36     ComponentElement.mount (package:flutter/src/widgets/framework.dart:5793:5)
#37     Element.inflateWidget (package:flutter/src/widgets/framework.dart:4587:20)
#38     Element.updateChild (package:flutter/src/widgets/framework.dart:4059:18)
#39     ComponentElement.performRebuild (package:flutter/src/widgets/framework.dart:5841:16)
#40     Element.rebuild (package:flutter/src/widgets/framework.dart:5529:7)
#41     ComponentElement._firstBuild (package:flutter/src/widgets/framework.dart:5799:5)
#42     ComponentElement.mount (package:flutter/src/widgets/framework.dart:5793:5)
#43     Element.inflateWidget (package:flutter/src/widgets/framework.dart:4587:20)
#44     Element.updateChild (package:flutter/src/widgets/framework.dart:4059:18)
#45     SingleChildRenderObjectElement.mount (package:flutter/src/widgets/framework.dart:7115:14)
#46     Element.inflateWidget (package:flutter/src/widgets/framework.dart:4587:20)
#47     Element.updateChild (package:flutter/src/widgets/framework.dart:4059:18)
#48     ComponentElement.performRebuild (package:flutter/src/widgets/framework.dart:5841:16)
#49     Element.rebuild (package:flutter/src/widgets/framework.dart:5529:7)
#50     ComponentElement._firstBuild (package:flutter/src/widgets/framework.dart:5799:5)
#51     ComponentElement.mount (package:flutter/src/widgets/framework.dart:5793:5)
#52     Element.inflateWidget (package:flutter/src/widgets/framework.dart:4587:20)
#53     Element.updateChild (package:flutter/src/widgets/framework.dart:4059:18)
#54     SingleChildRenderObjectElement.mount (package:flutter/src/widgets/framework.dart:7115:14)
#55     Element.inflateWidget (package:flutter/src/widgets/framework.dart:4587:20)
#56     Element.updateChild (package:flutter/src/widgets/framework.dart:4059:18)
#57     ComponentElement.performRebuild (package:flutter/src/widgets/framework.dart:5841:16)
#58     Element.rebuild (package:flutter/src/widgets/framework.dart:5529:7)
#59     ComponentElement._firstBuild (package:flutter/src/widgets/framework.dart:5799:5)
#60     ComponentElement.mount (package:flutter/src/widgets/framework.dart:5793:5)
#61     Element.inflateWidget (package:flutter/src/widgets/framework.dart:4587:20)
#62     Element.updateChild (package:flutter/src/widgets/framework.dart:4059:18)
#63     SingleChildRenderObjectElement.mount (package:flutter/src/widgets/framework.dart:7115:14)
#64     Element.inflateWidget (package:flutter/src/widgets/framework.dart:4587:20)
#65     Element.updateChild (package:flutter/src/widgets/framework.dart:4059:18)
#66     ComponentElement.performRebuild (package:flutter/src/widgets/framework.dart:5841:16)
#67     Element.rebuild (package:flutter/src/widgets/framework.dart:5529:7)
#68     ComponentElement._firstBuild (package:flutter/src/widgets/framework.dart:5799:5)
#69     ComponentElement.mount (package:flutter/src/widgets/framework.dart:5793:5)
#70     Element.inflateWidget (package:flutter/src/widgets/framework.dart:4587:20)
#71     Element.updateChild (package:flutter/src/widgets/framework.dart:4059:18)
#72     SingleChildRenderObjectElement.mount (package:flutter/src/widgets/framework.dart:7115:14)
#73     Element.inflateWidget (package:flutter/src/widgets/framework.dart:4587:20)
#74     Element.updateChild (package:flutter/src/widgets/framework.dart:4059:18)
#75     ComponentElement.performRebuild (package:flutter/src/widgets/framework.dart:5841:16)
#76     Element.rebuild (package:flutter/src/widgets/framework.dart:5529:7)
#77     ComponentElement._firstBuild (package:flutter/src/widgets/framework.dart:5799:5)
#78     ComponentElement.mount (package:flutter/src/widgets/framework.dart:5793:5)
#79     Element.inflateWidget (package:flutter/src/widgets/framework.dart:4587:20)
#80     Element.updateChild (package:flutter/src/widgets/framework.dart:4059:18)
#81     SingleChildRenderObjectElement.mount (package:flutter/src/widgets/framework.dart:7115:14)
#82     Element.inflateWidget (package:flutter/src/widgets/framework.dart:4587:20)
#83     Element.updateChild (package:flutter/src/widgets/framework.dart:4059:18)
#84     SingleChildRenderObjectElement.mount (package:flutter/src/widgets/framework.dart:7115:14)
#85     Element.inflateWidget (package:flutter/src/widgets/framework.dart:4587:20)
#86     Element.updateChild (package:flutter/src/widgets/framework.dart:4059:18)
#87     ComponentElement.performRebuild (package:flutter/src/widgets/framework.dart:5841:16)
#88     StatefulElement.performRebuild (package:flutter/src/widgets/framework.dart:5982:11)
#89     Element.rebuild (package:flutter/src/widgets/framework.dart:5529:7)
#90     ComponentElement._firstBuild (package:flutter/src/widgets/framework.dart:5799:5)
#91     StatefulElement._firstBuild (package:flutter/src/widgets/framework.dart:5973:11)
#92     ComponentElement.mount (package:flutter/src/widgets/framework.dart:5793:5)
#93     Element.inflateWidget (package:flutter/src/widgets/framework.dart:4587:20)
#94     Element.updateChild (package:flutter/src/widgets/framework.dart:4059:18)
#95     SingleChildRenderObjectElement.mount (package:flutter/src/widgets/framework.dart:7115:14)
#96     Element.inflateWidget (package:flutter/src/widgets/framework.dart:4587:20)
#97     Element.updateChild (package:flutter/src/widgets/framework.dart:4059:18)
#98     ComponentElement.performRebuild (package:flutter/src/widgets/framework.dart:5841:16)
#99     StatefulElement.performRebuild (package:flutter/src/widgets/framework.dart:5982:11)
#100    Element.rebuild (package:flutter/src/widgets/framework.dart:5529:7)
#101    ComponentElement._firstBuild (package:flutter/src/widgets/framework.dart:5799:5)
#102    StatefulElement._firstBuild (package:flutter/src/widgets/framework.dart:5973:11)
#103    ComponentElement.mount (package:flutter/src/widgets/framework.dart:5793:5)
#104    Element.inflateWidget (package:flutter/src/widgets/framework.dart:4587:20)
#105    Element.updateChild (package:flutter/src/widgets/framework.dart:4059:18)
#106    SingleChildRenderObjectElement.mount (package:flutter/src/widgets/framework.dart:7115:14)
#107    Element.inflateWidget (package:flutter/src/widgets/framework.dart:4587:20)
#108    Element.updateChild (package:flutter/src/widgets/framework.dart:4059:18)
#109    ComponentElement.performRebuild (package:flutter/src/widgets/framework.dart:5841:16)
#110    Element.rebuild (package:flutter/src/widgets/framework.dart:5529:7)
#111    ComponentElement._firstBuild (package:flutter/src/widgets/framework.dart:5799:5)
#112    ComponentElement.mount (package:flutter/src/widgets/framework.dart:5793:5)
#113    Element.inflateWidget (package:flutter/src/widgets/framework.dart:4587:20)
#114    Element.updateChild (package:flutter/src/widgets/framework.dart:4059:18)
#115    SingleChildRenderObjectElement.mount (package:flutter/src/widgets/framework.dart:7115:14)
#116    Element.inflateWidget (package:flutter/src/widgets/framework.dart:4587:20)
#117    Element.updateChild (package:flutter/src/widgets/framework.dart:4059:18)
#118    ComponentElement.performRebuild (package:flutter/src/widgets/framework.dart:5841:16)
#119    StatefulElement.performRebuild (package:flutter/src/widgets/framework.dart:5982:11)
#120    Element.rebuild (package:flutter/src/widgets/framework.dart:5529:7)
#121    ComponentElement._firstBuild (package:flutter/src/widgets/framework.dart:5799:5)
#122    StatefulElement._firstBuild (package:flutter/src/widgets/framework.dart:5973:11)
#123    ComponentElement.mount (package:flutter/src/widgets/framework.dart:5793:5)
#124    Element.inflateWidget (package:flutter/src/widgets/framework.dart:4587:20)
#125    Element.updateChild (package:flutter/src/widgets/framework.dart:4059:18)
#126    ComponentElement.performRebuild (package:flutter/src/widgets/framework.dart:5841:16)
#127    Element.rebuild (package:flutter/src/widgets/framework.dart:5529:7)
#128    ComponentElement._firstBuild (package:flutter/src/widgets/framework.dart:5799:5)
#129    ComponentElement.mount (package:flutter/src/widgets/framework.dart:5793:5)
#130    Element.inflateWidget (package:flutter/src/widgets/framework.dart:4587:20)
#131    Element.updateChild (package:flutter/src/widgets/framework.dart:4059:18)
#132    ComponentElement.performRebuild (package:flutter/src/widgets/framework.dart:5841:16)
#133    Element.rebuild (package:flutter/src/widgets/framework.dart:5529:7)
#134    ComponentElement._firstBuild (package:flutter/src/widgets/framework.dart:5799:5)
#135    ComponentElement.mount (package:flutter/src/widgets/framework.dart:5793:5)
#136    Element.inflateWidget (package:flutter/src/widgets/framework.dart:4587:20)
#137    Element.updateChild (package:flutter/src/widgets/framework.dart:4059:18)
#138    ComponentElement.performRebuild (package:flutter/src/widgets/framework.dart:5841:16)
#139    StatefulElement.performRebuild (package:flutter/src/widgets/framework.dart:5982:11)
#140    Element.rebuild (package:flutter/src/widgets/framework.dart:5529:7)
#141    ComponentElement._firstBuild (package:flutter/src/widgets/framework.dart:5799:5)
#142    StatefulElement._firstBuild (package:flutter/src/widgets/framework.dart:5973:11)
#143    ComponentElement.mount (package:flutter/src/widgets/framework.dart:5793:5)
#144    Element.inflateWidget (package:flutter/src/widgets/framework.dart:4587:20)
#145    Element.updateChild (package:flutter/src/widgets/framework.dart:4059:18)
#146    ComponentElement.performRebuild (package:flutter/src/widgets/framework.dart:5841:16)
#147    Element.rebuild (package:flutter/src/widgets/framework.dart:5529:7)
#148    ComponentElement._firstBuild (package:flutter/src/widgets/framework.dart:5799:5)
#149    ComponentElement.mount (package:flutter/src/widgets/framework.dart:5793:5)
#150    Element.inflateWidget (package:flutter/src/widgets/framework.dart:4587:20)
#151    Element.updateChild (package:flutter/src/widgets/framework.dart:4059:18)
#152    ComponentElement.performRebuild (package:flutter/src/widgets/framework.dart:5841:16)
#153    Element.rebuild (package:flutter/src/widgets/framework.dart:5529:7)
#154    ComponentElement._firstBuild (package:flutter/src/widgets/framework.dart:5799:5)
#155    ComponentElement.mount (package:flutter/src/widgets/framework.dart:5793:5)
#156    Element.inflateWidget (package:flutter/src/widgets/framework.dart:4587:20)
#157    Element.updateChild (package:flutter/src/widgets/framework.dart:4059:18)
#158    SingleChildRenderObjectElement.mount (package:flutter/src/widgets/framework.dart:7115:14)
#159    Element.inflateWidget (package:flutter/src/widgets/framework.dart:4587:20)
#160    Element.updateChild (package:flutter/src/widgets/framework.dart:4059:18)
#161    ComponentElement.performRebuild (package:flutter/src/widgets/framework.dart:5841:16)
#162    Element.rebuild (package:flutter/src/widgets/framework.dart:5529:7)
#163    ComponentElement._firstBuild (package:flutter/src/widgets/framework.dart:5799:5)
#164    ComponentElement.mount (package:flutter/src/widgets/framework.dart:5793:5)
#165    Element.inflateWidget (package:flutter/src/widgets/framework.dart:4587:20)
#166    Element.updateChild (package:flutter/src/widgets/framework.dart:4059:18)
#167    ComponentElement.performRebuild (package:flutter/src/widgets/framework.dart:5841:16)
#168    Element.rebuild (package:flutter/src/widgets/framework.dart:5529:7)
#169    ComponentElement._firstBuild (package:flutter/src/widgets/framework.dart:5799:5)
#170    ComponentElement.mount (package:flutter/src/widgets/framework.dart:5793:5)
#171    Element.inflateWidget (package:flutter/src/widgets/framework.dart:4587:20)
#172    Element.updateChild (package:flutter/src/widgets/framework.dart:4059:18)
#173    ComponentElement.performRebuild (package:flutter/src/widgets/framework.dart:5841:16)
#174    StatefulElement.performRebuild (package:flutter/src/widgets/framework.dart:5982:11)
#175    Element.rebuild (package:flutter/src/widgets/framework.dart:5529:7)
#176    ComponentElement._firstBuild (package:flutter/src/widgets/framework.dart:5799:5)
#177    StatefulElement._firstBuild (package:flutter/src/widgets/framework.dart:5973:11)
#178    ComponentElement.mount (package:flutter/src/widgets/framework.dart:5793:5)
#179    Element.inflateWidget (package:flutter/src/widgets/framework.dart:4587:20)
#180    Element.updateChild (package:flutter/src/widgets/framework.dart:4059:18)
#181    ComponentElement.performRebuild (package:flutter/src/widgets/framework.dart:5841:16)
#182    StatefulElement.performRebuild (package:flutter/src/widgets/framework.dart:5982:11)
#183    Element.rebuild (package:flutter/src/widgets/framework.dart:5529:7)
#184    ComponentElement._firstBuild (package:flutter/src/widgets/framework.dart:5799:5)
#185    StatefulElement._firstBuild (package:flutter/src/widgets/framework.dart:5973:11)
#186    ComponentElement.mount (package:flutter/src/widgets/framework.dart:5793:5)
#187    Element.inflateWidget (package:flutter/src/widgets/framework.dart:4587:20)
#188    Element.updateChild (package:flutter/src/widgets/framework.dart:4059:18)
#189    ComponentElement.performRebuild (package:flutter/src/widgets/framework.dart:5841:16)
#190    StatefulElement.performRebuild (package:flutter/src/widgets/framework.dart:5982:11)
#191    Element.rebuild (package:flutter/src/widgets/framework.dart:5529:7)
#192    ComponentElement._firstBuild (package:flutter/src/widgets/framework.dart:5799:5)
#193    StatefulElement._firstBuild (package:flutter/src/widgets/framework.dart:5973:11)
#194    ComponentElement.mount (package:flutter/src/widgets/framework.dart:5793:5)
#195    Element.inflateWidget (package:flutter/src/widgets/framework.dart:4587:20)
#196    Element.updateChild (package:flutter/src/widgets/framework.dart:4059:18)
#197    SingleChildRenderObjectElement.mount (package:flutter/src/widgets/framework.dart:7115:14)
#198    Element.inflateWidget (package:flutter/src/widgets/framework.dart:4587:20)
#199    Element.updateChild (package:flutter/src/widgets/framework.dart:4059:18)
#200    ComponentElement.performRebuild (package:flutter/src/widgets/framework.dart:5841:16)
#201    Element.rebuild (package:flutter/src/widgets/framework.dart:5529:7)
#202    ComponentElement._firstBuild (package:flutter/src/widgets/framework.dart:5799:5)
#203    ComponentElement.mount (package:flutter/src/widgets/framework.dart:5793:5)
#204    Element.inflateWidget (package:flutter/src/widgets/framework.dart:4587:20)
#205    Element.updateChild (package:flutter/src/widgets/framework.dart:4059:18)
#206    ComponentElement.performRebuild (package:flutter/src/widgets/framework.dart:5841:16)
#207    Element.rebuild (package:flutter/src/widgets/framework.dart:5529:7)
#208    ComponentElement._firstBuild (package:flutter/src/widgets/framework.dart:5799:5)
#209    ComponentElement.mount (package:flutter/src/widgets/framework.dart:5793:5)
#210    Element.inflateWidget (package:flutter/src/widgets/framework.dart:4587:20)
#211    Element.updateChild (package:flutter/src/widgets/framework.dart:4059:18)
#212    ComponentElement.performRebuild (package:flutter/src/widgets/framework.dart:5841:16)
#213    Element.rebuild (package:flutter/src/widgets/framework.dart:5529:7)
#214    ComponentElement._firstBuild (package:flutter/src/widgets/framework.dart:5799:5)
#215    ComponentElement.mount (package:flutter/src/widgets/framework.dart:5793:5)
#216    Element.inflateWidget (package:flutter/src/widgets/framework.dart:4587:20)
#217    Element.updateChild (package:flutter/src/widgets/framework.dart:4059:18)
#218    ComponentElement.performRebuild (package:flutter/src/widgets/framework.dart:5841:16)
#219    StatefulElement.performRebuild (package:flutter/src/widgets/framework.dart:5982:11)
#220    Element.rebuild (package:flutter/src/widgets/framework.dart:5529:7)
#221    ComponentElement._firstBuild (package:flutter/src/widgets/framework.dart:5799:5)
#222    StatefulElement._firstBuild (package:flutter/src/widgets/framework.dart:5973:11)
#223    ComponentElement.mount (package:flutter/src/widgets/framework.dart:5793:5)
#224    Element.inflateWidget (package:flutter/src/widgets/framework.dart:4587:20)
#225    Element.updateChild (package:flutter/src/widgets/framework.dart:4059:18)
#226    ComponentElement.performRebuild (package:flutter/src/widgets/framework.dart:5841:16)
#227    StatefulElement.performRebuild (package:flutter/src/widgets/framework.dart:5982:11)
#228    Element.rebuild (package:flutter/src/widgets/framework.dart:5529:7)
#229    ComponentElement._firstBuild (package:flutter/src/widgets/framework.dart:5799:5)
#230    StatefulElement._firstBuild (package:flutter/src/widgets/framework.dart:5973:11)
#231    ComponentElement.mount (package:flutter/src/widgets/framework.dart:5793:5)
#232    Element.inflateWidget (package:flutter/src/widgets/framework.dart:4587:20)
#233    MultiChildRenderObjectElement.inflateWidget (package:flutter/src/widgets/framework.dart:7264:36)
#234    Element.updateChild (package:flutter/src/widgets/framework.dart:4059:18)
#235    Element.updateChildren (package:flutter/src/widgets/framework.dart:4255:32)
#236    MultiChildRenderObjectElement.update (package:flutter/src/widgets/framework.dart:7295:17)
#237    Element.updateChild (package:flutter/src/widgets/framework.dart:4037:15)
#238    ComponentElement.performRebuild (package:flutter/src/widgets/framework.dart:5841:16)
#239    StatefulElement.performRebuild (package:flutter/src/widgets/framework.dart:5982:11)
#240    Element.rebuild (package:flutter/src/widgets/framework.dart:5529:7)
#241    StatefulElement.update (package:flutter/src/widgets/framework.dart:6007:5)
#242    Element.updateChild (package:flutter/src/widgets/framework.dart:4037:15)
#243    ComponentElement.performRebuild (package:flutter/src/widgets/framework.dart:5841:16)
#244    Element.rebuild (package:flutter/src/widgets/framework.dart:5529:7)
#245    ProxyElement.update (package:flutter/src/widgets/framework.dart:6149:5)
#246    Element.updateChild (package:flutter/src/widgets/framework.dart:4037:15)
#247    ComponentElement.performRebuild (package:flutter/src/widgets/framework.dart:5841:16)
#248    Element.rebuild (package:flutter/src/widgets/framework.dart:5529:7)
#249    ProxyElement.update (package:flutter/src/widgets/framework.dart:6149:5)
#250    _InheritedNotifierElement.update (package:flutter/src/widgets/inherited_notifier.dart:108:11)
#251    Element.updateChild (package:flutter/src/widgets/framework.dart:4037:15)
#252    ComponentElement.performRebuild (package:flutter/src/widgets/framework.dart:5841:16)
#253    StatefulElement.performRebuild (package:flutter/src/widgets/framework.dart:5982:11)
#254    Element.rebuild (package:flutter/src/widgets/framework.dart:5529:7)
#255    StatefulElement.update (package:flutter/src/widgets/framework.dart:6007:5)
#256    Element.updateChild (package:flutter/src/widgets/framework.dart:4037:15)
#257    ComponentElement.performRebuild (package:flutter/src/widgets/framework.dart:5841:16)
#258    Element.rebuild (package:flutter/src/widgets/framework.dart:5529:7)
#259    ProxyElement.update (package:flutter/src/widgets/framework.dart:6149:5)
#260    _InheritedNotifierElement.update (package:flutter/src/widgets/inherited_notifier.dart:108:11)
#261    Element.updateChild (package:flutter/src/widgets/framework.dart:4037:15)
#262    ComponentElement.performRebuild (package:flutter/src/widgets/framework.dart:5841:16)
#263    StatefulElement.performRebuild (package:flutter/src/widgets/framework.dart:5982:11)
#264    Element.rebuild (package:flutter/src/widgets/framework.dart:5529:7)
#265    StatefulElement.update (package:flutter/src/widgets/framework.dart:6007:5)
#266    Element.updateChild (package:flutter/src/widgets/framework.dart:4037:15)
#267    ComponentElement.performRebuild (package:flutter/src/widgets/framework.dart:5841:16)
#268    StatefulElement.performRebuild (package:flutter/src/widgets/framework.dart:5982:11)
#269    Element.rebuild (package:flutter/src/widgets/framework.dart:5529:7)
#270    StatefulElement.update (package:flutter/src/widgets/framework.dart:6007:5)
#271    Element.updateChild (package:flutter/src/widgets/framework.dart:4037:15)
#272    SingleChildRenderObjectElement.update (package:flutter/src/widgets/framework.dart:7122:14)
#273    Element.updateChild (package:flutter/src/widgets/framework.dart:4037:15)
#274    SingleChildRenderObjectElement.update (package:flutter/src/widgets/framework.dart:7122:14)
#275    Element.updateChild (package:flutter/src/widgets/framework.dart:4037:15)
#276    ComponentElement.performRebuild (package:flutter/src/widgets/framework.dart:5841:16)
#277    Element.rebuild (package:flutter/src/widgets/framework.dart:5529:7)
#278    ProxyElement.update (package:flutter/src/widgets/framework.dart:6149:5)
#279    Element.updateChild (package:flutter/src/widgets/framework.dart:4037:15)
#280    ComponentElement.performRebuild (package:flutter/src/widgets/framework.dart:5841:16)
#281    Element.rebuild (package:flutter/src/widgets/framework.dart:5529:7)
#282    ProxyElement.update (package:flutter/src/widgets/framework.dart:6149:5)
#283    Element.updateChild (package:flutter/src/widgets/framework.dart:4037:15)
#284    ComponentElement.performRebuild (package:flutter/src/widgets/framework.dart:5841:16)
#285    StatefulElement.performRebuild (package:flutter/src/widgets/framework.dart:5982:11)
#286    Element.rebuild (package:flutter/src/widgets/framework.dart:5529:7)
#287    BuildScope._tryRebuild (package:flutter/src/widgets/framework.dart:2750:15)
#288    BuildScope._flushDirtyElements (package:flutter/src/widgets/framework.dart:2807:11)
#289    BuildOwner.buildScope (package:flutter/src/widgets/framework.dart:3111:18)
#290    AutomatedTestWidgetsFlutterBinding.drawFrame (package:flutter_test/src/binding.dart:2431:19)
#291    RendererBinding._handlePersistentFrameCallback (package:flutter/src/rendering/binding.dart:509:5)
#292    SchedulerBinding._invokeFrameCallback (package:flutter/src/scheduler/binding.dart:1430:15)
#293    SchedulerBinding.handleDrawFrame (package:flutter/src/scheduler/binding.dart:1345:9)
#294    AutomatedTestWidgetsFlutterBinding.pump.<anonymous closure> (package:flutter_test/src/binding.dart:2260:9)
00:15 +289 -5: C:/Users/andrvoicu/Desktop/repos/collectarr-app/test/features/library/edit/library_edit_dialog_test.dart: generic edit dialog returns media-aware catalog and owned fields
00:15 +289 -5: C:/Users/andrvoicu/Desktop/repos/collectarr-app/test/features/library/add/library_add_dialog_test.dart: showLibraryAddDialog uses comic-specific manual add flow
#295    _rootRun (dart:async/zone_root.dart:35:13)
#296    _CustomZone.run (dart:async/zone.dart:726:19)
#297    TestAsyncUtils.guard (package:flutter_test/src/test_async_utils.dart:74:41)
#298    AutomatedTestWidgetsFlutterBinding.pump (package:flutter_test/src/binding.dart:2249:27)
#299    WidgetTester.pump.<anonymous closure> (package:flutter_test/src/widget_tester.dart:652:53)
#300    _rootRun (dart:async/zone_root.dart:35:13)
#301    _CustomZone.run (dart:async/zone.dart:726:19)
#302    TestAsyncUtils.guard (package:flutter_test/src/test_async_utils.dart:74:41)
#303    WidgetTester.pump (package:flutter_test/src/widget_tester.dart:652:27)
#304    pumpUntilSettled (file:///C:/Users/andrvoicu/Desktop/repos/collectarr-app/test/helpers/test_constants.dart:31:18)
#305    main.<anonymous closure> (file:///C:/Users/andrvoicu/Desktop/repos/collectarr-app/test/features/library/add/library_add_dialog_test.dart:1068:11)
<asynchronous suspension>
#306    testWidgets.<anonymous closure>.<anonymous closure> (package:flutter_test/src/widget_tester.dart:192:15)
<asynchronous suspension>
#307    TestWidgetsFlutterBinding._runTestBody (package:flutter_test/src/binding.dart:1952:5)
<asynchronous suspension>
#308    StackZoneSpecification._registerCallback.<anonymous closure> (package:stack_trace/src/stack_zone_specification.dart:114:42)
<asynchronous suspension>
This warning will only appear on debug builds.
00:15 +290 -5: C:/Users/andrvoicu/Desktop/repos/collectarr-app/test/features/library/edit/library_edit_dialog_test.dart: generic edit dialog returns media-aware catalog and owned fields
00:15 +291 -5: C:/Users/andrvoicu/Desktop/repos/collectarr-app/test/features/library/edit/library_edit_dialog_test.dart: generic edit dialog returns media-aware catalog and owned fields
00:15 +292 -5: C:/Users/andrvoicu/Desktop/repos/collectarr-app/test/features/library/edit/library_edit_dialog_test.dart: generic edit dialog returns media-aware catalog and owned fields
00:15 +293 -5: C:/Users/andrvoicu/Desktop/repos/collectarr-app/test/features/library/edit/library_edit_dialog_test.dart: generic edit dialog returns media-aware catalog and owned fields
00:15 +294 -5: C:/Users/andrvoicu/Desktop/repos/collectarr-app/test/features/library/edit/library_edit_dialog_test.dart: generic edit dialog returns media-aware catalog and owned fields
00:15 +295 -5: C:/Users/andrvoicu/Desktop/repos/collectarr-app/test/features/library/edit/library_edit_dialog_test.dart: generic edit dialog returns media-aware catalog and owned fields
00:15 +295 -5: C:/Users/andrvoicu/Desktop/repos/collectarr-app/test/features/library/add/library_add_dialog_test.dart: showLibraryAddDialog uses comic-specific preview pane
WARNING (drift): It looks like you've created the database class LocalDatabase multiple times. When these two databases use the same QueryExecutor, race conditions will occur and might corrupt the database. 
Try to follow the advice at https://drift.simonbinder.eu/faq/#using-the-database or, if you know what you're doing, set driftRuntimeOptions.dontWarnAboutMultipleDatabases = true
Here is the stacktrace from when the database was opened a second time:
#0      GeneratedDatabase._handleInstantiated (package:drift/src/runtime/api/db_base.dart:96:30)
#1      GeneratedDatabase._whenConstructed (package:drift/src/runtime/api/db_base.dart:73:12)
#2      new GeneratedDatabase (package:drift/src/runtime/api/db_base.dart:64:5)
#3      new _$LocalDatabase (package:collectarr_app/core/db/local_database.g.dart:12351:38)
#4      new LocalDatabase (package:collectarr_app/core/db/local_database.dart:387:9)
#5      main.<anonymous closure> (file:///C:/Users/andrvoicu/Desktop/repos/collectarr-app/test/features/library/add/library_add_dialog_test.dart:1087:16)
#6      testWidgets.<anonymous closure>.<anonymous closure> (package:flutter_test/src/widget_tester.dart:192:29)
<asynchronous suspension>
#7      TestWidgetsFlutterBinding._runTestBody (package:flutter_test/src/binding.dart:1952:5)
<asynchronous suspension>
#8      StackZoneSpecification._registerCallback.<anonymous closure> (package:stack_trace/src/stack_zone_specification.dart:114:42)
<asynchronous suspension>
This warning will only appear on debug builds.
00:15 +296 -5: C:/Users/andrvoicu/Desktop/repos/collectarr-app/test/features/library/edit/library_edit_dialog_test.dart: generic edit dialog returns media-aware catalog and owned fields
00:15 +297 -5: C:/Users/andrvoicu/Desktop/repos/collectarr-app/test/features/library/edit/library_edit_dialog_test.dart: generic edit dialog returns media-aware catalog and owned fields
00:15 +298 -5: C:/Users/andrvoicu/Desktop/repos/collectarr-app/test/features/library/edit/library_edit_dialog_test.dart: generic edit dialog returns media-aware catalog and owned fields
00:15 +299 -5: C:/Users/andrvoicu/Desktop/repos/collectarr-app/test/features/library/edit/library_edit_dialog_test.dart: generic edit dialog returns media-aware catalog and owned fields
00:15 +300 -5: C:/Users/andrvoicu/Desktop/repos/collectarr-app/test/features/library/edit/library_edit_dialog_test.dart: generic edit dialog returns media-aware catalog and owned fields
00:15 +301 -5: C:/Users/andrvoicu/Desktop/repos/collectarr-app/test/features/library/edit/library_edit_dialog_test.dart: generic edit dialog returns media-aware catalog and owned fields
00:15 +302 -5: C:/Users/andrvoicu/Desktop/repos/collectarr-app/test/features/library/edit/library_edit_dialog_test.dart: generic edit dialog returns media-aware catalog and owned fields
00:16 +302 -5: C:/Users/andrvoicu/Desktop/repos/collectarr-app/test/features/library/add/library_add_dialog_test.dart: showLibraryAddDialog uses comic-specific search shell
WARNING (drift): It looks like you've created the database class LocalDatabase multiple times. When these two databases use the same QueryExecutor, race conditions will occur and might corrupt the database. 
Try to follow the advice at https://drift.simonbinder.eu/faq/#using-the-database or, if you know what you're doing, set driftRuntimeOptions.dontWarnAboutMultipleDatabases = true
Here is the stacktrace from when the database was opened a second time:
#0      GeneratedDatabase._handleInstantiated (package:drift/src/runtime/api/db_base.dart:96:30)
#1      GeneratedDatabase._whenConstructed (package:drift/src/runtime/api/db_base.dart:73:12)
#2      new GeneratedDatabase (package:drift/src/runtime/api/db_base.dart:64:5)
#3      new _$LocalDatabase (package:collectarr_app/core/db/local_database.g.dart:12351:38)
#4      new LocalDatabase (package:collectarr_app/core/db/local_database.dart:387:9)
#5      main.<anonymous closure> (file:///C:/Users/andrvoicu/Desktop/repos/collectarr-app/test/features/library/add/library_add_dialog_test.dart:1142:16)
#6      testWidgets.<anonymous closure>.<anonymous closure> (package:flutter_test/src/widget_tester.dart:192:29)
<asynchronous suspension>
#7      TestWidgetsFlutterBinding._runTestBody (package:flutter_test/src/binding.dart:1952:5)
<asynchronous suspension>
#8      StackZoneSpecification._registerCallback.<anonymous closure> (package:stack_trace/src/stack_zone_specification.dart:114:42)
<asynchronous suspension>
This warning will only appear on debug builds.
00:16 +303 -5: C:/Users/andrvoicu/Desktop/repos/collectarr-app/test/features/library/edit/library_edit_dialog_test.dart: generic edit dialog returns media-aware catalog and owned fields
00:16 +304 -5: C:/Users/andrvoicu/Desktop/repos/collectarr-app/test/features/library/edit/library_edit_dialog_test.dart: generic edit dialog returns media-aware catalog and owned fields
00:16 +305 -5: C:/Users/andrvoicu/Desktop/repos/collectarr-app/test/features/library/edit/library_edit_dialog_test.dart: generic edit dialog returns media-aware catalog and owned fields
00:16 +305 -5: C:/Users/andrvoicu/Desktop/repos/collectarr-app/test/features/library/add/library_add_dialog_test.dart: showLibraryAddDialog uses movie-specific manual add flow
WARNING (drift): It looks like you've created the database class LocalDatabase multiple times. When these two databases use the same QueryExecutor, race conditions will occur and might corrupt the database. 
Try to follow the advice at https://drift.simonbinder.eu/faq/#using-the-database or, if you know what you're doing, set driftRuntimeOptions.dontWarnAboutMultipleDatabases = true
Here is the stacktrace from when the database was opened a second time:
#0      GeneratedDatabase._handleInstantiated (package:drift/src/runtime/api/db_base.dart:96:30)
#1      GeneratedDatabase._whenConstructed (package:drift/src/runtime/api/db_base.dart:73:12)
#2      new GeneratedDatabase (package:drift/src/runtime/api/db_base.dart:64:5)
#3      new _$LocalDatabase (package:collectarr_app/core/db/local_database.g.dart:12351:38)
#4      new LocalDatabase (package:collectarr_app/core/db/local_database.dart:387:9)
#5      localDatabaseProvider.<anonymous closure> (package:collectarr_app/state/local_database_provider.dart:5:14)
#6      Provider.create (package:riverpod/src/providers/provider.dart:59:36)
#7      $ProviderElement.create (package:riverpod/src/providers/provider.dart:343:32)
#8      ProviderElement.buildState (package:riverpod/src/core/element.dart:684:28)
#9      ProviderElement.mount (package:riverpod/src/core/element.dart:537:7)
#10     ProviderElement.flush (package:riverpod/src/core/element.dart:640:7)
#11     $ProviderBaseImpl._addListener (package:riverpod/src/core/provider/provider.dart:119:24)
#12     ProviderContainer.listen (package:riverpod/src/core/provider_container.dart:960:26)
#13     ProviderContainer.read (package:riverpod/src/core/provider_container.dart:917:17)
#14     ConsumerStatefulElement.read (package:flutter_riverpod/src/core/consumer.dart:543:59)
#15     _LibraryAddDialogState._loadAvailableLocations (package:collectarr_app/features/library/add/library_add_dialog.dart:2338:38)
#16     _LibraryAddDialogState.initState (package:collectarr_app/features/library/add/library_add_dialog.dart:659:5)
#17     StatefulElement._firstBuild (package:flutter/src/widgets/framework.dart:5950:55)
#18     ComponentElement.mount (package:flutter/src/widgets/framework.dart:5793:5)
#19     Element.inflateWidget (package:flutter/src/widgets/framework.dart:4587:20)
#20     Element.updateChild (package:flutter/src/widgets/framework.dart:4059:18)
#21     ComponentElement.performRebuild (package:flutter/src/widgets/framework.dart:5841:16)
#22     Element.rebuild (package:flutter/src/widgets/framework.dart:5529:7)
#23     ComponentElement._firstBuild (package:flutter/src/widgets/framework.dart:5799:5)
#24     ComponentElement.mount (package:flutter/src/widgets/framework.dart:5793:5)
#25     Element.inflateWidget (package:flutter/src/widgets/framework.dart:4587:20)
#26     Element.updateChild (package:flutter/src/widgets/framework.dart:4059:18)
#27     ComponentElement.performRebuild (package:flutter/src/widgets/framework.dart:5841:16)
#28     Element.rebuild (package:flutter/src/widgets/framework.dart:5529:7)
#29     ComponentElement._firstBuild (package:flutter/src/widgets/framework.dart:5799:5)
#30     ComponentElement.mount (package:flutter/src/widgets/framework.dart:5793:5)
#31     Element.inflateWidget (package:flutter/src/widgets/framework.dart:4587:20)
#32     Element.updateChild (package:flutter/src/widgets/framework.dart:4059:18)
#33     ComponentElement.performRebuild (package:flutter/src/widgets/framework.dart:5841:16)
#34     Element.rebuild (package:flutter/src/widgets/framework.dart:5529:7)
#35     ComponentElement._firstBuild (package:flutter/src/widgets/framework.dart:5799:5)
#36     ComponentElement.mount (package:flutter/src/widgets/framework.dart:5793:5)
#37     Element.inflateWidget (package:flutter/src/widgets/framework.dart:4587:20)
#38     Element.updateChild (package:flutter/src/widgets/framework.dart:4059:18)
#39     ComponentElement.performRebuild (package:flutter/src/widgets/framework.dart:5841:16)
#40     Element.rebuild (package:flutter/src/widgets/framework.dart:5529:7)
#41     ComponentElement._firstBuild (package:flutter/src/widgets/framework.dart:5799:5)
#42     ComponentElement.mount (package:flutter/src/widgets/framework.dart:5793:5)
#43     Element.inflateWidget (package:flutter/src/widgets/framework.dart:4587:20)
#44     Element.updateChild (package:flutter/src/widgets/framework.dart:4059:18)
#45     SingleChildRenderObjectElement.mount (package:flutter/src/widgets/framework.dart:7115:14)
#46     Element.inflateWidget (package:flutter/src/widgets/framework.dart:4587:20)
#47     Element.updateChild (package:flutter/src/widgets/framework.dart:4059:18)
#48     ComponentElement.performRebuild (package:flutter/src/widgets/framework.dart:5841:16)
#49     Element.rebuild (package:flutter/src/widgets/framework.dart:5529:7)
#50     ComponentElement._firstBuild (package:flutter/src/widgets/framework.dart:5799:5)
#51     ComponentElement.mount (package:flutter/src/widgets/framework.dart:5793:5)
#52     Element.inflateWidget (package:flutter/src/widgets/framework.dart:4587:20)
#53     Element.updateChild (package:flutter/src/widgets/framework.dart:4059:18)
#54     SingleChildRenderObjectElement.mount (package:flutter/src/widgets/framework.dart:7115:14)
#55     Element.inflateWidget (package:flutter/src/widgets/framework.dart:4587:20)
#56     Element.updateChild (package:flutter/src/widgets/framework.dart:4059:18)
#57     ComponentElement.performRebuild (package:flutter/src/widgets/framework.dart:5841:16)
#58     Element.rebuild (package:flutter/src/widgets/framework.dart:5529:7)
#59     ComponentElement._firstBuild (package:flutter/src/widgets/framework.dart:5799:5)
#60     ComponentElement.mount (package:flutter/src/widgets/framework.dart:5793:5)
#61     Element.inflateWidget (package:flutter/src/widgets/framework.dart:4587:20)
#62     Element.updateChild (package:flutter/src/widgets/framework.dart:4059:18)
#63     SingleChildRenderObjectElement.mount (package:flutter/src/widgets/framework.dart:7115:14)
#64     Element.inflateWidget (package:flutter/src/widgets/framework.dart:4587:20)
#65     Element.updateChild (package:flutter/src/widgets/framework.dart:4059:18)
#66     ComponentElement.performRebuild (package:flutter/src/widgets/framework.dart:5841:16)
#67     Element.rebuild (package:flutter/src/widgets/framework.dart:5529:7)
#68     ComponentElement._firstBuild (package:flutter/src/widgets/framework.dart:5799:5)
#69     ComponentElement.mount (package:flutter/src/widgets/framework.dart:5793:5)
#70     Element.inflateWidget (package:flutter/src/widgets/framework.dart:4587:20)
#71     Element.updateChild (package:flutter/src/widgets/framework.dart:4059:18)
#72     SingleChildRenderObjectElement.mount (package:flutter/src/widgets/framework.dart:7115:14)
#73     Element.inflateWidget (package:flutter/src/widgets/framework.dart:4587:20)
#74     Element.updateChild (package:flutter/src/widgets/framework.dart:4059:18)
#75     ComponentElement.performRebuild (package:flutter/src/widgets/framework.dart:5841:16)
#76     Element.rebuild (package:flutter/src/widgets/framework.dart:5529:7)
#77     ComponentElement._firstBuild (package:flutter/src/widgets/framework.dart:5799:5)
#78     ComponentElement.mount (package:flutter/src/widgets/framework.dart:5793:5)
#79     Element.inflateWidget (package:flutter/src/widgets/framework.dart:4587:20)
#80     Element.updateChild (package:flutter/src/widgets/framework.dart:4059:18)
#81     SingleChildRenderObjectElement.mount (package:flutter/src/widgets/framework.dart:7115:14)
#82     Element.inflateWidget (package:flutter/src/widgets/framework.dart:4587:20)
#83     Element.updateChild (package:flutter/src/widgets/framework.dart:4059:18)
#84     SingleChildRenderObjectElement.mount (package:flutter/src/widgets/framework.dart:7115:14)
#85     Element.inflateWidget (package:flutter/src/widgets/framework.dart:4587:20)
#86     Element.updateChild (package:flutter/src/widgets/framework.dart:4059:18)
#87     ComponentElement.performRebuild (package:flutter/src/widgets/framework.dart:5841:16)
#88     StatefulElement.performRebuild (package:flutter/src/widgets/framework.dart:5982:11)
#89     Element.rebuild (package:flutter/src/widgets/framework.dart:5529:7)
#90     ComponentElement._firstBuild (package:flutter/src/widgets/framework.dart:5799:5)
#91     StatefulElement._firstBuild (package:flutter/src/widgets/framework.dart:5973:11)
#92     ComponentElement.mount (package:flutter/src/widgets/framework.dart:5793:5)
#93     Element.inflateWidget (package:flutter/src/widgets/framework.dart:4587:20)
#94     Element.updateChild (package:flutter/src/widgets/framework.dart:4059:18)
#95     SingleChildRenderObjectElement.mount (package:flutter/src/widgets/framework.dart:7115:14)
#96     Element.inflateWidget (package:flutter/src/widgets/framework.dart:4587:20)
#97     Element.updateChild (package:flutter/src/widgets/framework.dart:4059:18)
#98     ComponentElement.performRebuild (package:flutter/src/widgets/framework.dart:5841:16)
#99     StatefulElement.performRebuild (package:flutter/src/widgets/framework.dart:5982:11)
#100    Element.rebuild (package:flutter/src/widgets/framework.dart:5529:7)
#101    ComponentElement._firstBuild (package:flutter/src/widgets/framework.dart:5799:5)
#102    StatefulElement._firstBuild (package:flutter/src/widgets/framework.dart:5973:11)
#103    ComponentElement.mount (package:flutter/src/widgets/framework.dart:5793:5)
#104    Element.inflateWidget (package:flutter/src/widgets/framework.dart:4587:20)
#105    Element.updateChild (package:flutter/src/widgets/framework.dart:4059:18)
#106    SingleChildRenderObjectElement.mount (package:flutter/src/widgets/framework.dart:7115:14)
#107    Element.inflateWidget (package:flutter/src/widgets/framework.dart:4587:20)
#108    Element.updateChild (package:flutter/src/widgets/framework.dart:4059:18)
#109    ComponentElement.performRebuild (package:flutter/src/widgets/framework.dart:5841:16)
#110    Element.rebuild (package:flutter/src/widgets/framework.dart:5529:7)
#111    ComponentElement._firstBuild (package:flutter/src/widgets/framework.dart:5799:5)
#112    ComponentElement.mount (package:flutter/src/widgets/framework.dart:5793:5)
#113    Element.inflateWidget (package:flutter/src/widgets/framework.dart:4587:20)
#114    Element.updateChild (package:flutter/src/widgets/framework.dart:4059:18)
#115    SingleChildRenderObjectElement.mount (package:flutter/src/widgets/framework.dart:7115:14)
#116    Element.inflateWidget (package:flutter/src/widgets/framework.dart:4587:20)
#117    Element.updateChild (package:flutter/src/widgets/framework.dart:4059:18)
#118    ComponentElement.performRebuild (package:flutter/src/widgets/framework.dart:5841:16)
#119    StatefulElement.performRebuild (package:flutter/src/widgets/framework.dart:5982:11)
#120    Element.rebuild (package:flutter/src/widgets/framework.dart:5529:7)
#121    ComponentElement._firstBuild (package:flutter/src/widgets/framework.dart:5799:5)
#122    StatefulElement._firstBuild (package:flutter/src/widgets/framework.dart:5973:11)
#123    ComponentElement.mount (package:flutter/src/widgets/framework.dart:5793:5)
#124    Element.inflateWidget (package:flutter/src/widgets/framework.dart:4587:20)
#125    Element.updateChild (package:flutter/src/widgets/framework.dart:4059:18)
#126    ComponentElement.performRebuild (package:flutter/src/widgets/framework.dart:5841:16)
#127    Element.rebuild (package:flutter/src/widgets/framework.dart:5529:7)
#128    ComponentElement._firstBuild (package:flutter/src/widgets/framework.dart:5799:5)
#129    ComponentElement.mount (package:flutter/src/widgets/framework.dart:5793:5)
#130    Element.inflateWidget (package:flutter/src/widgets/framework.dart:4587:20)
#131    Element.updateChild (package:flutter/src/widgets/framework.dart:4059:18)
#132    ComponentElement.performRebuild (package:flutter/src/widgets/framework.dart:5841:16)
#133    Element.rebuild (package:flutter/src/widgets/framework.dart:5529:7)
#134    ComponentElement._firstBuild (package:flutter/src/widgets/framework.dart:5799:5)
#135    ComponentElement.mount (package:flutter/src/widgets/framework.dart:5793:5)
#136    Element.inflateWidget (package:flutter/src/widgets/framework.dart:4587:20)
#137    Element.updateChild (package:flutter/src/widgets/framework.dart:4059:18)
#138    ComponentElement.performRebuild (package:flutter/src/widgets/framework.dart:5841:16)
#139    StatefulElement.performRebuild (package:flutter/src/widgets/framework.dart:5982:11)
#140    Element.rebuild (package:flutter/src/widgets/framework.dart:5529:7)
#141    ComponentElement._firstBuild (package:flutter/src/widgets/framework.dart:5799:5)
#142    StatefulElement._firstBuild (package:flutter/src/widgets/framework.dart:5973:11)
#143    ComponentElement.mount (package:flutter/src/widgets/framework.dart:5793:5)
#144    Element.inflateWidget (package:flutter/src/widgets/framework.dart:4587:20)
#145    Element.updateChild (package:flutter/src/widgets/framework.dart:4059:18)
#146    ComponentElement.performRebuild (package:flutter/src/widgets/framework.dart:5841:16)
#147    Element.rebuild (package:flutter/src/widgets/framework.dart:5529:7)
#148    ComponentElement._firstBuild (package:flutter/src/widgets/framework.dart:5799:5)
#149    ComponentElement.mount (package:flutter/src/widgets/framework.dart:5793:5)
#150    Element.inflateWidget (package:flutter/src/widgets/framework.dart:4587:20)
#151    Element.updateChild (package:flutter/src/widgets/framework.dart:4059:18)
#152    ComponentElement.performRebuild (package:flutter/src/widgets/framework.dart:5841:16)
#153    Element.rebuild (package:flutter/src/widgets/framework.dart:5529:7)
#154    ComponentElement._firstBuild (package:flutter/src/widgets/framework.dart:5799:5)
#155    ComponentElement.mount (package:flutter/src/widgets/framework.dart:5793:5)
#156    Element.inflateWidget (package:flutter/src/widgets/framework.dart:4587:20)
#157    Element.updateChild (package:flutter/src/widgets/framework.dart:4059:18)
#158    SingleChildRenderObjectElement.mount (package:flutter/src/widgets/framework.dart:7115:14)
#159    Element.inflateWidget (package:flutter/src/widgets/framework.dart:4587:20)
#160    Element.updateChild (package:flutter/src/widgets/framework.dart:4059:18)
#161    ComponentElement.performRebuild (package:flutter/src/widgets/framework.dart:5841:16)
#162    Element.rebuild (package:flutter/src/widgets/framework.dart:5529:7)
#163    ComponentElement._firstBuild (package:flutter/src/widgets/framework.dart:5799:5)
#164    ComponentElement.mount (package:flutter/src/widgets/framework.dart:5793:5)
#165    Element.inflateWidget (package:flutter/src/widgets/framework.dart:4587:20)
#166    Element.updateChild (package:flutter/src/widgets/framework.dart:4059:18)
#167    ComponentElement.performRebuild (package:flutter/src/widgets/framework.dart:5841:16)
#168    Element.rebuild (package:flutter/src/widgets/framework.dart:5529:7)
#169    ComponentElement._firstBuild (package:flutter/src/widgets/framework.dart:5799:5)
#170    ComponentElement.mount (package:flutter/src/widgets/framework.dart:5793:5)
#171    Element.inflateWidget (package:flutter/src/widgets/framework.dart:4587:20)
#172    Element.updateChild (package:flutter/src/widgets/framework.dart:4059:18)
#173    ComponentElement.performRebuild (package:flutter/src/widgets/framework.dart:5841:16)
#174    StatefulElement.performRebuild (package:flutter/src/widgets/framework.dart:5982:11)
#175    Element.rebuild (package:flutter/src/widgets/framework.dart:5529:7)
#176    ComponentElement._firstBuild (package:flutter/src/widgets/framework.dart:5799:5)
#177    StatefulElement._firstBuild (package:flutter/src/widgets/framework.dart:5973:11)
#178    ComponentElement.mount (package:flutter/src/widgets/framework.dart:5793:5)
#179    Element.inflateWidget (package:flutter/src/widgets/framework.dart:4587:20)
#180    Element.updateChild (package:flutter/src/widgets/framework.dart:4059:18)
#181    ComponentElement.performRebuild (package:flutter/src/widgets/framework.dart:5841:16)
00:16 +306 -5: C:/Users/andrvoicu/Desktop/repos/collectarr-app/test/features/library/edit/library_edit_dialog_test.dart: generic edit dialog returns media-aware catalog and owned fields
00:16 +306 -5: C:/Users/andrvoicu/Desktop/repos/collectarr-app/test/features/library/add/library_add_dialog_test.dart: showLibraryAddDialog uses movie-specific manual add flow
#182    StatefulElement.performRebuild (package:flutter/src/widgets/framework.dart:5982:11)
#183    Element.rebuild (package:flutter/src/widgets/framework.dart:5529:7)
#184    ComponentElement._firstBuild (package:flutter/src/widgets/framework.dart:5799:5)
#185    StatefulElement._firstBuild (package:flutter/src/widgets/framework.dart:5973:11)
#186    ComponentElement.mount (package:flutter/src/widgets/framework.dart:5793:5)
#187    Element.inflateWidget (package:flutter/src/widgets/framework.dart:4587:20)
#188    Element.updateChild (package:flutter/src/widgets/framework.dart:4059:18)
#189    ComponentElement.performRebuild (package:flutter/src/widgets/framework.dart:5841:16)
#190    StatefulElement.performRebuild (package:flutter/src/widgets/framework.dart:5982:11)
#191    Element.rebuild (package:flutter/src/widgets/framework.dart:5529:7)
#192    ComponentElement._firstBuild (package:flutter/src/widgets/framework.dart:5799:5)
#193    StatefulElement._firstBuild (package:flutter/src/widgets/framework.dart:5973:11)
#194    ComponentElement.mount (package:flutter/src/widgets/framework.dart:5793:5)
#195    Element.inflateWidget (package:flutter/src/widgets/framework.dart:4587:20)
#196    Element.updateChild (package:flutter/src/widgets/framework.dart:4059:18)
#197    SingleChildRenderObjectElement.mount (package:flutter/src/widgets/framework.dart:7115:14)
#198    Element.inflateWidget (package:flutter/src/widgets/framework.dart:4587:20)
#199    Element.updateChild (package:flutter/src/widgets/framework.dart:4059:18)
#200    ComponentElement.performRebuild (package:flutter/src/widgets/framework.dart:5841:16)
00:16 +307 -5: C:/Users/andrvoicu/Desktop/repos/collectarr-app/test/features/library/edit/library_edit_dialog_test.dart: generic edit dialog returns media-aware catalog and owned fields
00:16 +307 -5: C:/Users/andrvoicu/Desktop/repos/collectarr-app/test/features/library/add/library_add_dialog_test.dart: showLibraryAddDialog uses movie-specific manual add flow
#201    Element.rebuild (package:flutter/src/widgets/framework.dart:5529:7)
#202    ComponentElement._firstBuild (package:flutter/src/widgets/framework.dart:5799:5)
#203    ComponentElement.mount (package:flutter/src/widgets/framework.dart:5793:5)
#204    Element.inflateWidget (package:flutter/src/widgets/framework.dart:4587:20)
#205    Element.updateChild (package:flutter/src/widgets/framework.dart:4059:18)
#206    ComponentElement.performRebuild (package:flutter/src/widgets/framework.dart:5841:16)
#207    Element.rebuild (package:flutter/src/widgets/framework.dart:5529:7)
#208    ComponentElement._firstBuild (package:flutter/src/widgets/framework.dart:5799:5)
#209    ComponentElement.mount (package:flutter/src/widgets/framework.dart:5793:5)
#210    Element.inflateWidget (package:flutter/src/widgets/framework.dart:4587:20)
#211    Element.updateChild (package:flutter/src/widgets/framework.dart:4059:18)
#212    ComponentElement.performRebuild (package:flutter/src/widgets/framework.dart:5841:16)
#213    Element.rebuild (package:flutter/src/widgets/framework.dart:5529:7)
#214    ComponentElement._firstBuild (package:flutter/src/widgets/framework.dart:5799:5)
#215    ComponentElement.mount (package:flutter/src/widgets/framework.dart:5793:5)
#216    Element.inflateWidget (package:flutter/src/widgets/framework.dart:4587:20)
00:16 +308 -5: C:/Users/andrvoicu/Desktop/repos/collectarr-app/test/features/library/edit/library_edit_dialog_test.dart: generic edit dialog returns media-aware catalog and owned fields
00:16 +308 -5: C:/Users/andrvoicu/Desktop/repos/collectarr-app/test/features/library/add/library_add_dialog_test.dart: showLibraryAddDialog uses movie-specific manual add flow
#217    Element.updateChild (package:flutter/src/widgets/framework.dart:4059:18)
#218    ComponentElement.performRebuild (package:flutter/src/widgets/framework.dart:5841:16)
#219    StatefulElement.performRebuild (package:flutter/src/widgets/framework.dart:5982:11)
#220    Element.rebuild (package:flutter/src/widgets/framework.dart:5529:7)
#221    ComponentElement._firstBuild (package:flutter/src/widgets/framework.dart:5799:5)
#222    StatefulElement._firstBuild (package:flutter/src/widgets/framework.dart:5973:11)
#223    ComponentElement.mount (package:flutter/src/widgets/framework.dart:5793:5)
#224    Element.inflateWidget (package:flutter/src/widgets/framework.dart:4587:20)
#225    Element.updateChild (package:flutter/src/widgets/framework.dart:4059:18)
#226    ComponentElement.performRebuild (package:flutter/src/widgets/framework.dart:5841:16)
#227    StatefulElement.performRebuild (package:flutter/src/widgets/framework.dart:5982:11)
#228    Element.rebuild (package:flutter/src/widgets/framework.dart:5529:7)
#229    ComponentElement._firstBuild (package:flutter/src/widgets/framework.dart:5799:5)
#230    StatefulElement._firstBuild (package:flutter/src/widgets/framework.dart:5973:11)
#231    ComponentElement.mount (package:flutter/src/widgets/framework.dart:5793:5)
#232    Element.inflateWidget (package:flutter/src/widgets/framework.dart:4587:20)
00:16 +309 -5: C:/Users/andrvoicu/Desktop/repos/collectarr-app/test/features/library/edit/library_edit_dialog_test.dart: generic edit dialog returns media-aware catalog and owned fields
00:16 +309 -5: C:/Users/andrvoicu/Desktop/repos/collectarr-app/test/features/library/add/library_add_dialog_test.dart: showLibraryAddDialog uses movie-specific manual add flow
#233    MultiChildRenderObjectElement.inflateWidget (package:flutter/src/widgets/framework.dart:7264:36)
#234    Element.updateChild (package:flutter/src/widgets/framework.dart:4059:18)
#235    Element.updateChildren (package:flutter/src/widgets/framework.dart:4255:32)
#236    MultiChildRenderObjectElement.update (package:flutter/src/widgets/framework.dart:7295:17)
#237    Element.updateChild (package:flutter/src/widgets/framework.dart:4037:15)
#238    ComponentElement.performRebuild (package:flutter/src/widgets/framework.dart:5841:16)
#239    StatefulElement.performRebuild (package:flutter/src/widgets/framework.dart:5982:11)
#240    Element.rebuild (package:flutter/src/widgets/framework.dart:5529:7)
#241    StatefulElement.update (package:flutter/src/widgets/framework.dart:6007:5)
#242    Element.updateChild (package:flutter/src/widgets/framework.dart:4037:15)
#243    ComponentElement.performRebuild (package:flutter/src/widgets/framework.dart:5841:16)
#244    Element.rebuild (package:flutter/src/widgets/framework.dart:5529:7)
#245    ProxyElement.update (package:flutter/src/widgets/framework.dart:6149:5)
#246    Element.updateChild (package:flutter/src/widgets/framework.dart:4037:15)
#247    ComponentElement.performRebuild (package:flutter/src/widgets/framework.dart:5841:16)
#248    Element.rebuild (package:flutter/src/widgets/framework.dart:5529:7)
#249    ProxyElement.update (package:flutter/src/widgets/framework.dart:6149:5)
#250    _InheritedNotifierElement.update (package:flutter/src/widgets/inherited_notifier.dart:108:11)
00:16 +310 -5: C:/Users/andrvoicu/Desktop/repos/collectarr-app/test/features/library/edit/library_edit_dialog_test.dart: generic edit dialog returns media-aware catalog and owned fields
00:16 +310 -5: C:/Users/andrvoicu/Desktop/repos/collectarr-app/test/features/library/add/library_add_dialog_test.dart: showLibraryAddDialog uses movie-specific manual add flow
#251    Element.updateChild (package:flutter/src/widgets/framework.dart:4037:15)
#252    ComponentElement.performRebuild (package:flutter/src/widgets/framework.dart:5841:16)
#253    StatefulElement.performRebuild (package:flutter/src/widgets/framework.dart:5982:11)
#254    Element.rebuild (package:flutter/src/widgets/framework.dart:5529:7)
#255    StatefulElement.update (package:flutter/src/widgets/framework.dart:6007:5)
#256    Element.updateChild (package:flutter/src/widgets/framework.dart:4037:15)
#257    ComponentElement.performRebuild (package:flutter/src/widgets/framework.dart:5841:16)
#258    Element.rebuild (package:flutter/src/widgets/framework.dart:5529:7)
#259    ProxyElement.update (package:flutter/src/widgets/framework.dart:6149:5)
#260    _InheritedNotifierElement.update (package:flutter/src/widgets/inherited_notifier.dart:108:11)
#261    Element.updateChild (package:flutter/src/widgets/framework.dart:4037:15)
#262    ComponentElement.performRebuild (package:flutter/src/widgets/framework.dart:5841:16)
#263    StatefulElement.performRebuild (package:flutter/src/widgets/framework.dart:5982:11)
#264    Element.rebuild (package:flutter/src/widgets/framework.dart:5529:7)
#265    StatefulElement.update (package:flutter/src/widgets/framework.dart:6007:5)
#266    Element.updateChild (package:flutter/src/widgets/framework.dart:4037:15)
#267    ComponentElement.performRebuild (package:flutter/src/widgets/framework.dart:5841:16)
#268    StatefulElement.performRebuild (package:flutter/src/widgets/framework.dart:5982:11)
#269    Element.rebuild (package:flutter/src/widgets/framework.dart:5529:7)
#270    StatefulElement.update (package:flutter/src/widgets/framework.dart:6007:5)
#271    Element.updateChild (package:flutter/src/widgets/framework.dart:4037:15)
#272    SingleChildRenderObjectElement.update (package:flutter/src/widgets/framework.dart:7122:14)
#273    Element.updateChild (package:flutter/src/widgets/framework.dart:4037:15)
#274    SingleChildRenderObjectElement.update (package:flutter/src/widgets/framework.dart:7122:14)
#275    Element.updateChild (package:flutter/src/widgets/framework.dart:4037:15)
00:16 +311 -5: C:/Users/andrvoicu/Desktop/repos/collectarr-app/test/features/library/edit/library_edit_dialog_test.dart: generic edit dialog returns media-aware catalog and owned fields
00:16 +311 -5: C:/Users/andrvoicu/Desktop/repos/collectarr-app/test/features/library/add/library_add_dialog_test.dart: showLibraryAddDialog uses movie-specific manual add flow
#276    ComponentElement.performRebuild (package:flutter/src/widgets/framework.dart:5841:16)
#277    Element.rebuild (package:flutter/src/widgets/framework.dart:5529:7)
#278    ProxyElement.update (package:flutter/src/widgets/framework.dart:6149:5)
#279    Element.updateChild (package:flutter/src/widgets/framework.dart:4037:15)
#280    ComponentElement.performRebuild (package:flutter/src/widgets/framework.dart:5841:16)
#281    Element.rebuild (package:flutter/src/widgets/framework.dart:5529:7)
#282    ProxyElement.update (package:flutter/src/widgets/framework.dart:6149:5)
#283    Element.updateChild (package:flutter/src/widgets/framework.dart:4037:15)
#284    ComponentElement.performRebuild (package:flutter/src/widgets/framework.dart:5841:16)
#285    StatefulElement.performRebuild (package:flutter/src/widgets/framework.dart:5982:11)
#286    Element.rebuild (package:flutter/src/widgets/framework.dart:5529:7)
#287    BuildScope._tryRebuild (package:flutter/src/widgets/framework.dart:2750:15)
#288    BuildScope._flushDirtyElements (package:flutter/src/widgets/framework.dart:2807:11)
#289    BuildOwner.buildScope (package:flutter/src/widgets/framework.dart:3111:18)
#290    AutomatedTestWidgetsFlutterBinding.drawFrame (package:flutter_test/src/binding.dart:2431:19)
#291    RendererBinding._handlePersistentFrameCallback (package:flutter/src/rendering/binding.dart:509:5)
#292    SchedulerBinding._invokeFrameCallback (package:flutter/src/scheduler/binding.dart:1430:15)
#293    SchedulerBinding.handleDrawFrame (package:flutter/src/scheduler/binding.dart:1345:9)
#294    AutomatedTestWidgetsFlutterBinding.pump.<anonymous closure> (package:flutter_test/src/binding.dart:2260:9)
#295    _rootRun (dart:async/zone_root.dart:35:13)
#296    _CustomZone.run (dart:async/zone.dart:726:19)
#297    TestAsyncUtils.guard (package:flutter_test/src/test_async_utils.dart:74:41)
#298    AutomatedTestWidgetsFlutterBinding.pump (package:flutter_test/src/binding.dart:2249:27)
#299    WidgetTester.pump.<anonymous closure> (package:flutter_test/src/widget_tester.dart:652:53)
#300    _rootRun (dart:async/zone_root.dart:35:13)
#301    _CustomZone.run (dart:async/zone.dart:726:19)
#302    TestAsyncUtils.guard (package:flutter_test/src/test_async_utils.dart:74:41)
#303    WidgetTester.pump (package:flutter_test/src/widget_tester.dart:652:27)
#304    pumpUntilSettled (file:///C:/Users/andrvoicu/Desktop/repos/collectarr-app/test/helpers/test_constants.dart:31:18)
#305    main.<anonymous closure> (file:///C:/Users/andrvoicu/Desktop/repos/collectarr-app/test/features/library/add/library_add_dialog_test.dart:1230:11)
<asynchronous suspension>
#306    testWidgets.<anonymous closure>.<anonymous closure> (package:flutter_test/src/widget_tester.dart:192:15)
<asynchronous suspension>
#307    TestWidgetsFlutterBinding._runTestBody (package:flutter_test/src/binding.dart:1952:5)
<asynchronous suspension>
#308    StackZoneSpecification._registerCallback.<anonymous closure> (package:stack_trace/src/stack_zone_specification.dart:114:42)
<asynchronous suspension>
This warning will only appear on debug builds.
00:16 +312 -5: C:/Users/andrvoicu/Desktop/repos/collectarr-app/test/features/library/edit/library_edit_dialog_test.dart: generic edit dialog returns media-aware catalog and owned fields
00:16 +313 -5: C:/Users/andrvoicu/Desktop/repos/collectarr-app/test/features/library/edit/library_edit_dialog_test.dart: generic edit dialog returns media-aware catalog and owned fields
00:16 +314 -5: C:/Users/andrvoicu/Desktop/repos/collectarr-app/test/features/library/edit/library_edit_dialog_test.dart: generic edit dialog returns media-aware catalog and owned fields
00:16 +315 -5: C:/Users/andrvoicu/Desktop/repos/collectarr-app/test/features/library/edit/library_edit_dialog_test.dart: generic edit dialog returns media-aware catalog and owned fields
00:16 +316 -5: C:/Users/andrvoicu/Desktop/repos/collectarr-app/test/features/library/edit/library_edit_dialog_test.dart: generic edit dialog returns media-aware catalog and owned fields
00:16 +317 -5: C:/Users/andrvoicu/Desktop/repos/collectarr-app/test/features/library/generic/library_toolbar_test.dart: desktop toolbar alphabet row uses available width
00:16 +318 -5: C:/Users/andrvoicu/Desktop/repos/collectarr-app/test/features/library/generic/library_toolbar_test.dart: desktop toolbar alphabet row uses available width
00:16 +319 -5: C:/Users/andrvoicu/Desktop/repos/collectarr-app/test/features/library/generic/library_toolbar_test.dart: desktop toolbar alphabet row uses available width
00:16 +320 -5: C:/Users/andrvoicu/Desktop/repos/collectarr-app/test/features/library/generic/library_toolbar_test.dart: desktop toolbar alphabet row uses available width
00:16 +321 -5: C:/Users/andrvoicu/Desktop/repos/collectarr-app/test/features/library/generic/library_toolbar_test.dart: desktop toolbar alphabet row uses available width
00:16 +322 -5: C:/Users/andrvoicu/Desktop/repos/collectarr-app/test/features/library/generic/library_toolbar_test.dart: desktop toolbar alphabet row uses available width
00:16 +323 -5: C:/Users/andrvoicu/Desktop/repos/collectarr-app/test/features/library/generic/library_toolbar_test.dart: desktop toolbar alphabet row uses available width
00:16 +324 -5: C:/Users/andrvoicu/Desktop/repos/collectarr-app/test/features/library/generic/library_toolbar_test.dart: desktop toolbar alphabet row uses available width
00:16 +325 -5: C:/Users/andrvoicu/Desktop/repos/collectarr-app/test/features/library/generic/library_toolbar_test.dart: desktop toolbar alphabet row uses available width
00:16 +326 -5: C:/Users/andrvoicu/Desktop/repos/collectarr-app/test/features/library/generic/library_toolbar_test.dart: desktop toolbar alphabet row uses available width
00:16 +326 -5: C:/Users/andrvoicu/Desktop/repos/collectarr-app/test/features/library/add/library_add_dialog_test.dart: showLibraryAddDialog uses movie-specific preview pane
WARNING (drift): It looks like you've created the database class LocalDatabase multiple times. When these two databases use the same QueryExecutor, race conditions will occur and might corrupt the database. 
Try to follow the advice at https://drift.simonbinder.eu/faq/#using-the-database or, if you know what you're doing, set driftRuntimeOptions.dontWarnAboutMultipleDatabases = true
Here is the stacktrace from when the database was opened a second time:
#0      GeneratedDatabase._handleInstantiated (package:drift/src/runtime/api/db_base.dart:96:30)
#1      GeneratedDatabase._whenConstructed (package:drift/src/runtime/api/db_base.dart:73:12)
#2      new GeneratedDatabase (package:drift/src/runtime/api/db_base.dart:64:5)
#3      new _$LocalDatabase (package:collectarr_app/core/db/local_database.g.dart:12351:38)
#4      new LocalDatabase (package:collectarr_app/core/db/local_database.dart:387:9)
#5      main.<anonymous closure> (file:///C:/Users/andrvoicu/Desktop/repos/collectarr-app/test/features/library/add/library_add_dialog_test.dart:1247:16)
#6      testWidgets.<anonymous closure>.<anonymous closure> (package:flutter_test/src/widget_tester.dart:192:29)
<asynchronous suspension>
#7      TestWidgetsFlutterBinding._runTestBody (package:flutter_test/src/binding.dart:1952:5)
<asynchronous suspension>
#8      StackZoneSpecification._registerCallback.<anonymous closure> (package:stack_trace/src/stack_zone_specification.dart:114:42)
<asynchronous suspension>
This warning will only appear on debug builds.
00:16 +327 -5: C:/Users/andrvoicu/Desktop/repos/collectarr-app/test/features/library/generic/library_toolbar_test.dart: desktop toolbar alphabet row uses available width
00:16 +328 -5: C:/Users/andrvoicu/Desktop/repos/collectarr-app/test/features/library/generic/library_toolbar_test.dart: desktop toolbar alphabet row uses available width
00:16 +329 -5: C:/Users/andrvoicu/Desktop/repos/collectarr-app/test/features/library/generic/library_toolbar_test.dart: desktop toolbar alphabet row uses available width
00:16 +330 -5: C:/Users/andrvoicu/Desktop/repos/collectarr-app/test/features/library/generic/library_toolbar_test.dart: desktop toolbar alphabet row uses available width
00:16 +331 -5: C:/Users/andrvoicu/Desktop/repos/collectarr-app/test/features/library/generic/library_toolbar_test.dart: desktop toolbar alphabet row uses available width
00:16 +332 -5: C:/Users/andrvoicu/Desktop/repos/collectarr-app/test/features/library/edit/library_edit_dialog_test.dart: generic edit dialog saves edition ownership without a physical release
00:16 +333 -5: C:/Users/andrvoicu/Desktop/repos/collectarr-app/test/features/library/edit/library_edit_dialog_test.dart: generic edit dialog saves edition ownership without a physical release
00:17 +333 -5: C:/Users/andrvoicu/Desktop/repos/collectarr-app/test/features/library/add/library_add_dialog_test.dart: showLibraryAddDialog uses movie-specific search shell
WARNING (drift): It looks like you've created the database class LocalDatabase multiple times. When these two databases use the same QueryExecutor, race conditions will occur and might corrupt the database. 
Try to follow the advice at https://drift.simonbinder.eu/faq/#using-the-database or, if you know what you're doing, set driftRuntimeOptions.dontWarnAboutMultipleDatabases = true
Here is the stacktrace from when the database was opened a second time:
#0      GeneratedDatabase._handleInstantiated (package:drift/src/runtime/api/db_base.dart:96:30)
#1      GeneratedDatabase._whenConstructed (package:drift/src/runtime/api/db_base.dart:73:12)
#2      new GeneratedDatabase (package:drift/src/runtime/api/db_base.dart:64:5)
#3      new _$LocalDatabase (package:collectarr_app/core/db/local_database.g.dart:12351:38)
#4      new LocalDatabase (package:collectarr_app/core/db/local_database.dart:387:9)
#5      main.<anonymous closure> (file:///C:/Users/andrvoicu/Desktop/repos/collectarr-app/test/features/library/add/library_add_dialog_test.dart:1302:16)
#6      testWidgets.<anonymous closure>.<anonymous closure> (package:flutter_test/src/widget_tester.dart:192:29)
<asynchronous suspension>
#7      TestWidgetsFlutterBinding._runTestBody (package:flutter_test/src/binding.dart:1952:5)
<asynchronous suspension>
#8      StackZoneSpecification._registerCallback.<anonymous closure> (package:stack_trace/src/stack_zone_specification.dart:114:42)
<asynchronous suspension>
This warning will only appear on debug builds.
00:17 +334 -5: C:/Users/andrvoicu/Desktop/repos/collectarr-app/test/features/library/edit/library_edit_dialog_test.dart: generic edit dialog saves edition ownership without a physical release
00:17 +334 -5: C:/Users/andrvoicu/Desktop/repos/collectarr-app/test/features/library/add/library_add_dialog_test.dart: core search results explain why a movie matched
WARNING (drift): It looks like you've created the database class LocalDatabase multiple times. When these two databases use the same QueryExecutor, race conditions will occur and might corrupt the database. 
Try to follow the advice at https://drift.simonbinder.eu/faq/#using-the-database or, if you know what you're doing, set driftRuntimeOptions.dontWarnAboutMultipleDatabases = true
Here is the stacktrace from when the database was opened a second time:
#0      GeneratedDatabase._handleInstantiated (package:drift/src/runtime/api/db_base.dart:96:30)
#1      GeneratedDatabase._whenConstructed (package:drift/src/runtime/api/db_base.dart:73:12)
#2      new GeneratedDatabase (package:drift/src/runtime/api/db_base.dart:64:5)
#3      new _$LocalDatabase (package:collectarr_app/core/db/local_database.g.dart:12351:38)
#4      new LocalDatabase (package:collectarr_app/core/db/local_database.dart:387:9)
#5      main.<anonymous closure> (file:///C:/Users/andrvoicu/Desktop/repos/collectarr-app/test/features/library/add/library_add_dialog_test.dart:1355:16)
#6      testWidgets.<anonymous closure>.<anonymous closure> (package:flutter_test/src/widget_tester.dart:192:29)
<asynchronous suspension>
#7      TestWidgetsFlutterBinding._runTestBody (package:flutter_test/src/binding.dart:1952:5)
<asynchronous suspension>
#8      StackZoneSpecification._registerCallback.<anonymous closure> (package:stack_trace/src/stack_zone_specification.dart:114:42)
<asynchronous suspension>
This warning will only appear on debug builds.
00:17 +335 -5: C:/Users/andrvoicu/Desktop/repos/collectarr-app/test/features/library/edit/library_edit_dialog_test.dart: generic edit dialog saves edition ownership without a physical release
00:17 +336 -5: C:/Users/andrvoicu/Desktop/repos/collectarr-app/test/features/library/generic/reading_queue_dialog_test.dart: reading queue dialog filters queued items and returns selection
00:17 +336 -5: C:/Users/andrvoicu/Desktop/repos/collectarr-app/test/features/library/add/library_add_dialog_test.dart: comic add dialog previews selected bundle release members
WARNING (drift): It looks like you've created the database class LocalDatabase multiple times. When these two databases use the same QueryExecutor, race conditions will occur and might corrupt the database. 
Try to follow the advice at https://drift.simonbinder.eu/faq/#using-the-database or, if you know what you're doing, set driftRuntimeOptions.dontWarnAboutMultipleDatabases = true
Here is the stacktrace from when the database was opened a second time:
#0      GeneratedDatabase._handleInstantiated (package:drift/src/runtime/api/db_base.dart:96:30)
#1      GeneratedDatabase._whenConstructed (package:drift/src/runtime/api/db_base.dart:73:12)
#2      new GeneratedDatabase (package:drift/src/runtime/api/db_base.dart:64:5)
#3      new _$LocalDatabase (package:collectarr_app/core/db/local_database.g.dart:12351:38)
#4      new LocalDatabase (package:collectarr_app/core/db/local_database.dart:387:9)
#5      main.<anonymous closure> (file:///C:/Users/andrvoicu/Desktop/repos/collectarr-app/test/features/library/add/library_add_dialog_test.dart:1404:16)
#6      testWidgets.<anonymous closure>.<anonymous closure> (package:flutter_test/src/widget_tester.dart:192:29)
<asynchronous suspension>
#7      TestWidgetsFlutterBinding._runTestBody (package:flutter_test/src/binding.dart:1952:5)
<asynchronous suspension>
#8      StackZoneSpecification._registerCallback.<anonymous closure> (package:stack_trace/src/stack_zone_specification.dart:114:42)
<asynchronous suspension>
This warning will only appear on debug builds.
00:17 +337 -5: C:/Users/andrvoicu/Desktop/repos/collectarr-app/test/features/library/generic/reading_queue_dialog_test.dart: reading queue dialog filters queued items and returns selection
00:17 +338 -5: C:/Users/andrvoicu/Desktop/repos/collectarr-app/test/features/library/generic/reading_queue_dialog_test.dart: reading queue dialog filters queued items and returns selection
00:18 +339 -5: C:/Users/andrvoicu/Desktop/repos/collectarr-app/test/features/library/generic/reading_queue_dialog_test.dart: reading queue dialog filters queued items and returns selection
00:18 +340 -5: C:/Users/andrvoicu/Desktop/repos/collectarr-app/test/features/library/generic/reading_queue_dialog_test.dart: reading queue dialog filters queued items and returns selection
00:18 +340 -5: C:/Users/andrvoicu/Desktop/repos/collectarr-app/test/features/library/add/library_add_dialog_test.dart: comic add dialog lets the user keep edition scope without picking a physical release
WARNING (drift): It looks like you've created the database class LocalDatabase multiple times. When these two databases use the same QueryExecutor, race conditions will occur and might corrupt the database. 
Try to follow the advice at https://drift.simonbinder.eu/faq/#using-the-database or, if you know what you're doing, set driftRuntimeOptions.dontWarnAboutMultipleDatabases = true
Here is the stacktrace from when the database was opened a second time:
#0      GeneratedDatabase._handleInstantiated (package:drift/src/runtime/api/db_base.dart:96:30)
#1      GeneratedDatabase._whenConstructed (package:drift/src/runtime/api/db_base.dart:73:12)
#2      new GeneratedDatabase (package:drift/src/runtime/api/db_base.dart:64:5)
#3      new _$LocalDatabase (package:collectarr_app/core/db/local_database.g.dart:12351:38)
#4      new LocalDatabase (package:collectarr_app/core/db/local_database.dart:387:9)
#5      main.<anonymous closure> (file:///C:/Users/andrvoicu/Desktop/repos/collectarr-app/test/features/library/add/library_add_dialog_test.dart:1455:16)
#6      testWidgets.<anonymous closure>.<anonymous closure> (package:flutter_test/src/widget_tester.dart:192:29)
<asynchronous suspension>
#7      TestWidgetsFlutterBinding._runTestBody (package:flutter_test/src/binding.dart:1952:5)
<asynchronous suspension>
#8      StackZoneSpecification._registerCallback.<anonymous closure> (package:stack_trace/src/stack_zone_specification.dart:114:42)
<asynchronous suspension>
This warning will only appear on debug builds.
00:18 +341 -5: C:/Users/andrvoicu/Desktop/repos/collectarr-app/test/features/library/generic/reading_queue_dialog_test.dart: reading queue dialog filters queued items and returns selection
00:18 +342 -5: C:/Users/andrvoicu/Desktop/repos/collectarr-app/test/features/library/generic/sidebar_bucket_manager_dialog_test.dart: bucket manager dialog exposes merge action
00:18 +343 -5: C:/Users/andrvoicu/Desktop/repos/collectarr-app/test/features/library/generic/sidebar_bucket_manager_dialog_test.dart: bucket manager dialog exposes merge action
00:18 +344 -5: C:/Users/andrvoicu/Desktop/repos/collectarr-app/test/features/library/generic/sidebar_bucket_manager_dialog_test.dart: bucket manager dialog exposes merge action
00:18 +345 -5: C:/Users/andrvoicu/Desktop/repos/collectarr-app/test/features/library/generic/sidebar_bucket_manager_dialog_test.dart: bucket manager dialog exposes merge action
00:18 +346 -5: C:/Users/andrvoicu/Desktop/repos/collectarr-app/test/features/library/generic/sidebar_bucket_manager_dialog_test.dart: bucket manager dialog exposes merge action
00:18 +346 -6: C:/Users/andrvoicu/Desktop/repos/collectarr-app/test/features/library/generic/sidebar_bucket_manager_dialog_test.dart: bucket manager dialog exposes merge action
00:18 +346 -6: C:/Users/andrvoicu/Desktop/repos/collectarr-app/test/features/library/home/home_navigation_test.dart: canonical library nav kinds collapse legacy grouped children [E]
  Expected: 'comic'
    Actual: 'manga'
     Which: is different.
            Expected: comic
              Actual: manga
                      ^
             Differ at offset 0
  
  package:matcher                                             expect
  package:flutter_test/src/widget_tester.dart 473:18          expect
  test\features\library\home\home_navigation_test.dart 135:5  main.<fn>
  
00:18 +346 -7: C:/Users/andrvoicu/Desktop/repos/collectarr-app/test/features/library/generic/sidebar_bucket_manager_dialog_test.dart: bucket manager dialog exposes merge action
00:18 +346 -7: C:/Users/andrvoicu/Desktop/repos/collectarr-app/test/features/library/home/home_navigation_test.dart: library nav groups collapse comics and movies families [E]
  Expected: ['Comics', 'Movies', 'Books']
    Actual: MappedListIterable<LibraryNavGroup, String>:[
              'Comics',
              'Manga',
              'Movies',
              'Anime',
              'Books'
            ]
     Which: at location [1] is 'Manga' instead of 'Movies'
  
  package:matcher                                             expect
  package:flutter_test/src/widget_tester.dart 473:18          expect
  test\features\library\home\home_navigation_test.dart 187:5  main.<fn>
  
00:18 +347 -7: C:/Users/andrvoicu/Desktop/repos/collectarr-app/test/features/library/generic/smart_lists_dialog_test.dart: smart lists dialog shows advanced filter chips and loads saved view
00:18 +348 -7: C:/Users/andrvoicu/Desktop/repos/collectarr-app/test/features/library/generic/smart_lists_dialog_test.dart: smart lists dialog shows advanced filter chips and loads saved view
00:18 +349 -7: C:/Users/andrvoicu/Desktop/repos/collectarr-app/test/features/library/generic/sort_dialog_test.dart: sort dialog returns reordered multi-column rules
00:18 +349 -7: C:/Users/andrvoicu/Desktop/repos/collectarr-app/test/features/library/add/library_add_dialog_test.dart: comic add dialog lets the user pick an explicit physical release
WARNING (drift): It looks like you've created the database class LocalDatabase multiple times. When these two databases use the same QueryExecutor, race conditions will occur and might corrupt the database. 
Try to follow the advice at https://drift.simonbinder.eu/faq/#using-the-database or, if you know what you're doing, set driftRuntimeOptions.dontWarnAboutMultipleDatabases = true
Here is the stacktrace from when the database was opened a second time:
#0      GeneratedDatabase._handleInstantiated (package:drift/src/runtime/api/db_base.dart:96:30)
#1      GeneratedDatabase._whenConstructed (package:drift/src/runtime/api/db_base.dart:73:12)
#2      new GeneratedDatabase (package:drift/src/runtime/api/db_base.dart:64:5)
#3      new _$LocalDatabase (package:collectarr_app/core/db/local_database.g.dart:12351:38)
#4      new LocalDatabase (package:collectarr_app/core/db/local_database.dart:387:9)
#5      main.<anonymous closure> (file:///C:/Users/andrvoicu/Desktop/repos/collectarr-app/test/features/library/add/library_add_dialog_test.dart:1523:16)
#6      testWidgets.<anonymous closure>.<anonymous closure> (package:flutter_test/src/widget_tester.dart:192:29)
<asynchronous suspension>
#7      TestWidgetsFlutterBinding._runTestBody (package:flutter_test/src/binding.dart:1952:5)
<asynchronous suspension>
#8      StackZoneSpecification._registerCallback.<anonymous closure> (package:stack_trace/src/stack_zone_specification.dart:114:42)
<asynchronous suspension>
This warning will only appear on debug builds.
00:18 +350 -7: C:/Users/andrvoicu/Desktop/repos/collectarr-app/test/features/library/generic/sort_dialog_test.dart: sort dialog returns reordered multi-column rules
00:18 +351 -7: C:/Users/andrvoicu/Desktop/repos/collectarr-app/test/features/library/edit/library_edit_dialog_test.dart: book kind uses dedicated edit dialog builder
00:18 +351 -7: C:/Users/andrvoicu/Desktop/repos/collectarr-app/test/features/library/add/library_add_dialog_test.dart: barcode lookup falls back to provider search on Core miss
WARNING (drift): It looks like you've created the database class LocalDatabase multiple times. When these two databases use the same QueryExecutor, race conditions will occur and might corrupt the database. 
Try to follow the advice at https://drift.simonbinder.eu/faq/#using-the-database or, if you know what you're doing, set driftRuntimeOptions.dontWarnAboutMultipleDatabases = true
Here is the stacktrace from when the database was opened a second time:
#0      GeneratedDatabase._handleInstantiated (package:drift/src/runtime/api/db_base.dart:96:30)
#1      GeneratedDatabase._whenConstructed (package:drift/src/runtime/api/db_base.dart:73:12)
#2      new GeneratedDatabase (package:drift/src/runtime/api/db_base.dart:64:5)
#3      new _$LocalDatabase (package:collectarr_app/core/db/local_database.g.dart:12351:38)
#4      new LocalDatabase (package:collectarr_app/core/db/local_database.dart:387:9)
#5      localDatabaseProvider.<anonymous closure> (package:collectarr_app/state/local_database_provider.dart:5:14)
#6      Provider.create (package:riverpod/src/providers/provider.dart:59:36)
#7      $ProviderElement.create (package:riverpod/src/providers/provider.dart:343:32)
#8      ProviderElement.buildState (package:riverpod/src/core/element.dart:684:28)
#9      ProviderElement.mount (package:riverpod/src/core/element.dart:537:7)
#10     ProviderElement.flush (package:riverpod/src/core/element.dart:640:7)
#11     $ProviderBaseImpl._addListener (package:riverpod/src/core/provider/provider.dart:119:24)
#12     ProviderContainer.listen (package:riverpod/src/core/provider_container.dart:960:26)
#13     ProviderContainer.read (package:riverpod/src/core/provider_container.dart:917:17)
#14     ConsumerStatefulElement.read (package:flutter_riverpod/src/core/consumer.dart:543:59)
#15     _LibraryAddDialogState._loadAvailableLocations (package:collectarr_app/features/library/add/library_add_dialog.dart:2338:38)
#16     _LibraryAddDialogState.initState (package:collectarr_app/features/library/add/library_add_dialog.dart:659:5)
#17     StatefulElement._firstBuild (package:flutter/src/widgets/framework.dart:5950:55)
#18     ComponentElement.mount (package:flutter/src/widgets/framework.dart:5793:5)
#19     Element.inflateWidget (package:flutter/src/widgets/framework.dart:4587:20)
#20     Element.updateChild (package:flutter/src/widgets/framework.dart:4059:18)
#21     ComponentElement.performRebuild (package:flutter/src/widgets/framework.dart:5841:16)
#22     Element.rebuild (package:flutter/src/widgets/framework.dart:5529:7)
#23     ComponentElement._firstBuild (package:flutter/src/widgets/framework.dart:5799:5)
#24     ComponentElement.mount (package:flutter/src/widgets/framework.dart:5793:5)
#25     Element.inflateWidget (package:flutter/src/widgets/framework.dart:4587:20)
#26     Element.updateChild (package:flutter/src/widgets/framework.dart:4059:18)
#27     ComponentElement.performRebuild (package:flutter/src/widgets/framework.dart:5841:16)
#28     Element.rebuild (package:flutter/src/widgets/framework.dart:5529:7)
#29     ComponentElement._firstBuild (package:flutter/src/widgets/framework.dart:5799:5)
#30     ComponentElement.mount (package:flutter/src/widgets/framework.dart:5793:5)
#31     Element.inflateWidget (package:flutter/src/widgets/framework.dart:4587:20)
#32     Element.updateChild (package:flutter/src/widgets/framework.dart:4059:18)
#33     ComponentElement.performRebuild (package:flutter/src/widgets/framework.dart:5841:16)
#34     Element.rebuild (package:flutter/src/widgets/framework.dart:5529:7)
#35     ComponentElement._firstBuild (package:flutter/src/widgets/framework.dart:5799:5)
#36     ComponentElement.mount (package:flutter/src/widgets/framework.dart:5793:5)
#37     Element.inflateWidget (package:flutter/src/widgets/framework.dart:4587:20)
#38     Element.updateChild (package:flutter/src/widgets/framework.dart:4059:18)
#39     ComponentElement.performRebuild (package:flutter/src/widgets/framework.dart:5841:16)
#40     Element.rebuild (package:flutter/src/widgets/framework.dart:5529:7)
#41     ComponentElement._firstBuild (package:flutter/src/widgets/framework.dart:5799:5)
#42     ComponentElement.mount (package:flutter/src/widgets/framework.dart:5793:5)
#43     Element.inflateWidget (package:flutter/src/widgets/framework.dart:4587:20)
#44     MultiChildRenderObjectElement.inflateWidget (package:flutter/src/widgets/framework.dart:7264:36)
#45     MultiChildRenderObjectElement.mount (package:flutter/src/widgets/framework.dart:7279:32)
#46     Element.inflateWidget (package:flutter/src/widgets/framework.dart:4587:20)
#47     Element.updateChild (package:flutter/src/widgets/framework.dart:4059:18)
#48     ComponentElement.performRebuild (package:flutter/src/widgets/framework.dart:5841:16)
#49     Element.rebuild (package:flutter/src/widgets/framework.dart:5529:7)
#50     ComponentElement._firstBuild (package:flutter/src/widgets/framework.dart:5799:5)
#51     ComponentElement.mount (package:flutter/src/widgets/framework.dart:5793:5)
#52     Element.inflateWidget (package:flutter/src/widgets/framework.dart:4587:20)
#53     Element.updateChild (package:flutter/src/widgets/framework.dart:4059:18)
#54     ComponentElement.performRebuild (package:flutter/src/widgets/framework.dart:5841:16)
#55     StatefulElement.performRebuild (package:flutter/src/widgets/framework.dart:5982:11)
#56     Element.rebuild (package:flutter/src/widgets/framework.dart:5529:7)
#57     ComponentElement._firstBuild (package:flutter/src/widgets/framework.dart:5799:5)
#58     StatefulElement._firstBuild (package:flutter/src/widgets/framework.dart:5973:11)
#59     ComponentElement.mount (package:flutter/src/widgets/framework.dart:5793:5)
#60     Element.inflateWidget (package:flutter/src/widgets/framework.dart:4587:20)
#61     Element.updateChild (package:flutter/src/widgets/framework.dart:4059:18)
#62     ComponentElement.performRebuild (package:flutter/src/widgets/framework.dart:5841:16)
#63     Element.rebuild (package:flutter/src/widgets/framework.dart:5529:7)
#64     ComponentElement._firstBuild (package:flutter/src/widgets/framework.dart:5799:5)
#65     ComponentElement.mount (package:flutter/src/widgets/framework.dart:5793:5)
#66     Element.inflateWidget (package:flutter/src/widgets/framework.dart:4587:20)
#67     Element.updateChild (package:flutter/src/widgets/framework.dart:4059:18)
#68     ComponentElement.performRebuild (package:flutter/src/widgets/framework.dart:5841:16)
#69     Element.rebuild (package:flutter/src/widgets/framework.dart:5529:7)
#70     ComponentElement._firstBuild (package:flutter/src/widgets/framework.dart:5799:5)
#71     ComponentElement.mount (package:flutter/src/widgets/framework.dart:5793:5)
#72     Element.inflateWidget (package:flutter/src/widgets/framework.dart:4587:20)
#73     Element.updateChild (package:flutter/src/widgets/framework.dart:4059:18)
#74     ComponentElement.performRebuild (package:flutter/src/widgets/framework.dart:5841:16)
#75     StatefulElement.performRebuild (package:flutter/src/widgets/framework.dart:5982:11)
#76     Element.rebuild (package:flutter/src/widgets/framework.dart:5529:7)
#77     ComponentElement._firstBuild (package:flutter/src/widgets/framework.dart:5799:5)
#78     StatefulElement._firstBuild (package:flutter/src/widgets/framework.dart:5973:11)
#79     ComponentElement.mount (package:flutter/src/widgets/framework.dart:5793:5)
#80     Element.inflateWidget (package:flutter/src/widgets/framework.dart:4587:20)
#81     Element.updateChild (package:flutter/src/widgets/framework.dart:4059:18)
#82     SingleChildRenderObjectElement.mount (package:flutter/src/widgets/framework.dart:7115:14)
#83     Element.inflateWidget (package:flutter/src/widgets/framework.dart:4587:20)
#84     Element.updateChild (package:flutter/src/widgets/framework.dart:4059:18)
#85     ComponentElement.performRebuild (package:flutter/src/widgets/framework.dart:5841:16)
#86     Element.rebuild (package:flutter/src/widgets/framework.dart:5529:7)
#87     ComponentElement._firstBuild (package:flutter/src/widgets/framework.dart:5799:5)
#88     ComponentElement.mount (package:flutter/src/widgets/framework.dart:5793:5)
#89     Element.inflateWidget (package:flutter/src/widgets/framework.dart:4587:20)
#90     Element.updateChild (package:flutter/src/widgets/framework.dart:4059:18)
#91     SingleChildRenderObjectElement.mount (package:flutter/src/widgets/framework.dart:7115:14)
#92     Element.inflateWidget (package:flutter/src/widgets/framework.dart:4587:20)
#93     Element.updateChild (package:flutter/src/widgets/framework.dart:4059:18)
#94     ComponentElement.performRebuild (package:flutter/src/widgets/framework.dart:5841:16)
#95     StatefulElement.performRebuild (package:flutter/src/widgets/framework.dart:5982:11)
#96     Element.rebuild (package:flutter/src/widgets/framework.dart:5529:7)
#97     ComponentElement._firstBuild (package:flutter/src/widgets/framework.dart:5799:5)
#98     StatefulElement._firstBuild (package:flutter/src/widgets/framework.dart:5973:11)
#99     ComponentElement.mount (package:flutter/src/widgets/framework.dart:5793:5)
#100    Element.inflateWidget (package:flutter/src/widgets/framework.dart:4587:20)
#101    Element.updateChild (package:flutter/src/widgets/framework.dart:4059:18)
#102    ComponentElement.performRebuild (package:flutter/src/widgets/framework.dart:5841:16)
#103    StatefulElement.performRebuild (package:flutter/src/widgets/framework.dart:5982:11)
#104    Element.rebuild (package:flutter/src/widgets/framework.dart:5529:7)
#105    ComponentElement._firstBuild (package:flutter/src/widgets/framework.dart:5799:5)
#106    StatefulElement._firstBuild (package:flutter/src/widgets/framework.dart:5973:11)
#107    ComponentElement.mount (package:flutter/src/widgets/framework.dart:5793:5)
#108    Element.inflateWidget (package:flutter/src/widgets/framework.dart:4587:20)
#109    Element.updateChild (package:flutter/src/widgets/framework.dart:4059:18)
#110    ComponentElement.performRebuild (package:flutter/src/widgets/framework.dart:5841:16)
#111    Element.rebuild (package:flutter/src/widgets/framework.dart:5529:7)
#112    ComponentElement._firstBuild (package:flutter/src/widgets/framework.dart:5799:5)
#113    ComponentElement.mount (package:flutter/src/widgets/framework.dart:5793:5)
#114    Element.inflateWidget (package:flutter/src/widgets/framework.dart:4587:20)
#115    Element.updateChild (package:flutter/src/widgets/framework.dart:4059:18)
#116    ComponentElement.performRebuild (package:flutter/src/widgets/framework.dart:5841:16)
#117    Element.rebuild (package:flutter/src/widgets/framework.dart:5529:7)
#118    ComponentElement._firstBuild (package:flutter/src/widgets/framework.dart:5799:5)
#119    ComponentElement.mount (package:flutter/src/widgets/framework.dart:5793:5)
#120    Element.inflateWidget (package:flutter/src/widgets/framework.dart:4587:20)
#121    Element.updateChild (package:flutter/src/widgets/framework.dart:4059:18)
#122    ComponentElement.performRebuild (package:flutter/src/widgets/framework.dart:5841:16)
#123    Element.rebuild (package:flutter/src/widgets/framework.dart:5529:7)
#124    ComponentElement._firstBuild (package:flutter/src/widgets/framework.dart:5799:5)
#125    ComponentElement.mount (package:flutter/src/widgets/framework.dart:5793:5)
#126    Element.inflateWidget (package:flutter/src/widgets/framework.dart:4587:20)
#127    Element.updateChild (package:flutter/src/widgets/framework.dart:4059:18)
#128    ComponentElement.performRebuild (package:flutter/src/widgets/framework.dart:5841:16)
#129    StatefulElement.performRebuild (package:flutter/src/widgets/framework.dart:5982:11)
#130    Element.rebuild (package:flutter/src/widgets/framework.dart:5529:7)
#131    ComponentElement._firstBuild (package:flutter/src/widgets/framework.dart:5799:5)
#132    StatefulElement._firstBuild (package:flutter/src/widgets/framework.dart:5973:11)
#133    ComponentElement.mount (package:flutter/src/widgets/framework.dart:5793:5)
#134    Element.inflateWidget (package:flutter/src/widgets/framework.dart:4587:20)
#135    Element.updateChild (package:flutter/src/widgets/framework.dart:4059:18)
#136    ComponentElement.performRebuild (package:flutter/src/widgets/framework.dart:5841:16)
#137    Element.rebuild (package:flutter/src/widgets/framework.dart:5529:7)
#138    ComponentElement._firstBuild (package:flutter/src/widgets/framework.dart:5799:5)
#139    ComponentElement.mount (package:flutter/src/widgets/framework.dart:5793:5)
#140    Element.inflateWidget (package:flutter/src/widgets/framework.dart:4587:20)
#141    Element.updateChild (package:flutter/src/widgets/framework.dart:4059:18)
#142    ComponentElement.performRebuild (package:flutter/src/widgets/framework.dart:5841:16)
#143    StatefulElement.performRebuild (package:flutter/src/widgets/framework.dart:5982:11)
#144    Element.rebuild (package:flutter/src/widgets/framework.dart:5529:7)
#145    ComponentElement._firstBuild (package:flutter/src/widgets/framework.dart:5799:5)
#146    StatefulElement._firstBuild (package:flutter/src/widgets/framework.dart:5973:11)
#147    ComponentElement.mount (package:flutter/src/widgets/framework.dart:5793:5)
#148    Element.inflateWidget (package:flutter/src/widgets/framework.dart:4587:20)
#149    Element.updateChild (package:flutter/src/widgets/framework.dart:4059:18)
#150    SingleChildRenderObjectElement.mount (package:flutter/src/widgets/framework.dart:7115:14)
#151    Element.inflateWidget (package:flutter/src/widgets/framework.dart:4587:20)
#152    Element.updateChild (package:flutter/src/widgets/framework.dart:4059:18)
#153    ComponentElement.performRebuild (package:flutter/src/widgets/framework.dart:5841:16)
#154    Element.rebuild (package:flutter/src/widgets/framework.dart:5529:7)
#155    ComponentElement._firstBuild (package:flutter/src/widgets/framework.dart:5799:5)
#156    ComponentElement.mount (package:flutter/src/widgets/framework.dart:5793:5)
#157    Element.inflateWidget (package:flutter/src/widgets/framework.dart:4587:20)
#158    Element.updateChild (package:flutter/src/widgets/framework.dart:4059:18)
#159    SingleChildRenderObjectElement.mount (package:flutter/src/widgets/framework.dart:7115:14)
#160    Element.inflateWidget (package:flutter/src/widgets/framework.dart:4587:20)
#161    Element.updateChild (package:flutter/src/widgets/framework.dart:4059:18)
#162    SingleChildRenderObjectElement.mount (package:flutter/src/widgets/framework.dart:7115:14)
#163    Element.inflateWidget (package:flutter/src/widgets/framework.dart:4587:20)
#164    Element.updateChild (package:flutter/src/widgets/framework.dart:4059:18)
#165    ComponentElement.performRebuild (package:flutter/src/widgets/framework.dart:5841:16)
#166    StatefulElement.performRebuild (package:flutter/src/widgets/framework.dart:5982:11)
#167    Element.rebuild (package:flutter/src/widgets/framework.dart:5529:7)
#168    ComponentElement._firstBuild (package:flutter/src/widgets/framework.dart:5799:5)
#169    StatefulElement._firstBuild (package:flutter/src/widgets/framework.dart:5973:11)
#170    ComponentElement.mount (package:flutter/src/widgets/framework.dart:5793:5)
#171    Element.inflateWidget (package:flutter/src/widgets/framework.dart:4587:20)
#172    Element.updateChild (package:flutter/src/widgets/framework.dart:4059:18)
#173    SingleChildRenderObjectElement.mount (package:flutter/src/widgets/framework.dart:7115:14)
#174    Element.inflateWidget (package:flutter/src/widgets/framework.dart:4587:20)
#175    Element.updateChild (package:flutter/src/widgets/framework.dart:4059:18)
#176    ComponentElement.performRebuild (package:flutter/src/widgets/framework.dart:5841:16)
#177    StatefulElement.performRebuild (package:flutter/src/widgets/framework.dart:5982:11)
#178    Element.rebuild (package:flutter/src/widgets/framework.dart:5529:7)
#179    ComponentElement._firstBuild (package:flutter/src/widgets/framework.dart:5799:5)
#180    StatefulElement._firstBuild (package:flutter/src/widgets/framework.dart:5973:11)
#181    ComponentElement.mount (package:flutter/src/widgets/framework.dart:5793:5)
#182    Element.inflateWidget (package:flutter/src/widgets/framework.dart:4587:20)
#183    Element.updateChild (package:flutter/src/widgets/framework.dart:4059:18)
#184    SingleChildRenderObjectElement.mount (package:flutter/src/widgets/framework.dart:7115:14)
#185    Element.inflateWidget (package:flutter/src/widgets/framework.dart:4587:20)
#186    Element.updateChild (package:flutter/src/widgets/framework.dart:4059:18)
#187    SingleChildRenderObjectElement.mount (package:flutter/src/widgets/framework.dart:7115:14)
#188    Element.inflateWidget (package:flutter/src/widgets/framework.dart:4587:20)
#189    Element.updateChild (package:flutter/src/widgets/framework.dart:4059:18)
#190    ComponentElement.performRebuild (package:flutter/src/widgets/framework.dart:5841:16)
#191    StatefulElement.performRebuild (package:flutter/src/widgets/framework.dart:5982:11)
#192    Element.rebuild (package:flutter/src/widgets/framework.dart:5529:7)
#193    ComponentElement._firstBuild (package:flutter/src/widgets/framework.dart:5799:5)
#194    StatefulElement._firstBuild (package:flutter/src/widgets/framework.dart:5973:11)
#195    ComponentElement.mount (package:flutter/src/widgets/framework.dart:5793:5)
#196    Element.inflateWidget (package:flutter/src/widgets/framework.dart:4587:20)
#197    Element.updateChild (package:flutter/src/widgets/framework.dart:4059:18)
#198    SingleChildRenderObjectElement.mount (package:flutter/src/widgets/framework.dart:7115:14)
#199    Element.inflateWidget (package:flutter/src/widgets/framework.dart:4587:20)
#200    Element.updateChild (package:flutter/src/widgets/framework.dart:4059:18)
#201    ComponentElement.performRebuild (package:flutter/src/widgets/framework.dart:5841:16)
#202    StatefulElement.performRebuild (package:flutter/src/widgets/framework.dart:5982:11)
#203    Element.rebuild (package:flutter/src/widgets/framework.dart:5529:7)
#204    ComponentElement._firstBuild (package:flutter/src/widgets/framework.dart:5799:5)
#205    StatefulElement._firstBuild (package:flutter/src/widgets/framework.dart:5973:11)
#206    ComponentElement.mount (package:flutter/src/widgets/framework.dart:5793:5)
#207    Element.inflateWidget (package:flutter/src/widgets/framework.dart:4587:20)
#208    Element.updateChild (package:flutter/src/widgets/framework.dart:4059:18)
#209    SingleChildRenderObjectElement.mount (package:flutter/src/widgets/framework.dart:7115:14)
#210    Element.inflateWidget (package:flutter/src/widgets/framework.dart:4587:20)
#211    Element.updateChild (package:flutter/src/widgets/framework.dart:4059:18)
#212    SingleChildRenderObjectElement.mount (package:flutter/src/widgets/framework.dart:7115:14)
#213    Element.inflateWidget (package:flutter/src/widgets/framework.dart:4587:20)
#214    Element.updateChild (package:flutter/src/widgets/framework.dart:4059:18)
#215    ComponentElement.performRebuild (package:flutter/src/widgets/framework.dart:5841:16)
#216    StatefulElement.performRebuild (package:flutter/src/widgets/framework.dart:5982:11)
#217    Element.rebuild (package:flutter/src/widgets/framework.dart:5529:7)
#218    ComponentElement._firstBuild (package:flutter/src/widgets/framework.dart:5799:5)
#219    StatefulElement._firstBuild (package:flutter/src/widgets/framework.dart:5973:11)
#220    ComponentElement.mount (package:flutter/src/widgets/framework.dart:5793:5)
#221    Element.inflateWidget (package:flutter/src/widgets/framework.dart:4587:20)
#222    Element.updateChild (package:flutter/src/widgets/framework.dart:4059:18)
#223    SingleChildRenderObjectElement.mount (package:flutter/src/widgets/framework.dart:7115:14)
#224    Element.inflateWidget (package:flutter/src/widgets/framework.dart:4587:20)
#225    Element.updateChild (package:flutter/src/widgets/framework.dart:4059:18)
#226    SingleChildRenderObjectElement.mount (package:flutter/src/widgets/framework.dart:7115:14)
#227    Element.inflateWidget (package:flutter/src/widgets/framework.dart:4587:20)
#228    Element.updateChild (package:flutter/src/widgets/framework.dart:4059:18)
#229    SingleChildRenderObjectElement.mount (package:flutter/src/widgets/framework.dart:7115:14)
#230    Element.inflateWidget (package:flutter/src/widgets/framework.dart:4587:20)
#231    Element.updateChild (package:flutter/src/widgets/framework.dart:4059:18)
#232    ComponentElement.performRebuild (package:flutter/src/widgets/framework.dart:5841:16)
#233    StatefulElement.performRebuild (package:flutter/src/widgets/framework.dart:5982:11)
#234    Element.rebuild (package:flutter/src/widgets/framework.dart:5529:7)
#235    ComponentElement._firstBuild (package:flutter/src/widgets/framework.dart:5799:5)
#236    StatefulElement._firstBuild (package:flutter/src/widgets/framework.dart:5973:11)
#237    ComponentElement.mount (package:flutter/src/widgets/framework.dart:5793:5)
#238    Element.inflateWidget (package:flutter/src/widgets/framework.dart:4587:20)
#239    Element.updateChild (package:flutter/src/widgets/framework.dart:4059:18)
#240    SingleChildRenderObjectElement.mount (package:flutter/src/widgets/framework.dart:7115:14)
#241    Element.inflateWidget (package:flutter/src/widgets/framework.dart:4587:20)
#242    Element.updateChild (package:flutter/src/widgets/framework.dart:4059:18)
#243    ComponentElement.performRebuild (package:flutter/src/widgets/framework.dart:5841:16)
#244    StatefulElement.performRebuild (package:flutter/src/widgets/framework.dart:5982:11)
#245    Element.rebuild (package:flutter/src/widgets/framework.dart:5529:7)
#246    ComponentElement._firstBuild (package:flutter/src/widgets/framework.dart:5799:5)
#247    StatefulElement._firstBuild (package:flutter/src/widgets/framework.dart:5973:11)
#248    ComponentElement.mount (package:flutter/src/widgets/framework.dart:5793:5)
#249    Element.inflateWidget (package:flutter/src/widgets/framework.dart:4587:20)
#250    Element.updateChild (package:flutter/src/widgets/framework.dart:4059:18)
#251    ComponentElement.performRebuild (package:flutter/src/widgets/framework.dart:5841:16)
#252    Element.rebuild (package:flutter/src/widgets/framework.dart:5529:7)
#253    ComponentElement._firstBuild (package:flutter/src/widgets/framework.dart:5799:5)
#254    ComponentElement.mount (package:flutter/src/widgets/framework.dart:5793:5)
#255    Element.inflateWidget (package:flutter/src/widgets/framework.dart:4587:20)
#256    Element.updateChild (package:flutter/src/widgets/framework.dart:4059:18)
#257    ComponentElement.performRebuild (package:flutter/src/widgets/framework.dart:5841:16)
#258    StatefulElement.performRebuild (package:flutter/src/widgets/framework.dart:5982:11)
#259    Element.rebuild (package:flutter/src/widgets/framework.dart:5529:7)
#260    ComponentElement._firstBuild (package:flutter/src/widgets/framework.dart:5799:5)
#261    StatefulElement._firstBuild (package:flutter/src/widgets/framework.dart:5973:11)
#262    ComponentElement.mount (package:flutter/src/widgets/framework.dart:5793:5)
#263    Element.inflateWidget (package:flutter/src/widgets/framework.dart:4587:20)
#264    Element.updateChild (package:flutter/src/widgets/framework.dart:4059:18)
#265    ComponentElement.performRebuild (package:flutter/src/widgets/framework.dart:5841:16)
#266    StatefulElement.performRebuild (package:flutter/src/widgets/framework.dart:5982:11)
#267    Element.rebuild (package:flutter/src/widgets/framework.dart:5529:7)
#268    ComponentElement._firstBuild (package:flutter/src/widgets/framework.dart:5799:5)
#269    StatefulElement._firstBuild (package:flutter/src/widgets/framework.dart:5973:11)
#270    ComponentElement.mount (package:flutter/src/widgets/framework.dart:5793:5)
#271    Element.inflateWidget (package:flutter/src/widgets/framework.dart:4587:20)
#272    Element.updateChild (package:flutter/src/widgets/framework.dart:4059:18)
#273    ComponentElement.performRebuild (package:flutter/src/widgets/framework.dart:5841:16)
#274    StatefulElement.performRebuild (package:flutter/src/widgets/framework.dart:5982:11)
#275    Element.rebuild (package:flutter/src/widgets/framework.dart:5529:7)
#276    ComponentElement._firstBuild (package:flutter/src/widgets/framework.dart:5799:5)
#277    StatefulElement._firstBuild (package:flutter/src/widgets/framework.dart:5973:11)
#278    ComponentElement.mount (package:flutter/src/widgets/framework.dart:5793:5)
#279    Element.inflateWidget (package:flutter/src/widgets/framework.dart:4587:20)
#280    Element.updateChild (package:flutter/src/widgets/framework.dart:4059:18)
#281    SingleChildRenderObjectElement.mount (package:flutter/src/widgets/framework.dart:7115:14)
#282    Element.inflateWidget (package:flutter/src/widgets/framework.dart:4587:20)
#283    Element.updateChild (package:flutter/src/widgets/framework.dart:4059:18)
#284    ComponentElement.performRebuild (package:flutter/src/widgets/framework.dart:5841:16)
#285    Element.rebuild (package:flutter/src/widgets/framework.dart:5529:7)
#286    ComponentElement._firstBuild (package:flutter/src/widgets/framework.dart:5799:5)
#287    ComponentElement.mount (package:flutter/src/widgets/framework.dart:5793:5)
#288    Element.inflateWidget (package:flutter/src/widgets/framework.dart:4587:20)
#289    Element.updateChild (package:flutter/src/widgets/framework.dart:4059:18)
#290    SingleChildRenderObjectElement.mount (package:flutter/src/widgets/framework.dart:7115:14)
#291    Element.inflateWidget (package:flutter/src/widgets/framework.dart:4587:20)
#292    Element.updateChild (package:flutter/src/widgets/framework.dart:4059:18)
#293    ComponentElement.performRebuild (package:flutter/src/widgets/framework.dart:5841:16)
#294    StatefulElement.performRebuild (package:flutter/src/widgets/framework.dart:5982:11)
#295    Element.rebuild (package:flutter/src/widgets/framework.dart:5529:7)
#296    ComponentElement._firstBuild (package:flutter/src/widgets/framework.dart:5799:5)
#297    StatefulElement._firstBuild (package:flutter/src/widgets/framework.dart:5973:11)
#298    ComponentElement.mount (package:flutter/src/widgets/framework.dart:5793:5)
#299    Element.inflateWidget (package:flutter/src/widgets/framework.dart:4587:20)
#300    Element.updateChild (package:flutter/src/widgets/framework.dart:4059:18)
#301    ComponentElement.performRebuild (package:flutter/src/widgets/framework.dart:5841:16)
#302    Element.rebuild (package:flutter/src/widgets/framework.dart:5529:7)
#303    ComponentElement._firstBuild (package:flutter/src/widgets/framework.dart:5799:5)
#304    ComponentElement.mount (package:flutter/src/widgets/framework.dart:5793:5)
#305    Element.inflateWidget (package:flutter/src/widgets/framework.dart:4587:20)
#306    Element.updateChild (package:flutter/src/widgets/framework.dart:4059:18)
#307    ComponentElement.performRebuild (package:flutter/src/widgets/framework.dart:5841:16)
#308    Element.rebuild (package:flutter/src/widgets/framework.dart:5529:7)
#309    ComponentElement._firstBuild (package:flutter/src/widgets/framework.dart:5799:5)
#310    ComponentElement.mount (package:flutter/src/widgets/framework.dart:5793:5)
#311    Element.inflateWidget (package:flutter/src/widgets/framework.dart:4587:20)
#312    Element.updateChild (package:flutter/src/widgets/framework.dart:4059:18)
#313    ComponentElement.performRebuild (package:flutter/src/widgets/framework.dart:5841:16)
#314    StatefulElement.performRebuild (package:flutter/src/widgets/framework.dart:5982:11)
#315    Element.rebuild (package:flutter/src/widgets/framework.dart:5529:7)
#316    ComponentElement._firstBuild (package:flutter/src/widgets/framework.dart:5799:5)
#317    StatefulElement._firstBuild (package:flutter/src/widgets/framework.dart:5973:11)
#318    ComponentElement.mount (package:flutter/src/widgets/framework.dart:5793:5)
#319    Element.inflateWidget (package:flutter/src/widgets/framework.dart:4587:20)
#320    Element.updateChild (package:flutter/src/widgets/framework.dart:4059:18)
#321    ComponentElement.performRebuild (package:flutter/src/widgets/framework.dart:5841:16)
#322    Element.rebuild (package:flutter/src/widgets/framework.dart:5529:7)
#323    ComponentElement._firstBuild (package:flutter/src/widgets/framework.dart:5799:5)
#324    ComponentElement.mount (package:flutter/src/widgets/framework.dart:5793:5)
#325    Element.inflateWidget (package:flutter/src/widgets/framework.dart:4587:20)
#326    Element.updateChild (package:flutter/src/widgets/framework.dart:4059:18)
#327    ComponentElement.performRebuild (package:flutter/src/widgets/framework.dart:5841:16)
#328    Element.rebuild (package:flutter/src/widgets/framework.dart:5529:7)
#329    ComponentElement._firstBuild (package:flutter/src/widgets/framework.dart:5799:5)
#330    ComponentElement.mount (package:flutter/src/widgets/framework.dart:5793:5)
#331    Element.inflateWidget (package:flutter/src/widgets/framework.dart:4587:20)
#332    Element.updateChild (package:flutter/src/widgets/framework.dart:4059:18)
#333    SingleChildRenderObjectElement.mount (package:flutter/src/widgets/framework.dart:7115:14)
#334    Element.inflateWidget (package:flutter/src/widgets/framework.dart:4587:20)
#335    Element.updateChild (package:flutter/src/widgets/framework.dart:4059:18)
#336    ComponentElement.performRebuild (package:flutter/src/widgets/framework.dart:5841:16)
#337    Element.rebuild (package:flutter/src/widgets/framework.dart:5529:7)
#338    ComponentElement._firstBuild (package:flutter/src/widgets/framework.dart:5799:5)
#339    ComponentElement.mount (package:flutter/src/widgets/framework.dart:5793:5)
#340    Element.inflateWidget (package:flutter/src/widgets/framework.dart:4587:20)
#341    Element.updateChild (package:flutter/src/widgets/framework.dart:4059:18)
#342    ComponentElement.performRebuild (package:flutter/src/widgets/framework.dart:5841:16)
#343    Element.rebuild (package:flutter/src/widgets/framework.dart:5529:7)
#344    ComponentElement._firstBuild (package:flutter/src/widgets/framework.dart:5799:5)
#345    ComponentElement.mount (package:flutter/src/widgets/framework.dart:5793:5)
#346    Element.inflateWidget (package:flutter/src/widgets/framework.dart:4587:20)
#347    Element.updateChild (package:flutter/src/widgets/framework.dart:4059:18)
#348    ComponentElement.performRebuild (package:flutter/src/widgets/framework.dart:5841:16)
#349    StatefulElement.performRebuild (package:flutter/src/widgets/framework.dart:5982:11)
#350    Element.rebuild (package:flutter/src/widgets/framework.dart:5529:7)
#351    ComponentElement._firstBuild (package:flutter/src/widgets/framework.dart:5799:5)
#352    StatefulElement._firstBuild (package:flutter/src/widgets/framework.dart:5973:11)
#353    ComponentElement.mount (package:flutter/src/widgets/framework.dart:5793:5)
#354    Element.inflateWidget (package:flutter/src/widgets/framework.dart:4587:20)
#355    Element.updateChild (package:flutter/src/widgets/framework.dart:4059:18)
#356    ComponentElement.performRebuild (package:flutter/src/widgets/framework.dart:5841:16)
#357    StatefulElement.performRebuild (package:flutter/src/widgets/framework.dart:5982:11)
#358    Element.rebuild (package:flutter/src/widgets/framework.dart:5529:7)
#359    ComponentElement._firstBuild (package:flutter/src/widgets/framework.dart:5799:5)
#360    StatefulElement._firstBuild (package:flutter/src/widgets/framework.dart:5973:11)
#361    ComponentElement.mount (package:flutter/src/widgets/framework.dart:5793:5)
#362    Element.inflateWidget (package:flutter/src/widgets/framework.dart:4587:20)
#363    Element.updateChild (package:flutter/src/widgets/framework.dart:4059:18)
#364    ComponentElement.performRebuild (package:flutter/src/widgets/framework.dart:5841:16)
#365    StatefulElement.performRebuild (package:flutter/src/widgets/framework.dart:5982:11)
#366    Element.rebuild (package:flutter/src/widgets/framework.dart:5529:7)
#367    ComponentElement._firstBuild (package:flutter/src/widgets/framework.dart:5799:5)
#368    StatefulElement._firstBuild (package:flutter/src/widgets/framework.dart:5973:11)
#369    ComponentElement.mount (package:flutter/src/widgets/framework.dart:5793:5)
#370    Element.inflateWidget (package:flutter/src/widgets/framework.dart:4587:20)
#371    Element.updateChild (package:flutter/src/widgets/framework.dart:4059:18)
#372    SingleChildRenderObjectElement.mount (package:flutter/src/widgets/framework.dart:7115:14)
#373    Element.inflateWidget (package:flutter/src/widgets/framework.dart:4587:20)
#374    Element.updateChild (package:flutter/src/widgets/framework.dart:4059:18)
#375    ComponentElement.performRebuild (package:flutter/src/widgets/framework.dart:5841:16)
#376    Element.rebuild (package:flutter/src/widgets/framework.dart:5529:7)
#377    ComponentElement._firstBuild (package:flutter/src/widgets/framework.dart:5799:5)
#378    ComponentElement.mount (package:flutter/src/widgets/framework.dart:5793:5)
#379    Element.inflateWidget (package:flutter/src/widgets/framework.dart:4587:20)
#380    Element.updateChild (package:flutter/src/widgets/framework.dart:4059:18)
#381    ComponentElement.performRebuild (package:flutter/src/widgets/framework.dart:5841:16)
#382    Element.rebuild (package:flutter/src/widgets/framework.dart:5529:7)
#383    ComponentElement._firstBuild (package:flutter/src/widgets/framework.dart:5799:5)
#384    ComponentElement.mount (package:flutter/src/widgets/framework.dart:5793:5)
#385    Element.inflateWidget (package:flutter/src/widgets/framework.dart:4587:20)
#386    Element.updateChild (package:flutter/src/widgets/framework.dart:4059:18)
#387    ComponentElement.performRebuild (package:flutter/src/widgets/framework.dart:5841:16)
#388    Element.rebuild (package:flutter/src/widgets/framework.dart:5529:7)
#389    ComponentElement._firstBuild (package:flutter/src/widgets/framework.dart:5799:5)
#390    ComponentElement.mount (package:flutter/src/widgets/framework.dart:5793:5)
#391    Element.inflateWidget (package:flutter/src/widgets/framework.dart:4587:20)
#392    Element.updateChild (package:flutter/src/widgets/framework.dart:4059:18)
#393    ComponentElement.performRebuild (package:flutter/src/widgets/framework.dart:5841:16)
#394    StatefulElement.performRebuild (package:flutter/src/widgets/framework.dart:5982:11)
#395    Element.rebuild (package:flutter/src/widgets/framework.dart:5529:7)
#396    ComponentElement._firstBuild (package:flutter/src/widgets/framework.dart:5799:5)
#397    StatefulElement._firstBuild (package:flutter/src/widgets/framework.dart:5973:11)
#398    ComponentElement.mount (package:flutter/src/widgets/framework.dart:5793:5)
#399    Element.inflateWidget (package:flutter/src/widgets/framework.dart:4587:20)
#400    Element.updateChild (package:flutter/src/widgets/framework.dart:4059:18)
#401    ComponentElement.performRebuild (package:flutter/src/widgets/framework.dart:5841:16)
#402    StatefulElement.performRebuild (package:flutter/src/widgets/framework.dart:5982:11)
#403    Element.rebuild (package:flutter/src/widgets/framework.dart:5529:7)
#404    ComponentElement._firstBuild (package:flutter/src/widgets/framework.dart:5799:5)
#405    StatefulElement._firstBuild (package:flutter/src/widgets/framework.dart:5973:11)
#406    ComponentElement.mount (package:flutter/src/widgets/framework.dart:5793:5)
#407    Element.inflateWidget (package:flutter/src/widgets/framework.dart:4587:20)
#408    MultiChildRenderObjectElement.inflateWidget (package:flutter/src/widgets/framework.dart:7264:36)
#409    MultiChildRenderObjectElement.mount (package:flutter/src/widgets/framework.dart:7279:32)
#410    Element.inflateWidget (package:flutter/src/widgets/framework.dart:4587:20)
#411    Element.updateChild (package:flutter/src/widgets/framework.dart:4059:18)
#412    ComponentElement.performRebuild (package:flutter/src/widgets/framework.dart:5841:16)
#413    StatefulElement.performRebuild (package:flutter/src/widgets/framework.dart:5982:11)
#414    Element.rebuild (package:flutter/src/widgets/framework.dart:5529:7)
#415    ComponentElement._firstBuild (package:flutter/src/widgets/framework.dart:5799:5)
#416    StatefulElement._firstBuild (package:flutter/src/widgets/framework.dart:5973:11)
#417    ComponentElement.mount (package:flutter/src/widgets/framework.dart:5793:5)
#418    Element.inflateWidget (package:flutter/src/widgets/framework.dart:4587:20)
#419    Element.updateChild (package:flutter/src/widgets/framework.dart:4059:18)
#420    ComponentElement.performRebuild (package:flutter/src/widgets/framework.dart:5841:16)
#421    Element.rebuild (package:flutter/src/widgets/framework.dart:5529:7)
#422    ComponentElement._firstBuild (package:flutter/src/widgets/framework.dart:5799:5)
#423    ComponentElement.mount (package:flutter/src/widgets/framework.dart:5793:5)
#424    Element.inflateWidget (package:flutter/src/widgets/framework.dart:4587:20)
#425    Element.updateChild (package:flutter/src/widgets/framework.dart:4059:18)
#426    ComponentElement.performRebuild (package:flutter/src/widgets/framework.dart:5841:16)
#427    Element.rebuild (package:flutter/src/widgets/framework.dart:5529:7)
#428    ComponentElement._firstBuild (package:flutter/src/widgets/framework.dart:5799:5)
#429    ComponentElement.mount (package:flutter/src/widgets/framework.dart:5793:5)
#430    Element.inflateWidget (package:flutter/src/widgets/framework.dart:4587:20)
#431    Element.updateChild (package:flutter/src/widgets/framework.dart:4059:18)
#432    ComponentElement.performRebuild (package:flutter/src/widgets/framework.dart:5841:16)
#433    StatefulElement.performRebuild (package:flutter/src/widgets/framework.dart:5982:11)
#434    Element.rebuild (package:flutter/src/widgets/framework.dart:5529:7)
#435    ComponentElement._firstBuild (package:flutter/src/widgets/framework.dart:5799:5)
#436    StatefulElement._firstBuild (package:flutter/src/widgets/framework.dart:5973:11)
#437    ComponentElement.mount (package:flutter/src/widgets/framework.dart:5793:5)
#438    Element.inflateWidget (package:flutter/src/widgets/framework.dart:4587:20)
#439    Element.updateChild (package:flutter/src/widgets/framework.dart:4059:18)
#440    ComponentElement.performRebuild (package:flutter/src/widgets/framework.dart:5841:16)
#441    Element.rebuild (package:flutter/src/widgets/framework.dart:5529:7)
#442    ComponentElement._firstBuild (package:flutter/src/widgets/framework.dart:5799:5)
#443    ComponentElement.mount (package:flutter/src/widgets/framework.dart:5793:5)
#444    Element.inflateWidget (package:flutter/src/widgets/framework.dart:4587:20)
#445    Element.updateChild (package:flutter/src/widgets/framework.dart:4059:18)
#446    ComponentElement.performRebuild (package:flutter/src/widgets/framework.dart:5841:16)
#447    StatefulElement.performRebuild (package:flutter/src/widgets/framework.dart:5982:11)
#448    Element.rebuild (package:flutter/src/widgets/framework.dart:5529:7)
#449    ComponentElement._firstBuild (package:flutter/src/widgets/framework.dart:5799:5)
#450    StatefulElement._firstBuild (package:flutter/src/widgets/framework.dart:5973:11)
#451    ComponentElement.mount (package:flutter/src/widgets/framework.dart:5793:5)
#452    Element.inflateWidget (package:flutter/src/widgets/framework.dart:4587:20)
#453    Element.updateChild (package:flutter/src/widgets/framework.dart:4059:18)
#454    ComponentElement.performRebuild (package:flutter/src/widgets/framework.dart:5841:16)
#455    StatefulElement.performRebuild (package:flutter/src/widgets/framework.dart:5982:11)
#456    Element.rebuild (package:flutter/src/widgets/framework.dart:5529:7)
#457    ComponentElement._firstBuild (package:flutter/src/widgets/framework.dart:5799:5)
#458    StatefulElement._firstBuild (package:flutter/src/widgets/framework.dart:5973:11)
#459    ComponentElement.mount (package:flutter/src/widgets/framework.dart:5793:5)
#460    Element.inflateWidget (package:flutter/src/widgets/framework.dart:4587:20)
#461    Element.updateChild (package:flutter/src/widgets/framework.dart:4059:18)
#462    SingleChildRenderObjectElement.mount (package:flutter/src/widgets/framework.dart:7115:14)
#463    Element.inflateWidget (package:flutter/src/widgets/framework.dart:4587:20)
#464    Element.updateChild (package:flutter/src/widgets/framework.dart:4059:18)
#465    SingleChildRenderObjectElement.mount (package:flutter/src/widgets/framework.dart:7115:14)
#466    Element.inflateWidget (package:flutter/src/widgets/framework.dart:4587:20)
#467    Element.updateChild (package:flutter/src/widgets/framework.dart:4059:18)
#468    ComponentElement.performRebuild (package:flutter/src/widgets/framework.dart:5841:16)
#469    Element.rebuild (package:flutter/src/widgets/framework.dart:5529:7)
#470    ComponentElement._firstBuild (package:flutter/src/widgets/framework.dart:5799:5)
#471    ComponentElement.mount (package:flutter/src/widgets/framework.dart:5793:5)
#472    Element.inflateWidget (package:flutter/src/widgets/framework.dart:4587:20)
#473    Element.updateChild (package:flutter/src/widgets/framework.dart:4059:18)
#474    ComponentElement.performRebuild (package:flutter/src/widgets/framework.dart:5841:16)
#475    Element.rebuild (package:flutter/src/widgets/framework.dart:5529:7)
#476    ComponentElement._firstBuild (package:flutter/src/widgets/framework.dart:5799:5)
#477    ComponentElement.mount (package:flutter/src/widgets/framework.dart:5793:5)
#478    Element.inflateWidget (package:flutter/src/widgets/framework.dart:4587:20)
#479    Element.updateChild (package:flutter/src/widgets/framework.dart:4059:18)
#480    ComponentElement.performRebuild (package:flutter/src/widgets/framework.dart:5841:16)
#481    StatefulElement.performRebuild (package:flutter/src/widgets/framework.dart:5982:11)
#482    Element.rebuild (package:flutter/src/widgets/framework.dart:5529:7)
#483    ComponentElement._firstBuild (package:flutter/src/widgets/framework.dart:5799:5)
#484    StatefulElement._firstBuild (package:flutter/src/widgets/framework.dart:5973:11)
#485    ComponentElement.mount (package:flutter/src/widgets/framework.dart:5793:5)
#486    Element.inflateWidget (package:flutter/src/widgets/framework.dart:4587:20)
#487    Element.updateChild (package:flutter/src/widgets/framework.dart:4059:18)
#488    ComponentElement.performRebuild (package:flutter/src/widgets/framework.dart:5841:16)
#489    Element.rebuild (package:flutter/src/widgets/framework.dart:5529:7)
#490    ComponentElement._firstBuild (package:flutter/src/widgets/framework.dart:5799:5)
#491    ComponentElement.mount (package:flutter/src/widgets/framework.dart:5793:5)
#492    Element.inflateWidget (package:flutter/src/widgets/framework.dart:4587:20)
#493    Element.updateChild (package:flutter/src/widgets/framework.dart:4059:18)
#494    SingleChildRenderObjectElement.mount (package:flutter/src/widgets/framework.dart:7115:14)
#495    Element.inflateWidget (package:flutter/src/widgets/framework.dart:4587:20)
#496    Element.updateChild (package:flutter/src/widgets/framework.dart:4059:18)
#497    ComponentElement.performRebuild (package:flutter/src/widgets/framework.dart:5841:16)
#498    StatefulElement.performRebuild (package:flutter/src/widgets/framework.dart:5982:11)
#499    Element.rebuild (package:flutter/src/widgets/framework.dart:5529:7)
#500    ComponentElement._firstBuild (package:flutter/src/widgets/framework.dart:5799:5)
#501    StatefulElement._firstBuild (package:flutter/src/widgets/framework.dart:5973:11)
#502    ComponentElement.mount (package:flutter/src/widgets/framework.dart:5793:5)
#503    Element.inflateWidget (package:flutter/src/widgets/framework.dart:4587:20)
#504    Element.updateChild (package:flutter/src/widgets/framework.dart:4059:18)
#505    ComponentElement.performRebuild (package:flutter/src/widgets/framework.dart:5841:16)
#506    Element.rebuild (package:flutter/src/widgets/framework.dart:5529:7)
#507    ComponentElement._firstBuild (package:flutter/src/widgets/framework.dart:5799:5)
#508    ComponentElement.mount (package:flutter/src/widgets/framework.dart:5793:5)
#509    Element.inflateWidget (package:flutter/src/widgets/framework.dart:4587:20)
#510    Element.updateChild (package:flutter/src/widgets/framework.dart:4059:18)
#511    ComponentElement.performRebuild (package:flutter/src/widgets/framework.dart:5841:16)
#512    Element.rebuild (package:flutter/src/widgets/framework.dart:5529:7)
#513    ComponentElement._firstBuild (package:flutter/src/widgets/framework.dart:5799:5)
#514    ComponentElement.mount (package:flutter/src/widgets/framework.dart:5793:5)
#515    Element.inflateWidget (package:flutter/src/widgets/framework.dart:4587:20)
#516    Element.updateChild (package:flutter/src/widgets/framework.dart:4059:18)
#517    ComponentElement.performRebuild (package:flutter/src/widgets/framework.dart:5841:16)
#518    StatefulElement.performRebuild (package:flutter/src/widgets/framework.dart:5982:11)
#519    Element.rebuild (package:flutter/src/widgets/framework.dart:5529:7)
#520    ComponentElement._firstBuild (package:flutter/src/widgets/framework.dart:5799:5)
#521    StatefulElement._firstBuild (package:flutter/src/widgets/framework.dart:5973:11)
#522    ComponentElement.mount (package:flutter/src/widgets/framework.dart:5793:5)
#523    Element.inflateWidget (package:flutter/src/widgets/framework.dart:4587:20)
#524    Element.updateChild (package:flutter/src/widgets/framework.dart:4059:18)
#525    ComponentElement.performRebuild (package:flutter/src/widgets/framework.dart:5841:16)
#526    Element.rebuild (package:flutter/src/widgets/framework.dart:5529:7)
#527    ComponentElement._firstBuild (package:flutter/src/widgets/framework.dart:5799:5)
#528    ComponentElement.mount (package:flutter/src/widgets/framework.dart:5793:5)
#529    Element.inflateWidget (package:flutter/src/widgets/framework.dart:4587:20)
#530    Element.updateChild (package:flutter/src/widgets/framework.dart:4059:18)
#531    ComponentElement.performRebuild (package:flutter/src/widgets/framework.dart:5841:16)
#532    Element.rebuild (package:flutter/src/widgets/framework.dart:5529:7)
#533    ComponentElement._firstBuild (package:flutter/src/widgets/framework.dart:5799:5)
#534    ComponentElement.mount (package:flutter/src/widgets/framework.dart:5793:5)
#535    Element.inflateWidget (package:flutter/src/widgets/framework.dart:4587:20)
#536    Element.updateChild (package:flutter/src/widgets/framework.dart:4059:18)
#537    ComponentElement.performRebuild (package:flutter/src/widgets/framework.dart:5841:16)
#538    Element.rebuild (package:flutter/src/widgets/framework.dart:5529:7)
#539    ComponentElement._firstBuild (package:flutter/src/widgets/framework.dart:5799:5)
#540    ComponentElement.mount (package:flutter/src/widgets/framework.dart:5793:5)
#541    Element.inflateWidget (package:flutter/src/widgets/framework.dart:4587:20)
#542    Element.updateChild (package:flutter/src/widgets/framework.dart:4059:18)
#543    ComponentElement.performRebuild (package:flutter/src/widgets/framework.dart:5841:16)
#544    Element.rebuild (package:flutter/src/widgets/framework.dart:5529:7)
#545    ComponentElement._firstBuild (package:flutter/src/widgets/framework.dart:5799:5)
#546    ComponentElement.mount (package:flutter/src/widgets/framework.dart:5793:5)
#547    Element.inflateWidget (package:flutter/src/widgets/framework.dart:4587:20)
#548    Element.updateChild (package:flutter/src/widgets/framework.dart:4059:18)
#549    ComponentElement.performRebuild (package:flutter/src/widgets/framework.dart:5841:16)
#550    Element.rebuild (package:flutter/src/widgets/framework.dart:5529:7)
#551    ComponentElement._firstBuild (package:flutter/src/widgets/framework.dart:5799:5)
#552    ComponentElement.mount (package:flutter/src/widgets/framework.dart:5793:5)
#553    Element.inflateWidget (package:flutter/src/widgets/framework.dart:4587:20)
#554    Element.updateChild (package:flutter/src/widgets/framework.dart:4059:18)
#555    ComponentElement.performRebuild (package:flutter/src/widgets/framework.dart:5841:16)
#556    Element.rebuild (package:flutter/src/widgets/framework.dart:5529:7)
#557    ComponentElement._firstBuild (package:flutter/src/widgets/framework.dart:5799:5)
#558    ComponentElement.mount (package:flutter/src/widgets/framework.dart:5793:5)
#559    Element.inflateWidget (package:flutter/src/widgets/framework.dart:4587:20)
#560    Element.updateChild (package:flutter/src/widgets/framework.dart:4059:18)
#561    ComponentElement.performRebuild (package:flutter/src/widgets/framework.dart:5841:16)
#562    Element.rebuild (package:flutter/src/widgets/framework.dart:5529:7)
#563    ComponentElement._firstBuild (package:flutter/src/widgets/framework.dart:5799:5)
#564    ComponentElement.mount (package:flutter/src/widgets/framework.dart:5793:5)
#565    Element.inflateWidget (package:flutter/src/widgets/framework.dart:4587:20)
#566    Element.updateChild (package:flutter/src/widgets/framework.dart:4059:18)
#567    ComponentElement.performRebuild (package:flutter/src/widgets/framework.dart:5841:16)
#568    StatefulElement.performRebuild (package:flutter/src/widgets/framework.dart:5982:11)
#569    Element.rebuild (package:flutter/src/widgets/framework.dart:5529:7)
#570    ComponentElement._firstBuild (package:flutter/src/widgets/framework.dart:5799:5)
#571    StatefulElement._firstBuild (package:flutter/src/widgets/framework.dart:5973:11)
#572    ComponentElement.mount (package:flutter/src/widgets/framework.dart:5793:5)
#573    Element.inflateWidget (package:flutter/src/widgets/framework.dart:4587:20)
#574    Element.updateChild (package:flutter/src/widgets/framework.dart:4059:18)
#575    ComponentElement.performRebuild (package:flutter/src/widgets/framework.dart:5841:16)
#576    Element.rebuild (package:flutter/src/widgets/framework.dart:5529:7)
#577    ComponentElement._firstBuild (package:flutter/src/widgets/framework.dart:5799:5)
#578    ComponentElement.mount (package:flutter/src/widgets/framework.dart:5793:5)
#579    Element.inflateWidget (package:flutter/src/widgets/framework.dart:4587:20)
#580    Element.updateChild (package:flutter/src/widgets/framework.dart:4059:18)
#581    ComponentElement.performRebuild (package:flutter/src/widgets/framework.dart:5841:16)
#582    Element.rebuild (package:flutter/src/widgets/framework.dart:5529:7)
#583    ComponentElement._firstBuild (package:flutter/src/widgets/framework.dart:5799:5)
#584    ComponentElement.mount (package:flutter/src/widgets/framework.dart:5793:5)
#585    Element.inflateWidget (package:flutter/src/widgets/framework.dart:4587:20)
#586    Element.updateChild (package:flutter/src/widgets/framework.dart:4059:18)
#587    ComponentElement.performRebuild (package:flutter/src/widgets/framework.dart:5841:16)
#588    StatefulElement.performRebuild (package:flutter/src/widgets/framework.dart:5982:11)
#589    Element.rebuild (package:flutter/src/widgets/framework.dart:5529:7)
#590    ComponentElement._firstBuild (package:flutter/src/widgets/framework.dart:5799:5)
#591    StatefulElement._firstBuild (package:flutter/src/widgets/framework.dart:5973:11)
#592    ComponentElement.mount (package:flutter/src/widgets/framework.dart:5793:5)
#593    Element.inflateWidget (package:flutter/src/widgets/framework.dart:4587:20)
#594    Element.updateChild (package:flutter/src/widgets/framework.dart:4059:18)
#595    SingleChildRenderObjectElement.mount (package:flutter/src/widgets/framework.dart:7115:14)
#596    Element.inflateWidget (package:flutter/src/widgets/framework.dart:4587:20)
#597    Element.updateChild (package:flutter/src/widgets/framework.dart:4059:18)
#598    ComponentElement.performRebuild (package:flutter/src/widgets/framework.dart:5841:16)
#599    StatefulElement.performRebuild (package:flutter/src/widgets/framework.dart:5982:11)
#600    Element.rebuild (package:flutter/src/widgets/framework.dart:5529:7)
#601    ComponentElement._firstBuild (package:flutter/src/widgets/framework.dart:5799:5)
#602    StatefulElement._firstBuild (package:flutter/src/widgets/framework.dart:5973:11)
#603    ComponentElement.mount (package:flutter/src/widgets/framework.dart:5793:5)
#604    Element.inflateWidget (package:flutter/src/widgets/framework.dart:4587:20)
#605    Element.updateChild (package:flutter/src/widgets/framework.dart:4059:18)
#606    ComponentElement.performRebuild (package:flutter/src/widgets/framework.dart:5841:16)
#607    Element.rebuild (package:flutter/src/widgets/framework.dart:5529:7)
#608    ComponentElement._firstBuild (package:flutter/src/widgets/framework.dart:5799:5)
#609    ComponentElement.mount (package:flutter/src/widgets/framework.dart:5793:5)
#610    Element.inflateWidget (package:flutter/src/widgets/framework.dart:4587:20)
#611    Element.updateChild (package:flutter/src/widgets/framework.dart:4059:18)
#612    SingleChildRenderObjectElement.mount (package:flutter/src/widgets/framework.dart:7115:14)
#613    Element.inflateWidget (package:flutter/src/widgets/framework.dart:4587:20)
#614    Element.updateChild (package:flutter/src/widgets/framework.dart:4059:18)
#615    ComponentElement.performRebuild (package:flutter/src/widgets/framework.dart:5841:16)
#616    Element.rebuild (package:flutter/src/widgets/framework.dart:5529:7)
#617    ComponentElement._firstBuild (package:flutter/src/widgets/framework.dart:5799:5)
#618    ComponentElement.mount (package:flutter/src/widgets/framework.dart:5793:5)
#619    Element.inflateWidget (package:flutter/src/widgets/framework.dart:4587:20)
#620    Element.updateChild (package:flutter/src/widgets/framework.dart:4059:18)
#621    ComponentElement.performRebuild (package:flutter/src/widgets/framework.dart:5841:16)
#622    StatefulElement.performRebuild (package:flutter/src/widgets/framework.dart:5982:11)
#623    Element.rebuild (package:flutter/src/widgets/framework.dart:5529:7)
#624    ComponentElement._firstBuild (package:flutter/src/widgets/framework.dart:5799:5)
#625    StatefulElement._firstBuild (package:flutter/src/widgets/framework.dart:5973:11)
#626    ComponentElement.mount (package:flutter/src/widgets/framework.dart:5793:5)
#627    Element.inflateWidget (package:flutter/src/widgets/framework.dart:4587:20)
#628    Element.updateChild (package:flutter/src/widgets/framework.dart:4059:18)
#629    ComponentElement.performRebuild (package:flutter/src/widgets/framework.dart:5841:16)
#630    StatefulElement.performRebuild (package:flutter/src/widgets/framework.dart:5982:11)
#631    Element.rebuild (package:flutter/src/widgets/framework.dart:5529:7)
#632    ComponentElement._firstBuild (package:flutter/src/widgets/framework.dart:5799:5)
#633    StatefulElement._firstBuild (package:flutter/src/widgets/framework.dart:5973:11)
#634    ComponentElement.mount (package:flutter/src/widgets/framework.dart:5793:5)
#635    Element.inflateWidget (package:flutter/src/widgets/framework.dart:4587:20)
#636    Element.updateChild (package:flutter/src/widgets/framework.dart:4059:18)
#637    ComponentElement.performRebuild (package:flutter/src/widgets/framework.dart:5841:16)
#638    Element.rebuild (package:flutter/src/widgets/framework.dart:5529:7)
#639    ComponentElement._firstBuild (package:flutter/src/widgets/framework.dart:5799:5)
#640    ComponentElement.mount (package:flutter/src/widgets/framework.dart:5793:5)
#641    Element.inflateWidget (package:flutter/src/widgets/framework.dart:4587:20)
#642    Element.updateChild (package:flutter/src/widgets/framework.dart:4059:18)
#643    ComponentElement.performRebuild (package:flutter/src/widgets/framework.dart:5841:16)
#644    Element.rebuild (package:flutter/src/widgets/framework.dart:5529:7)
#645    ComponentElement._firstBuild (package:flutter/src/widgets/framework.dart:5799:5)
#646    ComponentElement.mount (package:flutter/src/widgets/framework.dart:5793:5)
#647    Element.inflateWidget (package:flutter/src/widgets/framework.dart:4587:20)
#648    Element.updateChild (package:flutter/src/widgets/framework.dart:4059:18)
#649    SingleChildRenderObjectElement.mount (package:flutter/src/widgets/framework.dart:7115:14)
#650    Element.inflateWidget (package:flutter/src/widgets/framework.dart:4587:20)
#651    Element.updateChild (package:flutter/src/widgets/framework.dart:4059:18)
#652    ComponentElement.performRebuild (package:flutter/src/widgets/framework.dart:5841:16)
#653    StatefulElement.performRebuild (package:flutter/src/widgets/framework.dart:5982:11)
#654    Element.rebuild (package:flutter/src/widgets/framework.dart:5529:7)
#655    ComponentElement._firstBuild (package:flutter/src/widgets/framework.dart:5799:5)
#656    StatefulElement._firstBuild (package:flutter/src/widgets/framework.dart:5973:11)
#657    ComponentElement.mount (package:flutter/src/widgets/framework.dart:5793:5)
#658    Element.inflateWidget (package:flutter/src/widgets/framework.dart:4587:20)
#659    Element.updateChild (package:flutter/src/widgets/framework.dart:4059:18)
#660    ComponentElement.performRebuild (package:flutter/src/widgets/framework.dart:5841:16)
#661    StatefulElement.performRebuild (package:flutter/src/widgets/framework.dart:5982:11)
#662    Element.rebuild (package:flutter/src/widgets/framework.dart:5529:7)
#663    ComponentElement._firstBuild (package:flutter/src/widgets/framework.dart:5799:5)
#664    StatefulElement._firstBuild (package:flutter/src/widgets/framework.dart:5973:11)
#665    ComponentElement.mount (package:flutter/src/widgets/framework.dart:5793:5)
#666    Element.inflateWidget (package:flutter/src/widgets/framework.dart:4587:20)
#667    Element.updateChild (package:flutter/src/widgets/framework.dart:4059:18)
#668    SingleChildRenderObjectElement.mount (package:flutter/src/widgets/framework.dart:7115:14)
#669    Element.inflateWidget (package:flutter/src/widgets/framework.dart:4587:20)
#670    Element.updateChild (package:flutter/src/widgets/framework.dart:4059:18)
#671    ComponentElement.performRebuild (package:flutter/src/widgets/framework.dart:5841:16)
#672    Element.rebuild (package:flutter/src/widgets/framework.dart:5529:7)
#673    ComponentElement._firstBuild (package:flutter/src/widgets/framework.dart:5799:5)
#674    ComponentElement.mount (package:flutter/src/widgets/framework.dart:5793:5)
#675    Element.inflateWidget (package:flutter/src/widgets/framework.dart:4587:20)
#676    Element.updateChild (package:flutter/src/widgets/framework.dart:4059:18)
#677    ComponentElement.performRebuild (package:flutter/src/widgets/framework.dart:5841:16)
#678    StatefulElement.performRebuild (package:flutter/src/widgets/framework.dart:5982:11)
#679    Element.rebuild (package:flutter/src/widgets/framework.dart:5529:7)
#680    ComponentElement._firstBuild (package:flutter/src/widgets/framework.dart:5799:5)
#681    StatefulElement._firstBuild (package:flutter/src/widgets/framework.dart:5973:11)
#682    ComponentElement.mount (package:flutter/src/widgets/framework.dart:5793:5)
#683    Element.inflateWidget (package:flutter/src/widgets/framework.dart:4587:20)
#684    Element.updateChild (package:flutter/src/widgets/framework.dart:4059:18)
#685    ComponentElement.performRebuild (package:flutter/src/widgets/framework.dart:5841:16)
#686    StatefulElement.performRebuild (package:flutter/src/widgets/framework.dart:5982:11)
#687    Element.rebuild (package:flutter/src/widgets/framework.dart:5529:7)
#688    ComponentElement._firstBuild (package:flutter/src/widgets/framework.dart:5799:5)
#689    StatefulElement._firstBuild (package:flutter/src/widgets/framework.dart:5973:11)
#690    ComponentElement.mount (package:flutter/src/widgets/framework.dart:5793:5)
#691    Element.inflateWidget (package:flutter/src/widgets/framework.dart:4587:20)
#692    Element.updateChild (package:flutter/src/widgets/framework.dart:4059:18)
#693    ComponentElement.performRebuild (package:flutter/src/widgets/framework.dart:5841:16)
#694    Element.rebuild (package:flutter/src/widgets/framework.dart:5529:7)
#695    ComponentElement._firstBuild (package:flutter/src/widgets/framework.dart:5799:5)
#696    ComponentElement.mount (package:flutter/src/widgets/framework.dart:5793:5)
#697    Element.inflateWidget (package:flutter/src/widgets/framework.dart:4587:20)
#698    Element.updateChild (package:flutter/src/widgets/framework.dart:4059:18)
#699    ComponentElement.performRebuild (package:flutter/src/widgets/framework.dart:5841:16)
#700    StatefulElement.performRebuild (package:flutter/src/widgets/framework.dart:5982:11)
#701    Element.rebuild (package:flutter/src/widgets/framework.dart:5529:7)
#702    ComponentElement._firstBuild (package:flutter/src/widgets/framework.dart:5799:5)
#703    StatefulElement._firstBuild (package:flutter/src/widgets/framework.dart:5973:11)
#704    ComponentElement.mount (package:flutter/src/widgets/framework.dart:5793:5)
#705    Element.inflateWidget (package:flutter/src/widgets/framework.dart:4587:20)
#706    Element.updateChild (package:flutter/src/widgets/framework.dart:4059:18)
#707    SingleChildRenderObjectElement.mount (package:flutter/src/widgets/framework.dart:7115:14)
#708    Element.inflateWidget (package:flutter/src/widgets/framework.dart:4587:20)
#709    Element.updateChild (package:flutter/src/widgets/framework.dart:4059:18)
#710    ComponentElement.performRebuild (package:flutter/src/widgets/framework.dart:5841:16)
#711    Element.rebuild (package:flutter/src/widgets/framework.dart:5529:7)
#712    ComponentElement._firstBuild (package:flutter/src/widgets/framework.dart:5799:5)
#713    ComponentElement.mount (package:flutter/src/widgets/framework.dart:5793:5)
#714    Element.inflateWidget (package:flutter/src/widgets/framework.dart:4587:20)
#715    Element.updateChild (package:flutter/src/widgets/framework.dart:4059:18)
#716    ComponentElement.performRebuild (package:flutter/src/widgets/framework.dart:5841:16)
#717    StatefulElement.performRebuild (package:flutter/src/widgets/framework.dart:5982:11)
#718    Element.rebuild (package:flutter/src/widgets/framework.dart:5529:7)
#719    ComponentElement._firstBuild (package:flutter/src/widgets/framework.dart:5799:5)
#720    StatefulElement._firstBuild (package:flutter/src/widgets/framework.dart:5973:11)
#721    ComponentElement.mount (package:flutter/src/widgets/framework.dart:5793:5)
#722    Element.inflateWidget (package:flutter/src/widgets/framework.dart:4587:20)
#723    Element.updateChild (package:flutter/src/widgets/framework.dart:4059:18)
#724    ComponentElement.performRebuild (package:flutter/src/widgets/framework.dart:5841:16)
#725    StatefulElement.performRebuild (package:flutter/src/widgets/framework.dart:5982:11)
#726    Element.rebuild (package:flutter/src/widgets/framework.dart:5529:7)
#727    ComponentElement._firstBuild (package:flutter/src/widgets/framework.dart:5799:5)
#728    StatefulElement._firstBuild (package:flutter/src/widgets/framework.dart:5973:11)
#729    ComponentElement.mount (package:flutter/src/widgets/framework.dart:5793:5)
#730    Element.inflateWidget (package:flutter/src/widgets/framework.dart:4587:20)
#731    Element.updateChild (package:flutter/src/widgets/framework.dart:4059:18)
#732    ComponentElement.performRebuild (package:flutter/src/widgets/framework.dart:5841:16)
#733    Element.rebuild (package:flutter/src/widgets/framework.dart:5529:7)
#734    ComponentElement._firstBuild (package:flutter/src/widgets/framework.dart:5799:5)
#735    ComponentElement.mount (package:flutter/src/widgets/framework.dart:5793:5)
#736    Element.inflateWidget (package:flutter/src/widgets/framework.dart:4587:20)
#737    Element.updateChild (package:flutter/src/widgets/framework.dart:4059:18)
#738    ComponentElement.performRebuild (package:flutter/src/widgets/framework.dart:5841:16)
#739    StatefulElement.performRebuild (package:flutter/src/widgets/framework.dart:5982:11)
#740    Element.rebuild (package:flutter/src/widgets/framework.dart:5529:7)
#741    ComponentElement._firstBuild (package:flutter/src/widgets/framework.dart:5799:5)
#742    StatefulElement._firstBuild (package:flutter/src/widgets/framework.dart:5973:11)
#743    ComponentElement.mount (package:flutter/src/widgets/framework.dart:5793:5)
#744    Element.inflateWidget (package:flutter/src/widgets/framework.dart:4587:20)
#745    Element.updateChild (package:flutter/src/widgets/framework.dart:4059:18)
#746    SingleChildRenderObjectElement.mount (package:flutter/src/widgets/framework.dart:7115:14)
#747    Element.inflateWidget (package:flutter/src/widgets/framework.dart:4587:20)
#748    Element.updateChild (package:flutter/src/widgets/framework.dart:4059:18)
#749    ComponentElement.performRebuild (package:flutter/src/widgets/framework.dart:5841:16)
#750    Element.rebuild (package:flutter/src/widgets/framework.dart:5529:7)
#751    ComponentElement._firstBuild (package:flutter/src/widgets/framework.dart:5799:5)
#752    ComponentElement.mount (package:flutter/src/widgets/framework.dart:5793:5)
#753    Element.inflateWidget (package:flutter/src/widgets/framework.dart:4587:20)
#754    Element.updateChild (package:flutter/src/widgets/framework.dart:4059:18)
#755    ComponentElement.performRebuild (package:flutter/src/widgets/framework.dart:5841:16)
#756    StatefulElement.performRebuild (package:flutter/src/widgets/framework.dart:5982:11)
#757    Element.rebuild (package:flutter/src/widgets/framework.dart:5529:7)
#758    ComponentElement._firstBuild (package:flutter/src/widgets/framework.dart:5799:5)
#759    StatefulElement._firstBuild (package:flutter/src/widgets/framework.dart:5973:11)
#760    ComponentElement.mount (package:flutter/src/widgets/framework.dart:5793:5)
#761    Element.inflateWidget (package:flutter/src/widgets/framework.dart:4587:20)
#762    Element.updateChild (package:flutter/src/widgets/framework.dart:4059:18)
#763    ComponentElement.performRebuild (package:flutter/src/widgets/framework.dart:5841:16)
#764    StatefulElement.performRebuild (package:flutter/src/widgets/framework.dart:5982:11)
#765    Element.rebuild (package:flutter/src/widgets/framework.dart:5529:7)
#766    ComponentElement._firstBuild (package:flutter/src/widgets/framework.dart:5799:5)
#767    StatefulElement._firstBuild (package:flutter/src/widgets/framework.dart:5973:11)
#768    ComponentElement.mount (package:flutter/src/widgets/framework.dart:5793:5)
#769    Element.inflateWidget (package:flutter/src/widgets/framework.dart:4587:20)
#770    Element.updateChild (package:flutter/src/widgets/framework.dart:4059:18)
#771    ComponentElement.performRebuild (package:flutter/src/widgets/framework.dart:5841:16)
#772    Element.rebuild (package:flutter/src/widgets/framework.dart:5529:7)
#773    ComponentElement._firstBuild (package:flutter/src/widgets/framework.dart:5799:5)
#774    ComponentElement.mount (package:flutter/src/widgets/framework.dart:5793:5)
#775    Element.inflateWidget (package:flutter/src/widgets/framework.dart:4587:20)
#776    Element.updateChild (package:flutter/src/widgets/framework.dart:4059:18)
#777    SingleChildRenderObjectElement.mount (package:flutter/src/widgets/framework.dart:7115:14)
#778    Element.inflateWidget (package:flutter/src/widgets/framework.dart:4587:20)
#779    Element.updateChild (package:flutter/src/widgets/framework.dart:4059:18)
#780    ComponentElement.performRebuild (package:flutter/src/widgets/framework.dart:5841:16)
#781    Element.rebuild (package:flutter/src/widgets/framework.dart:5529:7)
#782    ComponentElement._firstBuild (package:flutter/src/widgets/framework.dart:5799:5)
#783    ComponentElement.mount (package:flutter/src/widgets/framework.dart:5793:5)
#784    Element.inflateWidget (package:flutter/src/widgets/framework.dart:4587:20)
#785    Element.updateChild (package:flutter/src/widgets/framework.dart:4059:18)
#786    ComponentElement.performRebuild (package:flutter/src/widgets/framework.dart:5841:16)
#787    StatefulElement.performRebuild (package:flutter/src/widgets/framework.dart:5982:11)
#788    Element.rebuild (package:flutter/src/widgets/framework.dart:5529:7)
#789    ComponentElement._firstBuild (package:flutter/src/widgets/framework.dart:5799:5)
#790    StatefulElement._firstBuild (package:flutter/src/widgets/framework.dart:5973:11)
#791    ComponentElement.mount (package:flutter/src/widgets/framework.dart:5793:5)
#792    Element.inflateWidget (package:flutter/src/widgets/framework.dart:4587:20)
#793    Element.updateChild (package:flutter/src/widgets/framework.dart:4059:18)
#794    ComponentElement.performRebuild (package:flutter/src/widgets/framework.dart:5841:16)
#795    StatefulElement.performRebuild (package:flutter/src/widgets/framework.dart:5982:11)
#796    Element.rebuild (package:flutter/src/widgets/framework.dart:5529:7)
#797    ComponentElement._firstBuild (package:flutter/src/widgets/framework.dart:5799:5)
#798    StatefulElement._firstBuild (package:flutter/src/widgets/framework.dart:5973:11)
#799    ComponentElement.mount (package:flutter/src/widgets/framework.dart:5793:5)
#800    Element.inflateWidget (package:flutter/src/widgets/framework.dart:4587:20)
#801    Element.updateChild (package:flutter/src/widgets/framework.dart:4059:18)
#802    ComponentElement.performRebuild (package:flutter/src/widgets/framework.dart:5841:16)
#803    Element.rebuild (package:flutter/src/widgets/framework.dart:5529:7)
#804    ComponentElement._firstBuild (package:flutter/src/widgets/framework.dart:5799:5)
#805    ComponentElement.mount (package:flutter/src/widgets/framework.dart:5793:5)
#806    Element.inflateWidget (package:flutter/src/widgets/framework.dart:4587:20)
#807    Element.updateChild (package:flutter/src/widgets/framework.dart:4059:18)
#808    ComponentElement.performRebuild (package:flutter/src/widgets/framework.dart:5841:16)
#809    Element.rebuild (package:flutter/src/widgets/framework.dart:5529:7)
#810    ComponentElement._firstBuild (package:flutter/src/widgets/framework.dart:5799:5)
#811    ComponentElement.mount (package:flutter/src/widgets/framework.dart:5793:5)
#812    Element.inflateWidget (package:flutter/src/widgets/framework.dart:4587:20)
#813    Element.updateChild (package:flutter/src/widgets/framework.dart:4059:18)
#814    ComponentElement.performRebuild (package:flutter/src/widgets/framework.dart:5841:16)
#815    StatefulElement.performRebuild (package:flutter/src/widgets/framework.dart:5982:11)
#816    Element.rebuild (package:flutter/src/widgets/framework.dart:5529:7)
#817    ComponentElement._firstBuild (package:flutter/src/widgets/framework.dart:5799:5)
#818    StatefulElement._firstBuild (package:flutter/src/widgets/framework.dart:5973:11)
#819    ComponentElement.mount (package:flutter/src/widgets/framework.dart:5793:5)
#820    Element.inflateWidget (package:flutter/src/widgets/framework.dart:4587:20)
#821    Element.updateChild (package:flutter/src/widgets/framework.dart:4059:18)
#822    ComponentElement.performRebuild (package:flutter/src/widgets/framework.dart:5841:16)
#823    Element.rebuild (package:flutter/src/widgets/framework.dart:5529:7)
#824    ComponentElement._firstBuild (package:flutter/src/widgets/framework.dart:5799:5)
#825    ComponentElement.mount (package:flutter/src/widgets/framework.dart:5793:5)
#826    Element.inflateWidget (package:flutter/src/widgets/framework.dart:4587:20)
#827    Element.updateChild (package:flutter/src/widgets/framework.dart:4059:18)
#828    ComponentElement.performRebuild (package:flutter/src/widgets/framework.dart:5841:16)
#829    StatefulElement.performRebuild (package:flutter/src/widgets/framework.dart:5982:11)
#830    Element.rebuild (package:flutter/src/widgets/framework.dart:5529:7)
#831    ComponentElement._firstBuild (package:flutter/src/widgets/framework.dart:5799:5)
#832    StatefulElement._firstBuild (package:flutter/src/widgets/framework.dart:5973:11)
#833    ComponentElement.mount (package:flutter/src/widgets/framework.dart:5793:5)
#834    Element.inflateWidget (package:flutter/src/widgets/framework.dart:4587:20)
#835    Element.updateChild (package:flutter/src/widgets/framework.dart:4059:18)
#836    ComponentElement.performRebuild (package:flutter/src/widgets/framework.dart:5841:16)
#837    Element.rebuild (package:flutter/src/widgets/framework.dart:5529:7)
#838    ComponentElement._firstBuild (package:flutter/src/widgets/framework.dart:5799:5)
#839    ComponentElement.mount (package:flutter/src/widgets/framework.dart:5793:5)
#840    Element.inflateWidget (package:flutter/src/widgets/framework.dart:4587:20)
#841    Element.updateChild (package:flutter/src/widgets/framework.dart:4059:18)
#842    ComponentElement.performRebuild (package:flutter/src/widgets/framework.dart:5841:16)
#843    StatefulElement.performRebuild (package:flutter/src/widgets/framework.dart:5982:11)
#844    Element.rebuild (package:flutter/src/widgets/framework.dart:5529:7)
#845    ComponentElement._firstBuild (package:flutter/src/widgets/framework.dart:5799:5)
#846    StatefulElement._firstBuild (package:flutter/src/widgets/framework.dart:5973:11)
#847    ComponentElement.mount (package:flutter/src/widgets/framework.dart:5793:5)
#848    Element.inflateWidget (package:flutter/src/widgets/framework.dart:4587:20)
#849    Element.updateChild (package:flutter/src/widgets/framework.dart:4059:18)
#850    ComponentElement.performRebuild (package:flutter/src/widgets/framework.dart:5841:16)
#851    StatefulElement.performRebuild (package:flutter/src/widgets/framework.dart:5982:11)
#852    Element.rebuild (package:flutter/src/widgets/framework.dart:5529:7)
#853    ComponentElement._firstBuild (package:flutter/src/widgets/framework.dart:5799:5)
#854    StatefulElement._firstBuild (package:flutter/src/widgets/framework.dart:5973:11)
#855    ComponentElement.mount (package:flutter/src/widgets/framework.dart:5793:5)
#856    Element.inflateWidget (package:flutter/src/widgets/framework.dart:4587:20)
#857    Element.updateChild (package:flutter/src/widgets/framework.dart:4059:18)
#858    ComponentElement.performRebuild (package:flutter/src/widgets/framework.dart:5841:16)
#859    Element.rebuild (package:flutter/src/widgets/framework.dart:5529:7)
#860    ComponentElement._firstBuild (package:flutter/src/widgets/framework.dart:5799:5)
#861    ComponentElement.mount (package:flutter/src/widgets/framework.dart:5793:5)
#862    Element.inflateWidget (package:flutter/src/widgets/framework.dart:4587:20)
#863    Element.updateChild (package:flutter/src/widgets/framework.dart:4059:18)
#864    ComponentElement.performRebuild (package:flutter/src/widgets/framework.dart:5841:16)
#865    Element.rebuild (package:flutter/src/widgets/framework.dart:5529:7)
#866    ComponentElement._firstBuild (package:flutter/src/widgets/framework.dart:5799:5)
#867    ComponentElement.mount (package:flutter/src/widgets/framework.dart:5793:5)
#868    Element.inflateWidget (package:flutter/src/widgets/framework.dart:4587:20)
#869    Element.updateChild (package:flutter/src/widgets/framework.dart:4059:18)
#870    ComponentElement.performRebuild (package:flutter/src/widgets/framework.dart:5841:16)
#871    StatefulElement.performRebuild (package:flutter/src/widgets/framework.dart:5982:11)
#872    Element.rebuild (package:flutter/src/widgets/framework.dart:5529:7)
#873    ComponentElement._firstBuild (package:flutter/src/widgets/framework.dart:5799:5)
#874    StatefulElement._firstBuild (package:flutter/src/widgets/framework.dart:5973:11)
#875    ComponentElement.mount (package:flutter/src/widgets/framework.dart:5793:5)
#876    Element.inflateWidget (package:flutter/src/widgets/framework.dart:4587:20)
#877    Element.updateChild (package:flutter/src/widgets/framework.dart:4059:18)
#878    ComponentElement.performRebuild (package:flutter/src/widgets/framework.dart:5841:16)
#879    Element.rebuild (package:flutter/src/widgets/framework.dart:5529:7)
#880    ComponentElement._firstBuild (package:flutter/src/widgets/framework.dart:5799:5)
#881    ComponentElement.mount (package:flutter/src/widgets/framework.dart:5793:5)
#882    Element.inflateWidget (package:flutter/src/widgets/framework.dart:4587:20)
#883    Element.updateChild (package:flutter/src/widgets/framework.dart:4059:18)
#884    ComponentElement.performRebuild (package:flutter/src/widgets/framework.dart:5841:16)
#885    StatefulElement.performRebuild (package:flutter/src/widgets/framework.dart:5982:11)
#886    Element.rebuild (package:flutter/src/widgets/framework.dart:5529:7)
#887    ComponentElement._firstBuild (package:flutter/src/widgets/framework.dart:5799:5)
#888    StatefulElement._firstBuild (package:flutter/src/widgets/framework.dart:5973:11)
#889    ComponentElement.mount (package:flutter/src/widgets/framework.dart:5793:5)
#890    Element.inflateWidget (package:flutter/src/widgets/framework.dart:4587:20)
#891    Element.updateChild (package:flutter/src/widgets/framework.dart:4059:18)
#892    ComponentElement.performRebuild (package:flutter/src/widgets/framework.dart:5841:16)
#893    StatefulElement.performRebuild (package:flutter/src/widgets/framework.dart:5982:11)
#894    Element.rebuild (package:flutter/src/widgets/framework.dart:5529:7)
#895    ComponentElement._firstBuild (package:flutter/src/widgets/framework.dart:5799:5)
#896    StatefulElement._firstBuild (package:flutter/src/widgets/framework.dart:5973:11)
#897    ComponentElement.mount (package:flutter/src/widgets/framework.dart:5793:5)
#898    Element.inflateWidget (package:flutter/src/widgets/framework.dart:4587:20)
#899    Element.updateChild (package:flutter/src/widgets/framework.dart:4053:20)
#900    ComponentElement.performRebuild (package:flutter/src/widgets/framework.dart:5841:16)
#901    Element.rebuild (package:flutter/src/widgets/framework.dart:5529:7)
#902    ProxyElement.update (package:flutter/src/widgets/framework.dart:6149:5)
#903    _InheritedNotifierElement.update (package:flutter/src/widgets/inherited_notifier.dart:108:11)
#904    Element.updateChild (package:flutter/src/widgets/framework.dart:4037:15)
#905    ComponentElement.performRebuild (package:flutter/src/widgets/framework.dart:5841:16)
#906    StatefulElement.performRebuild (package:flutter/src/widgets/framework.dart:5982:11)
#907    Element.rebuild (package:flutter/src/widgets/framework.dart:5529:7)
#908    StatefulElement.update (package:flutter/src/widgets/framework.dart:6007:5)
#909    Element.updateChild (package:flutter/src/widgets/framework.dart:4037:15)
#910    ComponentElement.performRebuild (package:flutter/src/widgets/framework.dart:5841:16)
#911    Element.rebuild (package:flutter/src/widgets/framework.dart:5529:7)
#912    ProxyElement.update (package:flutter/src/widgets/framework.dart:6149:5)
#913    _InheritedNotifierElement.update (package:flutter/src/widgets/inherited_notifier.dart:108:11)
#914    Element.updateChild (package:flutter/src/widgets/framework.dart:4037:15)
#915    ComponentElement.performRebuild (package:flutter/src/widgets/framework.dart:5841:16)
#916    StatefulElement.performRebuild (package:flutter/src/widgets/framework.dart:5982:11)
#917    Element.rebuild (package:flutter/src/widgets/framework.dart:5529:7)
#918    StatefulElement.update (package:flutter/src/widgets/framework.dart:6007:5)
#919    Element.updateChild (package:flutter/src/widgets/framework.dart:4037:15)
#920    ComponentElement.performRebuild (package:flutter/src/widgets/framework.dart:5841:16)
#921    StatefulElement.performRebuild (package:flutter/src/widgets/framework.dart:5982:11)
#922    Element.rebuild (package:flutter/src/widgets/framework.dart:5529:7)
#923    StatefulElement.update (package:flutter/src/widgets/framework.dart:6007:5)
#924    Element.updateChild (package:flutter/src/widgets/framework.dart:4037:15)
#925    ComponentElement.performRebuild (package:flutter/src/widgets/framework.dart:5841:16)
#926    Element.rebuild (package:flutter/src/widgets/framework.dart:5529:7)
#927    ProxyElement.update (package:flutter/src/widgets/framework.dart:6149:5)
#928    Element.updateChild (package:flutter/src/widgets/framework.dart:4037:15)
#929    ComponentElement.performRebuild (package:flutter/src/widgets/framework.dart:5841:16)
#930    StatefulElement.performRebuild (package:flutter/src/widgets/framework.dart:5982:11)
#931    Element.rebuild (package:flutter/src/widgets/framework.dart:5529:7)
#932    StatefulElement.update (package:flutter/src/widgets/framework.dart:6007:5)
#933    Element.updateChild (package:flutter/src/widgets/framework.dart:4037:15)
#934    ComponentElement.performRebuild (package:flutter/src/widgets/framework.dart:5841:16)
#935    Element.rebuild (package:flutter/src/widgets/framework.dart:5529:7)
#936    ProxyElement.update (package:flutter/src/widgets/framework.dart:6149:5)
#937    Element.updateChild (package:flutter/src/widgets/framework.dart:4037:15)
#938    ComponentElement.performRebuild (package:flutter/src/widgets/framework.dart:5841:16)
#939    Element.rebuild (package:flutter/src/widgets/framework.dart:5529:7)
#940    ProxyElement.update (package:flutter/src/widgets/framework.dart:6149:5)
#941    Element.updateChild (package:flutter/src/widgets/framework.dart:4037:15)
#942    _RawViewElement._updateChild (package:flutter/src/widgets/view.dart:481:16)
#943    _RawViewElement.update (package:flutter/src/widgets/view.dart:568:5)
#944    Element.updateChild (package:flutter/src/widgets/framework.dart:4037:15)
#945    ComponentElement.performRebuild (package:flutter/src/widgets/framework.dart:5841:16)
#946    Element.rebuild (package:flutter/src/widgets/framework.dart:5529:7)
#947    StatelessElement.update (package:flutter/src/widgets/framework.dart:5895:5)
#948    Element.updateChild (package:flutter/src/widgets/framework.dart:4037:15)
#949    ComponentElement.performRebuild (package:flutter/src/widgets/framework.dart:5841:16)
#950    StatefulElement.performRebuild (package:flutter/src/widgets/framework.dart:5982:11)
#951    Element.rebuild (package:flutter/src/widgets/framework.dart:5529:7)
#952    StatefulElement.update (package:flutter/src/widgets/framework.dart:6007:5)
#953    Element.updateChild (package:flutter/src/widgets/framework.dart:4037:15)
#954    RootElement._rebuild (package:flutter/src/widgets/binding.dart:2091:16)
#955    RootElement.update (package:flutter/src/widgets/binding.dart:2069:5)
#956    RootElement.performRebuild (package:flutter/src/widgets/binding.dart:2083:7)
#957    Element.rebuild (package:flutter/src/widgets/framework.dart:5529:7)
#958    BuildScope._tryRebuild (package:flutter/src/widgets/framework.dart:2750:15)
#959    BuildScope._flushDirtyElements (package:flutter/src/widgets/framework.dart:2807:11)
#960    BuildOwner.buildScope (package:flutter/src/widgets/framework.dart:3111:18)
#961    AutomatedTestWidgetsFlutterBinding.drawFrame (package:flutter_test/src/binding.dart:2431:19)
#962    RendererBinding._handlePersistentFrameCallback (package:flutter/src/rendering/binding.dart:509:5)
#963    SchedulerBinding._invokeFrameCallback (package:flutter/src/scheduler/binding.dart:1430:15)
#964    SchedulerBinding.handleDrawFrame (package:flutter/src/scheduler/binding.dart:1345:9)
#965    AutomatedTestWidgetsFlutterBinding.pump.<anonymous closure> (package:flutter_test/src/binding.dart:2260:9)
#966    _rootRun (dart:async/zone_root.dart:35:13)
#967    _CustomZone.run (dart:async/zone.dart:726:19)
#968    TestAsyncUtils.guard (package:flutter_test/src/test_async_utils.dart:74:41)
#969    AutomatedTestWidgetsFlutterBinding.pump (package:flutter_test/src/binding.dart:2249:27)
#970    WidgetTester.pumpWidget.<anonymous closure> (package:flutter_test/src/widget_tester.dart:598:22)
#971    _rootRun (dart:async/zone_root.dart:35:13)
#972    _CustomZone.run (dart:async/zone.dart:726:19)
#973    TestAsyncUtils.guard (package:flutter_test/src/test_async_utils.dart:74:41)
#974    WidgetTester.pumpWidget (package:flutter_test/src/widget_tester.dart:595:27)
#975    main.<anonymous closure> (file:///C:/Users/andrvoicu/Desktop/repos/collectarr-app/test/features/library/add/library_add_dialog_test.dart:1609:18)
#976    testWidgets.<anonymous closure>.<anonymous closure> (package:flutter_test/src/widget_tester.dart:192:29)
<asynchronous suspension>
#977    TestWidgetsFlutterBinding._runTestBody (package:flutter_test/src/binding.dart:1952:5)
<asynchronous suspension>
#978    StackZoneSpecification._registerCallback.<anonymous closure> (package:stack_trace/src/stack_zone_specification.dart:114:42)
<asynchronous suspension>
This warning will only appear on debug builds.
00:19 +352 -7: C:/Users/andrvoicu/Desktop/repos/collectarr-app/test/features/library/edit/library_edit_dialog_test.dart: book kind uses dedicated edit dialog builder
00:19 +353 -7: C:/Users/andrvoicu/Desktop/repos/collectarr-app/test/features/library/home/home_page_test.dart: non-comic libraries use the generic workspace
00:19 +354 -7: C:/Users/andrvoicu/Desktop/repos/collectarr-app/test/features/library/home/home_page_test.dart: non-comic libraries use the generic workspace
00:19 +354 -7: C:/Users/andrvoicu/Desktop/repos/collectarr-app/test/features/library/add/library_add_dialog_test.dart: music provider search works with artist-only advanced search
WARNING (drift): It looks like you've created the database class LocalDatabase multiple times. When these two databases use the same QueryExecutor, race conditions will occur and might corrupt the database. 
Try to follow the advice at https://drift.simonbinder.eu/faq/#using-the-database or, if you know what you're doing, set driftRuntimeOptions.dontWarnAboutMultipleDatabases = true
Here is the stacktrace from when the database was opened a second time:
#0      GeneratedDatabase._handleInstantiated (package:drift/src/runtime/api/db_base.dart:96:30)
#1      GeneratedDatabase._whenConstructed (package:drift/src/runtime/api/db_base.dart:73:12)
#2      new GeneratedDatabase (package:drift/src/runtime/api/db_base.dart:64:5)
#3      new _$LocalDatabase (package:collectarr_app/core/db/local_database.g.dart:12351:38)
#4      new LocalDatabase (package:collectarr_app/core/db/local_database.dart:387:9)
#5      localDatabaseProvider.<anonymous closure> (package:collectarr_app/state/local_database_provider.dart:5:14)
#6      Provider.create (package:riverpod/src/providers/provider.dart:59:36)
#7      $ProviderElement.create (package:riverpod/src/providers/provider.dart:343:32)
#8      ProviderElement.buildState (package:riverpod/src/core/element.dart:684:28)
#9      ProviderElement.mount (package:riverpod/src/core/element.dart:537:7)
#10     ProviderElement.flush (package:riverpod/src/core/element.dart:640:7)
#11     $ProviderBaseImpl._addListener (package:riverpod/src/core/provider/provider.dart:119:24)
#12     ProviderContainer.listen (package:riverpod/src/core/provider_container.dart:960:26)
#13     ProviderContainer.read (package:riverpod/src/core/provider_container.dart:917:17)
#14     ConsumerStatefulElement.read (package:flutter_riverpod/src/core/consumer.dart:543:59)
#15     _LibraryAddDialogState._loadAvailableLocations (package:collectarr_app/features/library/add/library_add_dialog.dart:2338:38)
#16     _LibraryAddDialogState.initState (package:collectarr_app/features/library/add/library_add_dialog.dart:659:5)
#17     StatefulElement._firstBuild (package:flutter/src/widgets/framework.dart:5950:55)
#18     ComponentElement.mount (package:flutter/src/widgets/framework.dart:5793:5)
#19     Element.inflateWidget (package:flutter/src/widgets/framework.dart:4587:20)
#20     Element.updateChild (package:flutter/src/widgets/framework.dart:4059:18)
#21     ComponentElement.performRebuild (package:flutter/src/widgets/framework.dart:5841:16)
#22     Element.rebuild (package:flutter/src/widgets/framework.dart:5529:7)
#23     ComponentElement._firstBuild (package:flutter/src/widgets/framework.dart:5799:5)
#24     ComponentElement.mount (package:flutter/src/widgets/framework.dart:5793:5)
#25     Element.inflateWidget (package:flutter/src/widgets/framework.dart:4587:20)
#26     Element.updateChild (package:flutter/src/widgets/framework.dart:4059:18)
#27     ComponentElement.performRebuild (package:flutter/src/widgets/framework.dart:5841:16)
#28     Element.rebuild (package:flutter/src/widgets/framework.dart:5529:7)
#29     ComponentElement._firstBuild (package:flutter/src/widgets/framework.dart:5799:5)
#30     ComponentElement.mount (package:flutter/src/widgets/framework.dart:5793:5)
#31     Element.inflateWidget (package:flutter/src/widgets/framework.dart:4587:20)
#32     Element.updateChild (package:flutter/src/widgets/framework.dart:4059:18)
#33     ComponentElement.performRebuild (package:flutter/src/widgets/framework.dart:5841:16)
#34     Element.rebuild (package:flutter/src/widgets/framework.dart:5529:7)
#35     ComponentElement._firstBuild (package:flutter/src/widgets/framework.dart:5799:5)
#36     ComponentElement.mount (package:flutter/src/widgets/framework.dart:5793:5)
#37     Element.inflateWidget (package:flutter/src/widgets/framework.dart:4587:20)
#38     Element.updateChild (package:flutter/src/widgets/framework.dart:4059:18)
#39     ComponentElement.performRebuild (package:flutter/src/widgets/framework.dart:5841:16)
#40     Element.rebuild (package:flutter/src/widgets/framework.dart:5529:7)
#41     ComponentElement._firstBuild (package:flutter/src/widgets/framework.dart:5799:5)
#42     ComponentElement.mount (package:flutter/src/widgets/framework.dart:5793:5)
#43     Element.inflateWidget (package:flutter/src/widgets/framework.dart:4587:20)
#44     MultiChildRenderObjectElement.inflateWidget (package:flutter/src/widgets/framework.dart:7264:36)
#45     MultiChildRenderObjectElement.mount (package:flutter/src/widgets/framework.dart:7279:32)
#46     Element.inflateWidget (package:flutter/src/widgets/framework.dart:4587:20)
#47     Element.updateChild (package:flutter/src/widgets/framework.dart:4059:18)
#48     ComponentElement.performRebuild (package:flutter/src/widgets/framework.dart:5841:16)
#49     Element.rebuild (package:flutter/src/widgets/framework.dart:5529:7)
#50     ComponentElement._firstBuild (package:flutter/src/widgets/framework.dart:5799:5)
#51     ComponentElement.mount (package:flutter/src/widgets/framework.dart:5793:5)
#52     Element.inflateWidget (package:flutter/src/widgets/framework.dart:4587:20)
#53     Element.updateChild (package:flutter/src/widgets/framework.dart:4059:18)
#54     ComponentElement.performRebuild (package:flutter/src/widgets/framework.dart:5841:16)
#55     StatefulElement.performRebuild (package:flutter/src/widgets/framework.dart:5982:11)
#56     Element.rebuild (package:flutter/src/widgets/framework.dart:5529:7)
#57     ComponentElement._firstBuild (package:flutter/src/widgets/framework.dart:5799:5)
#58     StatefulElement._firstBuild (package:flutter/src/widgets/framework.dart:5973:11)
#59     ComponentElement.mount (package:flutter/src/widgets/framework.dart:5793:5)
#60     Element.inflateWidget (package:flutter/src/widgets/framework.dart:4587:20)
#61     Element.updateChild (package:flutter/src/widgets/framework.dart:4059:18)
#62     ComponentElement.performRebuild (package:flutter/src/widgets/framework.dart:5841:16)
#63     Element.rebuild (package:flutter/src/widgets/framework.dart:5529:7)
#64     ComponentElement._firstBuild (package:flutter/src/widgets/framework.dart:5799:5)
#65     ComponentElement.mount (package:flutter/src/widgets/framework.dart:5793:5)
#66     Element.inflateWidget (package:flutter/src/widgets/framework.dart:4587:20)
#67     Element.updateChild (package:flutter/src/widgets/framework.dart:4059:18)
#68     ComponentElement.performRebuild (package:flutter/src/widgets/framework.dart:5841:16)
#69     Element.rebuild (package:flutter/src/widgets/framework.dart:5529:7)
#70     ComponentElement._firstBuild (package:flutter/src/widgets/framework.dart:5799:5)
#71     ComponentElement.mount (package:flutter/src/widgets/framework.dart:5793:5)
#72     Element.inflateWidget (package:flutter/src/widgets/framework.dart:4587:20)
#73     Element.updateChild (package:flutter/src/widgets/framework.dart:4059:18)
#74     ComponentElement.performRebuild (package:flutter/src/widgets/framework.dart:5841:16)
#75     StatefulElement.performRebuild (package:flutter/src/widgets/framework.dart:5982:11)
#76     Element.rebuild (package:flutter/src/widgets/framework.dart:5529:7)
#77     ComponentElement._firstBuild (package:flutter/src/widgets/framework.dart:5799:5)
#78     StatefulElement._firstBuild (package:flutter/src/widgets/framework.dart:5973:11)
#79     ComponentElement.mount (package:flutter/src/widgets/framework.dart:5793:5)
#80     Element.inflateWidget (package:flutter/src/widgets/framework.dart:4587:20)
#81     Element.updateChild (package:flutter/src/widgets/framework.dart:4059:18)
#82     SingleChildRenderObjectElement.mount (package:flutter/src/widgets/framework.dart:7115:14)
#83     Element.inflateWidget (package:flutter/src/widgets/framework.dart:4587:20)
#84     Element.updateChild (package:flutter/src/widgets/framework.dart:4059:18)
#85     ComponentElement.performRebuild (package:flutter/src/widgets/framework.dart:5841:16)
#86     Element.rebuild (package:flutter/src/widgets/framework.dart:5529:7)
#87     ComponentElement._firstBuild (package:flutter/src/widgets/framework.dart:5799:5)
#88     ComponentElement.mount (package:flutter/src/widgets/framework.dart:5793:5)
#89     Element.inflateWidget (package:flutter/src/widgets/framework.dart:4587:20)
#90     Element.updateChild (package:flutter/src/widgets/framework.dart:4059:18)
#91     SingleChildRenderObjectElement.mount (package:flutter/src/widgets/framework.dart:7115:14)
#92     Element.inflateWidget (package:flutter/src/widgets/framework.dart:4587:20)
#93     Element.updateChild (package:flutter/src/widgets/framework.dart:4059:18)
#94     ComponentElement.performRebuild (package:flutter/src/widgets/framework.dart:5841:16)
#95     StatefulElement.performRebuild (package:flutter/src/widgets/framework.dart:5982:11)
#96     Element.rebuild (package:flutter/src/widgets/framework.dart:5529:7)
#97     ComponentElement._firstBuild (package:flutter/src/widgets/framework.dart:5799:5)
#98     StatefulElement._firstBuild (package:flutter/src/widgets/framework.dart:5973:11)
#99     ComponentElement.mount (package:flutter/src/widgets/framework.dart:5793:5)
#100    Element.inflateWidget (package:flutter/src/widgets/framework.dart:4587:20)
#101    Element.updateChild (package:flutter/src/widgets/framework.dart:4059:18)
#102    ComponentElement.performRebuild (package:flutter/src/widgets/framework.dart:5841:16)
#103    StatefulElement.performRebuild (package:flutter/src/widgets/framework.dart:5982:11)
#104    Element.rebuild (package:flutter/src/widgets/framework.dart:5529:7)
#105    ComponentElement._firstBuild (package:flutter/src/widgets/framework.dart:5799:5)
#106    StatefulElement._firstBuild (package:flutter/src/widgets/framework.dart:5973:11)
#107    ComponentElement.mount (package:flutter/src/widgets/framework.dart:5793:5)
#108    Element.inflateWidget (package:flutter/src/widgets/framework.dart:4587:20)
#109    Element.updateChild (package:flutter/src/widgets/framework.dart:4059:18)
#110    ComponentElement.performRebuild (package:flutter/src/widgets/framework.dart:5841:16)
#111    Element.rebuild (package:flutter/src/widgets/framework.dart:5529:7)
#112    ComponentElement._firstBuild (package:flutter/src/widgets/framework.dart:5799:5)
#113    ComponentElement.mount (package:flutter/src/widgets/framework.dart:5793:5)
#114    Element.inflateWidget (package:flutter/src/widgets/framework.dart:4587:20)
#115    Element.updateChild (package:flutter/src/widgets/framework.dart:4059:18)
#116    ComponentElement.performRebuild (package:flutter/src/widgets/framework.dart:5841:16)
#117    Element.rebuild (package:flutter/src/widgets/framework.dart:5529:7)
#118    ComponentElement._firstBuild (package:flutter/src/widgets/framework.dart:5799:5)
#119    ComponentElement.mount (package:flutter/src/widgets/framework.dart:5793:5)
#120    Element.inflateWidget (package:flutter/src/widgets/framework.dart:4587:20)
#121    Element.updateChild (package:flutter/src/widgets/framework.dart:4059:18)
#122    ComponentElement.performRebuild (package:flutter/src/widgets/framework.dart:5841:16)
#123    Element.rebuild (package:flutter/src/widgets/framework.dart:5529:7)
#124    ComponentElement._firstBuild (package:flutter/src/widgets/framework.dart:5799:5)
#125    ComponentElement.mount (package:flutter/src/widgets/framework.dart:5793:5)
#126    Element.inflateWidget (package:flutter/src/widgets/framework.dart:4587:20)
#127    Element.updateChild (package:flutter/src/widgets/framework.dart:4059:18)
#128    ComponentElement.performRebuild (package:flutter/src/widgets/framework.dart:5841:16)
#129    StatefulElement.performRebuild (package:flutter/src/widgets/framework.dart:5982:11)
#130    Element.rebuild (package:flutter/src/widgets/framework.dart:5529:7)
#131    ComponentElement._firstBuild (package:flutter/src/widgets/framework.dart:5799:5)
#132    StatefulElement._firstBuild (package:flutter/src/widgets/framework.dart:5973:11)
#133    ComponentElement.mount (package:flutter/src/widgets/framework.dart:5793:5)
#134    Element.inflateWidget (package:flutter/src/widgets/framework.dart:4587:20)
#135    Element.updateChild (package:flutter/src/widgets/framework.dart:4059:18)
#136    ComponentElement.performRebuild (package:flutter/src/widgets/framework.dart:5841:16)
#137    Element.rebuild (package:flutter/src/widgets/framework.dart:5529:7)
#138    ComponentElement._firstBuild (package:flutter/src/widgets/framework.dart:5799:5)
#139    ComponentElement.mount (package:flutter/src/widgets/framework.dart:5793:5)
#140    Element.inflateWidget (package:flutter/src/widgets/framework.dart:4587:20)
#141    Element.updateChild (package:flutter/src/widgets/framework.dart:4059:18)
#142    ComponentElement.performRebuild (package:flutter/src/widgets/framework.dart:5841:16)
#143    StatefulElement.performRebuild (package:flutter/src/widgets/framework.dart:5982:11)
#144    Element.rebuild (package:flutter/src/widgets/framework.dart:5529:7)
#145    ComponentElement._firstBuild (package:flutter/src/widgets/framework.dart:5799:5)
#146    StatefulElement._firstBuild (package:flutter/src/widgets/framework.dart:5973:11)
#147    ComponentElement.mount (package:flutter/src/widgets/framework.dart:5793:5)
#148    Element.inflateWidget (package:flutter/src/widgets/framework.dart:4587:20)
#149    Element.updateChild (package:flutter/src/widgets/framework.dart:4059:18)
#150    SingleChildRenderObjectElement.mount (package:flutter/src/widgets/framework.dart:7115:14)
#151    Element.inflateWidget (package:flutter/src/widgets/framework.dart:4587:20)
#152    Element.updateChild (package:flutter/src/widgets/framework.dart:4059:18)
#153    ComponentElement.performRebuild (package:flutter/src/widgets/framework.dart:5841:16)
#154    Element.rebuild (package:flutter/src/widgets/framework.dart:5529:7)
#155    ComponentElement._firstBuild (package:flutter/src/widgets/framework.dart:5799:5)
#156    ComponentElement.mount (package:flutter/src/widgets/framework.dart:5793:5)
#157    Element.inflateWidget (package:flutter/src/widgets/framework.dart:4587:20)
#158    Element.updateChild (package:flutter/src/widgets/framework.dart:4059:18)
#159    SingleChildRenderObjectElement.mount (package:flutter/src/widgets/framework.dart:7115:14)
#160    Element.inflateWidget (package:flutter/src/widgets/framework.dart:4587:20)
#161    Element.updateChild (package:flutter/src/widgets/framework.dart:4059:18)
#162    SingleChildRenderObjectElement.mount (package:flutter/src/widgets/framework.dart:7115:14)
#163    Element.inflateWidget (package:flutter/src/widgets/framework.dart:4587:20)
#164    Element.updateChild (package:flutter/src/widgets/framework.dart:4059:18)
#165    ComponentElement.performRebuild (package:flutter/src/widgets/framework.dart:5841:16)
#166    StatefulElement.performRebuild (package:flutter/src/widgets/framework.dart:5982:11)
#167    Element.rebuild (package:flutter/src/widgets/framework.dart:5529:7)
#168    ComponentElement._firstBuild (package:flutter/src/widgets/framework.dart:5799:5)
#169    StatefulElement._firstBuild (package:flutter/src/widgets/framework.dart:5973:11)
#170    ComponentElement.mount (package:flutter/src/widgets/framework.dart:5793:5)
#171    Element.inflateWidget (package:flutter/src/widgets/framework.dart:4587:20)
#172    Element.updateChild (package:flutter/src/widgets/framework.dart:4059:18)
#173    SingleChildRenderObjectElement.mount (package:flutter/src/widgets/framework.dart:7115:14)
#174    Element.inflateWidget (package:flutter/src/widgets/framework.dart:4587:20)
#175    Element.updateChild (package:flutter/src/widgets/framework.dart:4059:18)
#176    ComponentElement.performRebuild (package:flutter/src/widgets/framework.dart:5841:16)
#177    StatefulElement.performRebuild (package:flutter/src/widgets/framework.dart:5982:11)
#178    Element.rebuild (package:flutter/src/widgets/framework.dart:5529:7)
#179    ComponentElement._firstBuild (package:flutter/src/widgets/framework.dart:5799:5)
#180    StatefulElement._firstBuild (package:flutter/src/widgets/framework.dart:5973:11)
#181    ComponentElement.mount (package:flutter/src/widgets/framework.dart:5793:5)
#182    Element.inflateWidget (package:flutter/src/widgets/framework.dart:4587:20)
#183    Element.updateChild (package:flutter/src/widgets/framework.dart:4059:18)
#184    SingleChildRenderObjectElement.mount (package:flutter/src/widgets/framework.dart:7115:14)
#185    Element.inflateWidget (package:flutter/src/widgets/framework.dart:4587:20)
#186    Element.updateChild (package:flutter/src/widgets/framework.dart:4059:18)
#187    SingleChildRenderObjectElement.mount (package:flutter/src/widgets/framework.dart:7115:14)
#188    Element.inflateWidget (package:flutter/src/widgets/framework.dart:4587:20)
#189    Element.updateChild (package:flutter/src/widgets/framework.dart:4059:18)
#190    ComponentElement.performRebuild (package:flutter/src/widgets/framework.dart:5841:16)
#191    StatefulElement.performRebuild (package:flutter/src/widgets/framework.dart:5982:11)
#192    Element.rebuild (package:flutter/src/widgets/framework.dart:5529:7)
#193    ComponentElement._firstBuild (package:flutter/src/widgets/framework.dart:5799:5)
#194    StatefulElement._firstBuild (package:flutter/src/widgets/framework.dart:5973:11)
#195    ComponentElement.mount (package:flutter/src/widgets/framework.dart:5793:5)
#196    Element.inflateWidget (package:flutter/src/widgets/framework.dart:4587:20)
#197    Element.updateChild (package:flutter/src/widgets/framework.dart:4059:18)
#198    SingleChildRenderObjectElement.mount (package:flutter/src/widgets/framework.dart:7115:14)
#199    Element.inflateWidget (package:flutter/src/widgets/framework.dart:4587:20)
#200    Element.updateChild (package:flutter/src/widgets/framework.dart:4059:18)
#201    ComponentElement.performRebuild (package:flutter/src/widgets/framework.dart:5841:16)
#202    StatefulElement.performRebuild (package:flutter/src/widgets/framework.dart:5982:11)
#203    Element.rebuild (package:flutter/src/widgets/framework.dart:5529:7)
#204    ComponentElement._firstBuild (package:flutter/src/widgets/framework.dart:5799:5)
#205    StatefulElement._firstBuild (package:flutter/src/widgets/framework.dart:5973:11)
#206    ComponentElement.mount (package:flutter/src/widgets/framework.dart:5793:5)
#207    Element.inflateWidget (package:flutter/src/widgets/framework.dart:4587:20)
#208    Element.updateChild (package:flutter/src/widgets/framework.dart:4059:18)
#209    SingleChildRenderObjectElement.mount (package:flutter/src/widgets/framework.dart:7115:14)
#210    Element.inflateWidget (package:flutter/src/widgets/framework.dart:4587:20)
#211    Element.updateChild (package:flutter/src/widgets/framework.dart:4059:18)
#212    SingleChildRenderObjectElement.mount (package:flutter/src/widgets/framework.dart:7115:14)
#213    Element.inflateWidget (package:flutter/src/widgets/framework.dart:4587:20)
#214    Element.updateChild (package:flutter/src/widgets/framework.dart:4059:18)
#215    ComponentElement.performRebuild (package:flutter/src/widgets/framework.dart:5841:16)
#216    StatefulElement.performRebuild (package:flutter/src/widgets/framework.dart:5982:11)
#217    Element.rebuild (package:flutter/src/widgets/framework.dart:5529:7)
#218    ComponentElement._firstBuild (package:flutter/src/widgets/framework.dart:5799:5)
#219    StatefulElement._firstBuild (package:flutter/src/widgets/framework.dart:5973:11)
#220    ComponentElement.mount (package:flutter/src/widgets/framework.dart:5793:5)
#221    Element.inflateWidget (package:flutter/src/widgets/framework.dart:4587:20)
#222    Element.updateChild (package:flutter/src/widgets/framework.dart:4059:18)
#223    SingleChildRenderObjectElement.mount (package:flutter/src/widgets/framework.dart:7115:14)
#224    Element.inflateWidget (package:flutter/src/widgets/framework.dart:4587:20)
#225    Element.updateChild (package:flutter/src/widgets/framework.dart:4059:18)
#226    SingleChildRenderObjectElement.mount (package:flutter/src/widgets/framework.dart:7115:14)
#227    Element.inflateWidget (package:flutter/src/widgets/framework.dart:4587:20)
#228    Element.updateChild (package:flutter/src/widgets/framework.dart:4059:18)
#229    SingleChildRenderObjectElement.mount (package:flutter/src/widgets/framework.dart:7115:14)
#230    Element.inflateWidget (package:flutter/src/widgets/framework.dart:4587:20)
#231    Element.updateChild (package:flutter/src/widgets/framework.dart:4059:18)
#232    ComponentElement.performRebuild (package:flutter/src/widgets/framework.dart:5841:16)
#233    StatefulElement.performRebuild (package:flutter/src/widgets/framework.dart:5982:11)
#234    Element.rebuild (package:flutter/src/widgets/framework.dart:5529:7)
#235    ComponentElement._firstBuild (package:flutter/src/widgets/framework.dart:5799:5)
#236    StatefulElement._firstBuild (package:flutter/src/widgets/framework.dart:5973:11)
#237    ComponentElement.mount (package:flutter/src/widgets/framework.dart:5793:5)
#238    Element.inflateWidget (package:flutter/src/widgets/framework.dart:4587:20)
#239    Element.updateChild (package:flutter/src/widgets/framework.dart:4059:18)
#240    SingleChildRenderObjectElement.mount (package:flutter/src/widgets/framework.dart:7115:14)
#241    Element.inflateWidget (package:flutter/src/widgets/framework.dart:4587:20)
#242    Element.updateChild (package:flutter/src/widgets/framework.dart:4059:18)
#243    ComponentElement.performRebuild (package:flutter/src/widgets/framework.dart:5841:16)
#244    StatefulElement.performRebuild (package:flutter/src/widgets/framework.dart:5982:11)
#245    Element.rebuild (package:flutter/src/widgets/framework.dart:5529:7)
#246    ComponentElement._firstBuild (package:flutter/src/widgets/framework.dart:5799:5)
#247    StatefulElement._firstBuild (package:flutter/src/widgets/framework.dart:5973:11)
#248    ComponentElement.mount (package:flutter/src/widgets/framework.dart:5793:5)
#249    Element.inflateWidget (package:flutter/src/widgets/framework.dart:4587:20)
#250    Element.updateChild (package:flutter/src/widgets/framework.dart:4059:18)
#251    ComponentElement.performRebuild (package:flutter/src/widgets/framework.dart:5841:16)
#252    Element.rebuild (package:flutter/src/widgets/framework.dart:5529:7)
#253    ComponentElement._firstBuild (package:flutter/src/widgets/framework.dart:5799:5)
#254    ComponentElement.mount (package:flutter/src/widgets/framework.dart:5793:5)
#255    Element.inflateWidget (package:flutter/src/widgets/framework.dart:4587:20)
#256    Element.updateChild (package:flutter/src/widgets/framework.dart:4059:18)
#257    ComponentElement.performRebuild (package:flutter/src/widgets/framework.dart:5841:16)
#258    StatefulElement.performRebuild (package:flutter/src/widgets/framework.dart:5982:11)
#259    Element.rebuild (package:flutter/src/widgets/framework.dart:5529:7)
#260    ComponentElement._firstBuild (package:flutter/src/widgets/framework.dart:5799:5)
#261    StatefulElement._firstBuild (package:flutter/src/widgets/framework.dart:5973:11)
#262    ComponentElement.mount (package:flutter/src/widgets/framework.dart:5793:5)
#263    Element.inflateWidget (package:flutter/src/widgets/framework.dart:4587:20)
#264    Element.updateChild (package:flutter/src/widgets/framework.dart:4059:18)
#265    ComponentElement.performRebuild (package:flutter/src/widgets/framework.dart:5841:16)
#266    StatefulElement.performRebuild (package:flutter/src/widgets/framework.dart:5982:11)
#267    Element.rebuild (package:flutter/src/widgets/framework.dart:5529:7)
#268    ComponentElement._firstBuild (package:flutter/src/widgets/framework.dart:5799:5)
#269    StatefulElement._firstBuild (package:flutter/src/widgets/framework.dart:5973:11)
#270    ComponentElement.mount (package:flutter/src/widgets/framework.dart:5793:5)
#271    Element.inflateWidget (package:flutter/src/widgets/framework.dart:4587:20)
#272    Element.updateChild (package:flutter/src/widgets/framework.dart:4059:18)
#273    ComponentElement.performRebuild (package:flutter/src/widgets/framework.dart:5841:16)
#274    StatefulElement.performRebuild (package:flutter/src/widgets/framework.dart:5982:11)
#275    Element.rebuild (package:flutter/src/widgets/framework.dart:5529:7)
#276    ComponentElement._firstBuild (package:flutter/src/widgets/framework.dart:5799:5)
#277    StatefulElement._firstBuild (package:flutter/src/widgets/framework.dart:5973:11)
#278    ComponentElement.mount (package:flutter/src/widgets/framework.dart:5793:5)
#279    Element.inflateWidget (package:flutter/src/widgets/framework.dart:4587:20)
#280    Element.updateChild (package:flutter/src/widgets/framework.dart:4059:18)
#281    SingleChildRenderObjectElement.mount (package:flutter/src/widgets/framework.dart:7115:14)
#282    Element.inflateWidget (package:flutter/src/widgets/framework.dart:4587:20)
#283    Element.updateChild (package:flutter/src/widgets/framework.dart:4059:18)
#284    ComponentElement.performRebuild (package:flutter/src/widgets/framework.dart:5841:16)
#285    Element.rebuild (package:flutter/src/widgets/framework.dart:5529:7)
#286    ComponentElement._firstBuild (package:flutter/src/widgets/framework.dart:5799:5)
#287    ComponentElement.mount (package:flutter/src/widgets/framework.dart:5793:5)
#288    Element.inflateWidget (package:flutter/src/widgets/framework.dart:4587:20)
#289    Element.updateChild (package:flutter/src/widgets/framework.dart:4059:18)
#290    SingleChildRenderObjectElement.mount (package:flutter/src/widgets/framework.dart:7115:14)
#291    Element.inflateWidget (package:flutter/src/widgets/framework.dart:4587:20)
#292    Element.updateChild (package:flutter/src/widgets/framework.dart:4059:18)
#293    ComponentElement.performRebuild (package:flutter/src/widgets/framework.dart:5841:16)
#294    StatefulElement.performRebuild (package:flutter/src/widgets/framework.dart:5982:11)
#295    Element.rebuild (package:flutter/src/widgets/framework.dart:5529:7)
#296    ComponentElement._firstBuild (package:flutter/src/widgets/framework.dart:5799:5)
#297    StatefulElement._firstBuild (package:flutter/src/widgets/framework.dart:5973:11)
#298    ComponentElement.mount (package:flutter/src/widgets/framework.dart:5793:5)
#299    Element.inflateWidget (package:flutter/src/widgets/framework.dart:4587:20)
#300    Element.updateChild (package:flutter/src/widgets/framework.dart:4059:18)
#301    ComponentElement.performRebuild (package:flutter/src/widgets/framework.dart:5841:16)
#302    Element.rebuild (package:flutter/src/widgets/framework.dart:5529:7)
#303    ComponentElement._firstBuild (package:flutter/src/widgets/framework.dart:5799:5)
#304    ComponentElement.mount (package:flutter/src/widgets/framework.dart:5793:5)
#305    Element.inflateWidget (package:flutter/src/widgets/framework.dart:4587:20)
#306    Element.updateChild (package:flutter/src/widgets/framework.dart:4059:18)
#307    ComponentElement.performRebuild (package:flutter/src/widgets/framework.dart:5841:16)
#308    Element.rebuild (package:flutter/src/widgets/framework.dart:5529:7)
#309    ComponentElement._firstBuild (package:flutter/src/widgets/framework.dart:5799:5)
#310    ComponentElement.mount (package:flutter/src/widgets/framework.dart:5793:5)
#311    Element.inflateWidget (package:flutter/src/widgets/framework.dart:4587:20)
#312    Element.updateChild (package:flutter/src/widgets/framework.dart:4059:18)
#313    ComponentElement.performRebuild (package:flutter/src/widgets/framework.dart:5841:16)
#314    StatefulElement.performRebuild (package:flutter/src/widgets/framework.dart:5982:11)
#315    Element.rebuild (package:flutter/src/widgets/framework.dart:5529:7)
#316    ComponentElement._firstBuild (package:flutter/src/widgets/framework.dart:5799:5)
#317    StatefulElement._firstBuild (package:flutter/src/widgets/framework.dart:5973:11)
#318    ComponentElement.mount (package:flutter/src/widgets/framework.dart:5793:5)
#319    Element.inflateWidget (package:flutter/src/widgets/framework.dart:4587:20)
#320    Element.updateChild (package:flutter/src/widgets/framework.dart:4059:18)
#321    ComponentElement.performRebuild (package:flutter/src/widgets/framework.dart:5841:16)
#322    Element.rebuild (package:flutter/src/widgets/framework.dart:5529:7)
#323    ComponentElement._firstBuild (package:flutter/src/widgets/framework.dart:5799:5)
#324    ComponentElement.mount (package:flutter/src/widgets/framework.dart:5793:5)
#325    Element.inflateWidget (package:flutter/src/widgets/framework.dart:4587:20)
#326    Element.updateChild (package:flutter/src/widgets/framework.dart:4059:18)
#327    ComponentElement.performRebuild (package:flutter/src/widgets/framework.dart:5841:16)
#328    Element.rebuild (package:flutter/src/widgets/framework.dart:5529:7)
#329    ComponentElement._firstBuild (package:flutter/src/widgets/framework.dart:5799:5)
#330    ComponentElement.mount (package:flutter/src/widgets/framework.dart:5793:5)
#331    Element.inflateWidget (package:flutter/src/widgets/framework.dart:4587:20)
#332    Element.updateChild (package:flutter/src/widgets/framework.dart:4059:18)
#333    SingleChildRenderObjectElement.mount (package:flutter/src/widgets/framework.dart:7115:14)
#334    Element.inflateWidget (package:flutter/src/widgets/framework.dart:4587:20)
#335    Element.updateChild (package:flutter/src/widgets/framework.dart:4059:18)
#336    ComponentElement.performRebuild (package:flutter/src/widgets/framework.dart:5841:16)
#337    Element.rebuild (package:flutter/src/widgets/framework.dart:5529:7)
#338    ComponentElement._firstBuild (package:flutter/src/widgets/framework.dart:5799:5)
#339    ComponentElement.mount (package:flutter/src/widgets/framework.dart:5793:5)
#340    Element.inflateWidget (package:flutter/src/widgets/framework.dart:4587:20)
#341    Element.updateChild (package:flutter/src/widgets/framework.dart:4059:18)
#342    ComponentElement.performRebuild (package:flutter/src/widgets/framework.dart:5841:16)
#343    Element.rebuild (package:flutter/src/widgets/framework.dart:5529:7)
#344    ComponentElement._firstBuild (package:flutter/src/widgets/framework.dart:5799:5)
#345    ComponentElement.mount (package:flutter/src/widgets/framework.dart:5793:5)
#346    Element.inflateWidget (package:flutter/src/widgets/framework.dart:4587:20)
#347    Element.updateChild (package:flutter/src/widgets/framework.dart:4059:18)
#348    ComponentElement.performRebuild (package:flutter/src/widgets/framework.dart:5841:16)
#349    StatefulElement.performRebuild (package:flutter/src/widgets/framework.dart:5982:11)
#350    Element.rebuild (package:flutter/src/widgets/framework.dart:5529:7)
#351    ComponentElement._firstBuild (package:flutter/src/widgets/framework.dart:5799:5)
#352    StatefulElement._firstBuild (package:flutter/src/widgets/framework.dart:5973:11)
#353    ComponentElement.mount (package:flutter/src/widgets/framework.dart:5793:5)
#354    Element.inflateWidget (package:flutter/src/widgets/framework.dart:4587:20)
#355    Element.updateChild (package:flutter/src/widgets/framework.dart:4059:18)
#356    ComponentElement.performRebuild (package:flutter/src/widgets/framework.dart:5841:16)
#357    StatefulElement.performRebuild (package:flutter/src/widgets/framework.dart:5982:11)
#358    Element.rebuild (package:flutter/src/widgets/framework.dart:5529:7)
#359    ComponentElement._firstBuild (package:flutter/src/widgets/framework.dart:5799:5)
#360    StatefulElement._firstBuild (package:flutter/src/widgets/framework.dart:5973:11)
#361    ComponentElement.mount (package:flutter/src/widgets/framework.dart:5793:5)
#362    Element.inflateWidget (package:flutter/src/widgets/framework.dart:4587:20)
#363    Element.updateChild (package:flutter/src/widgets/framework.dart:4059:18)
#364    ComponentElement.performRebuild (package:flutter/src/widgets/framework.dart:5841:16)
#365    StatefulElement.performRebuild (package:flutter/src/widgets/framework.dart:5982:11)
#366    Element.rebuild (package:flutter/src/widgets/framework.dart:5529:7)
#367    ComponentElement._firstBuild (package:flutter/src/widgets/framework.dart:5799:5)
#368    StatefulElement._firstBuild (package:flutter/src/widgets/framework.dart:5973:11)
#369    ComponentElement.mount (package:flutter/src/widgets/framework.dart:5793:5)
#370    Element.inflateWidget (package:flutter/src/widgets/framework.dart:4587:20)
#371    Element.updateChild (package:flutter/src/widgets/framework.dart:4059:18)
#372    SingleChildRenderObjectElement.mount (package:flutter/src/widgets/framework.dart:7115:14)
#373    Element.inflateWidget (package:flutter/src/widgets/framework.dart:4587:20)
#374    Element.updateChild (package:flutter/src/widgets/framework.dart:4059:18)
#375    ComponentElement.performRebuild (package:flutter/src/widgets/framework.dart:5841:16)
#376    Element.rebuild (package:flutter/src/widgets/framework.dart:5529:7)
#377    ComponentElement._firstBuild (package:flutter/src/widgets/framework.dart:5799:5)
#378    ComponentElement.mount (package:flutter/src/widgets/framework.dart:5793:5)
#379    Element.inflateWidget (package:flutter/src/widgets/framework.dart:4587:20)
#380    Element.updateChild (package:flutter/src/widgets/framework.dart:4059:18)
#381    ComponentElement.performRebuild (package:flutter/src/widgets/framework.dart:5841:16)
#382    Element.rebuild (package:flutter/src/widgets/framework.dart:5529:7)
#383    ComponentElement._firstBuild (package:flutter/src/widgets/framework.dart:5799:5)
#384    ComponentElement.mount (package:flutter/src/widgets/framework.dart:5793:5)
#385    Element.inflateWidget (package:flutter/src/widgets/framework.dart:4587:20)
#386    Element.updateChild (package:flutter/src/widgets/framework.dart:4059:18)
#387    ComponentElement.performRebuild (package:flutter/src/widgets/framework.dart:5841:16)
#388    Element.rebuild (package:flutter/src/widgets/framework.dart:5529:7)
#389    ComponentElement._firstBuild (package:flutter/src/widgets/framework.dart:5799:5)
#390    ComponentElement.mount (package:flutter/src/widgets/framework.dart:5793:5)
#391    Element.inflateWidget (package:flutter/src/widgets/framework.dart:4587:20)
#392    Element.updateChild (package:flutter/src/widgets/framework.dart:4059:18)
#393    ComponentElement.performRebuild (package:flutter/src/widgets/framework.dart:5841:16)
#394    StatefulElement.performRebuild (package:flutter/src/widgets/framework.dart:5982:11)
#395    Element.rebuild (package:flutter/src/widgets/framework.dart:5529:7)
#396    ComponentElement._firstBuild (package:flutter/src/widgets/framework.dart:5799:5)
#397    StatefulElement._firstBuild (package:flutter/src/widgets/framework.dart:5973:11)
#398    ComponentElement.mount (package:flutter/src/widgets/framework.dart:5793:5)
#399    Element.inflateWidget (package:flutter/src/widgets/framework.dart:4587:20)
#400    Element.updateChild (package:flutter/src/widgets/framework.dart:4059:18)
#401    ComponentElement.performRebuild (package:flutter/src/widgets/framework.dart:5841:16)
#402    StatefulElement.performRebuild (package:flutter/src/widgets/framework.dart:5982:11)
#403    Element.rebuild (package:flutter/src/widgets/framework.dart:5529:7)
#404    ComponentElement._firstBuild (package:flutter/src/widgets/framework.dart:5799:5)
#405    StatefulElement._firstBuild (package:flutter/src/widgets/framework.dart:5973:11)
#406    ComponentElement.mount (package:flutter/src/widgets/framework.dart:5793:5)
#407    Element.inflateWidget (package:flutter/src/widgets/framework.dart:4587:20)
#408    MultiChildRenderObjectElement.inflateWidget (package:flutter/src/widgets/framework.dart:7264:36)
#409    MultiChildRenderObjectElement.mount (package:flutter/src/widgets/framework.dart:7279:32)
#410    Element.inflateWidget (package:flutter/src/widgets/framework.dart:4587:20)
#411    Element.updateChild (package:flutter/src/widgets/framework.dart:4059:18)
#412    ComponentElement.performRebuild (package:flutter/src/widgets/framework.dart:5841:16)
#413    StatefulElement.performRebuild (package:flutter/src/widgets/framework.dart:5982:11)
#414    Element.rebuild (package:flutter/src/widgets/framework.dart:5529:7)
#415    ComponentElement._firstBuild (package:flutter/src/widgets/framework.dart:5799:5)
#416    StatefulElement._firstBuild (package:flutter/src/widgets/framework.dart:5973:11)
#417    ComponentElement.mount (package:flutter/src/widgets/framework.dart:5793:5)
#418    Element.inflateWidget (package:flutter/src/widgets/framework.dart:4587:20)
#419    Element.updateChild (package:flutter/src/widgets/framework.dart:4059:18)
#420    ComponentElement.performRebuild (package:flutter/src/widgets/framework.dart:5841:16)
#421    Element.rebuild (package:flutter/src/widgets/framework.dart:5529:7)
#422    ComponentElement._firstBuild (package:flutter/src/widgets/framework.dart:5799:5)
#423    ComponentElement.mount (package:flutter/src/widgets/framework.dart:5793:5)
#424    Element.inflateWidget (package:flutter/src/widgets/framework.dart:4587:20)
#425    Element.updateChild (package:flutter/src/widgets/framework.dart:4059:18)
#426    ComponentElement.performRebuild (package:flutter/src/widgets/framework.dart:5841:16)
#427    Element.rebuild (package:flutter/src/widgets/framework.dart:5529:7)
#428    ComponentElement._firstBuild (package:flutter/src/widgets/framework.dart:5799:5)
#429    ComponentElement.mount (package:flutter/src/widgets/framework.dart:5793:5)
#430    Element.inflateWidget (package:flutter/src/widgets/framework.dart:4587:20)
#431    Element.updateChild (package:flutter/src/widgets/framework.dart:4059:18)
#432    ComponentElement.performRebuild (package:flutter/src/widgets/framework.dart:5841:16)
#433    StatefulElement.performRebuild (package:flutter/src/widgets/framework.dart:5982:11)
#434    Element.rebuild (package:flutter/src/widgets/framework.dart:5529:7)
#435    ComponentElement._firstBuild (package:flutter/src/widgets/framework.dart:5799:5)
#436    StatefulElement._firstBuild (package:flutter/src/widgets/framework.dart:5973:11)
#437    ComponentElement.mount (package:flutter/src/widgets/framework.dart:5793:5)
#438    Element.inflateWidget (package:flutter/src/widgets/framework.dart:4587:20)
#439    Element.updateChild (package:flutter/src/widgets/framework.dart:4059:18)
#440    ComponentElement.performRebuild (package:flutter/src/widgets/framework.dart:5841:16)
#441    Element.rebuild (package:flutter/src/widgets/framework.dart:5529:7)
#442    ComponentElement._firstBuild (package:flutter/src/widgets/framework.dart:5799:5)
#443    ComponentElement.mount (package:flutter/src/widgets/framework.dart:5793:5)
#444    Element.inflateWidget (package:flutter/src/widgets/framework.dart:4587:20)
#445    Element.updateChild (package:flutter/src/widgets/framework.dart:4059:18)
#446    ComponentElement.performRebuild (package:flutter/src/widgets/framework.dart:5841:16)
#447    StatefulElement.performRebuild (package:flutter/src/widgets/framework.dart:5982:11)
#448    Element.rebuild (package:flutter/src/widgets/framework.dart:5529:7)
#449    ComponentElement._firstBuild (package:flutter/src/widgets/framework.dart:5799:5)
#450    StatefulElement._firstBuild (package:flutter/src/widgets/framework.dart:5973:11)
#451    ComponentElement.mount (package:flutter/src/widgets/framework.dart:5793:5)
#452    Element.inflateWidget (package:flutter/src/widgets/framework.dart:4587:20)
#453    Element.updateChild (package:flutter/src/widgets/framework.dart:4059:18)
#454    ComponentElement.performRebuild (package:flutter/src/widgets/framework.dart:5841:16)
#455    StatefulElement.performRebuild (package:flutter/src/widgets/framework.dart:5982:11)
#456    Element.rebuild (package:flutter/src/widgets/framework.dart:5529:7)
#457    ComponentElement._firstBuild (package:flutter/src/widgets/framework.dart:5799:5)
#458    StatefulElement._firstBuild (package:flutter/src/widgets/framework.dart:5973:11)
#459    ComponentElement.mount (package:flutter/src/widgets/framework.dart:5793:5)
#460    Element.inflateWidget (package:flutter/src/widgets/framework.dart:4587:20)
#461    Element.updateChild (package:flutter/src/widgets/framework.dart:4059:18)
#462    SingleChildRenderObjectElement.mount (package:flutter/src/widgets/framework.dart:7115:14)
#463    Element.inflateWidget (package:flutter/src/widgets/framework.dart:4587:20)
#464    Element.updateChild (package:flutter/src/widgets/framework.dart:4059:18)
#465    SingleChildRenderObjectElement.mount (package:flutter/src/widgets/framework.dart:7115:14)
#466    Element.inflateWidget (package:flutter/src/widgets/framework.dart:4587:20)
#467    Element.updateChild (package:flutter/src/widgets/framework.dart:4059:18)
#468    ComponentElement.performRebuild (package:flutter/src/widgets/framework.dart:5841:16)
#469    Element.rebuild (package:flutter/src/widgets/framework.dart:5529:7)
#470    ComponentElement._firstBuild (package:flutter/src/widgets/framework.dart:5799:5)
#471    ComponentElement.mount (package:flutter/src/widgets/framework.dart:5793:5)
#472    Element.inflateWidget (package:flutter/src/widgets/framework.dart:4587:20)
#473    Element.updateChild (package:flutter/src/widgets/framework.dart:4059:18)
#474    ComponentElement.performRebuild (package:flutter/src/widgets/framework.dart:5841:16)
#475    Element.rebuild (package:flutter/src/widgets/framework.dart:5529:7)
#476    ComponentElement._firstBuild (package:flutter/src/widgets/framework.dart:5799:5)
#477    ComponentElement.mount (package:flutter/src/widgets/framework.dart:5793:5)
#478    Element.inflateWidget (package:flutter/src/widgets/framework.dart:4587:20)
#479    Element.updateChild (package:flutter/src/widgets/framework.dart:4059:18)
#480    ComponentElement.performRebuild (package:flutter/src/widgets/framework.dart:5841:16)
#481    StatefulElement.performRebuild (package:flutter/src/widgets/framework.dart:5982:11)
#482    Element.rebuild (package:flutter/src/widgets/framework.dart:5529:7)
#483    ComponentElement._firstBuild (package:flutter/src/widgets/framework.dart:5799:5)
#484    StatefulElement._firstBuild (package:flutter/src/widgets/framework.dart:5973:11)
#485    ComponentElement.mount (package:flutter/src/widgets/framework.dart:5793:5)
#486    Element.inflateWidget (package:flutter/src/widgets/framework.dart:4587:20)
#487    Element.updateChild (package:flutter/src/widgets/framework.dart:4059:18)
#488    ComponentElement.performRebuild (package:flutter/src/widgets/framework.dart:5841:16)
#489    Element.rebuild (package:flutter/src/widgets/framework.dart:5529:7)
#490    ComponentElement._firstBuild (package:flutter/src/widgets/framework.dart:5799:5)
#491    ComponentElement.mount (package:flutter/src/widgets/framework.dart:5793:5)
#492    Element.inflateWidget (package:flutter/src/widgets/framework.dart:4587:20)
#493    Element.updateChild (package:flutter/src/widgets/framework.dart:4059:18)
#494    SingleChildRenderObjectElement.mount (package:flutter/src/widgets/framework.dart:7115:14)
#495    Element.inflateWidget (package:flutter/src/widgets/framework.dart:4587:20)
#496    Element.updateChild (package:flutter/src/widgets/framework.dart:4059:18)
#497    ComponentElement.performRebuild (package:flutter/src/widgets/framework.dart:5841:16)
#498    StatefulElement.performRebuild (package:flutter/src/widgets/framework.dart:5982:11)
#499    Element.rebuild (package:flutter/src/widgets/framework.dart:5529:7)
#500    ComponentElement._firstBuild (package:flutter/src/widgets/framework.dart:5799:5)
#501    StatefulElement._firstBuild (package:flutter/src/widgets/framework.dart:5973:11)
#502    ComponentElement.mount (package:flutter/src/widgets/framework.dart:5793:5)
#503    Element.inflateWidget (package:flutter/src/widgets/framework.dart:4587:20)
#504    Element.updateChild (package:flutter/src/widgets/framework.dart:4059:18)
#505    ComponentElement.performRebuild (package:flutter/src/widgets/framework.dart:5841:16)
#506    Element.rebuild (package:flutter/src/widgets/framework.dart:5529:7)
#507    ComponentElement._firstBuild (package:flutter/src/widgets/framework.dart:5799:5)
#508    ComponentElement.mount (package:flutter/src/widgets/framework.dart:5793:5)
#509    Element.inflateWidget (package:flutter/src/widgets/framework.dart:4587:20)
#510    Element.updateChild (package:flutter/src/widgets/framework.dart:4059:18)
#511    ComponentElement.performRebuild (package:flutter/src/widgets/framework.dart:5841:16)
#512    Element.rebuild (package:flutter/src/widgets/framework.dart:5529:7)
#513    ComponentElement._firstBuild (package:flutter/src/widgets/framework.dart:5799:5)
#514    ComponentElement.mount (package:flutter/src/widgets/framework.dart:5793:5)
#515    Element.inflateWidget (package:flutter/src/widgets/framework.dart:4587:20)
#516    Element.updateChild (package:flutter/src/widgets/framework.dart:4059:18)
#517    ComponentElement.performRebuild (package:flutter/src/widgets/framework.dart:5841:16)
#518    StatefulElement.performRebuild (package:flutter/src/widgets/framework.dart:5982:11)
#519    Element.rebuild (package:flutter/src/widgets/framework.dart:5529:7)
#520    ComponentElement._firstBuild (package:flutter/src/widgets/framework.dart:5799:5)
#521    StatefulElement._firstBuild (package:flutter/src/widgets/framework.dart:5973:11)
#522    ComponentElement.mount (package:flutter/src/widgets/framework.dart:5793:5)
#523    Element.inflateWidget (package:flutter/src/widgets/framework.dart:4587:20)
#524    Element.updateChild (package:flutter/src/widgets/framework.dart:4059:18)
#525    ComponentElement.performRebuild (package:flutter/src/widgets/framework.dart:5841:16)
#526    Element.rebuild (package:flutter/src/widgets/framework.dart:5529:7)
#527    ComponentElement._firstBuild (package:flutter/src/widgets/framework.dart:5799:5)
#528    ComponentElement.mount (package:flutter/src/widgets/framework.dart:5793:5)
#529    Element.inflateWidget (package:flutter/src/widgets/framework.dart:4587:20)
#530    Element.updateChild (package:flutter/src/widgets/framework.dart:4059:18)
#531    ComponentElement.performRebuild (package:flutter/src/widgets/framework.dart:5841:16)
#532    Element.rebuild (package:flutter/src/widgets/framework.dart:5529:7)
#533    ComponentElement._firstBuild (package:flutter/src/widgets/framework.dart:5799:5)
#534    ComponentElement.mount (package:flutter/src/widgets/framework.dart:5793:5)
#535    Element.inflateWidget (package:flutter/src/widgets/framework.dart:4587:20)
#536    Element.updateChild (package:flutter/src/widgets/framework.dart:4059:18)
#537    ComponentElement.performRebuild (package:flutter/src/widgets/framework.dart:5841:16)
#538    Element.rebuild (package:flutter/src/widgets/framework.dart:5529:7)
#539    ComponentElement._firstBuild (package:flutter/src/widgets/framework.dart:5799:5)
#540    ComponentElement.mount (package:flutter/src/widgets/framework.dart:5793:5)
#541    Element.inflateWidget (package:flutter/src/widgets/framework.dart:4587:20)
#542    Element.updateChild (package:flutter/src/widgets/framework.dart:4059:18)
#543    ComponentElement.performRebuild (package:flutter/src/widgets/framework.dart:5841:16)
#544    Element.rebuild (package:flutter/src/widgets/framework.dart:5529:7)
#545    ComponentElement._firstBuild (package:flutter/src/widgets/framework.dart:5799:5)
#546    ComponentElement.mount (package:flutter/src/widgets/framework.dart:5793:5)
#547    Element.inflateWidget (package:flutter/src/widgets/framework.dart:4587:20)
#548    Element.updateChild (package:flutter/src/widgets/framework.dart:4059:18)
#549    ComponentElement.performRebuild (package:flutter/src/widgets/framework.dart:5841:16)
#550    Element.rebuild (package:flutter/src/widgets/framework.dart:5529:7)
#551    ComponentElement._firstBuild (package:flutter/src/widgets/framework.dart:5799:5)
#552    ComponentElement.mount (package:flutter/src/widgets/framework.dart:5793:5)
#553    Element.inflateWidget (package:flutter/src/widgets/framework.dart:4587:20)
#554    Element.updateChild (package:flutter/src/widgets/framework.dart:4059:18)
#555    ComponentElement.performRebuild (package:flutter/src/widgets/framework.dart:5841:16)
#556    Element.rebuild (package:flutter/src/widgets/framework.dart:5529:7)
#557    ComponentElement._firstBuild (package:flutter/src/widgets/framework.dart:5799:5)
#558    ComponentElement.mount (package:flutter/src/widgets/framework.dart:5793:5)
#559    Element.inflateWidget (package:flutter/src/widgets/framework.dart:4587:20)
#560    Element.updateChild (package:flutter/src/widgets/framework.dart:4059:18)
#561    ComponentElement.performRebuild (package:flutter/src/widgets/framework.dart:5841:16)
#562    Element.rebuild (package:flutter/src/widgets/framework.dart:5529:7)
#563    ComponentElement._firstBuild (package:flutter/src/widgets/framework.dart:5799:5)
#564    ComponentElement.mount (package:flutter/src/widgets/framework.dart:5793:5)
#565    Element.inflateWidget (package:flutter/src/widgets/framework.dart:4587:20)
#566    Element.updateChild (package:flutter/src/widgets/framework.dart:4059:18)
#567    ComponentElement.performRebuild (package:flutter/src/widgets/framework.dart:5841:16)
#568    StatefulElement.performRebuild (package:flutter/src/widgets/framework.dart:5982:11)
#569    Element.rebuild (package:flutter/src/widgets/framework.dart:5529:7)
#570    ComponentElement._firstBuild (package:flutter/src/widgets/framework.dart:5799:5)
#571    StatefulElement._firstBuild (package:flutter/src/widgets/framework.dart:5973:11)
#572    ComponentElement.mount (package:flutter/src/widgets/framework.dart:5793:5)
#573    Element.inflateWidget (package:flutter/src/widgets/framework.dart:4587:20)
#574    Element.updateChild (package:flutter/src/widgets/framework.dart:4059:18)
#575    ComponentElement.performRebuild (package:flutter/src/widgets/framework.dart:5841:16)
#576    Element.rebuild (package:flutter/src/widgets/framework.dart:5529:7)
#577    ComponentElement._firstBuild (package:flutter/src/widgets/framework.dart:5799:5)
#578    ComponentElement.mount (package:flutter/src/widgets/framework.dart:5793:5)
#579    Element.inflateWidget (package:flutter/src/widgets/framework.dart:4587:20)
#580    Element.updateChild (package:flutter/src/widgets/framework.dart:4059:18)
#581    ComponentElement.performRebuild (package:flutter/src/widgets/framework.dart:5841:16)
#582    Element.rebuild (package:flutter/src/widgets/framework.dart:5529:7)
#583    ComponentElement._firstBuild (package:flutter/src/widgets/framework.dart:5799:5)
#584    ComponentElement.mount (package:flutter/src/widgets/framework.dart:5793:5)
#585    Element.inflateWidget (package:flutter/src/widgets/framework.dart:4587:20)
#586    Element.updateChild (package:flutter/src/widgets/framework.dart:4059:18)
#587    ComponentElement.performRebuild (package:flutter/src/widgets/framework.dart:5841:16)
#588    StatefulElement.performRebuild (package:flutter/src/widgets/framework.dart:5982:11)
#589    Element.rebuild (package:flutter/src/widgets/framework.dart:5529:7)
#590    ComponentElement._firstBuild (package:flutter/src/widgets/framework.dart:5799:5)
#591    StatefulElement._firstBuild (package:flutter/src/widgets/framework.dart:5973:11)
#592    ComponentElement.mount (package:flutter/src/widgets/framework.dart:5793:5)
#593    Element.inflateWidget (package:flutter/src/widgets/framework.dart:4587:20)
#594    Element.updateChild (package:flutter/src/widgets/framework.dart:4059:18)
#595    SingleChildRenderObjectElement.mount (package:flutter/src/widgets/framework.dart:7115:14)
#596    Element.inflateWidget (package:flutter/src/widgets/framework.dart:4587:20)
#597    Element.updateChild (package:flutter/src/widgets/framework.dart:4059:18)
#598    ComponentElement.performRebuild (package:flutter/src/widgets/framework.dart:5841:16)
#599    StatefulElement.performRebuild (package:flutter/src/widgets/framework.dart:5982:11)
#600    Element.rebuild (package:flutter/src/widgets/framework.dart:5529:7)
#601    ComponentElement._firstBuild (package:flutter/src/widgets/framework.dart:5799:5)
#602    StatefulElement._firstBuild (package:flutter/src/widgets/framework.dart:5973:11)
#603    ComponentElement.mount (package:flutter/src/widgets/framework.dart:5793:5)
#604    Element.inflateWidget (package:flutter/src/widgets/framework.dart:4587:20)
#605    Element.updateChild (package:flutter/src/widgets/framework.dart:4059:18)
#606    ComponentElement.performRebuild (package:flutter/src/widgets/framework.dart:5841:16)
#607    Element.rebuild (package:flutter/src/widgets/framework.dart:5529:7)
#608    ComponentElement._firstBuild (package:flutter/src/widgets/framework.dart:5799:5)
#609    ComponentElement.mount (package:flutter/src/widgets/framework.dart:5793:5)
#610    Element.inflateWidget (package:flutter/src/widgets/framework.dart:4587:20)
#611    Element.updateChild (package:flutter/src/widgets/framework.dart:4059:18)
#612    SingleChildRenderObjectElement.mount (package:flutter/src/widgets/framework.dart:7115:14)
#613    Element.inflateWidget (package:flutter/src/widgets/framework.dart:4587:20)
#614    Element.updateChild (package:flutter/src/widgets/framework.dart:4059:18)
#615    ComponentElement.performRebuild (package:flutter/src/widgets/framework.dart:5841:16)
#616    Element.rebuild (package:flutter/src/widgets/framework.dart:5529:7)
#617    ComponentElement._firstBuild (package:flutter/src/widgets/framework.dart:5799:5)
#618    ComponentElement.mount (package:flutter/src/widgets/framework.dart:5793:5)
#619    Element.inflateWidget (package:flutter/src/widgets/framework.dart:4587:20)
#620    Element.updateChild (package:flutter/src/widgets/framework.dart:4059:18)
#621    ComponentElement.performRebuild (package:flutter/src/widgets/framework.dart:5841:16)
#622    StatefulElement.performRebuild (package:flutter/src/widgets/framework.dart:5982:11)
#623    Element.rebuild (package:flutter/src/widgets/framework.dart:5529:7)
#624    ComponentElement._firstBuild (package:flutter/src/widgets/framework.dart:5799:5)
#625    StatefulElement._firstBuild (package:flutter/src/widgets/framework.dart:5973:11)
#626    ComponentElement.mount (package:flutter/src/widgets/framework.dart:5793:5)
#627    Element.inflateWidget (package:flutter/src/widgets/framework.dart:4587:20)
#628    Element.updateChild (package:flutter/src/widgets/framework.dart:4059:18)
#629    ComponentElement.performRebuild (package:flutter/src/widgets/framework.dart:5841:16)
#630    StatefulElement.performRebuild (package:flutter/src/widgets/framework.dart:5982:11)
#631    Element.rebuild (package:flutter/src/widgets/framework.dart:5529:7)
#632    ComponentElement._firstBuild (package:flutter/src/widgets/framework.dart:5799:5)
#633    StatefulElement._firstBuild (package:flutter/src/widgets/framework.dart:5973:11)
#634    ComponentElement.mount (package:flutter/src/widgets/framework.dart:5793:5)
#635    Element.inflateWidget (package:flutter/src/widgets/framework.dart:4587:20)
#636    Element.updateChild (package:flutter/src/widgets/framework.dart:4059:18)
#637    ComponentElement.performRebuild (package:flutter/src/widgets/framework.dart:5841:16)
#638    Element.rebuild (package:flutter/src/widgets/framework.dart:5529:7)
#639    ComponentElement._firstBuild (package:flutter/src/widgets/framework.dart:5799:5)
#640    ComponentElement.mount (package:flutter/src/widgets/framework.dart:5793:5)
#641    Element.inflateWidget (package:flutter/src/widgets/framework.dart:4587:20)
#642    Element.updateChild (package:flutter/src/widgets/framework.dart:4059:18)
#643    ComponentElement.performRebuild (package:flutter/src/widgets/framework.dart:5841:16)
#644    Element.rebuild (package:flutter/src/widgets/framework.dart:5529:7)
#645    ComponentElement._firstBuild (package:flutter/src/widgets/framework.dart:5799:5)
#646    ComponentElement.mount (package:flutter/src/widgets/framework.dart:5793:5)
#647    Element.inflateWidget (package:flutter/src/widgets/framework.dart:4587:20)
#648    Element.updateChild (package:flutter/src/widgets/framework.dart:4059:18)
#649    SingleChildRenderObjectElement.mount (package:flutter/src/widgets/framework.dart:7115:14)
#650    Element.inflateWidget (package:flutter/src/widgets/framework.dart:4587:20)
#651    Element.updateChild (package:flutter/src/widgets/framework.dart:4059:18)
#652    ComponentElement.performRebuild (package:flutter/src/widgets/framework.dart:5841:16)
#653    StatefulElement.performRebuild (package:flutter/src/widgets/framework.dart:5982:11)
#654    Element.rebuild (package:flutter/src/widgets/framework.dart:5529:7)
#655    ComponentElement._firstBuild (package:flutter/src/widgets/framework.dart:5799:5)
#656    StatefulElement._firstBuild (package:flutter/src/widgets/framework.dart:5973:11)
#657    ComponentElement.mount (package:flutter/src/widgets/framework.dart:5793:5)
#658    Element.inflateWidget (package:flutter/src/widgets/framework.dart:4587:20)
#659    Element.updateChild (package:flutter/src/widgets/framework.dart:4059:18)
#660    ComponentElement.performRebuild (package:flutter/src/widgets/framework.dart:5841:16)
#661    StatefulElement.performRebuild (package:flutter/src/widgets/framework.dart:5982:11)
#662    Element.rebuild (package:flutter/src/widgets/framework.dart:5529:7)
#663    ComponentElement._firstBuild (package:flutter/src/widgets/framework.dart:5799:5)
#664    StatefulElement._firstBuild (package:flutter/src/widgets/framework.dart:5973:11)
#665    ComponentElement.mount (package:flutter/src/widgets/framework.dart:5793:5)
#666    Element.inflateWidget (package:flutter/src/widgets/framework.dart:4587:20)
#667    Element.updateChild (package:flutter/src/widgets/framework.dart:4059:18)
#668    SingleChildRenderObjectElement.mount (package:flutter/src/widgets/framework.dart:7115:14)
#669    Element.inflateWidget (package:flutter/src/widgets/framework.dart:4587:20)
#670    Element.updateChild (package:flutter/src/widgets/framework.dart:4059:18)
#671    ComponentElement.performRebuild (package:flutter/src/widgets/framework.dart:5841:16)
#672    Element.rebuild (package:flutter/src/widgets/framework.dart:5529:7)
#673    ComponentElement._firstBuild (package:flutter/src/widgets/framework.dart:5799:5)
#674    ComponentElement.mount (package:flutter/src/widgets/framework.dart:5793:5)
#675    Element.inflateWidget (package:flutter/src/widgets/framework.dart:4587:20)
#676    Element.updateChild (package:flutter/src/widgets/framework.dart:4059:18)
#677    ComponentElement.performRebuild (package:flutter/src/widgets/framework.dart:5841:16)
#678    StatefulElement.performRebuild (package:flutter/src/widgets/framework.dart:5982:11)
#679    Element.rebuild (package:flutter/src/widgets/framework.dart:5529:7)
#680    ComponentElement._firstBuild (package:flutter/src/widgets/framework.dart:5799:5)
#681    StatefulElement._firstBuild (package:flutter/src/widgets/framework.dart:5973:11)
#682    ComponentElement.mount (package:flutter/src/widgets/framework.dart:5793:5)
#683    Element.inflateWidget (package:flutter/src/widgets/framework.dart:4587:20)
#684    Element.updateChild (package:flutter/src/widgets/framework.dart:4059:18)
#685    ComponentElement.performRebuild (package:flutter/src/widgets/framework.dart:5841:16)
#686    StatefulElement.performRebuild (package:flutter/src/widgets/framework.dart:5982:11)
#687    Element.rebuild (package:flutter/src/widgets/framework.dart:5529:7)
#688    ComponentElement._firstBuild (package:flutter/src/widgets/framework.dart:5799:5)
#689    StatefulElement._firstBuild (package:flutter/src/widgets/framework.dart:5973:11)
#690    ComponentElement.mount (package:flutter/src/widgets/framework.dart:5793:5)
#691    Element.inflateWidget (package:flutter/src/widgets/framework.dart:4587:20)
#692    Element.updateChild (package:flutter/src/widgets/framework.dart:4059:18)
#693    ComponentElement.performRebuild (package:flutter/src/widgets/framework.dart:5841:16)
#694    Element.rebuild (package:flutter/src/widgets/framework.dart:5529:7)
#695    ComponentElement._firstBuild (package:flutter/src/widgets/framework.dart:5799:5)
#696    ComponentElement.mount (package:flutter/src/widgets/framework.dart:5793:5)
#697    Element.inflateWidget (package:flutter/src/widgets/framework.dart:4587:20)
#698    Element.updateChild (package:flutter/src/widgets/framework.dart:4059:18)
#699    ComponentElement.performRebuild (package:flutter/src/widgets/framework.dart:5841:16)
#700    StatefulElement.performRebuild (package:flutter/src/widgets/framework.dart:5982:11)
#701    Element.rebuild (package:flutter/src/widgets/framework.dart:5529:7)
#702    ComponentElement._firstBuild (package:flutter/src/widgets/framework.dart:5799:5)
#703    StatefulElement._firstBuild (package:flutter/src/widgets/framework.dart:5973:11)
#704    ComponentElement.mount (package:flutter/src/widgets/framework.dart:5793:5)
#705    Element.inflateWidget (package:flutter/src/widgets/framework.dart:4587:20)
#706    Element.updateChild (package:flutter/src/widgets/framework.dart:4059:18)
#707    SingleChildRenderObjectElement.mount (package:flutter/src/widgets/framework.dart:7115:14)
#708    Element.inflateWidget (package:flutter/src/widgets/framework.dart:4587:20)
#709    Element.updateChild (package:flutter/src/widgets/framework.dart:4059:18)
#710    ComponentElement.performRebuild (package:flutter/src/widgets/framework.dart:5841:16)
#711    Element.rebuild (package:flutter/src/widgets/framework.dart:5529:7)
#712    ComponentElement._firstBuild (package:flutter/src/widgets/framework.dart:5799:5)
#713    ComponentElement.mount (package:flutter/src/widgets/framework.dart:5793:5)
#714    Element.inflateWidget (package:flutter/src/widgets/framework.dart:4587:20)
#715    Element.updateChild (package:flutter/src/widgets/framework.dart:4059:18)
#716    ComponentElement.performRebuild (package:flutter/src/widgets/framework.dart:5841:16)
#717    StatefulElement.performRebuild (package:flutter/src/widgets/framework.dart:5982:11)
#718    Element.rebuild (package:flutter/src/widgets/framework.dart:5529:7)
#719    ComponentElement._firstBuild (package:flutter/src/widgets/framework.dart:5799:5)
#720    StatefulElement._firstBuild (package:flutter/src/widgets/framework.dart:5973:11)
#721    ComponentElement.mount (package:flutter/src/widgets/framework.dart:5793:5)
#722    Element.inflateWidget (package:flutter/src/widgets/framework.dart:4587:20)
#723    Element.updateChild (package:flutter/src/widgets/framework.dart:4059:18)
#724    ComponentElement.performRebuild (package:flutter/src/widgets/framework.dart:5841:16)
#725    StatefulElement.performRebuild (package:flutter/src/widgets/framework.dart:5982:11)
#726    Element.rebuild (package:flutter/src/widgets/framework.dart:5529:7)
#727    ComponentElement._firstBuild (package:flutter/src/widgets/framework.dart:5799:5)
#728    StatefulElement._firstBuild (package:flutter/src/widgets/framework.dart:5973:11)
#729    ComponentElement.mount (package:flutter/src/widgets/framework.dart:5793:5)
#730    Element.inflateWidget (package:flutter/src/widgets/framework.dart:4587:20)
#731    Element.updateChild (package:flutter/src/widgets/framework.dart:4059:18)
#732    ComponentElement.performRebuild (package:flutter/src/widgets/framework.dart:5841:16)
#733    Element.rebuild (package:flutter/src/widgets/framework.dart:5529:7)
#734    ComponentElement._firstBuild (package:flutter/src/widgets/framework.dart:5799:5)
#735    ComponentElement.mount (package:flutter/src/widgets/framework.dart:5793:5)
#736    Element.inflateWidget (package:flutter/src/widgets/framework.dart:4587:20)
#737    Element.updateChild (package:flutter/src/widgets/framework.dart:4059:18)
#738    ComponentElement.performRebuild (package:flutter/src/widgets/framework.dart:5841:16)
#739    StatefulElement.performRebuild (package:flutter/src/widgets/framework.dart:5982:11)
#740    Element.rebuild (package:flutter/src/widgets/framework.dart:5529:7)
#741    ComponentElement._firstBuild (package:flutter/src/widgets/framework.dart:5799:5)
#742    StatefulElement._firstBuild (package:flutter/src/widgets/framework.dart:5973:11)
#743    ComponentElement.mount (package:flutter/src/widgets/framework.dart:5793:5)
#744    Element.inflateWidget (package:flutter/src/widgets/framework.dart:4587:20)
#745    Element.updateChild (package:flutter/src/widgets/framework.dart:4059:18)
#746    SingleChildRenderObjectElement.mount (package:flutter/src/widgets/framework.dart:7115:14)
#747    Element.inflateWidget (package:flutter/src/widgets/framework.dart:4587:20)
#748    Element.updateChild (package:flutter/src/widgets/framework.dart:4059:18)
#749    ComponentElement.performRebuild (package:flutter/src/widgets/framework.dart:5841:16)
#750    Element.rebuild (package:flutter/src/widgets/framework.dart:5529:7)
#751    ComponentElement._firstBuild (package:flutter/src/widgets/framework.dart:5799:5)
#752    ComponentElement.mount (package:flutter/src/widgets/framework.dart:5793:5)
#753    Element.inflateWidget (package:flutter/src/widgets/framework.dart:4587:20)
#754    Element.updateChild (package:flutter/src/widgets/framework.dart:4059:18)
#755    ComponentElement.performRebuild (package:flutter/src/widgets/framework.dart:5841:16)
#756    StatefulElement.performRebuild (package:flutter/src/widgets/framework.dart:5982:11)
#757    Element.rebuild (package:flutter/src/widgets/framework.dart:5529:7)
#758    ComponentElement._firstBuild (package:flutter/src/widgets/framework.dart:5799:5)
#759    StatefulElement._firstBuild (package:flutter/src/widgets/framework.dart:5973:11)
#760    ComponentElement.mount (package:flutter/src/widgets/framework.dart:5793:5)
#761    Element.inflateWidget (package:flutter/src/widgets/framework.dart:4587:20)
#762    Element.updateChild (package:flutter/src/widgets/framework.dart:4059:18)
#763    ComponentElement.performRebuild (package:flutter/src/widgets/framework.dart:5841:16)
#764    StatefulElement.performRebuild (package:flutter/src/widgets/framework.dart:5982:11)
#765    Element.rebuild (package:flutter/src/widgets/framework.dart:5529:7)
#766    ComponentElement._firstBuild (package:flutter/src/widgets/framework.dart:5799:5)
#767    StatefulElement._firstBuild (package:flutter/src/widgets/framework.dart:5973:11)
#768    ComponentElement.mount (package:flutter/src/widgets/framework.dart:5793:5)
#769    Element.inflateWidget (package:flutter/src/widgets/framework.dart:4587:20)
#770    Element.updateChild (package:flutter/src/widgets/framework.dart:4059:18)
#771    ComponentElement.performRebuild (package:flutter/src/widgets/framework.dart:5841:16)
#772    Element.rebuild (package:flutter/src/widgets/framework.dart:5529:7)
#773    ComponentElement._firstBuild (package:flutter/src/widgets/framework.dart:5799:5)
#774    ComponentElement.mount (package:flutter/src/widgets/framework.dart:5793:5)
#775    Element.inflateWidget (package:flutter/src/widgets/framework.dart:4587:20)
#776    Element.updateChild (package:flutter/src/widgets/framework.dart:4059:18)
#777    SingleChildRenderObjectElement.mount (package:flutter/src/widgets/framework.dart:7115:14)
#778    Element.inflateWidget (package:flutter/src/widgets/framework.dart:4587:20)
#779    Element.updateChild (package:flutter/src/widgets/framework.dart:4059:18)
#780    ComponentElement.performRebuild (package:flutter/src/widgets/framework.dart:5841:16)
#781    Element.rebuild (package:flutter/src/widgets/framework.dart:5529:7)
#782    ComponentElement._firstBuild (package:flutter/src/widgets/framework.dart:5799:5)
#783    ComponentElement.mount (package:flutter/src/widgets/framework.dart:5793:5)
#784    Element.inflateWidget (package:flutter/src/widgets/framework.dart:4587:20)
#785    Element.updateChild (package:flutter/src/widgets/framework.dart:4059:18)
#786    ComponentElement.performRebuild (package:flutter/src/widgets/framework.dart:5841:16)
#787    StatefulElement.performRebuild (package:flutter/src/widgets/framework.dart:5982:11)
#788    Element.rebuild (package:flutter/src/widgets/framework.dart:5529:7)
#789    ComponentElement._firstBuild (package:flutter/src/widgets/framework.dart:5799:5)
#790    StatefulElement._firstBuild (package:flutter/src/widgets/framework.dart:5973:11)
#791    ComponentElement.mount (package:flutter/src/widgets/framework.dart:5793:5)
#792    Element.inflateWidget (package:flutter/src/widgets/framework.dart:4587:20)
#793    Element.updateChild (package:flutter/src/widgets/framework.dart:4059:18)
#794    ComponentElement.performRebuild (package:flutter/src/widgets/framework.dart:5841:16)
#795    StatefulElement.performRebuild (package:flutter/src/widgets/framework.dart:5982:11)
#796    Element.rebuild (package:flutter/src/widgets/framework.dart:5529:7)
#797    ComponentElement._firstBuild (package:flutter/src/widgets/framework.dart:5799:5)
#798    StatefulElement._firstBuild (package:flutter/src/widgets/framework.dart:5973:11)
#799    ComponentElement.mount (package:flutter/src/widgets/framework.dart:5793:5)
#800    Element.inflateWidget (package:flutter/src/widgets/framework.dart:4587:20)
#801    Element.updateChild (package:flutter/src/widgets/framework.dart:4059:18)
#802    ComponentElement.performRebuild (package:flutter/src/widgets/framework.dart:5841:16)
#803    Element.rebuild (package:flutter/src/widgets/framework.dart:5529:7)
#804    ComponentElement._firstBuild (package:flutter/src/widgets/framework.dart:5799:5)
#805    ComponentElement.mount (package:flutter/src/widgets/framework.dart:5793:5)
#806    Element.inflateWidget (package:flutter/src/widgets/framework.dart:4587:20)
#807    Element.updateChild (package:flutter/src/widgets/framework.dart:4059:18)
#808    ComponentElement.performRebuild (package:flutter/src/widgets/framework.dart:5841:16)
#809    Element.rebuild (package:flutter/src/widgets/framework.dart:5529:7)
#810    ComponentElement._firstBuild (package:flutter/src/widgets/framework.dart:5799:5)
#811    ComponentElement.mount (package:flutter/src/widgets/framework.dart:5793:5)
#812    Element.inflateWidget (package:flutter/src/widgets/framework.dart:4587:20)
#813    Element.updateChild (package:flutter/src/widgets/framework.dart:4059:18)
#814    ComponentElement.performRebuild (package:flutter/src/widgets/framework.dart:5841:16)
#815    StatefulElement.performRebuild (package:flutter/src/widgets/framework.dart:5982:11)
#816    Element.rebuild (package:flutter/src/widgets/framework.dart:5529:7)
#817    ComponentElement._firstBuild (package:flutter/src/widgets/framework.dart:5799:5)
#818    StatefulElement._firstBuild (package:flutter/src/widgets/framework.dart:5973:11)
#819    ComponentElement.mount (package:flutter/src/widgets/framework.dart:5793:5)
#820    Element.inflateWidget (package:flutter/src/widgets/framework.dart:4587:20)
#821    Element.updateChild (package:flutter/src/widgets/framework.dart:4059:18)
#822    ComponentElement.performRebuild (package:flutter/src/widgets/framework.dart:5841:16)
#823    Element.rebuild (package:flutter/src/widgets/framework.dart:5529:7)
#824    ComponentElement._firstBuild (package:flutter/src/widgets/framework.dart:5799:5)
#825    ComponentElement.mount (package:flutter/src/widgets/framework.dart:5793:5)
#826    Element.inflateWidget (package:flutter/src/widgets/framework.dart:4587:20)
#827    Element.updateChild (package:flutter/src/widgets/framework.dart:4059:18)
#828    ComponentElement.performRebuild (package:flutter/src/widgets/framework.dart:5841:16)
#829    StatefulElement.performRebuild (package:flutter/src/widgets/framework.dart:5982:11)
#830    Element.rebuild (package:flutter/src/widgets/framework.dart:5529:7)
#831    ComponentElement._firstBuild (package:flutter/src/widgets/framework.dart:5799:5)
#832    StatefulElement._firstBuild (package:flutter/src/widgets/framework.dart:5973:11)
#833    ComponentElement.mount (package:flutter/src/widgets/framework.dart:5793:5)
#834    Element.inflateWidget (package:flutter/src/widgets/framework.dart:4587:20)
#835    Element.updateChild (package:flutter/src/widgets/framework.dart:4059:18)
#836    ComponentElement.performRebuild (package:flutter/src/widgets/framework.dart:5841:16)
#837    Element.rebuild (package:flutter/src/widgets/framework.dart:5529:7)
#838    ComponentElement._firstBuild (package:flutter/src/widgets/framework.dart:5799:5)
#839    ComponentElement.mount (package:flutter/src/widgets/framework.dart:5793:5)
#840    Element.inflateWidget (package:flutter/src/widgets/framework.dart:4587:20)
#841    Element.updateChild (package:flutter/src/widgets/framework.dart:4059:18)
#842    ComponentElement.performRebuild (package:flutter/src/widgets/framework.dart:5841:16)
#843    StatefulElement.performRebuild (package:flutter/src/widgets/framework.dart:5982:11)
#844    Element.rebuild (package:flutter/src/widgets/framework.dart:5529:7)
#845    ComponentElement._firstBuild (package:flutter/src/widgets/framework.dart:5799:5)
#846    StatefulElement._firstBuild (package:flutter/src/widgets/framework.dart:5973:11)
#847    ComponentElement.mount (package:flutter/src/widgets/framework.dart:5793:5)
#848    Element.inflateWidget (package:flutter/src/widgets/framework.dart:4587:20)
#849    Element.updateChild (package:flutter/src/widgets/framework.dart:4059:18)
#850    ComponentElement.performRebuild (package:flutter/src/widgets/framework.dart:5841:16)
#851    StatefulElement.performRebuild (package:flutter/src/widgets/framework.dart:5982:11)
#852    Element.rebuild (package:flutter/src/widgets/framework.dart:5529:7)
#853    ComponentElement._firstBuild (package:flutter/src/widgets/framework.dart:5799:5)
#854    StatefulElement._firstBuild (package:flutter/src/widgets/framework.dart:5973:11)
#855    ComponentElement.mount (package:flutter/src/widgets/framework.dart:5793:5)
#856    Element.inflateWidget (package:flutter/src/widgets/framework.dart:4587:20)
#857    Element.updateChild (package:flutter/src/widgets/framework.dart:4059:18)
#858    ComponentElement.performRebuild (package:flutter/src/widgets/framework.dart:5841:16)
#859    Element.rebuild (package:flutter/src/widgets/framework.dart:5529:7)
#860    ComponentElement._firstBuild (package:flutter/src/widgets/framework.dart:5799:5)
#861    ComponentElement.mount (package:flutter/src/widgets/framework.dart:5793:5)
#862    Element.inflateWidget (package:flutter/src/widgets/framework.dart:4587:20)
#863    Element.updateChild (package:flutter/src/widgets/framework.dart:4059:18)
#864    ComponentElement.performRebuild (package:flutter/src/widgets/framework.dart:5841:16)
#865    Element.rebuild (package:flutter/src/widgets/framework.dart:5529:7)
#866    ComponentElement._firstBuild (package:flutter/src/widgets/framework.dart:5799:5)
#867    ComponentElement.mount (package:flutter/src/widgets/framework.dart:5793:5)
#868    Element.inflateWidget (package:flutter/src/widgets/framework.dart:4587:20)
#869    Element.updateChild (package:flutter/src/widgets/framework.dart:4059:18)
#870    ComponentElement.performRebuild (package:flutter/src/widgets/framework.dart:5841:16)
#871    StatefulElement.performRebuild (package:flutter/src/widgets/framework.dart:5982:11)
#872    Element.rebuild (package:flutter/src/widgets/framework.dart:5529:7)
#873    ComponentElement._firstBuild (package:flutter/src/widgets/framework.dart:5799:5)
#874    StatefulElement._firstBuild (package:flutter/src/widgets/framework.dart:5973:11)
#875    ComponentElement.mount (package:flutter/src/widgets/framework.dart:5793:5)
#876    Element.inflateWidget (package:flutter/src/widgets/framework.dart:4587:20)
#877    Element.updateChild (package:flutter/src/widgets/framework.dart:4059:18)
#878    ComponentElement.performRebuild (package:flutter/src/widgets/framework.dart:5841:16)
#879    Element.rebuild (package:flutter/src/widgets/framework.dart:5529:7)
#880    ComponentElement._firstBuild (package:flutter/src/widgets/framework.dart:5799:5)
#881    ComponentElement.mount (package:flutter/src/widgets/framework.dart:5793:5)
#882    Element.inflateWidget (package:flutter/src/widgets/framework.dart:4587:20)
#883    Element.updateChild (package:flutter/src/widgets/framework.dart:4059:18)
#884    ComponentElement.performRebuild (package:flutter/src/widgets/framework.dart:5841:16)
#885    StatefulElement.performRebuild (package:flutter/src/widgets/framework.dart:5982:11)
#886    Element.rebuild (package:flutter/src/widgets/framework.dart:5529:7)
#887    ComponentElement._firstBuild (package:flutter/src/widgets/framework.dart:5799:5)
#888    StatefulElement._firstBuild (package:flutter/src/widgets/framework.dart:5973:11)
#889    ComponentElement.mount (package:flutter/src/widgets/framework.dart:5793:5)
#890    Element.inflateWidget (package:flutter/src/widgets/framework.dart:4587:20)
#891    Element.updateChild (package:flutter/src/widgets/framework.dart:4059:18)
#892    ComponentElement.performRebuild (package:flutter/src/widgets/framework.dart:5841:16)
#893    StatefulElement.performRebuild (package:flutter/src/widgets/framework.dart:5982:11)
#894    Element.rebuild (package:flutter/src/widgets/framework.dart:5529:7)
#895    ComponentElement._firstBuild (package:flutter/src/widgets/framework.dart:5799:5)
#896    StatefulElement._firstBuild (package:flutter/src/widgets/framework.dart:5973:11)
#897    ComponentElement.mount (package:flutter/src/widgets/framework.dart:5793:5)
#898    Element.inflateWidget (package:flutter/src/widgets/framework.dart:4587:20)
#899    Element.updateChild (package:flutter/src/widgets/framework.dart:4053:20)
#900    ComponentElement.performRebuild (package:flutter/src/widgets/framework.dart:5841:16)
#901    Element.rebuild (package:flutter/src/widgets/framework.dart:5529:7)
#902    ProxyElement.update (package:flutter/src/widgets/framework.dart:6149:5)
#903    _InheritedNotifierElement.update (package:flutter/src/widgets/inherited_notifier.dart:108:11)
#904    Element.updateChild (package:flutter/src/widgets/framework.dart:4037:15)
#905    ComponentElement.performRebuild (package:flutter/src/widgets/framework.dart:5841:16)
#906    StatefulElement.performRebuild (package:flutter/src/widgets/framework.dart:5982:11)
#907    Element.rebuild (package:flutter/src/widgets/framework.dart:5529:7)
#908    StatefulElement.update (package:flutter/src/widgets/framework.dart:6007:5)
#909    Element.updateChild (package:flutter/src/widgets/framework.dart:4037:15)
#910    ComponentElement.performRebuild (package:flutter/src/widgets/framework.dart:5841:16)
#911    Element.rebuild (package:flutter/src/widgets/framework.dart:5529:7)
#912    ProxyElement.update (package:flutter/src/widgets/framework.dart:6149:5)
#913    _InheritedNotifierElement.update (package:flutter/src/widgets/inherited_notifier.dart:108:11)
#914    Element.updateChild (package:flutter/src/widgets/framework.dart:4037:15)
#915    ComponentElement.performRebuild (package:flutter/src/widgets/framework.dart:5841:16)
#916    StatefulElement.performRebuild (package:flutter/src/widgets/framework.dart:5982:11)
#917    Element.rebuild (package:flutter/src/widgets/framework.dart:5529:7)
#918    StatefulElement.update (package:flutter/src/widgets/framework.dart:6007:5)
#919    Element.updateChild (package:flutter/src/widgets/framework.dart:4037:15)
#920    ComponentElement.performRebuild (package:flutter/src/widgets/framework.dart:5841:16)
#921    StatefulElement.performRebuild (package:flutter/src/widgets/framework.dart:5982:11)
#922    Element.rebuild (package:flutter/src/widgets/framework.dart:5529:7)
#923    StatefulElement.update (package:flutter/src/widgets/framework.dart:6007:5)
#924    Element.updateChild (package:flutter/src/widgets/framework.dart:4037:15)
#925    ComponentElement.performRebuild (package:flutter/src/widgets/framework.dart:5841:16)
#926    Element.rebuild (package:flutter/src/widgets/framework.dart:5529:7)
#927    ProxyElement.update (package:flutter/src/widgets/framework.dart:6149:5)
#928    Element.updateChild (package:flutter/src/widgets/framework.dart:4037:15)
#929    ComponentElement.performRebuild (package:flutter/src/widgets/framework.dart:5841:16)
#930    StatefulElement.performRebuild (package:flutter/src/widgets/framework.dart:5982:11)
#931    Element.rebuild (package:flutter/src/widgets/framework.dart:5529:7)
#932    StatefulElement.update (package:flutter/src/widgets/framework.dart:6007:5)
#933    Element.updateChild (package:flutter/src/widgets/framework.dart:4037:15)
#934    ComponentElement.performRebuild (package:flutter/src/widgets/framework.dart:5841:16)
#935    Element.rebuild (package:flutter/src/widgets/framework.dart:5529:7)
#936    ProxyElement.update (package:flutter/src/widgets/framework.dart:6149:5)
#937    Element.updateChild (package:flutter/src/widgets/framework.dart:4037:15)
#938    ComponentElement.performRebuild (package:flutter/src/widgets/framework.dart:5841:16)
#939    Element.rebuild (package:flutter/src/widgets/framework.dart:5529:7)
#940    ProxyElement.update (package:flutter/src/widgets/framework.dart:6149:5)
#941    Element.updateChild (package:flutter/src/widgets/framework.dart:4037:15)
#942    _RawViewElement._updateChild (package:flutter/src/widgets/view.dart:481:16)
#943    _RawViewElement.update (package:flutter/src/widgets/view.dart:568:5)
#944    Element.updateChild (package:flutter/src/widgets/framework.dart:4037:15)
#945    ComponentElement.performRebuild (package:flutter/src/widgets/framework.dart:5841:16)
#946    Element.rebuild (package:flutter/src/widgets/framework.dart:5529:7)
#947    StatelessElement.update (package:flutter/src/widgets/framework.dart:5895:5)
#948    Element.updateChild (package:flutter/src/widgets/framework.dart:4037:15)
#949    ComponentElement.performRebuild (package:flutter/src/widgets/framework.dart:5841:16)
#950    StatefulElement.performRebuild (package:flutter/src/widgets/framework.dart:5982:11)
#951    Element.rebuild (package:flutter/src/widgets/framework.dart:5529:7)
#952    StatefulElement.update (package:flutter/src/widgets/framework.dart:6007:5)
#953    Element.updateChild (package:flutter/src/widgets/framework.dart:4037:15)
#954    RootElement._rebuild (package:flutter/src/widgets/binding.dart:2091:16)
#955    RootElement.update (package:flutter/src/widgets/binding.dart:2069:5)
#956    RootElement.performRebuild (package:flutter/src/widgets/binding.dart:2083:7)
#957    Element.rebuild (package:flutter/src/widgets/framework.dart:5529:7)
#958    BuildScope._tryRebuild (package:flutter/src/widgets/framework.dart:2750:15)
#959    BuildScope._flushDirtyElements (package:flutter/src/widgets/framework.dart:2807:11)
#960    BuildOwner.buildScope (package:flutter/src/widgets/framework.dart:3111:18)
#961    AutomatedTestWidgetsFlutterBinding.drawFrame (package:flutter_test/src/binding.dart:2431:19)
#962    RendererBinding._handlePersistentFrameCallback (package:flutter/src/rendering/binding.dart:509:5)
#963    SchedulerBinding._invokeFrameCallback (package:flutter/src/scheduler/binding.dart:1430:15)
#964    SchedulerBinding.handleDrawFrame (package:flutter/src/scheduler/binding.dart:1345:9)
#965    AutomatedTestWidgetsFlutterBinding.pump.<anonymous closure> (package:flutter_test/src/binding.dart:2260:9)
#966    _rootRun (dart:async/zone_root.dart:35:13)
#967    _CustomZone.run (dart:async/zone.dart:726:19)
#968    TestAsyncUtils.guard (package:flutter_test/src/test_async_utils.dart:74:41)
#969    AutomatedTestWidgetsFlutterBinding.pump (package:flutter_test/src/binding.dart:2249:27)
#970    WidgetTester.pumpWidget.<anonymous closure> (package:flutter_test/src/widget_tester.dart:598:22)
#971    _rootRun (dart:async/zone_root.dart:35:13)
#972    _CustomZone.run (dart:async/zone.dart:726:19)
#973    TestAsyncUtils.guard (package:flutter_test/src/test_async_utils.dart:74:41)
#974    WidgetTester.pumpWidget (package:flutter_test/src/widget_tester.dart:595:27)
#975    main.<anonymous closure> (file:///C:/Users/andrvoicu/Desktop/repos/collectarr-app/test/features/library/add/library_add_dialog_test.dart:1663:18)
#976    testWidgets.<anonymous closure>.<anonymous closure> (package:flutter_test/src/widget_tester.dart:192:29)
<asynchronous suspension>
#977    TestWidgetsFlutterBinding._runTestBody (package:flutter_test/src/binding.dart:1952:5)
<asynchronous suspension>
#978    StackZoneSpecification._registerCallback.<anonymous closure> (package:stack_trace/src/stack_zone_specification.dart:114:42)
<asynchronous suspension>
This warning will only appear on debug builds.
00:19 +355 -7: C:/Users/andrvoicu/Desktop/repos/collectarr-app/test/features/library/home/home_page_test.dart: non-comic libraries use the generic workspace
00:19 +356 -7: C:/Users/andrvoicu/Desktop/repos/collectarr-app/test/features/library/home/home_page_test.dart: non-comic libraries use the generic workspace
00:19 +357 -7: C:/Users/andrvoicu/Desktop/repos/collectarr-app/test/features/library/home/home_page_test.dart: non-comic libraries use the generic workspace
00:19 +358 -7: C:/Users/andrvoicu/Desktop/repos/collectarr-app/test/features/library/home/home_page_test.dart: non-comic libraries use the generic workspace
00:19 +359 -7: C:/Users/andrvoicu/Desktop/repos/collectarr-app/test/features/library/home/home_page_test.dart: non-comic libraries use the generic workspace
00:19 +360 -7: C:/Users/andrvoicu/Desktop/repos/collectarr-app/test/features/library/home/home_page_test.dart: non-comic libraries use the generic workspace
00:19 +361 -7: C:/Users/andrvoicu/Desktop/repos/collectarr-app/test/features/library/home/home_page_test.dart: non-comic libraries use the generic workspace
00:19 +362 -7: C:/Users/andrvoicu/Desktop/repos/collectarr-app/test/features/library/home/home_page_test.dart: non-comic libraries use the generic workspace
00:19 +363 -7: C:/Users/andrvoicu/Desktop/repos/collectarr-app/test/features/library/home/home_page_test.dart: non-comic libraries use the generic workspace
00:19 +364 -7: C:/Users/andrvoicu/Desktop/repos/collectarr-app/test/features/library/home/home_page_test.dart: non-comic libraries use the generic workspace
00:19 +365 -7: C:/Users/andrvoicu/Desktop/repos/collectarr-app/test/features/library/home/home_page_test.dart: non-comic libraries use the generic workspace
00:20 +366 -7: C:/Users/andrvoicu/Desktop/repos/collectarr-app/test/features/library/home/home_page_test.dart: non-comic libraries use the generic workspace
00:20 +367 -7: C:/Users/andrvoicu/Desktop/repos/collectarr-app/test/features/library/home/home_page_test.dart: non-comic libraries use the generic workspace
00:20 +368 -7: C:/Users/andrvoicu/Desktop/repos/collectarr-app/test/features/library/home/home_page_test.dart: non-comic libraries use the generic workspace
00:20 +369 -7: C:/Users/andrvoicu/Desktop/repos/collectarr-app/test/features/library/home/home_page_test.dart: non-comic libraries use the generic workspace
00:20 +370 -7: C:/Users/andrvoicu/Desktop/repos/collectarr-app/test/features/library/home/home_page_test.dart: non-comic libraries use the generic workspace
00:20 +371 -7: C:/Users/andrvoicu/Desktop/repos/collectarr-app/test/features/library/home/home_page_test.dart: non-comic libraries use the generic workspace
00:20 +372 -7: C:/Users/andrvoicu/Desktop/repos/collectarr-app/test/features/library/home/home_page_test.dart: non-comic libraries use the generic workspace
00:20 +373 -7: C:/Users/andrvoicu/Desktop/repos/collectarr-app/test/features/library/home/home_page_test.dart: non-comic libraries use the generic workspace
00:20 +374 -7: C:/Users/andrvoicu/Desktop/repos/collectarr-app/test/features/library/home/home_page_test.dart: non-comic libraries use the generic workspace
00:20 +375 -7: C:/Users/andrvoicu/Desktop/repos/collectarr-app/test/features/library/home/home_page_test.dart: non-comic libraries use the generic workspace
00:20 +376 -7: C:/Users/andrvoicu/Desktop/repos/collectarr-app/test/features/library/home/home_page_test.dart: non-comic libraries use the generic workspace
00:20 +377 -7: C:/Users/andrvoicu/Desktop/repos/collectarr-app/test/features/library/home/home_page_test.dart: non-comic libraries use the generic workspace
00:20 +378 -7: C:/Users/andrvoicu/Desktop/repos/collectarr-app/test/features/library/home/home_page_test.dart: non-comic libraries use the generic workspace
00:20 +379 -7: C:/Users/andrvoicu/Desktop/repos/collectarr-app/test/features/library/home/home_page_test.dart: non-comic libraries use the generic workspace
00:20 +380 -7: C:/Users/andrvoicu/Desktop/repos/collectarr-app/test/features/library/home/home_page_test.dart: non-comic libraries use the generic workspace
00:20 +381 -7: C:/Users/andrvoicu/Desktop/repos/collectarr-app/test/features/library/home/home_page_test.dart: non-comic libraries use the generic workspace
00:20 +382 -7: C:/Users/andrvoicu/Desktop/repos/collectarr-app/test/features/library/home/home_page_test.dart: non-comic libraries use the generic workspace
00:20 +383 -7: C:/Users/andrvoicu/Desktop/repos/collectarr-app/test/features/library/home/home_page_test.dart: non-comic libraries use the generic workspace
00:20 +384 -7: C:/Users/andrvoicu/Desktop/repos/collectarr-app/test/features/library/home/home_page_test.dart: non-comic libraries use the generic workspace
00:20 +385 -7: C:/Users/andrvoicu/Desktop/repos/collectarr-app/test/features/library/home/home_page_test.dart: non-comic libraries use the generic workspace
00:20 +386 -7: C:/Users/andrvoicu/Desktop/repos/collectarr-app/test/features/library/home/home_page_test.dart: non-comic libraries use the generic workspace
00:21 +387 -7: C:/Users/andrvoicu/Desktop/repos/collectarr-app/test/features/library/home/home_page_test.dart: non-comic libraries use the generic workspace
00:21 +388 -7: C:/Users/andrvoicu/Desktop/repos/collectarr-app/test/features/library/home/home_page_test.dart: non-comic libraries use the generic workspace
00:21 +389 -7: C:/Users/andrvoicu/Desktop/repos/collectarr-app/test/features/library/home/home_page_test.dart: non-comic libraries use the generic workspace
00:21 +390 -7: C:/Users/andrvoicu/Desktop/repos/collectarr-app/test/features/library/edit/library_edit_dialog_test.dart: generic edit dialog returns wishlist reference edits
00:21 +391 -7: C:/Users/andrvoicu/Desktop/repos/collectarr-app/test/features/library/edit/library_edit_dialog_test.dart: generic edit dialog returns wishlist reference edits
00:21 +392 -7: C:/Users/andrvoicu/Desktop/repos/collectarr-app/test/features/library/edit/library_edit_dialog_test.dart: generic edit dialog returns wishlist reference edits
00:21 +393 -7: C:/Users/andrvoicu/Desktop/repos/collectarr-app/test/features/library/edit/library_edit_dialog_test.dart: generic edit dialog returns wishlist reference edits
00:21 +394 -7: C:/Users/andrvoicu/Desktop/repos/collectarr-app/test/features/library/inspector/library_inspector_test.dart: book inspector hides the item images section
00:21 +395 -7: C:/Users/andrvoicu/Desktop/repos/collectarr-app/test/features/library/inspector/library_inspector_test.dart: book inspector hides the item images section
00:21 +396 -7: C:/Users/andrvoicu/Desktop/repos/collectarr-app/test/features/library/home/home_page_test.dart: generic library workspace exposes compact buckets
00:21 +397 -7: C:/Users/andrvoicu/Desktop/repos/collectarr-app/test/features/library/home/home_page_test.dart: generic library workspace exposes compact buckets
00:21 +398 -7: C:/Users/andrvoicu/Desktop/repos/collectarr-app/test/features/library/home/home_page_test.dart: generic library workspace exposes compact buckets
00:21 +399 -7: C:/Users/andrvoicu/Desktop/repos/collectarr-app/test/features/library/home/home_page_test.dart: generic library workspace exposes compact buckets
00:21 +400 -7: C:/Users/andrvoicu/Desktop/repos/collectarr-app/test/features/library/home/home_page_test.dart: generic library workspace exposes compact buckets
00:21 +401 -7: C:/Users/andrvoicu/Desktop/repos/collectarr-app/test/features/library/home/home_page_test.dart: generic library workspace exposes compact buckets
WARNING (drift): It looks like you've created the database class LocalDatabase multiple times. When these two databases use the same QueryExecutor, race conditions will occur and might corrupt the database. 
Try to follow the advice at https://drift.simonbinder.eu/faq/#using-the-database or, if you know what you're doing, set driftRuntimeOptions.dontWarnAboutMultipleDatabases = true
Here is the stacktrace from when the database was opened a second time:
#0      GeneratedDatabase._handleInstantiated (package:drift/src/runtime/api/db_base.dart:96:30)
#1      GeneratedDatabase._whenConstructed (package:drift/src/runtime/api/db_base.dart:73:12)
#2      new GeneratedDatabase (package:drift/src/runtime/api/db_base.dart:64:5)
#3      new _$LocalDatabase (package:collectarr_app/core/db/local_database.g.dart:12351:38)
#4      new LocalDatabase (package:collectarr_app/core/db/local_database.dart:387:9)
#5      localDatabaseProvider.<anonymous closure> (package:collectarr_app/state/local_database_provider.dart:5:14)
#6      Provider.create (package:riverpod/src/providers/provider.dart:59:36)
#7      $ProviderElement.create (package:riverpod/src/providers/provider.dart:343:32)
#8      ProviderElement.buildState (package:riverpod/src/core/element.dart:684:28)
#9      ProviderElement.mount (package:riverpod/src/core/element.dart:537:7)
#10     ProviderElement.flush (package:riverpod/src/core/element.dart:640:7)
#11     $ProviderBaseImpl._addListener (package:riverpod/src/core/provider/provider.dart:119:24)
#12     ProviderElement.listen (package:riverpod/src/core/element.dart:923:28)
#13     Ref.watch (package:riverpod/src/core/ref.dart:655:20)
#14     overdueLoanOwnedItemIdsProvider.<anonymous closure> (package:collectarr_app/features/library/home/home_counts.dart:26:35)
#15     FutureProvider.create (package:riverpod/src/providers/future_provider.dart:142:46)
#16     $FutureProviderElement.create.<anonymous closure> (package:riverpod/src/providers/future_provider.dart:167:45)
#17     ElementWithFuture.handleFuture.<anonymous closure> (package:riverpod/src/core/element.dart:206:30)
#18     ElementWithFuture._handleAsync (package:riverpod/src/core/element.dart:270:35)
#19     ElementWithFuture.handleFuture (package:riverpod/src/core/element.dart:200:12)
#20     $FutureProviderElement.create (package:riverpod/src/providers/future_provider.dart:167:12)
#21     ProviderElement.buildState (package:riverpod/src/core/element.dart:684:28)
#22     ProviderElement.mount (package:riverpod/src/core/element.dart:537:7)
#23     ProviderElement.flush (package:riverpod/src/core/element.dart:640:7)
#24     $ProviderBaseImpl._addListener (package:riverpod/src/core/provider/provider.dart:119:24)
#25     ProviderContainer.listen (package:riverpod/src/core/provider_container.dart:960:26)
#26     ConsumerStatefulElement.watch.<anonymous closure> (package:flutter_riverpod/src/core/consumer.dart:475:37)
#27     _LinkedHashMapMixin.putIfAbsent (dart:_compact_hash:682:23)
#28     ConsumerStatefulElement.watch (package:flutter_riverpod/src/core/consumer.dart:468:14)
#29     _LibraryHomePageState.build (package:collectarr_app/features/library/home/home_page.dart:90:41)
#30     StatefulElement.build (package:flutter/src/widgets/framework.dart:5931:27)
#31     ConsumerStatefulElement.build (package:flutter_riverpod/src/core/consumer.dart:445:20)
#32     ComponentElement.performRebuild (package:flutter/src/widgets/framework.dart:5817:15)
#33     StatefulElement.performRebuild (package:flutter/src/widgets/framework.dart:5982:11)
#34     Element.rebuild (package:flutter/src/widgets/framework.dart:5529:7)
#35     ComponentElement._firstBuild (package:flutter/src/widgets/framework.dart:5799:5)
#36     StatefulElement._firstBuild (package:flutter/src/widgets/framework.dart:5973:11)
#37     ComponentElement.mount (package:flutter/src/widgets/framework.dart:5793:5)
#38     Element.inflateWidget (package:flutter/src/widgets/framework.dart:4587:20)
#39     Element.updateChild (package:flutter/src/widgets/framework.dart:4059:18)
#40     SingleChildRenderObjectElement.mount (package:flutter/src/widgets/framework.dart:7115:14)
#41     Element.inflateWidget (package:flutter/src/widgets/framework.dart:4587:20)
00:21 +402 -7: C:/Users/andrvoicu/Desktop/repos/collectarr-app/test/features/library/home/home_page_test.dart: generic library workspace exposes compact buckets
#42     Element.updateChild (package:flutter/src/widgets/framework.dart:4059:18)
#43     ComponentElement.performRebuild (package:flutter/src/widgets/framework.dart:5841:16)
#44     Element.rebuild (package:flutter/src/widgets/framework.dart:5529:7)
#45     ComponentElement._firstBuild (package:flutter/src/widgets/framework.dart:5799:5)
#46     ComponentElement.mount (package:flutter/src/widgets/framework.dart:5793:5)
#47     Element.inflateWidget (package:flutter/src/widgets/framework.dart:4587:20)
#48     Element.updateChild (package:flutter/src/widgets/framework.dart:4059:18)
#49     SingleChildRenderObjectElement.mount (package:flutter/src/widgets/framework.dart:7115:14)
#50     Element.inflateWidget (package:flutter/src/widgets/framework.dart:4587:20)
#51     Element.updateChild (package:flutter/src/widgets/framework.dart:4059:18)
#52     SingleChildRenderObjectElement.mount (package:flutter/src/widgets/framework.dart:7115:14)
#53     Element.inflateWidget (package:flutter/src/widgets/framework.dart:4587:20)
#54     Element.updateChild (package:flutter/src/widgets/framework.dart:4059:18)
#55     ComponentElement.performRebuild (package:flutter/src/widgets/framework.dart:5841:16)
#56     StatefulElement.performRebuild (package:flutter/src/widgets/framework.dart:5982:11)
#57     Element.rebuild (package:flutter/src/widgets/framework.dart:5529:7)
#58     ComponentElement._firstBuild (package:flutter/src/widgets/framework.dart:5799:5)
#59     StatefulElement._firstBuild (package:flutter/src/widgets/framework.dart:5973:11)
#60     ComponentElement.mount (package:flutter/src/widgets/framework.dart:5793:5)
#61     Element.inflateWidget (package:flutter/src/widgets/framework.dart:4587:20)
#62     Element.updateChild (package:flutter/src/widgets/framework.dart:4059:18)
#63     SingleChildRenderObjectElement.mount (package:flutter/src/widgets/framework.dart:7115:14)
#64     Element.inflateWidget (package:flutter/src/widgets/framework.dart:4587:20)
#65     Element.updateChild (package:flutter/src/widgets/framework.dart:4059:18)
#66     ComponentElement.performRebuild (package:flutter/src/widgets/framework.dart:5841:16)
#67     StatefulElement.performRebuild (package:flutter/src/widgets/framework.dart:5982:11)
#68     Element.rebuild (package:flutter/src/widgets/framework.dart:5529:7)
#69     ComponentElement._firstBuild (package:flutter/src/widgets/framework.dart:5799:5)
#70     StatefulElement._firstBuild (package:flutter/src/widgets/framework.dart:5973:11)
#71     ComponentElement.mount (package:flutter/src/widgets/framework.dart:5793:5)
#72     Element.inflateWidget (package:flutter/src/widgets/framework.dart:4587:20)
#73     Element.updateChild (package:flutter/src/widgets/framework.dart:4059:18)
#74     SingleChildRenderObjectElement.mount (package:flutter/src/widgets/framework.dart:7115:14)
#75     Element.inflateWidget (package:flutter/src/widgets/framework.dart:4587:20)
#76     Element.updateChild (package:flutter/src/widgets/framework.dart:4059:18)
#77     SingleChildRenderObjectElement.mount (package:flutter/src/widgets/framework.dart:7115:14)
#78     Element.inflateWidget (package:flutter/src/widgets/framework.dart:4587:20)
#79     Element.updateChild (package:flutter/src/widgets/framework.dart:4059:18)
#80     ComponentElement.performRebuild (package:flutter/src/widgets/framework.dart:5841:16)
#81     StatefulElement.performRebuild (package:flutter/src/widgets/framework.dart:5982:11)
#82     Element.rebuild (package:flutter/src/widgets/framework.dart:5529:7)
#83     ComponentElement._firstBuild (package:flutter/src/widgets/framework.dart:5799:5)
#84     StatefulElement._firstBuild (package:flutter/src/widgets/framework.dart:5973:11)
#85     ComponentElement.mount (package:flutter/src/widgets/framework.dart:5793:5)
#86     Element.inflateWidget (package:flutter/src/widgets/framework.dart:4587:20)
#87     Element.updateChild (package:flutter/src/widgets/framework.dart:4059:18)
#88     SingleChildRenderObjectElement.mount (package:flutter/src/widgets/framework.dart:7115:14)
#89     Element.inflateWidget (package:flutter/src/widgets/framework.dart:4587:20)
#90     Element.updateChild (package:flutter/src/widgets/framework.dart:4059:18)
#91     ComponentElement.performRebuild (package:flutter/src/widgets/framework.dart:5841:16)
#92     StatefulElement.performRebuild (package:flutter/src/widgets/framework.dart:5982:11)
#93     Element.rebuild (package:flutter/src/widgets/framework.dart:5529:7)
#94     ComponentElement._firstBuild (package:flutter/src/widgets/framework.dart:5799:5)
#95     StatefulElement._firstBuild (package:flutter/src/widgets/framework.dart:5973:11)
#96     ComponentElement.mount (package:flutter/src/widgets/framework.dart:5793:5)
#97     Element.inflateWidget (package:flutter/src/widgets/framework.dart:4587:20)
#98     Element.updateChild (package:flutter/src/widgets/framework.dart:4059:18)
#99     SingleChildRenderObjectElement.mount (package:flutter/src/widgets/framework.dart:7115:14)
#100    Element.inflateWidget (package:flutter/src/widgets/framework.dart:4587:20)
#101    Element.updateChild (package:flutter/src/widgets/framework.dart:4059:18)
#102    SingleChildRenderObjectElement.mount (package:flutter/src/widgets/framework.dart:7115:14)
#103    Element.inflateWidget (package:flutter/src/widgets/framework.dart:4587:20)
#104    Element.updateChild (package:flutter/src/widgets/framework.dart:4059:18)
#105    ComponentElement.performRebuild (package:flutter/src/widgets/framework.dart:5841:16)
#106    StatefulElement.performRebuild (package:flutter/src/widgets/framework.dart:5982:11)
#107    Element.rebuild (package:flutter/src/widgets/framework.dart:5529:7)
#108    ComponentElement._firstBuild (package:flutter/src/widgets/framework.dart:5799:5)
#109    StatefulElement._firstBuild (package:flutter/src/widgets/framework.dart:5973:11)
#110    ComponentElement.mount (package:flutter/src/widgets/framework.dart:5793:5)
#111    Element.inflateWidget (package:flutter/src/widgets/framework.dart:4587:20)
#112    Element.updateChild (package:flutter/src/widgets/framework.dart:4059:18)
#113    SingleChildRenderObjectElement.mount (package:flutter/src/widgets/framework.dart:7115:14)
#114    Element.inflateWidget (package:flutter/src/widgets/framework.dart:4587:20)
#115    Element.updateChild (package:flutter/src/widgets/framework.dart:4059:18)
#116    SingleChildRenderObjectElement.mount (package:flutter/src/widgets/framework.dart:7115:14)
#117    Element.inflateWidget (package:flutter/src/widgets/framework.dart:4587:20)
#118    Element.updateChild (package:flutter/src/widgets/framework.dart:4059:18)
#119    SingleChildRenderObjectElement.mount (package:flutter/src/widgets/framework.dart:7115:14)
#120    Element.inflateWidget (package:flutter/src/widgets/framework.dart:4587:20)
#121    Element.updateChild (package:flutter/src/widgets/framework.dart:4059:18)
#122    ComponentElement.performRebuild (package:flutter/src/widgets/framework.dart:5841:16)
#123    StatefulElement.performRebuild (package:flutter/src/widgets/framework.dart:5982:11)
#124    Element.rebuild (package:flutter/src/widgets/framework.dart:5529:7)
#125    ComponentElement._firstBuild (package:flutter/src/widgets/framework.dart:5799:5)
#126    StatefulElement._firstBuild (package:flutter/src/widgets/framework.dart:5973:11)
#127    ComponentElement.mount (package:flutter/src/widgets/framework.dart:5793:5)
#128    Element.inflateWidget (package:flutter/src/widgets/framework.dart:4587:20)
#129    Element.updateChild (package:flutter/src/widgets/framework.dart:4059:18)
#130    SingleChildRenderObjectElement.mount (package:flutter/src/widgets/framework.dart:7115:14)
#131    Element.inflateWidget (package:flutter/src/widgets/framework.dart:4587:20)
#132    Element.updateChild (package:flutter/src/widgets/framework.dart:4059:18)
#133    ComponentElement.performRebuild (package:flutter/src/widgets/framework.dart:5841:16)
#134    StatefulElement.performRebuild (package:flutter/src/widgets/framework.dart:5982:11)
#135    Element.rebuild (package:flutter/src/widgets/framework.dart:5529:7)
#136    ComponentElement._firstBuild (package:flutter/src/widgets/framework.dart:5799:5)
#137    StatefulElement._firstBuild (package:flutter/src/widgets/framework.dart:5973:11)
#138    ComponentElement.mount (package:flutter/src/widgets/framework.dart:5793:5)
#139    Element.inflateWidget (package:flutter/src/widgets/framework.dart:4587:20)
#140    Element.updateChild (package:flutter/src/widgets/framework.dart:4059:18)
#141    ComponentElement.performRebuild (package:flutter/src/widgets/framework.dart:5841:16)
#142    Element.rebuild (package:flutter/src/widgets/framework.dart:5529:7)
#143    ComponentElement._firstBuild (package:flutter/src/widgets/framework.dart:5799:5)
#144    ComponentElement.mount (package:flutter/src/widgets/framework.dart:5793:5)
#145    Element.inflateWidget (package:flutter/src/widgets/framework.dart:4587:20)
#146    Element.updateChild (package:flutter/src/widgets/framework.dart:4059:18)
#147    ComponentElement.performRebuild (package:flutter/src/widgets/framework.dart:5841:16)
#148    StatefulElement.performRebuild (package:flutter/src/widgets/framework.dart:5982:11)
#149    Element.rebuild (package:flutter/src/widgets/framework.dart:5529:7)
#150    ComponentElement._firstBuild (package:flutter/src/widgets/framework.dart:5799:5)
#151    StatefulElement._firstBuild (package:flutter/src/widgets/framework.dart:5973:11)
#152    ComponentElement.mount (package:flutter/src/widgets/framework.dart:5793:5)
#153    Element.inflateWidget (package:flutter/src/widgets/framework.dart:4587:20)
#154    Element.updateChild (package:flutter/src/widgets/framework.dart:4059:18)
#155    ComponentElement.performRebuild (package:flutter/src/widgets/framework.dart:5841:16)
#156    StatefulElement.performRebuild (package:flutter/src/widgets/framework.dart:5982:11)
#157    Element.rebuild (package:flutter/src/widgets/framework.dart:5529:7)
#158    ComponentElement._firstBuild (package:flutter/src/widgets/framework.dart:5799:5)
#159    StatefulElement._firstBuild (package:flutter/src/widgets/framework.dart:5973:11)
#160    ComponentElement.mount (package:flutter/src/widgets/framework.dart:5793:5)
#161    Element.inflateWidget (package:flutter/src/widgets/framework.dart:4587:20)
#162    Element.updateChild (package:flutter/src/widgets/framework.dart:4059:18)
#163    ComponentElement.performRebuild (package:flutter/src/widgets/framework.dart:5841:16)
#164    StatefulElement.performRebuild (package:flutter/src/widgets/framework.dart:5982:11)
#165    Element.rebuild (package:flutter/src/widgets/framework.dart:5529:7)
#166    ComponentElement._firstBuild (package:flutter/src/widgets/framework.dart:5799:5)
#167    StatefulElement._firstBuild (package:flutter/src/widgets/framework.dart:5973:11)
#168    ComponentElement.mount (package:flutter/src/widgets/framework.dart:5793:5)
#169    Element.inflateWidget (package:flutter/src/widgets/framework.dart:4587:20)
#170    Element.updateChild (package:flutter/src/widgets/framework.dart:4059:18)
#171    SingleChildRenderObjectElement.mount (package:flutter/src/widgets/framework.dart:7115:14)
#172    Element.inflateWidget (package:flutter/src/widgets/framework.dart:4587:20)
#173    Element.updateChild (package:flutter/src/widgets/framework.dart:4059:18)
#174    ComponentElement.performRebuild (package:flutter/src/widgets/framework.dart:5841:16)
#175    Element.rebuild (package:flutter/src/widgets/framework.dart:5529:7)
#176    ComponentElement._firstBuild (package:flutter/src/widgets/framework.dart:5799:5)
#177    ComponentElement.mount (package:flutter/src/widgets/framework.dart:5793:5)
#178    Element.inflateWidget (package:flutter/src/widgets/framework.dart:4587:20)
#179    Element.updateChild (package:flutter/src/widgets/framework.dart:4059:18)
#180    SingleChildRenderObjectElement.mount (package:flutter/src/widgets/framework.dart:7115:14)
#181    Element.inflateWidget (package:flutter/src/widgets/framework.dart:4587:20)
#182    Element.updateChild (package:flutter/src/widgets/framework.dart:4059:18)
#183    ComponentElement.performRebuild (package:flutter/src/widgets/framework.dart:5841:16)
#184    StatefulElement.performRebuild (package:flutter/src/widgets/framework.dart:5982:11)
#185    Element.rebuild (package:flutter/src/widgets/framework.dart:5529:7)
#186    ComponentElement._firstBuild (package:flutter/src/widgets/framework.dart:5799:5)
#187    StatefulElement._firstBuild (package:flutter/src/widgets/framework.dart:5973:11)
#188    ComponentElement.mount (package:flutter/src/widgets/framework.dart:5793:5)
#189    Element.inflateWidget (package:flutter/src/widgets/framework.dart:4587:20)
#190    Element.updateChild (package:flutter/src/widgets/framework.dart:4059:18)
#191    ComponentElement.performRebuild (package:flutter/src/widgets/framework.dart:5841:16)
#192    Element.rebuild (package:flutter/src/widgets/framework.dart:5529:7)
#193    ComponentElement._firstBuild (package:flutter/src/widgets/framework.dart:5799:5)
#194    ComponentElement.mount (package:flutter/src/widgets/framework.dart:5793:5)
#195    Element.inflateWidget (package:flutter/src/widgets/framework.dart:4587:20)
#196    Element.updateChild (package:flutter/src/widgets/framework.dart:4059:18)
#197    ComponentElement.performRebuild (package:flutter/src/widgets/framework.dart:5841:16)
#198    Element.rebuild (package:flutter/src/widgets/framework.dart:5529:7)
#199    ComponentElement._firstBuild (package:flutter/src/widgets/framework.dart:5799:5)
#200    ComponentElement.mount (package:flutter/src/widgets/framework.dart:5793:5)
#201    Element.inflateWidget (package:flutter/src/widgets/framework.dart:4587:20)
#202    Element.updateChild (package:flutter/src/widgets/framework.dart:4059:18)
#203    ComponentElement.performRebuild (package:flutter/src/widgets/framework.dart:5841:16)
#204    StatefulElement.performRebuild (package:flutter/src/widgets/framework.dart:5982:11)
#205    Element.rebuild (package:flutter/src/widgets/framework.dart:5529:7)
#206    ComponentElement._firstBuild (package:flutter/src/widgets/framework.dart:5799:5)
#207    StatefulElement._firstBuild (package:flutter/src/widgets/framework.dart:5973:11)
#208    ComponentElement.mount (package:flutter/src/widgets/framework.dart:5793:5)
#209    Element.inflateWidget (package:flutter/src/widgets/framework.dart:4587:20)
#210    Element.updateChild (package:flutter/src/widgets/framework.dart:4059:18)
#211    ComponentElement.performRebuild (package:flutter/src/widgets/framework.dart:5841:16)
#212    Element.rebuild (package:flutter/src/widgets/framework.dart:5529:7)
#213    ComponentElement._firstBuild (package:flutter/src/widgets/framework.dart:5799:5)
#214    ComponentElement.mount (package:flutter/src/widgets/framework.dart:5793:5)
#215    Element.inflateWidget (package:flutter/src/widgets/framework.dart:4587:20)
#216    Element.updateChild (package:flutter/src/widgets/framework.dart:4059:18)
#217    ComponentElement.performRebuild (package:flutter/src/widgets/framework.dart:5841:16)
#218    Element.rebuild (package:flutter/src/widgets/framework.dart:5529:7)
#219    ComponentElement._firstBuild (package:flutter/src/widgets/framework.dart:5799:5)
#220    ComponentElement.mount (package:flutter/src/widgets/framework.dart:5793:5)
#221    Element.inflateWidget (package:flutter/src/widgets/framework.dart:4587:20)
#222    Element.updateChild (package:flutter/src/widgets/framework.dart:4059:18)
#223    SingleChildRenderObjectElement.mount (package:flutter/src/widgets/framework.dart:7115:14)
#224    Element.inflateWidget (package:flutter/src/widgets/framework.dart:4587:20)
#225    Element.updateChild (package:flutter/src/widgets/framework.dart:4059:18)
#226    ComponentElement.performRebuild (package:flutter/src/widgets/framework.dart:5841:16)
#227    Element.rebuild (package:flutter/src/widgets/framework.dart:5529:7)
#228    ComponentElement._firstBuild (package:flutter/src/widgets/framework.dart:5799:5)
#229    ComponentElement.mount (package:flutter/src/widgets/framework.dart:5793:5)
#230    Element.inflateWidget (package:flutter/src/widgets/framework.dart:4587:20)
#231    Element.updateChild (package:flutter/src/widgets/framework.dart:4059:18)
#232    ComponentElement.performRebuild (package:flutter/src/widgets/framework.dart:5841:16)
#233    Element.rebuild (package:flutter/src/widgets/framework.dart:5529:7)
#234    ComponentElement._firstBuild (package:flutter/src/widgets/framework.dart:5799:5)
#235    ComponentElement.mount (package:flutter/src/widgets/framework.dart:5793:5)
#236    Element.inflateWidget (package:flutter/src/widgets/framework.dart:4587:20)
#237    Element.updateChild (package:flutter/src/widgets/framework.dart:4059:18)
#238    ComponentElement.performRebuild (package:flutter/src/widgets/framework.dart:5841:16)
#239    StatefulElement.performRebuild (package:flutter/src/widgets/framework.dart:5982:11)
#240    Element.rebuild (package:flutter/src/widgets/framework.dart:5529:7)
#241    ComponentElement._firstBuild (package:flutter/src/widgets/framework.dart:5799:5)
#242    StatefulElement._firstBuild (package:flutter/src/widgets/framework.dart:5973:11)
#243    ComponentElement.mount (package:flutter/src/widgets/framework.dart:5793:5)
#244    Element.inflateWidget (package:flutter/src/widgets/framework.dart:4587:20)
#245    Element.updateChild (package:flutter/src/widgets/framework.dart:4059:18)
#246    ComponentElement.performRebuild (package:flutter/src/widgets/framework.dart:5841:16)
#247    StatefulElement.performRebuild (package:flutter/src/widgets/framework.dart:5982:11)
#248    Element.rebuild (package:flutter/src/widgets/framework.dart:5529:7)
#249    ComponentElement._firstBuild (package:flutter/src/widgets/framework.dart:5799:5)
#250    StatefulElement._firstBuild (package:flutter/src/widgets/framework.dart:5973:11)
#251    ComponentElement.mount (package:flutter/src/widgets/framework.dart:5793:5)
#252    Element.inflateWidget (package:flutter/src/widgets/framework.dart:4587:20)
#253    Element.updateChild (package:flutter/src/widgets/framework.dart:4059:18)
#254    ComponentElement.performRebuild (package:flutter/src/widgets/framework.dart:5841:16)
#255    StatefulElement.performRebuild (package:flutter/src/widgets/framework.dart:5982:11)
#256    Element.rebuild (package:flutter/src/widgets/framework.dart:5529:7)
#257    ComponentElement._firstBuild (package:flutter/src/widgets/framework.dart:5799:5)
#258    StatefulElement._firstBuild (package:flutter/src/widgets/framework.dart:5973:11)
#259    ComponentElement.mount (package:flutter/src/widgets/framework.dart:5793:5)
#260    Element.inflateWidget (package:flutter/src/widgets/framework.dart:4587:20)
#261    Element.updateChild (package:flutter/src/widgets/framework.dart:4059:18)
#262    SingleChildRenderObjectElement.mount (package:flutter/src/widgets/framework.dart:7115:14)
#263    Element.inflateWidget (package:flutter/src/widgets/framework.dart:4587:20)
#264    Element.updateChild (package:flutter/src/widgets/framework.dart:4059:18)
#265    ComponentElement.performRebuild (package:flutter/src/widgets/framework.dart:5841:16)
#266    Element.rebuild (package:flutter/src/widgets/framework.dart:5529:7)
#267    ComponentElement._firstBuild (package:flutter/src/widgets/framework.dart:5799:5)
#268    ComponentElement.mount (package:flutter/src/widgets/framework.dart:5793:5)
#269    Element.inflateWidget (package:flutter/src/widgets/framework.dart:4587:20)
#270    Element.updateChild (package:flutter/src/widgets/framework.dart:4059:18)
#271    ComponentElement.performRebuild (package:flutter/src/widgets/framework.dart:5841:16)
#272    Element.rebuild (package:flutter/src/widgets/framework.dart:5529:7)
#273    ComponentElement._firstBuild (package:flutter/src/widgets/framework.dart:5799:5)
#274    ComponentElement.mount (package:flutter/src/widgets/framework.dart:5793:5)
#275    Element.inflateWidget (package:flutter/src/widgets/framework.dart:4587:20)
#276    Element.updateChild (package:flutter/src/widgets/framework.dart:4059:18)
#277    ComponentElement.performRebuild (package:flutter/src/widgets/framework.dart:5841:16)
#278    Element.rebuild (package:flutter/src/widgets/framework.dart:5529:7)
00:21 +403 -7: C:/Users/andrvoicu/Desktop/repos/collectarr-app/test/features/library/home/home_page_test.dart: generic library workspace exposes compact buckets
#279    ComponentElement._firstBuild (package:flutter/src/widgets/framework.dart:5799:5)
#280    ComponentElement.mount (package:flutter/src/widgets/framework.dart:5793:5)
#281    Element.inflateWidget (package:flutter/src/widgets/framework.dart:4587:20)
#282    Element.updateChild (package:flutter/src/widgets/framework.dart:4059:18)
#283    ComponentElement.performRebuild (package:flutter/src/widgets/framework.dart:5841:16)
#284    StatefulElement.performRebuild (package:flutter/src/widgets/framework.dart:5982:11)
#285    Element.rebuild (package:flutter/src/widgets/framework.dart:5529:7)
#286    ComponentElement._firstBuild (package:flutter/src/widgets/framework.dart:5799:5)
#287    StatefulElement._firstBuild (package:flutter/src/widgets/framework.dart:5973:11)
#288    ComponentElement.mount (package:flutter/src/widgets/framework.dart:5793:5)
#289    Element.inflateWidget (package:flutter/src/widgets/framework.dart:4587:20)
#290    Element.updateChild (package:flutter/src/widgets/framework.dart:4059:18)
#291    ComponentElement.performRebuild (package:flutter/src/widgets/framework.dart:5841:16)
#292    StatefulElement.performRebuild (package:flutter/src/widgets/framework.dart:5982:11)
#293    Element.rebuild (package:flutter/src/widgets/framework.dart:5529:7)
#294    ComponentElement._firstBuild (package:flutter/src/widgets/framework.dart:5799:5)
#295    StatefulElement._firstBuild (package:flutter/src/widgets/framework.dart:5973:11)
#296    ComponentElement.mount (package:flutter/src/widgets/framework.dart:5793:5)
#297    Element.inflateWidget (package:flutter/src/widgets/framework.dart:4587:20)
#298    MultiChildRenderObjectElement.inflateWidget (package:flutter/src/widgets/framework.dart:7264:36)
#299    MultiChildRenderObjectElement.mount (package:flutter/src/widgets/framework.dart:7279:32)
#300    Element.inflateWidget (package:flutter/src/widgets/framework.dart:4587:20)
#301    Element.updateChild (package:flutter/src/widgets/framework.dart:4059:18)
#302    ComponentElement.performRebuild (package:flutter/src/widgets/framework.dart:5841:16)
#303    StatefulElement.performRebuild (package:flutter/src/widgets/framework.dart:5982:11)
#304    Element.rebuild (package:flutter/src/widgets/framework.dart:5529:7)
#305    ComponentElement._firstBuild (package:flutter/src/widgets/framework.dart:5799:5)
#306    StatefulElement._firstBuild (package:flutter/src/widgets/framework.dart:5973:11)
#307    ComponentElement.mount (package:flutter/src/widgets/framework.dart:5793:5)
#308    Element.inflateWidget (package:flutter/src/widgets/framework.dart:4587:20)
#309    Element.updateChild (package:flutter/src/widgets/framework.dart:4059:18)
#310    ComponentElement.performRebuild (package:flutter/src/widgets/framework.dart:5841:16)
#311    Element.rebuild (package:flutter/src/widgets/framework.dart:5529:7)
#312    ComponentElement._firstBuild (package:flutter/src/widgets/framework.dart:5799:5)
#313    ComponentElement.mount (package:flutter/src/widgets/framework.dart:5793:5)
#314    Element.inflateWidget (package:flutter/src/widgets/framework.dart:4587:20)
#315    Element.updateChild (package:flutter/src/widgets/framework.dart:4059:18)
#316    ComponentElement.performRebuild (package:flutter/src/widgets/framework.dart:5841:16)
#317    Element.rebuild (package:flutter/src/widgets/framework.dart:5529:7)
#318    ComponentElement._firstBuild (package:flutter/src/widgets/framework.dart:5799:5)
#319    ComponentElement.mount (package:flutter/src/widgets/framework.dart:5793:5)
#320    Element.inflateWidget (package:flutter/src/widgets/framework.dart:4587:20)
#321    Element.updateChild (package:flutter/src/widgets/framework.dart:4059:18)
#322    ComponentElement.performRebuild (package:flutter/src/widgets/framework.dart:5841:16)
#323    StatefulElement.performRebuild (package:flutter/src/widgets/framework.dart:5982:11)
#324    Element.rebuild (package:flutter/src/widgets/framework.dart:5529:7)
#325    ComponentElement._firstBuild (package:flutter/src/widgets/framework.dart:5799:5)
#326    StatefulElement._firstBuild (package:flutter/src/widgets/framework.dart:5973:11)
#327    ComponentElement.mount (package:flutter/src/widgets/framework.dart:5793:5)
#328    Element.inflateWidget (package:flutter/src/widgets/framework.dart:4587:20)
#329    Element.updateChild (package:flutter/src/widgets/framework.dart:4059:18)
#330    ComponentElement.performRebuild (package:flutter/src/widgets/framework.dart:5841:16)
#331    Element.rebuild (package:flutter/src/widgets/framework.dart:5529:7)
#332    ComponentElement._firstBuild (package:flutter/src/widgets/framework.dart:5799:5)
#333    ComponentElement.mount (package:flutter/src/widgets/framework.dart:5793:5)
#334    Element.inflateWidget (package:flutter/src/widgets/framework.dart:4587:20)
#335    Element.updateChild (package:flutter/src/widgets/framework.dart:4059:18)
#336    ComponentElement.performRebuild (package:flutter/src/widgets/framework.dart:5841:16)
#337    StatefulElement.performRebuild (package:flutter/src/widgets/framework.dart:5982:11)
#338    Element.rebuild (package:flutter/src/widgets/framework.dart:5529:7)
#339    ComponentElement._firstBuild (package:flutter/src/widgets/framework.dart:5799:5)
00:21 +404 -7: C:/Users/andrvoicu/Desktop/repos/collectarr-app/test/features/library/home/home_page_test.dart: generic library workspace exposes compact buckets
#340    StatefulElement._firstBuild (package:flutter/src/widgets/framework.dart:5973:11)
#341    ComponentElement.mount (package:flutter/src/widgets/framework.dart:5793:5)
#342    Element.inflateWidget (package:flutter/src/widgets/framework.dart:4587:20)
#343    Element.updateChild (package:flutter/src/widgets/framework.dart:4059:18)
#344    ComponentElement.performRebuild (package:flutter/src/widgets/framework.dart:5841:16)
#345    StatefulElement.performRebuild (package:flutter/src/widgets/framework.dart:5982:11)
#346    Element.rebuild (package:flutter/src/widgets/framework.dart:5529:7)
#347    ComponentElement._firstBuild (package:flutter/src/widgets/framework.dart:5799:5)
#348    StatefulElement._firstBuild (package:flutter/src/widgets/framework.dart:5973:11)
#349    ComponentElement.mount (package:flutter/src/widgets/framework.dart:5793:5)
#350    Element.inflateWidget (package:flutter/src/widgets/framework.dart:4587:20)
#351    Element.updateChild (package:flutter/src/widgets/framework.dart:4059:18)
#352    SingleChildRenderObjectElement.mount (package:flutter/src/widgets/framework.dart:7115:14)
#353    Element.inflateWidget (package:flutter/src/widgets/framework.dart:4587:20)
#354    Element.updateChild (package:flutter/src/widgets/framework.dart:4059:18)
#355    SingleChildRenderObjectElement.mount (package:flutter/src/widgets/framework.dart:7115:14)
#356    Element.inflateWidget (package:flutter/src/widgets/framework.dart:4587:20)
#357    Element.updateChild (package:flutter/src/widgets/framework.dart:4059:18)
#358    ComponentElement.performRebuild (package:flutter/src/widgets/framework.dart:5841:16)
#359    Element.rebuild (package:flutter/src/widgets/framework.dart:5529:7)
#360    ComponentElement._firstBuild (package:flutter/src/widgets/framework.dart:5799:5)
#361    ComponentElement.mount (package:flutter/src/widgets/framework.dart:5793:5)
#362    Element.inflateWidget (package:flutter/src/widgets/framework.dart:4587:20)
#363    Element.updateChild (package:flutter/src/widgets/framework.dart:4059:18)
#364    ComponentElement.performRebuild (package:flutter/src/widgets/framework.dart:5841:16)
#365    Element.rebuild (package:flutter/src/widgets/framework.dart:5529:7)
#366    ComponentElement._firstBuild (package:flutter/src/widgets/framework.dart:5799:5)
#367    ComponentElement.mount (package:flutter/src/widgets/framework.dart:5793:5)
#368    Element.inflateWidget (package:flutter/src/widgets/framework.dart:4587:20)
#369    Element.updateChild (package:flutter/src/widgets/framework.dart:4059:18)
#370    ComponentElement.performRebuild (package:flutter/src/widgets/framework.dart:5841:16)
#371    StatefulElement.performRebuild (package:flutter/src/widgets/framework.dart:5982:11)
#372    Element.rebuild (package:flutter/src/widgets/framework.dart:5529:7)
00:21 +405 -7: C:/Users/andrvoicu/Desktop/repos/collectarr-app/test/features/library/home/home_page_test.dart: generic library workspace exposes compact buckets
#373    ComponentElement._firstBuild (package:flutter/src/widgets/framework.dart:5799:5)
#374    StatefulElement._firstBuild (package:flutter/src/widgets/framework.dart:5973:11)
#375    ComponentElement.mount (package:flutter/src/widgets/framework.dart:5793:5)
#376    Element.inflateWidget (package:flutter/src/widgets/framework.dart:4587:20)
#377    Element.updateChild (package:flutter/src/widgets/framework.dart:4059:18)
#378    ComponentElement.performRebuild (package:flutter/src/widgets/framework.dart:5841:16)
#379    Element.rebuild (package:flutter/src/widgets/framework.dart:5529:7)
#380    ComponentElement._firstBuild (package:flutter/src/widgets/framework.dart:5799:5)
#381    ComponentElement.mount (package:flutter/src/widgets/framework.dart:5793:5)
#382    Element.inflateWidget (package:flutter/src/widgets/framework.dart:4587:20)
#383    Element.updateChild (package:flutter/src/widgets/framework.dart:4059:18)
#384    SingleChildRenderObjectElement.mount (package:flutter/src/widgets/framework.dart:7115:14)
#385    Element.inflateWidget (package:flutter/src/widgets/framework.dart:4587:20)
#386    Element.updateChild (package:flutter/src/widgets/framework.dart:4059:18)
#387    ComponentElement.performRebuild (package:flutter/src/widgets/framework.dart:5841:16)
#388    StatefulElement.performRebuild (package:flutter/src/widgets/framework.dart:5982:11)
#389    Element.rebuild (package:flutter/src/widgets/framework.dart:5529:7)
#390    ComponentElement._firstBuild (package:flutter/src/widgets/framework.dart:5799:5)
#391    StatefulElement._firstBuild (package:flutter/src/widgets/framework.dart:5973:11)
#392    ComponentElement.mount (package:flutter/src/widgets/framework.dart:5793:5)
#393    Element.inflateWidget (package:flutter/src/widgets/framework.dart:4587:20)
#394    Element.updateChild (package:flutter/src/widgets/framework.dart:4059:18)
#395    ComponentElement.performRebuild (package:flutter/src/widgets/framework.dart:5841:16)
#396    Element.rebuild (package:flutter/src/widgets/framework.dart:5529:7)
#397    ComponentElement._firstBuild (package:flutter/src/widgets/framework.dart:5799:5)
#398    ComponentElement.mount (package:flutter/src/widgets/framework.dart:5793:5)
#399    Element.inflateWidget (package:flutter/src/widgets/framework.dart:4587:20)
#400    Element.updateChild (package:flutter/src/widgets/framework.dart:4059:18)
#401    ComponentElement.performRebuild (package:flutter/src/widgets/framework.dart:5841:16)
#402    Element.rebuild (package:flutter/src/widgets/framework.dart:5529:7)
#403    ComponentElement._firstBuild (package:flutter/src/widgets/framework.dart:5799:5)
#404    ComponentElement.mount (package:flutter/src/widgets/framework.dart:5793:5)
#405    Element.inflateWidget (package:flutter/src/widgets/framework.dart:4587:20)
#406    Element.updateChild (package:flutter/src/widgets/framework.dart:4059:18)
#407    ComponentElement.performRebuild (package:flutter/src/widgets/framework.dart:5841:16)
#408    StatefulElement.performRebuild (package:flutter/src/widgets/framework.dart:5982:11)
#409    Element.rebuild (package:flutter/src/widgets/framework.dart:5529:7)
#410    ComponentElement._firstBuild (package:flutter/src/widgets/framework.dart:5799:5)
#411    StatefulElement._firstBuild (package:flutter/src/widgets/framework.dart:5973:11)
#412    ComponentElement.mount (package:flutter/src/widgets/framework.dart:5793:5)
#413    Element.inflateWidget (package:flutter/src/widgets/framework.dart:4587:20)
#414    Element.updateChild (package:flutter/src/widgets/framework.dart:4059:18)
#415    ComponentElement.performRebuild (package:flutter/src/widgets/framework.dart:5841:16)
#416    Element.rebuild (package:flutter/src/widgets/framework.dart:5529:7)
#417    ComponentElement._firstBuild (package:flutter/src/widgets/framework.dart:5799:5)
#418    ComponentElement.mount (package:flutter/src/widgets/framework.dart:5793:5)
#419    Element.inflateWidget (package:flutter/src/widgets/framework.dart:4587:20)
#420    Element.updateChild (package:flutter/src/widgets/framework.dart:4059:18)
#421    ComponentElement.performRebuild (package:flutter/src/widgets/framework.dart:5841:16)
#422    Element.rebuild (package:flutter/src/widgets/framework.dart:5529:7)
#423    ComponentElement._firstBuild (package:flutter/src/widgets/framework.dart:5799:5)
#424    ComponentElement.mount (package:flutter/src/widgets/framework.dart:5793:5)
#425    Element.inflateWidget (package:flutter/src/widgets/framework.dart:4587:20)
#426    Element.updateChild (package:flutter/src/widgets/framework.dart:4059:18)
#427    ComponentElement.performRebuild (package:flutter/src/widgets/framework.dart:5841:16)
#428    Element.rebuild (package:flutter/src/widgets/framework.dart:5529:7)
#429    ComponentElement._firstBuild (package:flutter/src/widgets/framework.dart:5799:5)
#430    ComponentElement.mount (package:flutter/src/widgets/framework.dart:5793:5)
#431    Element.inflateWidget (package:flutter/src/widgets/framework.dart:4587:20)
#432    Element.updateChild (package:flutter/src/widgets/framework.dart:4059:18)
#433    ComponentElement.performRebuild (package:flutter/src/widgets/framework.dart:5841:16)
#434    Element.rebuild (package:flutter/src/widgets/framework.dart:5529:7)
#435    ComponentElement._firstBuild (package:flutter/src/widgets/framework.dart:5799:5)
#436    ComponentElement.mount (package:flutter/src/widgets/framework.dart:5793:5)
#437    Element.inflateWidget (package:flutter/src/widgets/framework.dart:4587:20)
#438    Element.updateChild (package:flutter/src/widgets/framework.dart:4059:18)
#439    ComponentElement.performRebuild (package:flutter/src/widgets/framework.dart:5841:16)
#440    Element.rebuild (package:flutter/src/widgets/framework.dart:5529:7)
#441    ComponentElement._firstBuild (package:flutter/src/widgets/framework.dart:5799:5)
#442    ComponentElement.mount (package:flutter/src/widgets/framework.dart:5793:5)
#443    Element.inflateWidget (package:flutter/src/widgets/framework.dart:4587:20)
#444    Element.updateChild (package:flutter/src/widgets/framework.dart:4059:18)
#445    ComponentElement.performRebuild (package:flutter/src/widgets/framework.dart:5841:16)
#446    Element.rebuild (package:flutter/src/widgets/framework.dart:5529:7)
#447    ComponentElement._firstBuild (package:flutter/src/widgets/framework.dart:5799:5)
#448    ComponentElement.mount (package:flutter/src/widgets/framework.dart:5793:5)
#449    Element.inflateWidget (package:flutter/src/widgets/framework.dart:4587:20)
#450    Element.updateChild (package:flutter/src/widgets/framework.dart:4059:18)
#451    ComponentElement.performRebuild (package:flutter/src/widgets/framework.dart:5841:16)
#452    Element.rebuild (package:flutter/src/widgets/framework.dart:5529:7)
#453    ComponentElement._firstBuild (package:flutter/src/widgets/framework.dart:5799:5)
#454    ComponentElement.mount (package:flutter/src/widgets/framework.dart:5793:5)
#455    Element.inflateWidget (package:flutter/src/widgets/framework.dart:4587:20)
#456    Element.updateChild (package:flutter/src/widgets/framework.dart:4059:18)
#457    ComponentElement.performRebuild (package:flutter/src/widgets/framework.dart:5841:16)
#458    StatefulElement.performRebuild (package:flutter/src/widgets/framework.dart:5982:11)
00:22 +406 -7: C:/Users/andrvoicu/Desktop/repos/collectarr-app/test/features/library/home/home_page_test.dart: generic library workspace exposes compact buckets
#459    Element.rebuild (package:flutter/src/widgets/framework.dart:5529:7)
#460    ComponentElement._firstBuild (package:flutter/src/widgets/framework.dart:5799:5)
#461    StatefulElement._firstBuild (package:flutter/src/widgets/framework.dart:5973:11)
#462    ComponentElement.mount (package:flutter/src/widgets/framework.dart:5793:5)
#463    Element.inflateWidget (package:flutter/src/widgets/framework.dart:4587:20)
#464    Element.updateChild (package:flutter/src/widgets/framework.dart:4059:18)
#465    ComponentElement.performRebuild (package:flutter/src/widgets/framework.dart:5841:16)
#466    Element.rebuild (package:flutter/src/widgets/framework.dart:5529:7)
#467    ComponentElement._firstBuild (package:flutter/src/widgets/framework.dart:5799:5)
#468    ComponentElement.mount (package:flutter/src/widgets/framework.dart:5793:5)
#469    Element.inflateWidget (package:flutter/src/widgets/framework.dart:4587:20)
#470    Element.updateChild (package:flutter/src/widgets/framework.dart:4059:18)
#471    ComponentElement.performRebuild (package:flutter/src/widgets/framework.dart:5841:16)
#472    Element.rebuild (package:flutter/src/widgets/framework.dart:5529:7)
#473    ComponentElement._firstBuild (package:flutter/src/widgets/framework.dart:5799:5)
#474    ComponentElement.mount (package:flutter/src/widgets/framework.dart:5793:5)
#475    Element.inflateWidget (package:flutter/src/widgets/framework.dart:4587:20)
#476    Element.updateChild (package:flutter/src/widgets/framework.dart:4059:18)
#477    ComponentElement.performRebuild (package:flutter/src/widgets/framework.dart:5841:16)
#478    StatefulElement.performRebuild (package:flutter/src/widgets/framework.dart:5982:11)
#479    Element.rebuild (package:flutter/src/widgets/framework.dart:5529:7)
#480    ComponentElement._firstBuild (package:flutter/src/widgets/framework.dart:5799:5)
#481    StatefulElement._firstBuild (package:flutter/src/widgets/framework.dart:5973:11)
#482    ComponentElement.mount (package:flutter/src/widgets/framework.dart:5793:5)
#483    Element.inflateWidget (package:flutter/src/widgets/framework.dart:4587:20)
#484    Element.updateChild (package:flutter/src/widgets/framework.dart:4059:18)
#485    SingleChildRenderObjectElement.mount (package:flutter/src/widgets/framework.dart:7115:14)
#486    Element.inflateWidget (package:flutter/src/widgets/framework.dart:4587:20)
#487    Element.updateChild (package:flutter/src/widgets/framework.dart:4059:18)
#488    ComponentElement.performRebuild (package:flutter/src/widgets/framework.dart:5841:16)
#489    StatefulElement.performRebuild (package:flutter/src/widgets/framework.dart:5982:11)
#490    Element.rebuild (package:flutter/src/widgets/framework.dart:5529:7)
#491    ComponentElement._firstBuild (package:flutter/src/widgets/framework.dart:5799:5)
#492    StatefulElement._firstBuild (package:flutter/src/widgets/framework.dart:5973:11)
#493    ComponentElement.mount (package:flutter/src/widgets/framework.dart:5793:5)
#494    Element.inflateWidget (package:flutter/src/widgets/framework.dart:4587:20)
#495    Element.updateChild (package:flutter/src/widgets/framework.dart:4059:18)
#496    ComponentElement.performRebuild (package:flutter/src/widgets/framework.dart:5841:16)
#497    Element.rebuild (package:flutter/src/widgets/framework.dart:5529:7)
#498    ComponentElement._firstBuild (package:flutter/src/widgets/framework.dart:5799:5)
#499    ComponentElement.mount (package:flutter/src/widgets/framework.dart:5793:5)
#500    Element.inflateWidget (package:flutter/src/widgets/framework.dart:4587:20)
#501    Element.updateChild (package:flutter/src/widgets/framework.dart:4059:18)
#502    SingleChildRenderObjectElement.mount (package:flutter/src/widgets/framework.dart:7115:14)
#503    Element.inflateWidget (package:flutter/src/widgets/framework.dart:4587:20)
#504    Element.updateChild (package:flutter/src/widgets/framework.dart:4059:18)
#505    ComponentElement.performRebuild (package:flutter/src/widgets/framework.dart:5841:16)
#506    Element.rebuild (package:flutter/src/widgets/framework.dart:5529:7)
#507    ComponentElement._firstBuild (package:flutter/src/widgets/framework.dart:5799:5)
#508    ComponentElement.mount (package:flutter/src/widgets/framework.dart:5793:5)
#509    Element.inflateWidget (package:flutter/src/widgets/framework.dart:4587:20)
#510    Element.updateChild (package:flutter/src/widgets/framework.dart:4059:18)
#511    ComponentElement.performRebuild (package:flutter/src/widgets/framework.dart:5841:16)
#512    StatefulElement.performRebuild (package:flutter/src/widgets/framework.dart:5982:11)
#513    Element.rebuild (package:flutter/src/widgets/framework.dart:5529:7)
#514    ComponentElement._firstBuild (package:flutter/src/widgets/framework.dart:5799:5)
#515    StatefulElement._firstBuild (package:flutter/src/widgets/framework.dart:5973:11)
#516    ComponentElement.mount (package:flutter/src/widgets/framework.dart:5793:5)
#517    Element.inflateWidget (package:flutter/src/widgets/framework.dart:4587:20)
#518    Element.updateChild (package:flutter/src/widgets/framework.dart:4059:18)
#519    ComponentElement.performRebuild (package:flutter/src/widgets/framework.dart:5841:16)
#520    StatefulElement.performRebuild (package:flutter/src/widgets/framework.dart:5982:11)
#521    Element.rebuild (package:flutter/src/widgets/framework.dart:5529:7)
#522    ComponentElement._firstBuild (package:flutter/src/widgets/framework.dart:5799:5)
#523    StatefulElement._firstBuild (package:flutter/src/widgets/framework.dart:5973:11)
#524    ComponentElement.mount (package:flutter/src/widgets/framework.dart:5793:5)
#525    Element.inflateWidget (package:flutter/src/widgets/framework.dart:4587:20)
#526    Element.updateChild (package:flutter/src/widgets/framework.dart:4059:18)
#527    ComponentElement.performRebuild (package:flutter/src/widgets/framework.dart:5841:16)
#528    Element.rebuild (package:flutter/src/widgets/framework.dart:5529:7)
#529    ComponentElement._firstBuild (package:flutter/src/widgets/framework.dart:5799:5)
#530    ComponentElement.mount (package:flutter/src/widgets/framework.dart:5793:5)
#531    Element.inflateWidget (package:flutter/src/widgets/framework.dart:4587:20)
#532    Element.updateChild (package:flutter/src/widgets/framework.dart:4059:18)
#533    ComponentElement.performRebuild (package:flutter/src/widgets/framework.dart:5841:16)
#534    Element.rebuild (package:flutter/src/widgets/framework.dart:5529:7)
#535    ComponentElement._firstBuild (package:flutter/src/widgets/framework.dart:5799:5)
#536    ComponentElement.mount (package:flutter/src/widgets/framework.dart:5793:5)
#537    Element.inflateWidget (package:flutter/src/widgets/framework.dart:4587:20)
#538    Element.updateChild (package:flutter/src/widgets/framework.dart:4059:18)
#539    SingleChildRenderObjectElement.mount (package:flutter/src/widgets/framework.dart:7115:14)
#540    Element.inflateWidget (package:flutter/src/widgets/framework.dart:4587:20)
#541    Element.updateChild (package:flutter/src/widgets/framework.dart:4059:18)
#542    ComponentElement.performRebuild (package:flutter/src/widgets/framework.dart:5841:16)
#543    StatefulElement.performRebuild (package:flutter/src/widgets/framework.dart:5982:11)
#544    Element.rebuild (package:flutter/src/widgets/framework.dart:5529:7)
#545    ComponentElement._firstBuild (package:flutter/src/widgets/framework.dart:5799:5)
#546    StatefulElement._firstBuild (package:flutter/src/widgets/framework.dart:5973:11)
#547    ComponentElement.mount (package:flutter/src/widgets/framework.dart:5793:5)
#548    Element.inflateWidget (package:flutter/src/widgets/framework.dart:4587:20)
#549    Element.updateChild (package:flutter/src/widgets/framework.dart:4059:18)
#550    ComponentElement.performRebuild (package:flutter/src/widgets/framework.dart:5841:16)
#551    StatefulElement.performRebuild (package:flutter/src/widgets/framework.dart:5982:11)
#552    Element.rebuild (package:flutter/src/widgets/framework.dart:5529:7)
#553    ComponentElement._firstBuild (package:flutter/src/widgets/framework.dart:5799:5)
#554    StatefulElement._firstBuild (package:flutter/src/widgets/framework.dart:5973:11)
#555    ComponentElement.mount (package:flutter/src/widgets/framework.dart:5793:5)
#556    Element.inflateWidget (package:flutter/src/widgets/framework.dart:4587:20)
#557    Element.updateChild (package:flutter/src/widgets/framework.dart:4059:18)
#558    SingleChildRenderObjectElement.mount (package:flutter/src/widgets/framework.dart:7115:14)
#559    Element.inflateWidget (package:flutter/src/widgets/framework.dart:4587:20)
#560    Element.updateChild (package:flutter/src/widgets/framework.dart:4059:18)
#561    ComponentElement.performRebuild (package:flutter/src/widgets/framework.dart:5841:16)
#562    Element.rebuild (package:flutter/src/widgets/framework.dart:5529:7)
#563    ComponentElement._firstBuild (package:flutter/src/widgets/framework.dart:5799:5)
#564    ComponentElement.mount (package:flutter/src/widgets/framework.dart:5793:5)
#565    Element.inflateWidget (package:flutter/src/widgets/framework.dart:4587:20)
#566    Element.updateChild (package:flutter/src/widgets/framework.dart:4059:18)
#567    ComponentElement.performRebuild (package:flutter/src/widgets/framework.dart:5841:16)
#568    StatefulElement.performRebuild (package:flutter/src/widgets/framework.dart:5982:11)
#569    Element.rebuild (package:flutter/src/widgets/framework.dart:5529:7)
#570    ComponentElement._firstBuild (package:flutter/src/widgets/framework.dart:5799:5)
#571    StatefulElement._firstBuild (package:flutter/src/widgets/framework.dart:5973:11)
#572    ComponentElement.mount (package:flutter/src/widgets/framework.dart:5793:5)
#573    Element.inflateWidget (package:flutter/src/widgets/framework.dart:4587:20)
#574    Element.updateChild (package:flutter/src/widgets/framework.dart:4059:18)
#575    ComponentElement.performRebuild (package:flutter/src/widgets/framework.dart:5841:16)
#576    StatefulElement.performRebuild (package:flutter/src/widgets/framework.dart:5982:11)
#577    Element.rebuild (package:flutter/src/widgets/framework.dart:5529:7)
#578    ComponentElement._firstBuild (package:flutter/src/widgets/framework.dart:5799:5)
#579    StatefulElement._firstBuild (package:flutter/src/widgets/framework.dart:5973:11)
#580    ComponentElement.mount (package:flutter/src/widgets/framework.dart:5793:5)
#581    Element.inflateWidget (package:flutter/src/widgets/framework.dart:4587:20)
#582    Element.updateChild (package:flutter/src/widgets/framework.dart:4059:18)
#583    ComponentElement.performRebuild (package:flutter/src/widgets/framework.dart:5841:16)
#584    Element.rebuild (package:flutter/src/widgets/framework.dart:5529:7)
#585    ComponentElement._firstBuild (package:flutter/src/widgets/framework.dart:5799:5)
#586    ComponentElement.mount (package:flutter/src/widgets/framework.dart:5793:5)
#587    Element.inflateWidget (package:flutter/src/widgets/framework.dart:4587:20)
#588    Element.updateChild (package:flutter/src/widgets/framework.dart:4059:18)
#589    ComponentElement.performRebuild (package:flutter/src/widgets/framework.dart:5841:16)
#590    StatefulElement.performRebuild (package:flutter/src/widgets/framework.dart:5982:11)
#591    Element.rebuild (package:flutter/src/widgets/framework.dart:5529:7)
#592    ComponentElement._firstBuild (package:flutter/src/widgets/framework.dart:5799:5)
#593    StatefulElement._firstBuild (package:flutter/src/widgets/framework.dart:5973:11)
#594    ComponentElement.mount (package:flutter/src/widgets/framework.dart:5793:5)
#595    Element.inflateWidget (package:flutter/src/widgets/framework.dart:4587:20)
#596    Element.updateChild (package:flutter/src/widgets/framework.dart:4059:18)
#597    SingleChildRenderObjectElement.mount (package:flutter/src/widgets/framework.dart:7115:14)
#598    Element.inflateWidget (package:flutter/src/widgets/framework.dart:4587:20)
#599    Element.updateChild (package:flutter/src/widgets/framework.dart:4059:18)
#600    ComponentElement.performRebuild (package:flutter/src/widgets/framework.dart:5841:16)
#601    Element.rebuild (package:flutter/src/widgets/framework.dart:5529:7)
#602    ComponentElement._firstBuild (package:flutter/src/widgets/framework.dart:5799:5)
#603    ComponentElement.mount (package:flutter/src/widgets/framework.dart:5793:5)
#604    Element.inflateWidget (package:flutter/src/widgets/framework.dart:4587:20)
#605    Element.updateChild (package:flutter/src/widgets/framework.dart:4059:18)
#606    ComponentElement.performRebuild (package:flutter/src/widgets/framework.dart:5841:16)
#607    StatefulElement.performRebuild (package:flutter/src/widgets/framework.dart:5982:11)
#608    Element.rebuild (package:flutter/src/widgets/framework.dart:5529:7)
#609    ComponentElement._firstBuild (package:flutter/src/widgets/framework.dart:5799:5)
#610    StatefulElement._firstBuild (package:flutter/src/widgets/framework.dart:5973:11)
#611    ComponentElement.mount (package:flutter/src/widgets/framework.dart:5793:5)
#612    Element.inflateWidget (package:flutter/src/widgets/framework.dart:4587:20)
#613    Element.updateChild (package:flutter/src/widgets/framework.dart:4059:18)
#614    ComponentElement.performRebuild (package:flutter/src/widgets/framework.dart:5841:16)
#615    StatefulElement.performRebuild (package:flutter/src/widgets/framework.dart:5982:11)
#616    Element.rebuild (package:flutter/src/widgets/framework.dart:5529:7)
#617    ComponentElement._firstBuild (package:flutter/src/widgets/framework.dart:5799:5)
#618    StatefulElement._firstBuild (package:flutter/src/widgets/framework.dart:5973:11)
#619    ComponentElement.mount (package:flutter/src/widgets/framework.dart:5793:5)
#620    Element.inflateWidget (package:flutter/src/widgets/framework.dart:4587:20)
#621    Element.updateChild (package:flutter/src/widgets/framework.dart:4059:18)
#622    ComponentElement.performRebuild (package:flutter/src/widgets/framework.dart:5841:16)
#623    Element.rebuild (package:flutter/src/widgets/framework.dart:5529:7)
#624    ComponentElement._firstBuild (package:flutter/src/widgets/framework.dart:5799:5)
#625    ComponentElement.mount (package:flutter/src/widgets/framework.dart:5793:5)
#626    Element.inflateWidget (package:flutter/src/widgets/framework.dart:4587:20)
#627    Element.updateChild (package:flutter/src/widgets/framework.dart:4059:18)
#628    ComponentElement.performRebuild (package:flutter/src/widgets/framework.dart:5841:16)
#629    StatefulElement.performRebuild (package:flutter/src/widgets/framework.dart:5982:11)
#630    Element.rebuild (package:flutter/src/widgets/framework.dart:5529:7)
#631    ComponentElement._firstBuild (package:flutter/src/widgets/framework.dart:5799:5)
#632    StatefulElement._firstBuild (package:flutter/src/widgets/framework.dart:5973:11)
#633    ComponentElement.mount (package:flutter/src/widgets/framework.dart:5793:5)
#634    Element.inflateWidget (package:flutter/src/widgets/framework.dart:4587:20)
#635    Element.updateChild (package:flutter/src/widgets/framework.dart:4059:18)
#636    SingleChildRenderObjectElement.mount (package:flutter/src/widgets/framework.dart:7115:14)
#637    Element.inflateWidget (package:flutter/src/widgets/framework.dart:4587:20)
#638    Element.updateChild (package:flutter/src/widgets/framework.dart:4059:18)
#639    ComponentElement.performRebuild (package:flutter/src/widgets/framework.dart:5841:16)
#640    Element.rebuild (package:flutter/src/widgets/framework.dart:5529:7)
#641    ComponentElement._firstBuild (package:flutter/src/widgets/framework.dart:5799:5)
#642    ComponentElement.mount (package:flutter/src/widgets/framework.dart:5793:5)
#643    Element.inflateWidget (package:flutter/src/widgets/framework.dart:4587:20)
#644    Element.updateChild (package:flutter/src/widgets/framework.dart:4059:18)
#645    ComponentElement.performRebuild (package:flutter/src/widgets/framework.dart:5841:16)
#646    StatefulElement.performRebuild (package:flutter/src/widgets/framework.dart:5982:11)
#647    Element.rebuild (package:flutter/src/widgets/framework.dart:5529:7)
#648    ComponentElement._firstBuild (package:flutter/src/widgets/framework.dart:5799:5)
#649    StatefulElement._firstBuild (package:flutter/src/widgets/framework.dart:5973:11)
#650    ComponentElement.mount (package:flutter/src/widgets/framework.dart:5793:5)
#651    Element.inflateWidget (package:flutter/src/widgets/framework.dart:4587:20)
#652    Element.updateChild (package:flutter/src/widgets/framework.dart:4059:18)
#653    ComponentElement.performRebuild (package:flutter/src/widgets/framework.dart:5841:16)
#654    StatefulElement.performRebuild (package:flutter/src/widgets/framework.dart:5982:11)
#655    Element.rebuild (package:flutter/src/widgets/framework.dart:5529:7)
#656    ComponentElement._firstBuild (package:flutter/src/widgets/framework.dart:5799:5)
#657    StatefulElement._firstBuild (package:flutter/src/widgets/framework.dart:5973:11)
#658    ComponentElement.mount (package:flutter/src/widgets/framework.dart:5793:5)
#659    Element.inflateWidget (package:flutter/src/widgets/framework.dart:4587:20)
#660    Element.updateChild (package:flutter/src/widgets/framework.dart:4059:18)
#661    ComponentElement.performRebuild (package:flutter/src/widgets/framework.dart:5841:16)
#662    Element.rebuild (package:flutter/src/widgets/framework.dart:5529:7)
#663    ComponentElement._firstBuild (package:flutter/src/widgets/framework.dart:5799:5)
#664    ComponentElement.mount (package:flutter/src/widgets/framework.dart:5793:5)
#665    Element.inflateWidget (package:flutter/src/widgets/framework.dart:4587:20)
#666    Element.updateChild (package:flutter/src/widgets/framework.dart:4059:18)
#667    SingleChildRenderObjectElement.mount (package:flutter/src/widgets/framework.dart:7115:14)
#668    Element.inflateWidget (package:flutter/src/widgets/framework.dart:4587:20)
#669    Element.updateChild (package:flutter/src/widgets/framework.dart:4059:18)
#670    ComponentElement.performRebuild (package:flutter/src/widgets/framework.dart:5841:16)
#671    Element.rebuild (package:flutter/src/widgets/framework.dart:5529:7)
#672    ComponentElement._firstBuild (package:flutter/src/widgets/framework.dart:5799:5)
#673    ComponentElement.mount (package:flutter/src/widgets/framework.dart:5793:5)
#674    Element.inflateWidget (package:flutter/src/widgets/framework.dart:4587:20)
#675    Element.updateChild (package:flutter/src/widgets/framework.dart:4059:18)
#676    ComponentElement.performRebuild (package:flutter/src/widgets/framework.dart:5841:16)
#677    StatefulElement.performRebuild (package:flutter/src/widgets/framework.dart:5982:11)
#678    Element.rebuild (package:flutter/src/widgets/framework.dart:5529:7)
#679    ComponentElement._firstBuild (package:flutter/src/widgets/framework.dart:5799:5)
#680    StatefulElement._firstBuild (package:flutter/src/widgets/framework.dart:5973:11)
#681    ComponentElement.mount (package:flutter/src/widgets/framework.dart:5793:5)
#682    Element.inflateWidget (package:flutter/src/widgets/framework.dart:4587:20)
#683    Element.updateChild (package:flutter/src/widgets/framework.dart:4059:18)
#684    ComponentElement.performRebuild (package:flutter/src/widgets/framework.dart:5841:16)
#685    StatefulElement.performRebuild (package:flutter/src/widgets/framework.dart:5982:11)
#686    Element.rebuild (package:flutter/src/widgets/framework.dart:5529:7)
#687    ComponentElement._firstBuild (package:flutter/src/widgets/framework.dart:5799:5)
#688    StatefulElement._firstBuild (package:flutter/src/widgets/framework.dart:5973:11)
#689    ComponentElement.mount (package:flutter/src/widgets/framework.dart:5793:5)
#690    Element.inflateWidget (package:flutter/src/widgets/framework.dart:4587:20)
#691    Element.updateChild (package:flutter/src/widgets/framework.dart:4059:18)
#692    ComponentElement.performRebuild (package:flutter/src/widgets/framework.dart:5841:16)
#693    Element.rebuild (package:flutter/src/widgets/framework.dart:5529:7)
#694    ComponentElement._firstBuild (package:flutter/src/widgets/framework.dart:5799:5)
#695    ComponentElement.mount (package:flutter/src/widgets/framework.dart:5793:5)
#696    Element.inflateWidget (package:flutter/src/widgets/framework.dart:4587:20)
#697    Element.updateChild (package:flutter/src/widgets/framework.dart:4059:18)
#698    ComponentElement.performRebuild (package:flutter/src/widgets/framework.dart:5841:16)
#699    Element.rebuild (package:flutter/src/widgets/framework.dart:5529:7)
#700    ComponentElement._firstBuild (package:flutter/src/widgets/framework.dart:5799:5)
#701    ComponentElement.mount (package:flutter/src/widgets/framework.dart:5793:5)
#702    Element.inflateWidget (package:flutter/src/widgets/framework.dart:4587:20)
#703    Element.updateChild (package:flutter/src/widgets/framework.dart:4059:18)
#704    ComponentElement.performRebuild (package:flutter/src/widgets/framework.dart:5841:16)
#705    StatefulElement.performRebuild (package:flutter/src/widgets/framework.dart:5982:11)
#706    Element.rebuild (package:flutter/src/widgets/framework.dart:5529:7)
#707    ComponentElement._firstBuild (package:flutter/src/widgets/framework.dart:5799:5)
#708    StatefulElement._firstBuild (package:flutter/src/widgets/framework.dart:5973:11)
#709    ComponentElement.mount (package:flutter/src/widgets/framework.dart:5793:5)
#710    Element.inflateWidget (package:flutter/src/widgets/framework.dart:4587:20)
#711    Element.updateChild (package:flutter/src/widgets/framework.dart:4059:18)
#712    ComponentElement.performRebuild (package:flutter/src/widgets/framework.dart:5841:16)
#713    Element.rebuild (package:flutter/src/widgets/framework.dart:5529:7)
#714    ComponentElement._firstBuild (package:flutter/src/widgets/framework.dart:5799:5)
#715    ComponentElement.mount (package:flutter/src/widgets/framework.dart:5793:5)
#716    Element.inflateWidget (package:flutter/src/widgets/framework.dart:4587:20)
#717    Element.updateChild (package:flutter/src/widgets/framework.dart:4059:18)
#718    ComponentElement.performRebuild (package:flutter/src/widgets/framework.dart:5841:16)
#719    StatefulElement.performRebuild (package:flutter/src/widgets/framework.dart:5982:11)
#720    Element.rebuild (package:flutter/src/widgets/framework.dart:5529:7)
#721    ComponentElement._firstBuild (package:flutter/src/widgets/framework.dart:5799:5)
#722    StatefulElement._firstBuild (package:flutter/src/widgets/framework.dart:5973:11)
#723    ComponentElement.mount (package:flutter/src/widgets/framework.dart:5793:5)
#724    Element.inflateWidget (package:flutter/src/widgets/framework.dart:4587:20)
#725    Element.updateChild (package:flutter/src/widgets/framework.dart:4059:18)
#726    ComponentElement.performRebuild (package:flutter/src/widgets/framework.dart:5841:16)
#727    Element.rebuild (package:flutter/src/widgets/framework.dart:5529:7)
#728    ComponentElement._firstBuild (package:flutter/src/widgets/framework.dart:5799:5)
#729    ComponentElement.mount (package:flutter/src/widgets/framework.dart:5793:5)
#730    Element.inflateWidget (package:flutter/src/widgets/framework.dart:4587:20)
#731    Element.updateChild (package:flutter/src/widgets/framework.dart:4059:18)
#732    ComponentElement.performRebuild (package:flutter/src/widgets/framework.dart:5841:16)
#733    StatefulElement.performRebuild (package:flutter/src/widgets/framework.dart:5982:11)
#734    Element.rebuild (package:flutter/src/widgets/framework.dart:5529:7)
#735    ComponentElement._firstBuild (package:flutter/src/widgets/framework.dart:5799:5)
#736    StatefulElement._firstBuild (package:flutter/src/widgets/framework.dart:5973:11)
#737    ComponentElement.mount (package:flutter/src/widgets/framework.dart:5793:5)
#738    Element.inflateWidget (package:flutter/src/widgets/framework.dart:4587:20)
#739    Element.updateChild (package:flutter/src/widgets/framework.dart:4059:18)
#740    ComponentElement.performRebuild (package:flutter/src/widgets/framework.dart:5841:16)
#741    StatefulElement.performRebuild (package:flutter/src/widgets/framework.dart:5982:11)
#742    Element.rebuild (package:flutter/src/widgets/framework.dart:5529:7)
#743    ComponentElement._firstBuild (package:flutter/src/widgets/framework.dart:5799:5)
#744    StatefulElement._firstBuild (package:flutter/src/widgets/framework.dart:5973:11)
#745    ComponentElement.mount (package:flutter/src/widgets/framework.dart:5793:5)
#746    Element.inflateWidget (package:flutter/src/widgets/framework.dart:4587:20)
#747    Element.updateChild (package:flutter/src/widgets/framework.dart:4059:18)
#748    ComponentElement.performRebuild (package:flutter/src/widgets/framework.dart:5841:16)
#749    Element.rebuild (package:flutter/src/widgets/framework.dart:5529:7)
#750    ComponentElement._firstBuild (package:flutter/src/widgets/framework.dart:5799:5)
#751    ComponentElement.mount (package:flutter/src/widgets/framework.dart:5793:5)
#752    Element.inflateWidget (package:flutter/src/widgets/framework.dart:4587:20)
#753    Element.updateChild (package:flutter/src/widgets/framework.dart:4059:18)
#754    ComponentElement.performRebuild (package:flutter/src/widgets/framework.dart:5841:16)
#755    Element.rebuild (package:flutter/src/widgets/framework.dart:5529:7)
#756    ComponentElement._firstBuild (package:flutter/src/widgets/framework.dart:5799:5)
#757    ComponentElement.mount (package:flutter/src/widgets/framework.dart:5793:5)
#758    Element.inflateWidget (package:flutter/src/widgets/framework.dart:4587:20)
#759    Element.updateChild (package:flutter/src/widgets/framework.dart:4059:18)
#760    ComponentElement.performRebuild (package:flutter/src/widgets/framework.dart:5841:16)
#761    StatefulElement.performRebuild (package:flutter/src/widgets/framework.dart:5982:11)
#762    Element.rebuild (package:flutter/src/widgets/framework.dart:5529:7)
#763    ComponentElement._firstBuild (package:flutter/src/widgets/framework.dart:5799:5)
#764    StatefulElement._firstBuild (package:flutter/src/widgets/framework.dart:5973:11)
#765    ComponentElement.mount (package:flutter/src/widgets/framework.dart:5793:5)
#766    Element.inflateWidget (package:flutter/src/widgets/framework.dart:4587:20)
#767    Element.updateChild (package:flutter/src/widgets/framework.dart:4059:18)
#768    ComponentElement.performRebuild (package:flutter/src/widgets/framework.dart:5841:16)
#769    Element.rebuild (package:flutter/src/widgets/framework.dart:5529:7)
#770    ComponentElement._firstBuild (package:flutter/src/widgets/framework.dart:5799:5)
#771    ComponentElement.mount (package:flutter/src/widgets/framework.dart:5793:5)
#772    Element.inflateWidget (package:flutter/src/widgets/framework.dart:4587:20)
#773    Element.updateChild (package:flutter/src/widgets/framework.dart:4059:18)
#774    ComponentElement.performRebuild (package:flutter/src/widgets/framework.dart:5841:16)
#775    StatefulElement.performRebuild (package:flutter/src/widgets/framework.dart:5982:11)
#776    Element.rebuild (package:flutter/src/widgets/framework.dart:5529:7)
#777    ComponentElement._firstBuild (package:flutter/src/widgets/framework.dart:5799:5)
#778    StatefulElement._firstBuild (package:flutter/src/widgets/framework.dart:5973:11)
#779    ComponentElement.mount (package:flutter/src/widgets/framework.dart:5793:5)
#780    Element.inflateWidget (package:flutter/src/widgets/framework.dart:4587:20)
#781    Element.updateChild (package:flutter/src/widgets/framework.dart:4059:18)
#782    ComponentElement.performRebuild (package:flutter/src/widgets/framework.dart:5841:16)
#783    StatefulElement.performRebuild (package:flutter/src/widgets/framework.dart:5982:11)
#784    Element.rebuild (package:flutter/src/widgets/framework.dart:5529:7)
#785    ComponentElement._firstBuild (package:flutter/src/widgets/framework.dart:5799:5)
#786    StatefulElement._firstBuild (package:flutter/src/widgets/framework.dart:5973:11)
#787    ComponentElement.mount (package:flutter/src/widgets/framework.dart:5793:5)
#788    Element.inflateWidget (package:flutter/src/widgets/framework.dart:4587:20)
#789    Element.updateChild (package:flutter/src/widgets/framework.dart:4053:20)
#790    ComponentElement.performRebuild (package:flutter/src/widgets/framework.dart:5841:16)
#791    Element.rebuild (package:flutter/src/widgets/framework.dart:5529:7)
#792    ProxyElement.update (package:flutter/src/widgets/framework.dart:6149:5)
#793    _InheritedNotifierElement.update (package:flutter/src/widgets/inherited_notifier.dart:108:11)
#794    Element.updateChild (package:flutter/src/widgets/framework.dart:4037:15)
#795    ComponentElement.performRebuild (package:flutter/src/widgets/framework.dart:5841:16)
#796    StatefulElement.performRebuild (package:flutter/src/widgets/framework.dart:5982:11)
#797    Element.rebuild (package:flutter/src/widgets/framework.dart:5529:7)
#798    StatefulElement.update (package:flutter/src/widgets/framework.dart:6007:5)
#799    Element.updateChild (package:flutter/src/widgets/framework.dart:4037:15)
#800    ComponentElement.performRebuild (package:flutter/src/widgets/framework.dart:5841:16)
#801    Element.rebuild (package:flutter/src/widgets/framework.dart:5529:7)
#802    ProxyElement.update (package:flutter/src/widgets/framework.dart:6149:5)
#803    _InheritedNotifierElement.update (package:flutter/src/widgets/inherited_notifier.dart:108:11)
#804    Element.updateChild (package:flutter/src/widgets/framework.dart:4037:15)
#805    ComponentElement.performRebuild (package:flutter/src/widgets/framework.dart:5841:16)
#806    StatefulElement.performRebuild (package:flutter/src/widgets/framework.dart:5982:11)
#807    Element.rebuild (package:flutter/src/widgets/framework.dart:5529:7)
#808    StatefulElement.update (package:flutter/src/widgets/framework.dart:6007:5)
#809    Element.updateChild (package:flutter/src/widgets/framework.dart:4037:15)
#810    ComponentElement.performRebuild (package:flutter/src/widgets/framework.dart:5841:16)
#811    StatefulElement.performRebuild (package:flutter/src/widgets/framework.dart:5982:11)
#812    Element.rebuild (package:flutter/src/widgets/framework.dart:5529:7)
#813    StatefulElement.update (package:flutter/src/widgets/framework.dart:6007:5)
#814    Element.updateChild (package:flutter/src/widgets/framework.dart:4037:15)
#815    ComponentElement.performRebuild (package:flutter/src/widgets/framework.dart:5841:16)
#816    Element.rebuild (package:flutter/src/widgets/framework.dart:5529:7)
#817    ProxyElement.update (package:flutter/src/widgets/framework.dart:6149:5)
#818    Element.updateChild (package:flutter/src/widgets/framework.dart:4037:15)
#819    ComponentElement.performRebuild (package:flutter/src/widgets/framework.dart:5841:16)
#820    StatefulElement.performRebuild (package:flutter/src/widgets/framework.dart:5982:11)
#821    Element.rebuild (package:flutter/src/widgets/framework.dart:5529:7)
#822    StatefulElement.update (package:flutter/src/widgets/framework.dart:6007:5)
#823    Element.updateChild (package:flutter/src/widgets/framework.dart:4037:15)
#824    ComponentElement.performRebuild (package:flutter/src/widgets/framework.dart:5841:16)
#825    Element.rebuild (package:flutter/src/widgets/framework.dart:5529:7)
#826    ProxyElement.update (package:flutter/src/widgets/framework.dart:6149:5)
#827    Element.updateChild (package:flutter/src/widgets/framework.dart:4037:15)
#828    ComponentElement.performRebuild (package:flutter/src/widgets/framework.dart:5841:16)
#829    Element.rebuild (package:flutter/src/widgets/framework.dart:5529:7)
#830    ProxyElement.update (package:flutter/src/widgets/framework.dart:6149:5)
#831    Element.updateChild (package:flutter/src/widgets/framework.dart:4037:15)
#832    _RawViewElement._updateChild (package:flutter/src/widgets/view.dart:481:16)
#833    _RawViewElement.update (package:flutter/src/widgets/view.dart:568:5)
#834    Element.updateChild (package:flutter/src/widgets/framework.dart:4037:15)
#835    ComponentElement.performRebuild (package:flutter/src/widgets/framework.dart:5841:16)
#836    Element.rebuild (package:flutter/src/widgets/framework.dart:5529:7)
#837    StatelessElement.update (package:flutter/src/widgets/framework.dart:5895:5)
#838    Element.updateChild (package:flutter/src/widgets/framework.dart:4037:15)
#839    ComponentElement.performRebuild (package:flutter/src/widgets/framework.dart:5841:16)
#840    StatefulElement.performRebuild (package:flutter/src/widgets/framework.dart:5982:11)
#841    Element.rebuild (package:flutter/src/widgets/framework.dart:5529:7)
#842    StatefulElement.update (package:flutter/src/widgets/framework.dart:6007:5)
#843    Element.updateChild (package:flutter/src/widgets/framework.dart:4037:15)
#844    RootElement._rebuild (package:flutter/src/widgets/binding.dart:2091:16)
#845    RootElement.update (package:flutter/src/widgets/binding.dart:2069:5)
#846    RootElement.performRebuild (package:flutter/src/widgets/binding.dart:2083:7)
#847    Element.rebuild (package:flutter/src/widgets/framework.dart:5529:7)
#848    BuildScope._tryRebuild (package:flutter/src/widgets/framework.dart:2750:15)
#849    BuildScope._flushDirtyElements (package:flutter/src/widgets/framework.dart:2807:11)
#850    BuildOwner.buildScope (package:flutter/src/widgets/framework.dart:3111:18)
#851    AutomatedTestWidgetsFlutterBinding.drawFrame (package:flutter_test/src/binding.dart:2431:19)
#852    RendererBinding._handlePersistentFrameCallback (package:flutter/src/rendering/binding.dart:509:5)
#853    SchedulerBinding._invokeFrameCallback (package:flutter/src/scheduler/binding.dart:1430:15)
#854    SchedulerBinding.handleDrawFrame (package:flutter/src/scheduler/binding.dart:1345:9)
#855    AutomatedTestWidgetsFlutterBinding.pump.<anonymous closure> (package:flutter_test/src/binding.dart:2260:9)
#856    _rootRun (dart:async/zone_root.dart:35:13)
#857    _CustomZone.run (dart:async/zone.dart:726:19)
#858    TestAsyncUtils.guard (package:flutter_test/src/test_async_utils.dart:74:41)
#859    AutomatedTestWidgetsFlutterBinding.pump (package:flutter_test/src/binding.dart:2249:27)
#860    WidgetTester.pumpWidget.<anonymous closure> (package:flutter_test/src/widget_tester.dart:598:22)
#861    _rootRun (dart:async/zone_root.dart:35:13)
#862    _CustomZone.run (dart:async/zone.dart:726:19)
#863    TestAsyncUtils.guard (package:flutter_test/src/test_async_utils.dart:74:41)
#864    WidgetTester.pumpWidget (package:flutter_test/src/widget_tester.dart:595:27)
#865    main.<anonymous closure> (file:///C:/Users/andrvoicu/Desktop/repos/collectarr-app/test/features/library/home/home_page_test.dart:139:18)
#866    testWidgets.<anonymous closure>.<anonymous closure> (package:flutter_test/src/widget_tester.dart:192:29)
<asynchronous suspension>
#867    TestWidgetsFlutterBinding._runTestBody (package:flutter_test/src/binding.dart:1952:5)
<asynchronous suspension>
#868    StackZoneSpecification._registerCallback.<anonymous closure> (package:stack_trace/src/stack_zone_specification.dart:114:42)
<asynchronous suspension>
This warning will only appear on debug builds.
00:22 +407 -7: C:/Users/andrvoicu/Desktop/repos/collectarr-app/test/features/library/inspector/library_inspector_test.dart: inspector edit uses the selected copy
00:22 +408 -7: C:/Users/andrvoicu/Desktop/repos/collectarr-app/test/features/library/inspector/library_inspector_test.dart: inspector edit uses the selected copy
00:22 +409 -7: C:/Users/andrvoicu/Desktop/repos/collectarr-app/test/features/library/inspector/library_inspector_test.dart: inspector edit uses the selected copy
00:22 +410 -7: C:/Users/andrvoicu/Desktop/repos/collectarr-app/test/features/library/inspector/library_inspector_test.dart: inspector edit uses the selected copy
00:22 +411 -7: C:/Users/andrvoicu/Desktop/repos/collectarr-app/test/features/library/inspector/library_inspector_test.dart: inspector edit uses the selected copy
00:22 +412 -7: C:/Users/andrvoicu/Desktop/repos/collectarr-app/test/features/library/inspector/library_inspector_test.dart: inspector edit uses the selected copy
00:22 +413 -7: C:/Users/andrvoicu/Desktop/repos/collectarr-app/test/features/library/inspector/library_inspector_test.dart: inspector edit uses the selected copy
00:22 +414 -7: C:/Users/andrvoicu/Desktop/repos/collectarr-app/test/features/library/inspector/library_inspector_test.dart: inspector edit uses the selected copy
00:22 +415 -7: C:/Users/andrvoicu/Desktop/repos/collectarr-app/test/features/library/home/home_page_test.dart: catalog-defined libraries use generic workspace controls
WARNING (drift): It looks like you've created the database class LocalDatabase multiple times. When these two databases use the same QueryExecutor, race conditions will occur and might corrupt the database. 
Try to follow the advice at https://drift.simonbinder.eu/faq/#using-the-database or, if you know what you're doing, set driftRuntimeOptions.dontWarnAboutMultipleDatabases = true
Here is the stacktrace from when the database was opened a second time:
#0      GeneratedDatabase._handleInstantiated (package:drift/src/runtime/api/db_base.dart:96:30)
#1      GeneratedDatabase._whenConstructed (package:drift/src/runtime/api/db_base.dart:73:12)
#2      new GeneratedDatabase (package:drift/src/runtime/api/db_base.dart:64:5)
#3      new _$LocalDatabase (package:collectarr_app/core/db/local_database.g.dart:12351:38)
#4      new LocalDatabase (package:collectarr_app/core/db/local_database.dart:387:9)
#5      localDatabaseProvider.<anonymous closure> (package:collectarr_app/state/local_database_provider.dart:5:14)
#6      Provider.create (package:riverpod/src/providers/provider.dart:59:36)
#7      $ProviderElement.create (package:riverpod/src/providers/provider.dart:343:32)
#8      ProviderElement.buildState (package:riverpod/src/core/element.dart:684:28)
#9      ProviderElement.mount (package:riverpod/src/core/element.dart:537:7)
#10     ProviderElement.flush (package:riverpod/src/core/element.dart:640:7)
#11     $ProviderBaseImpl._addListener (package:riverpod/src/core/provider/provider.dart:119:24)
#12     ProviderElement.listen (package:riverpod/src/core/element.dart:923:28)
#13     Ref.watch (package:riverpod/src/core/ref.dart:655:20)
#14     overdueLoanOwnedItemIdsProvider.<anonymous closure> (package:collectarr_app/features/library/home/home_counts.dart:26:35)
#15     FutureProvider.create (package:riverpod/src/providers/future_provider.dart:142:46)
#16     $FutureProviderElement.create.<anonymous closure> (package:riverpod/src/providers/future_provider.dart:167:45)
#17     ElementWithFuture.handleFuture.<anonymous closure> (package:riverpod/src/core/element.dart:206:30)
#18     ElementWithFuture._handleAsync (package:riverpod/src/core/element.dart:270:35)
#19     ElementWithFuture.handleFuture (package:riverpod/src/core/element.dart:200:12)
#20     $FutureProviderElement.create (package:riverpod/src/providers/future_provider.dart:167:12)
#21     ProviderElement.buildState (package:riverpod/src/core/element.dart:684:28)
#22     ProviderElement.mount (package:riverpod/src/core/element.dart:537:7)
#23     ProviderElement.flush (package:riverpod/src/core/element.dart:640:7)
#24     $ProviderBaseImpl._addListener (package:riverpod/src/core/provider/provider.dart:119:24)
#25     ProviderContainer.listen (package:riverpod/src/core/provider_container.dart:960:26)
#26     ConsumerStatefulElement.watch.<anonymous closure> (package:flutter_riverpod/src/core/consumer.dart:475:37)
#27     _LinkedHashMapMixin.putIfAbsent (dart:_compact_hash:682:23)
#28     ConsumerStatefulElement.watch (package:flutter_riverpod/src/core/consumer.dart:468:14)
#29     _LibraryHomePageState.build (package:collectarr_app/features/library/home/home_page.dart:90:41)
#30     StatefulElement.build (package:flutter/src/widgets/framework.dart:5931:27)
#31     ConsumerStatefulElement.build (package:flutter_riverpod/src/core/consumer.dart:445:20)
#32     ComponentElement.performRebuild (package:flutter/src/widgets/framework.dart:5817:15)
#33     StatefulElement.performRebuild (package:flutter/src/widgets/framework.dart:5982:11)
#34     Element.rebuild (package:flutter/src/widgets/framework.dart:5529:7)
#35     ComponentElement._firstBuild (package:flutter/src/widgets/framework.dart:5799:5)
#36     StatefulElement._firstBuild (package:flutter/src/widgets/framework.dart:5973:11)
#37     ComponentElement.mount (package:flutter/src/widgets/framework.dart:5793:5)
#38     Element.inflateWidget (package:flutter/src/widgets/framework.dart:4587:20)
#39     Element.updateChild (package:flutter/src/widgets/framework.dart:4059:18)
#40     SingleChildRenderObjectElement.mount (package:flutter/src/widgets/framework.dart:7115:14)
#41     Element.inflateWidget (package:flutter/src/widgets/framework.dart:4587:20)
#42     Element.updateChild (package:flutter/src/widgets/framework.dart:4059:18)
#43     ComponentElement.performRebuild (package:flutter/src/widgets/framework.dart:5841:16)
#44     Element.rebuild (package:flutter/src/widgets/framework.dart:5529:7)
#45     ComponentElement._firstBuild (package:flutter/src/widgets/framework.dart:5799:5)
#46     ComponentElement.mount (package:flutter/src/widgets/framework.dart:5793:5)
#47     Element.inflateWidget (package:flutter/src/widgets/framework.dart:4587:20)
#48     Element.updateChild (package:flutter/src/widgets/framework.dart:4059:18)
#49     SingleChildRenderObjectElement.mount (package:flutter/src/widgets/framework.dart:7115:14)
#50     Element.inflateWidget (package:flutter/src/widgets/framework.dart:4587:20)
#51     Element.updateChild (package:flutter/src/widgets/framework.dart:4059:18)
#52     SingleChildRenderObjectElement.mount (package:flutter/src/widgets/framework.dart:7115:14)
#53     Element.inflateWidget (package:flutter/src/widgets/framework.dart:4587:20)
#54     Element.updateChild (package:flutter/src/widgets/framework.dart:4059:18)
#55     ComponentElement.performRebuild (package:flutter/src/widgets/framework.dart:5841:16)
#56     StatefulElement.performRebuild (package:flutter/src/widgets/framework.dart:5982:11)
#57     Element.rebuild (package:flutter/src/widgets/framework.dart:5529:7)
#58     ComponentElement._firstBuild (package:flutter/src/widgets/framework.dart:5799:5)
#59     StatefulElement._firstBuild (package:flutter/src/widgets/framework.dart:5973:11)
#60     ComponentElement.mount (package:flutter/src/widgets/framework.dart:5793:5)
#61     Element.inflateWidget (package:flutter/src/widgets/framework.dart:4587:20)
#62     Element.updateChild (package:flutter/src/widgets/framework.dart:4059:18)
#63     SingleChildRenderObjectElement.mount (package:flutter/src/widgets/framework.dart:7115:14)
#64     Element.inflateWidget (package:flutter/src/widgets/framework.dart:4587:20)
#65     Element.updateChild (package:flutter/src/widgets/framework.dart:4059:18)
#66     ComponentElement.performRebuild (package:flutter/src/widgets/framework.dart:5841:16)
#67     StatefulElement.performRebuild (package:flutter/src/widgets/framework.dart:5982:11)
#68     Element.rebuild (package:flutter/src/widgets/framework.dart:5529:7)
#69     ComponentElement._firstBuild (package:flutter/src/widgets/framework.dart:5799:5)
#70     StatefulElement._firstBuild (package:flutter/src/widgets/framework.dart:5973:11)
#71     ComponentElement.mount (package:flutter/src/widgets/framework.dart:5793:5)
#72     Element.inflateWidget (package:flutter/src/widgets/framework.dart:4587:20)
#73     Element.updateChild (package:flutter/src/widgets/framework.dart:4059:18)
#74     SingleChildRenderObjectElement.mount (package:flutter/src/widgets/framework.dart:7115:14)
#75     Element.inflateWidget (package:flutter/src/widgets/framework.dart:4587:20)
#76     Element.updateChild (package:flutter/src/widgets/framework.dart:4059:18)
#77     SingleChildRenderObjectElement.mount (package:flutter/src/widgets/framework.dart:7115:14)
#78     Element.inflateWidget (package:flutter/src/widgets/framework.dart:4587:20)
#79     Element.updateChild (package:flutter/src/widgets/framework.dart:4059:18)
#80     ComponentElement.performRebuild (package:flutter/src/widgets/framework.dart:5841:16)
#81     StatefulElement.performRebuild (package:flutter/src/widgets/framework.dart:5982:11)
#82     Element.rebuild (package:flutter/src/widgets/framework.dart:5529:7)
#83     ComponentElement._firstBuild (package:flutter/src/widgets/framework.dart:5799:5)
#84     StatefulElement._firstBuild (package:flutter/src/widgets/framework.dart:5973:11)
#85     ComponentElement.mount (package:flutter/src/widgets/framework.dart:5793:5)
#86     Element.inflateWidget (package:flutter/src/widgets/framework.dart:4587:20)
#87     Element.updateChild (package:flutter/src/widgets/framework.dart:4059:18)
#88     SingleChildRenderObjectElement.mount (package:flutter/src/widgets/framework.dart:7115:14)
#89     Element.inflateWidget (package:flutter/src/widgets/framework.dart:4587:20)
#90     Element.updateChild (package:flutter/src/widgets/framework.dart:4059:18)
#91     ComponentElement.performRebuild (package:flutter/src/widgets/framework.dart:5841:16)
#92     StatefulElement.performRebuild (package:flutter/src/widgets/framework.dart:5982:11)
#93     Element.rebuild (package:flutter/src/widgets/framework.dart:5529:7)
#94     ComponentElement._firstBuild (package:flutter/src/widgets/framework.dart:5799:5)
#95     StatefulElement._firstBuild (package:flutter/src/widgets/framework.dart:5973:11)
#96     ComponentElement.mount (package:flutter/src/widgets/framework.dart:5793:5)
#97     Element.inflateWidget (package:flutter/src/widgets/framework.dart:4587:20)
#98     Element.updateChild (package:flutter/src/widgets/framework.dart:4059:18)
#99     SingleChildRenderObjectElement.mount (package:flutter/src/widgets/framework.dart:7115:14)
#100    Element.inflateWidget (package:flutter/src/widgets/framework.dart:4587:20)
#101    Element.updateChild (package:flutter/src/widgets/framework.dart:4059:18)
#102    SingleChildRenderObjectElement.mount (package:flutter/src/widgets/framework.dart:7115:14)
#103    Element.inflateWidget (package:flutter/src/widgets/framework.dart:4587:20)
#104    Element.updateChild (package:flutter/src/widgets/framework.dart:4059:18)
#105    ComponentElement.performRebuild (package:flutter/src/widgets/framework.dart:5841:16)
#106    StatefulElement.performRebuild (package:flutter/src/widgets/framework.dart:5982:11)
#107    Element.rebuild (package:flutter/src/widgets/framework.dart:5529:7)
#108    ComponentElement._firstBuild (package:flutter/src/widgets/framework.dart:5799:5)
#109    StatefulElement._firstBuild (package:flutter/src/widgets/framework.dart:5973:11)
#110    ComponentElement.mount (package:flutter/src/widgets/framework.dart:5793:5)
#111    Element.inflateWidget (package:flutter/src/widgets/framework.dart:4587:20)
#112    Element.updateChild (package:flutter/src/widgets/framework.dart:4059:18)
#113    SingleChildRenderObjectElement.mount (package:flutter/src/widgets/framework.dart:7115:14)
#114    Element.inflateWidget (package:flutter/src/widgets/framework.dart:4587:20)
#115    Element.updateChild (package:flutter/src/widgets/framework.dart:4059:18)
#116    SingleChildRenderObjectElement.mount (package:flutter/src/widgets/framework.dart:7115:14)
#117    Element.inflateWidget (package:flutter/src/widgets/framework.dart:4587:20)
#118    Element.updateChild (package:flutter/src/widgets/framework.dart:4059:18)
#119    SingleChildRenderObjectElement.mount (package:flutter/src/widgets/framework.dart:7115:14)
#120    Element.inflateWidget (package:flutter/src/widgets/framework.dart:4587:20)
#121    Element.updateChild (package:flutter/src/widgets/framework.dart:4059:18)
#122    ComponentElement.performRebuild (package:flutter/src/widgets/framework.dart:5841:16)
#123    StatefulElement.performRebuild (package:flutter/src/widgets/framework.dart:5982:11)
#124    Element.rebuild (package:flutter/src/widgets/framework.dart:5529:7)
#125    ComponentElement._firstBuild (package:flutter/src/widgets/framework.dart:5799:5)
#126    StatefulElement._firstBuild (package:flutter/src/widgets/framework.dart:5973:11)
#127    ComponentElement.mount (package:flutter/src/widgets/framework.dart:5793:5)
#128    Element.inflateWidget (package:flutter/src/widgets/framework.dart:4587:20)
#129    Element.updateChild (package:flutter/src/widgets/framework.dart:4059:18)
#130    SingleChildRenderObjectElement.mount (package:flutter/src/widgets/framework.dart:7115:14)
#131    Element.inflateWidget (package:flutter/src/widgets/framework.dart:4587:20)
#132    Element.updateChild (package:flutter/src/widgets/framework.dart:4059:18)
#133    ComponentElement.performRebuild (package:flutter/src/widgets/framework.dart:5841:16)
#134    StatefulElement.performRebuild (package:flutter/src/widgets/framework.dart:5982:11)
#135    Element.rebuild (package:flutter/src/widgets/framework.dart:5529:7)
#136    ComponentElement._firstBuild (package:flutter/src/widgets/framework.dart:5799:5)
#137    StatefulElement._firstBuild (package:flutter/src/widgets/framework.dart:5973:11)
#138    ComponentElement.mount (package:flutter/src/widgets/framework.dart:5793:5)
#139    Element.inflateWidget (package:flutter/src/widgets/framework.dart:4587:20)
#140    Element.updateChild (package:flutter/src/widgets/framework.dart:4059:18)
#141    ComponentElement.performRebuild (package:flutter/src/widgets/framework.dart:5841:16)
#142    Element.rebuild (package:flutter/src/widgets/framework.dart:5529:7)
#143    ComponentElement._firstBuild (package:flutter/src/widgets/framework.dart:5799:5)
#144    ComponentElement.mount (package:flutter/src/widgets/framework.dart:5793:5)
#145    Element.inflateWidget (package:flutter/src/widgets/framework.dart:4587:20)
#146    Element.updateChild (package:flutter/src/widgets/framework.dart:4059:18)
#147    ComponentElement.performRebuild (package:flutter/src/widgets/framework.dart:5841:16)
#148    StatefulElement.performRebuild (package:flutter/src/widgets/framework.dart:5982:11)
#149    Element.rebuild (package:flutter/src/widgets/framework.dart:5529:7)
#150    ComponentElement._firstBuild (package:flutter/src/widgets/framework.dart:5799:5)
#151    StatefulElement._firstBuild (package:flutter/src/widgets/framework.dart:5973:11)
#152    ComponentElement.mount (package:flutter/src/widgets/framework.dart:5793:5)
#153    Element.inflateWidget (package:flutter/src/widgets/framework.dart:4587:20)
#154    Element.updateChild (package:flutter/src/widgets/framework.dart:4059:18)
#155    ComponentElement.performRebuild (package:flutter/src/widgets/framework.dart:5841:16)
#156    StatefulElement.performRebuild (package:flutter/src/widgets/framework.dart:5982:11)
#157    Element.rebuild (package:flutter/src/widgets/framework.dart:5529:7)
#158    ComponentElement._firstBuild (package:flutter/src/widgets/framework.dart:5799:5)
#159    StatefulElement._firstBuild (package:flutter/src/widgets/framework.dart:5973:11)
#160    ComponentElement.mount (package:flutter/src/widgets/framework.dart:5793:5)
#161    Element.inflateWidget (package:flutter/src/widgets/framework.dart:4587:20)
#162    Element.updateChild (package:flutter/src/widgets/framework.dart:4059:18)
#163    ComponentElement.performRebuild (package:flutter/src/widgets/framework.dart:5841:16)
#164    StatefulElement.performRebuild (package:flutter/src/widgets/framework.dart:5982:11)
#165    Element.rebuild (package:flutter/src/widgets/framework.dart:5529:7)
#166    ComponentElement._firstBuild (package:flutter/src/widgets/framework.dart:5799:5)
#167    StatefulElement._firstBuild (package:flutter/src/widgets/framework.dart:5973:11)
#168    ComponentElement.mount (package:flutter/src/widgets/framework.dart:5793:5)
#169    Element.inflateWidget (package:flutter/src/widgets/framework.dart:4587:20)
#170    Element.updateChild (package:flutter/src/widgets/framework.dart:4059:18)
#171    SingleChildRenderObjectElement.mount (package:flutter/src/widgets/framework.dart:7115:14)
#172    Element.inflateWidget (package:flutter/src/widgets/framework.dart:4587:20)
#173    Element.updateChild (package:flutter/src/widgets/framework.dart:4059:18)
#174    ComponentElement.performRebuild (package:flutter/src/widgets/framework.dart:5841:16)
#175    Element.rebuild (package:flutter/src/widgets/framework.dart:5529:7)
#176    ComponentElement._firstBuild (package:flutter/src/widgets/framework.dart:5799:5)
#177    ComponentElement.mount (package:flutter/src/widgets/framework.dart:5793:5)
#178    Element.inflateWidget (package:flutter/src/widgets/framework.dart:4587:20)
#179    Element.updateChild (package:flutter/src/widgets/framework.dart:4059:18)
#180    SingleChildRenderObjectElement.mount (package:flutter/src/widgets/framework.dart:7115:14)
#181    Element.inflateWidget (package:flutter/src/widgets/framework.dart:4587:20)
#182    Element.updateChild (package:flutter/src/widgets/framework.dart:4059:18)
#183    ComponentElement.performRebuild (package:flutter/src/widgets/framework.dart:5841:16)
#184    StatefulElement.performRebuild (package:flutter/src/widgets/framework.dart:5982:11)
#185    Element.rebuild (package:flutter/src/widgets/framework.dart:5529:7)
#186    ComponentElement._firstBuild (package:flutter/src/widgets/framework.dart:5799:5)
#187    StatefulElement._firstBuild (package:flutter/src/widgets/framework.dart:5973:11)
#188    ComponentElement.mount (package:flutter/src/widgets/framework.dart:5793:5)
#189    Element.inflateWidget (package:flutter/src/widgets/framework.dart:4587:20)
#190    Element.updateChild (package:flutter/src/widgets/framework.dart:4059:18)
#191    ComponentElement.performRebuild (package:flutter/src/widgets/framework.dart:5841:16)
#192    Element.rebuild (package:flutter/src/widgets/framework.dart:5529:7)
#193    ComponentElement._firstBuild (package:flutter/src/widgets/framework.dart:5799:5)
#194    ComponentElement.mount (package:flutter/src/widgets/framework.dart:5793:5)
#195    Element.inflateWidget (package:flutter/src/widgets/framework.dart:4587:20)
#196    Element.updateChild (package:flutter/src/widgets/framework.dart:4059:18)
#197    ComponentElement.performRebuild (package:flutter/src/widgets/framework.dart:5841:16)
#198    Element.rebuild (package:flutter/src/widgets/framework.dart:5529:7)
#199    ComponentElement._firstBuild (package:flutter/src/widgets/framework.dart:5799:5)
#200    ComponentElement.mount (package:flutter/src/widgets/framework.dart:5793:5)
#201    Element.inflateWidget (package:flutter/src/widgets/framework.dart:4587:20)
#202    Element.updateChild (package:flutter/src/widgets/framework.dart:4059:18)
#203    ComponentElement.performRebuild (package:flutter/src/widgets/framework.dart:5841:16)
#204    StatefulElement.performRebuild (package:flutter/src/widgets/framework.dart:5982:11)
#205    Element.rebuild (package:flutter/src/widgets/framework.dart:5529:7)
#206    ComponentElement._firstBuild (package:flutter/src/widgets/framework.dart:5799:5)
#207    StatefulElement._firstBuild (package:flutter/src/widgets/framework.dart:5973:11)
#208    ComponentElement.mount (package:flutter/src/widgets/framework.dart:5793:5)
#209    Element.inflateWidget (package:flutter/src/widgets/framework.dart:4587:20)
#210    Element.updateChild (package:flutter/src/widgets/framework.dart:4059:18)
#211    ComponentElement.performRebuild (package:flutter/src/widgets/framework.dart:5841:16)
#212    Element.rebuild (package:flutter/src/widgets/framework.dart:5529:7)
#213    ComponentElement._firstBuild (package:flutter/src/widgets/framework.dart:5799:5)
#214    ComponentElement.mount (package:flutter/src/widgets/framework.dart:5793:5)
#215    Element.inflateWidget (package:flutter/src/widgets/framework.dart:4587:20)
#216    Element.updateChild (package:flutter/src/widgets/framework.dart:4059:18)
#217    ComponentElement.performRebuild (package:flutter/src/widgets/framework.dart:5841:16)
#218    Element.rebuild (package:flutter/src/widgets/framework.dart:5529:7)
#219    ComponentElement._firstBuild (package:flutter/src/widgets/framework.dart:5799:5)
#220    ComponentElement.mount (package:flutter/src/widgets/framework.dart:5793:5)
#221    Element.inflateWidget (package:flutter/src/widgets/framework.dart:4587:20)
#222    Element.updateChild (package:flutter/src/widgets/framework.dart:4059:18)
#223    SingleChildRenderObjectElement.mount (package:flutter/src/widgets/framework.dart:7115:14)
#224    Element.inflateWidget (package:flutter/src/widgets/framework.dart:4587:20)
#225    Element.updateChild (package:flutter/src/widgets/framework.dart:4059:18)
#226    ComponentElement.performRebuild (package:flutter/src/widgets/framework.dart:5841:16)
#227    Element.rebuild (package:flutter/src/widgets/framework.dart:5529:7)
#228    ComponentElement._firstBuild (package:flutter/src/widgets/framework.dart:5799:5)
#229    ComponentElement.mount (package:flutter/src/widgets/framework.dart:5793:5)
#230    Element.inflateWidget (package:flutter/src/widgets/framework.dart:4587:20)
#231    Element.updateChild (package:flutter/src/widgets/framework.dart:4059:18)
#232    ComponentElement.performRebuild (package:flutter/src/widgets/framework.dart:5841:16)
#233    Element.rebuild (package:flutter/src/widgets/framework.dart:5529:7)
#234    ComponentElement._firstBuild (package:flutter/src/widgets/framework.dart:5799:5)
#235    ComponentElement.mount (package:flutter/src/widgets/framework.dart:5793:5)
#236    Element.inflateWidget (package:flutter/src/widgets/framework.dart:4587:20)
#237    Element.updateChild (package:flutter/src/widgets/framework.dart:4059:18)
#238    ComponentElement.performRebuild (package:flutter/src/widgets/framework.dart:5841:16)
#239    StatefulElement.performRebuild (package:flutter/src/widgets/framework.dart:5982:11)
#240    Element.rebuild (package:flutter/src/widgets/framework.dart:5529:7)
#241    ComponentElement._firstBuild (package:flutter/src/widgets/framework.dart:5799:5)
#242    StatefulElement._firstBuild (package:flutter/src/widgets/framework.dart:5973:11)
#243    ComponentElement.mount (package:flutter/src/widgets/framework.dart:5793:5)
#244    Element.inflateWidget (package:flutter/src/widgets/framework.dart:4587:20)
#245    Element.updateChild (package:flutter/src/widgets/framework.dart:4059:18)
#246    ComponentElement.performRebuild (package:flutter/src/widgets/framework.dart:5841:16)
#247    StatefulElement.performRebuild (package:flutter/src/widgets/framework.dart:5982:11)
#248    Element.rebuild (package:flutter/src/widgets/framework.dart:5529:7)
#249    ComponentElement._firstBuild (package:flutter/src/widgets/framework.dart:5799:5)
#250    StatefulElement._firstBuild (package:flutter/src/widgets/framework.dart:5973:11)
#251    ComponentElement.mount (package:flutter/src/widgets/framework.dart:5793:5)
#252    Element.inflateWidget (package:flutter/src/widgets/framework.dart:4587:20)
#253    Element.updateChild (package:flutter/src/widgets/framework.dart:4059:18)
#254    ComponentElement.performRebuild (package:flutter/src/widgets/framework.dart:5841:16)
#255    StatefulElement.performRebuild (package:flutter/src/widgets/framework.dart:5982:11)
#256    Element.rebuild (package:flutter/src/widgets/framework.dart:5529:7)
#257    ComponentElement._firstBuild (package:flutter/src/widgets/framework.dart:5799:5)
#258    StatefulElement._firstBuild (package:flutter/src/widgets/framework.dart:5973:11)
#259    ComponentElement.mount (package:flutter/src/widgets/framework.dart:5793:5)
#260    Element.inflateWidget (package:flutter/src/widgets/framework.dart:4587:20)
#261    Element.updateChild (package:flutter/src/widgets/framework.dart:4059:18)
#262    SingleChildRenderObjectElement.mount (package:flutter/src/widgets/framework.dart:7115:14)
#263    Element.inflateWidget (package:flutter/src/widgets/framework.dart:4587:20)
#264    Element.updateChild (package:flutter/src/widgets/framework.dart:4059:18)
#265    ComponentElement.performRebuild (package:flutter/src/widgets/framework.dart:5841:16)
#266    Element.rebuild (package:flutter/src/widgets/framework.dart:5529:7)
#267    ComponentElement._firstBuild (package:flutter/src/widgets/framework.dart:5799:5)
#268    ComponentElement.mount (package:flutter/src/widgets/framework.dart:5793:5)
#269    Element.inflateWidget (package:flutter/src/widgets/framework.dart:4587:20)
#270    Element.updateChild (package:flutter/src/widgets/framework.dart:4059:18)
#271    ComponentElement.performRebuild (package:flutter/src/widgets/framework.dart:5841:16)
#272    Element.rebuild (package:flutter/src/widgets/framework.dart:5529:7)
#273    ComponentElement._firstBuild (package:flutter/src/widgets/framework.dart:5799:5)
#274    ComponentElement.mount (package:flutter/src/widgets/framework.dart:5793:5)
#275    Element.inflateWidget (package:flutter/src/widgets/framework.dart:4587:20)
#276    Element.updateChild (package:flutter/src/widgets/framework.dart:4059:18)
#277    ComponentElement.performRebuild (package:flutter/src/widgets/framework.dart:5841:16)
#278    Element.rebuild (package:flutter/src/widgets/framework.dart:5529:7)
#279    ComponentElement._firstBuild (package:flutter/src/widgets/framework.dart:5799:5)
#280    ComponentElement.mount (package:flutter/src/widgets/framework.dart:5793:5)
#281    Element.inflateWidget (package:flutter/src/widgets/framework.dart:4587:20)
#282    Element.updateChild (package:flutter/src/widgets/framework.dart:4059:18)
#283    ComponentElement.performRebuild (package:flutter/src/widgets/framework.dart:5841:16)
#284    StatefulElement.performRebuild (package:flutter/src/widgets/framework.dart:5982:11)
#285    Element.rebuild (package:flutter/src/widgets/framework.dart:5529:7)
#286    ComponentElement._firstBuild (package:flutter/src/widgets/framework.dart:5799:5)
#287    StatefulElement._firstBuild (package:flutter/src/widgets/framework.dart:5973:11)
#288    ComponentElement.mount (package:flutter/src/widgets/framework.dart:5793:5)
#289    Element.inflateWidget (package:flutter/src/widgets/framework.dart:4587:20)
#290    Element.updateChild (package:flutter/src/widgets/framework.dart:4059:18)
#291    ComponentElement.performRebuild (package:flutter/src/widgets/framework.dart:5841:16)
#292    StatefulElement.performRebuild (package:flutter/src/widgets/framework.dart:5982:11)
#293    Element.rebuild (package:flutter/src/widgets/framework.dart:5529:7)
#294    ComponentElement._firstBuild (package:flutter/src/widgets/framework.dart:5799:5)
#295    StatefulElement._firstBuild (package:flutter/src/widgets/framework.dart:5973:11)
#296    ComponentElement.mount (package:flutter/src/widgets/framework.dart:5793:5)
#297    Element.inflateWidget (package:flutter/src/widgets/framework.dart:4587:20)
#298    MultiChildRenderObjectElement.inflateWidget (package:flutter/src/widgets/framework.dart:7264:36)
#299    MultiChildRenderObjectElement.mount (package:flutter/src/widgets/framework.dart:7279:32)
#300    Element.inflateWidget (package:flutter/src/widgets/framework.dart:4587:20)
#301    Element.updateChild (package:flutter/src/widgets/framework.dart:4059:18)
#302    ComponentElement.performRebuild (package:flutter/src/widgets/framework.dart:5841:16)
#303    StatefulElement.performRebuild (package:flutter/src/widgets/framework.dart:5982:11)
#304    Element.rebuild (package:flutter/src/widgets/framework.dart:5529:7)
#305    ComponentElement._firstBuild (package:flutter/src/widgets/framework.dart:5799:5)
#306    StatefulElement._firstBuild (package:flutter/src/widgets/framework.dart:5973:11)
#307    ComponentElement.mount (package:flutter/src/widgets/framework.dart:5793:5)
#308    Element.inflateWidget (package:flutter/src/widgets/framework.dart:4587:20)
#309    Element.updateChild (package:flutter/src/widgets/framework.dart:4059:18)
#310    ComponentElement.performRebuild (package:flutter/src/widgets/framework.dart:5841:16)
#311    Element.rebuild (package:flutter/src/widgets/framework.dart:5529:7)
#312    ComponentElement._firstBuild (package:flutter/src/widgets/framework.dart:5799:5)
#313    ComponentElement.mount (package:flutter/src/widgets/framework.dart:5793:5)
#314    Element.inflateWidget (package:flutter/src/widgets/framework.dart:4587:20)
#315    Element.updateChild (package:flutter/src/widgets/framework.dart:4059:18)
#316    ComponentElement.performRebuild (package:flutter/src/widgets/framework.dart:5841:16)
#317    Element.rebuild (package:flutter/src/widgets/framework.dart:5529:7)
#318    ComponentElement._firstBuild (package:flutter/src/widgets/framework.dart:5799:5)
#319    ComponentElement.mount (package:flutter/src/widgets/framework.dart:5793:5)
#320    Element.inflateWidget (package:flutter/src/widgets/framework.dart:4587:20)
#321    Element.updateChild (package:flutter/src/widgets/framework.dart:4059:18)
#322    ComponentElement.performRebuild (package:flutter/src/widgets/framework.dart:5841:16)
#323    StatefulElement.performRebuild (package:flutter/src/widgets/framework.dart:5982:11)
#324    Element.rebuild (package:flutter/src/widgets/framework.dart:5529:7)
#325    ComponentElement._firstBuild (package:flutter/src/widgets/framework.dart:5799:5)
#326    StatefulElement._firstBuild (package:flutter/src/widgets/framework.dart:5973:11)
#327    ComponentElement.mount (package:flutter/src/widgets/framework.dart:5793:5)
#328    Element.inflateWidget (package:flutter/src/widgets/framework.dart:4587:20)
#329    Element.updateChild (package:flutter/src/widgets/framework.dart:4059:18)
#330    ComponentElement.performRebuild (package:flutter/src/widgets/framework.dart:5841:16)
#331    Element.rebuild (package:flutter/src/widgets/framework.dart:5529:7)
#332    ComponentElement._firstBuild (package:flutter/src/widgets/framework.dart:5799:5)
#333    ComponentElement.mount (package:flutter/src/widgets/framework.dart:5793:5)
#334    Element.inflateWidget (package:flutter/src/widgets/framework.dart:4587:20)
#335    Element.updateChild (package:flutter/src/widgets/framework.dart:4059:18)
#336    ComponentElement.performRebuild (package:flutter/src/widgets/framework.dart:5841:16)
#337    StatefulElement.performRebuild (package:flutter/src/widgets/framework.dart:5982:11)
#338    Element.rebuild (package:flutter/src/widgets/framework.dart:5529:7)
#339    ComponentElement._firstBuild (package:flutter/src/widgets/framework.dart:5799:5)
#340    StatefulElement._firstBuild (package:flutter/src/widgets/framework.dart:5973:11)
#341    ComponentElement.mount (package:flutter/src/widgets/framework.dart:5793:5)
#342    Element.inflateWidget (package:flutter/src/widgets/framework.dart:4587:20)
#343    Element.updateChild (package:flutter/src/widgets/framework.dart:4059:18)
#344    ComponentElement.performRebuild (package:flutter/src/widgets/framework.dart:5841:16)
#345    StatefulElement.performRebuild (package:flutter/src/widgets/framework.dart:5982:11)
#346    Element.rebuild (package:flutter/src/widgets/framework.dart:5529:7)
#347    ComponentElement._firstBuild (package:flutter/src/widgets/framework.dart:5799:5)
#348    StatefulElement._firstBuild (package:flutter/src/widgets/framework.dart:5973:11)
#349    ComponentElement.mount (package:flutter/src/widgets/framework.dart:5793:5)
#350    Element.inflateWidget (package:flutter/src/widgets/framework.dart:4587:20)
#351    Element.updateChild (package:flutter/src/widgets/framework.dart:4059:18)
#352    SingleChildRenderObjectElement.mount (package:flutter/src/widgets/framework.dart:7115:14)
#353    Element.inflateWidget (package:flutter/src/widgets/framework.dart:4587:20)
#354    Element.updateChild (package:flutter/src/widgets/framework.dart:4059:18)
#355    SingleChildRenderObjectElement.mount (package:flutter/src/widgets/framework.dart:7115:14)
#356    Element.inflateWidget (package:flutter/src/widgets/framework.dart:4587:20)
#357    Element.updateChild (package:flutter/src/widgets/framework.dart:4059:18)
#358    ComponentElement.performRebuild (package:flutter/src/widgets/framework.dart:5841:16)
#359    Element.rebuild (package:flutter/src/widgets/framework.dart:5529:7)
#360    ComponentElement._firstBuild (package:flutter/src/widgets/framework.dart:5799:5)
#361    ComponentElement.mount (package:flutter/src/widgets/framework.dart:5793:5)
#362    Element.inflateWidget (package:flutter/src/widgets/framework.dart:4587:20)
#363    Element.updateChild (package:flutter/src/widgets/framework.dart:4059:18)
#364    ComponentElement.performRebuild (package:flutter/src/widgets/framework.dart:5841:16)
#365    Element.rebuild (package:flutter/src/widgets/framework.dart:5529:7)
#366    ComponentElement._firstBuild (package:flutter/src/widgets/framework.dart:5799:5)
#367    ComponentElement.mount (package:flutter/src/widgets/framework.dart:5793:5)
#368    Element.inflateWidget (package:flutter/src/widgets/framework.dart:4587:20)
#369    Element.updateChild (package:flutter/src/widgets/framework.dart:4059:18)
#370    ComponentElement.performRebuild (package:flutter/src/widgets/framework.dart:5841:16)
#371    StatefulElement.performRebuild (package:flutter/src/widgets/framework.dart:5982:11)
#372    Element.rebuild (package:flutter/src/widgets/framework.dart:5529:7)
#373    ComponentElement._firstBuild (package:flutter/src/widgets/framework.dart:5799:5)
#374    StatefulElement._firstBuild (package:flutter/src/widgets/framework.dart:5973:11)
#375    ComponentElement.mount (package:flutter/src/widgets/framework.dart:5793:5)
#376    Element.inflateWidget (package:flutter/src/widgets/framework.dart:4587:20)
#377    Element.updateChild (package:flutter/src/widgets/framework.dart:4059:18)
#378    ComponentElement.performRebuild (package:flutter/src/widgets/framework.dart:5841:16)
#379    Element.rebuild (package:flutter/src/widgets/framework.dart:5529:7)
#380    ComponentElement._firstBuild (package:flutter/src/widgets/framework.dart:5799:5)
#381    ComponentElement.mount (package:flutter/src/widgets/framework.dart:5793:5)
#382    Element.inflateWidget (package:flutter/src/widgets/framework.dart:4587:20)
#383    Element.updateChild (package:flutter/src/widgets/framework.dart:4059:18)
#384    SingleChildRenderObjectElement.mount (package:flutter/src/widgets/framework.dart:7115:14)
#385    Element.inflateWidget (package:flutter/src/widgets/framework.dart:4587:20)
#386    Element.updateChild (package:flutter/src/widgets/framework.dart:4059:18)
#387    ComponentElement.performRebuild (package:flutter/src/widgets/framework.dart:5841:16)
#388    StatefulElement.performRebuild (package:flutter/src/widgets/framework.dart:5982:11)
#389    Element.rebuild (package:flutter/src/widgets/framework.dart:5529:7)
#390    ComponentElement._firstBuild (package:flutter/src/widgets/framework.dart:5799:5)
#391    StatefulElement._firstBuild (package:flutter/src/widgets/framework.dart:5973:11)
#392    ComponentElement.mount (package:flutter/src/widgets/framework.dart:5793:5)
#393    Element.inflateWidget (package:flutter/src/widgets/framework.dart:4587:20)
#394    Element.updateChild (package:flutter/src/widgets/framework.dart:4059:18)
#395    ComponentElement.performRebuild (package:flutter/src/widgets/framework.dart:5841:16)
#396    Element.rebuild (package:flutter/src/widgets/framework.dart:5529:7)
#397    ComponentElement._firstBuild (package:flutter/src/widgets/framework.dart:5799:5)
#398    ComponentElement.mount (package:flutter/src/widgets/framework.dart:5793:5)
#399    Element.inflateWidget (package:flutter/src/widgets/framework.dart:4587:20)
#400    Element.updateChild (package:flutter/src/widgets/framework.dart:4059:18)
#401    ComponentElement.performRebuild (package:flutter/src/widgets/framework.dart:5841:16)
#402    Element.rebuild (package:flutter/src/widgets/framework.dart:5529:7)
#403    ComponentElement._firstBuild (package:flutter/src/widgets/framework.dart:5799:5)
#404    ComponentElement.mount (package:flutter/src/widgets/framework.dart:5793:5)
#405    Element.inflateWidget (package:flutter/src/widgets/framework.dart:4587:20)
#406    Element.updateChild (package:flutter/src/widgets/framework.dart:4059:18)
#407    ComponentElement.performRebuild (package:flutter/src/widgets/framework.dart:5841:16)
#408    StatefulElement.performRebuild (package:flutter/src/widgets/framework.dart:5982:11)
#409    Element.rebuild (package:flutter/src/widgets/framework.dart:5529:7)
#410    ComponentElement._firstBuild (package:flutter/src/widgets/framework.dart:5799:5)
#411    StatefulElement._firstBuild (package:flutter/src/widgets/framework.dart:5973:11)
#412    ComponentElement.mount (package:flutter/src/widgets/framework.dart:5793:5)
#413    Element.inflateWidget (package:flutter/src/widgets/framework.dart:4587:20)
#414    Element.updateChild (package:flutter/src/widgets/framework.dart:4059:18)
#415    ComponentElement.performRebuild (package:flutter/src/widgets/framework.dart:5841:16)
#416    Element.rebuild (package:flutter/src/widgets/framework.dart:5529:7)
#417    ComponentElement._firstBuild (package:flutter/src/widgets/framework.dart:5799:5)
#418    ComponentElement.mount (package:flutter/src/widgets/framework.dart:5793:5)
#419    Element.inflateWidget (package:flutter/src/widgets/framework.dart:4587:20)
#420    Element.updateChild (package:flutter/src/widgets/framework.dart:4059:18)
#421    ComponentElement.performRebuild (package:flutter/src/widgets/framework.dart:5841:16)
#422    Element.rebuild (package:flutter/src/widgets/framework.dart:5529:7)
#423    ComponentElement._firstBuild (package:flutter/src/widgets/framework.dart:5799:5)
#424    ComponentElement.mount (package:flutter/src/widgets/framework.dart:5793:5)
#425    Element.inflateWidget (package:flutter/src/widgets/framework.dart:4587:20)
#426    Element.updateChild (package:flutter/src/widgets/framework.dart:4059:18)
#427    ComponentElement.performRebuild (package:flutter/src/widgets/framework.dart:5841:16)
#428    Element.rebuild (package:flutter/src/widgets/framework.dart:5529:7)
#429    ComponentElement._firstBuild (package:flutter/src/widgets/framework.dart:5799:5)
#430    ComponentElement.mount (package:flutter/src/widgets/framework.dart:5793:5)
#431    Element.inflateWidget (package:flutter/src/widgets/framework.dart:4587:20)
#432    Element.updateChild (package:flutter/src/widgets/framework.dart:4059:18)
#433    ComponentElement.performRebuild (package:flutter/src/widgets/framework.dart:5841:16)
#434    Element.rebuild (package:flutter/src/widgets/framework.dart:5529:7)
#435    ComponentElement._firstBuild (package:flutter/src/widgets/framework.dart:5799:5)
#436    ComponentElement.mount (package:flutter/src/widgets/framework.dart:5793:5)
#437    Element.inflateWidget (package:flutter/src/widgets/framework.dart:4587:20)
#438    Element.updateChild (package:flutter/src/widgets/framework.dart:4059:18)
00:22 +416 -7: C:/Users/andrvoicu/Desktop/repos/collectarr-app/test/features/library/home/home_page_test.dart: catalog-defined libraries use generic workspace controls
#439    ComponentElement.performRebuild (package:flutter/src/widgets/framework.dart:5841:16)
#440    Element.rebuild (package:flutter/src/widgets/framework.dart:5529:7)
#441    ComponentElement._firstBuild (package:flutter/src/widgets/framework.dart:5799:5)
#442    ComponentElement.mount (package:flutter/src/widgets/framework.dart:5793:5)
00:22 +417 -7: C:/Users/andrvoicu/Desktop/repos/collectarr-app/test/features/library/home/home_page_test.dart: catalog-defined libraries use generic workspace controls
#443    Element.inflateWidget (package:flutter/src/widgets/framework.dart:4587:20)
#444    Element.updateChild (package:flutter/src/widgets/framework.dart:4059:18)
#445    ComponentElement.performRebuild (package:flutter/src/widgets/framework.dart:5841:16)
#446    Element.rebuild (package:flutter/src/widgets/framework.dart:5529:7)
#447    ComponentElement._firstBuild (package:flutter/src/widgets/framework.dart:5799:5)
#448    ComponentElement.mount (package:flutter/src/widgets/framework.dart:5793:5)
#449    Element.inflateWidget (package:flutter/src/widgets/framework.dart:4587:20)
#450    Element.updateChild (package:flutter/src/widgets/framework.dart:4059:18)
#451    ComponentElement.performRebuild (package:flutter/src/widgets/framework.dart:5841:16)
#452    Element.rebuild (package:flutter/src/widgets/framework.dart:5529:7)
#453    ComponentElement._firstBuild (package:flutter/src/widgets/framework.dart:5799:5)
#454    ComponentElement.mount (package:flutter/src/widgets/framework.dart:5793:5)
#455    Element.inflateWidget (package:flutter/src/widgets/framework.dart:4587:20)
#456    Element.updateChild (package:flutter/src/widgets/framework.dart:4059:18)
#457    ComponentElement.performRebuild (package:flutter/src/widgets/framework.dart:5841:16)
#458    StatefulElement.performRebuild (package:flutter/src/widgets/framework.dart:5982:11)
#459    Element.rebuild (package:flutter/src/widgets/framework.dart:5529:7)
#460    ComponentElement._firstBuild (package:flutter/src/widgets/framework.dart:5799:5)
#461    StatefulElement._firstBuild (package:flutter/src/widgets/framework.dart:5973:11)
#462    ComponentElement.mount (package:flutter/src/widgets/framework.dart:5793:5)
#463    Element.inflateWidget (package:flutter/src/widgets/framework.dart:4587:20)
#464    Element.updateChild (package:flutter/src/widgets/framework.dart:4059:18)
#465    ComponentElement.performRebuild (package:flutter/src/widgets/framework.dart:5841:16)
#466    Element.rebuild (package:flutter/src/widgets/framework.dart:5529:7)
#467    ComponentElement._firstBuild (package:flutter/src/widgets/framework.dart:5799:5)
#468    ComponentElement.mount (package:flutter/src/widgets/framework.dart:5793:5)
#469    Element.inflateWidget (package:flutter/src/widgets/framework.dart:4587:20)
#470    Element.updateChild (package:flutter/src/widgets/framework.dart:4059:18)
#471    ComponentElement.performRebuild (package:flutter/src/widgets/framework.dart:5841:16)
#472    Element.rebuild (package:flutter/src/widgets/framework.dart:5529:7)
#473    ComponentElement._firstBuild (package:flutter/src/widgets/framework.dart:5799:5)
#474    ComponentElement.mount (package:flutter/src/widgets/framework.dart:5793:5)
#475    Element.inflateWidget (package:flutter/src/widgets/framework.dart:4587:20)
#476    Element.updateChild (package:flutter/src/widgets/framework.dart:4059:18)
#477    ComponentElement.performRebuild (package:flutter/src/widgets/framework.dart:5841:16)
#478    StatefulElement.performRebuild (package:flutter/src/widgets/framework.dart:5982:11)
#479    Element.rebuild (package:flutter/src/widgets/framework.dart:5529:7)
#480    ComponentElement._firstBuild (package:flutter/src/widgets/framework.dart:5799:5)
#481    StatefulElement._firstBuild (package:flutter/src/widgets/framework.dart:5973:11)
#482    ComponentElement.mount (package:flutter/src/widgets/framework.dart:5793:5)
#483    Element.inflateWidget (package:flutter/src/widgets/framework.dart:4587:20)
#484    Element.updateChild (package:flutter/src/widgets/framework.dart:4059:18)
#485    SingleChildRenderObjectElement.mount (package:flutter/src/widgets/framework.dart:7115:14)
#486    Element.inflateWidget (package:flutter/src/widgets/framework.dart:4587:20)
#487    Element.updateChild (package:flutter/src/widgets/framework.dart:4059:18)
#488    ComponentElement.performRebuild (package:flutter/src/widgets/framework.dart:5841:16)
#489    StatefulElement.performRebuild (package:flutter/src/widgets/framework.dart:5982:11)
#490    Element.rebuild (package:flutter/src/widgets/framework.dart:5529:7)
#491    ComponentElement._firstBuild (package:flutter/src/widgets/framework.dart:5799:5)
#492    StatefulElement._firstBuild (package:flutter/src/widgets/framework.dart:5973:11)
#493    ComponentElement.mount (package:flutter/src/widgets/framework.dart:5793:5)
#494    Element.inflateWidget (package:flutter/src/widgets/framework.dart:4587:20)
#495    Element.updateChild (package:flutter/src/widgets/framework.dart:4059:18)
#496    ComponentElement.performRebuild (package:flutter/src/widgets/framework.dart:5841:16)
#497    Element.rebuild (package:flutter/src/widgets/framework.dart:5529:7)
#498    ComponentElement._firstBuild (package:flutter/src/widgets/framework.dart:5799:5)
#499    ComponentElement.mount (package:flutter/src/widgets/framework.dart:5793:5)
#500    Element.inflateWidget (package:flutter/src/widgets/framework.dart:4587:20)
#501    Element.updateChild (package:flutter/src/widgets/framework.dart:4059:18)
#502    SingleChildRenderObjectElement.mount (package:flutter/src/widgets/framework.dart:7115:14)
#503    Element.inflateWidget (package:flutter/src/widgets/framework.dart:4587:20)
#504    Element.updateChild (package:flutter/src/widgets/framework.dart:4059:18)
#505    ComponentElement.performRebuild (package:flutter/src/widgets/framework.dart:5841:16)
#506    Element.rebuild (package:flutter/src/widgets/framework.dart:5529:7)
#507    ComponentElement._firstBuild (package:flutter/src/widgets/framework.dart:5799:5)
#508    ComponentElement.mount (package:flutter/src/widgets/framework.dart:5793:5)
#509    Element.inflateWidget (package:flutter/src/widgets/framework.dart:4587:20)
#510    Element.updateChild (package:flutter/src/widgets/framework.dart:4059:18)
#511    ComponentElement.performRebuild (package:flutter/src/widgets/framework.dart:5841:16)
#512    StatefulElement.performRebuild (package:flutter/src/widgets/framework.dart:5982:11)
#513    Element.rebuild (package:flutter/src/widgets/framework.dart:5529:7)
#514    ComponentElement._firstBuild (package:flutter/src/widgets/framework.dart:5799:5)
#515    StatefulElement._firstBuild (package:flutter/src/widgets/framework.dart:5973:11)
#516    ComponentElement.mount (package:flutter/src/widgets/framework.dart:5793:5)
#517    Element.inflateWidget (package:flutter/src/widgets/framework.dart:4587:20)
#518    Element.updateChild (package:flutter/src/widgets/framework.dart:4059:18)
#519    ComponentElement.performRebuild (package:flutter/src/widgets/framework.dart:5841:16)
#520    StatefulElement.performRebuild (package:flutter/src/widgets/framework.dart:5982:11)
#521    Element.rebuild (package:flutter/src/widgets/framework.dart:5529:7)
#522    ComponentElement._firstBuild (package:flutter/src/widgets/framework.dart:5799:5)
#523    StatefulElement._firstBuild (package:flutter/src/widgets/framework.dart:5973:11)
#524    ComponentElement.mount (package:flutter/src/widgets/framework.dart:5793:5)
#525    Element.inflateWidget (package:flutter/src/widgets/framework.dart:4587:20)
#526    Element.updateChild (package:flutter/src/widgets/framework.dart:4059:18)
#527    ComponentElement.performRebuild (package:flutter/src/widgets/framework.dart:5841:16)
#528    Element.rebuild (package:flutter/src/widgets/framework.dart:5529:7)
#529    ComponentElement._firstBuild (package:flutter/src/widgets/framework.dart:5799:5)
#530    ComponentElement.mount (package:flutter/src/widgets/framework.dart:5793:5)
#531    Element.inflateWidget (package:flutter/src/widgets/framework.dart:4587:20)
#532    Element.updateChild (package:flutter/src/widgets/framework.dart:4059:18)
#533    ComponentElement.performRebuild (package:flutter/src/widgets/framework.dart:5841:16)
#534    Element.rebuild (package:flutter/src/widgets/framework.dart:5529:7)
#535    ComponentElement._firstBuild (package:flutter/src/widgets/framework.dart:5799:5)
#536    ComponentElement.mount (package:flutter/src/widgets/framework.dart:5793:5)
#537    Element.inflateWidget (package:flutter/src/widgets/framework.dart:4587:20)
#538    Element.updateChild (package:flutter/src/widgets/framework.dart:4059:18)
#539    SingleChildRenderObjectElement.mount (package:flutter/src/widgets/framework.dart:7115:14)
#540    Element.inflateWidget (package:flutter/src/widgets/framework.dart:4587:20)
#541    Element.updateChild (package:flutter/src/widgets/framework.dart:4059:18)
#542    ComponentElement.performRebuild (package:flutter/src/widgets/framework.dart:5841:16)
#543    StatefulElement.performRebuild (package:flutter/src/widgets/framework.dart:5982:11)
#544    Element.rebuild (package:flutter/src/widgets/framework.dart:5529:7)
#545    ComponentElement._firstBuild (package:flutter/src/widgets/framework.dart:5799:5)
#546    StatefulElement._firstBuild (package:flutter/src/widgets/framework.dart:5973:11)
#547    ComponentElement.mount (package:flutter/src/widgets/framework.dart:5793:5)
#548    Element.inflateWidget (package:flutter/src/widgets/framework.dart:4587:20)
#549    Element.updateChild (package:flutter/src/widgets/framework.dart:4059:18)
#550    ComponentElement.performRebuild (package:flutter/src/widgets/framework.dart:5841:16)
#551    StatefulElement.performRebuild (package:flutter/src/widgets/framework.dart:5982:11)
#552    Element.rebuild (package:flutter/src/widgets/framework.dart:5529:7)
#553    ComponentElement._firstBuild (package:flutter/src/widgets/framework.dart:5799:5)
#554    StatefulElement._firstBuild (package:flutter/src/widgets/framework.dart:5973:11)
#555    ComponentElement.mount (package:flutter/src/widgets/framework.dart:5793:5)
#556    Element.inflateWidget (package:flutter/src/widgets/framework.dart:4587:20)
#557    Element.updateChild (package:flutter/src/widgets/framework.dart:4059:18)
#558    SingleChildRenderObjectElement.mount (package:flutter/src/widgets/framework.dart:7115:14)
#559    Element.inflateWidget (package:flutter/src/widgets/framework.dart:4587:20)
#560    Element.updateChild (package:flutter/src/widgets/framework.dart:4059:18)
#561    ComponentElement.performRebuild (package:flutter/src/widgets/framework.dart:5841:16)
#562    Element.rebuild (package:flutter/src/widgets/framework.dart:5529:7)
#563    ComponentElement._firstBuild (package:flutter/src/widgets/framework.dart:5799:5)
#564    ComponentElement.mount (package:flutter/src/widgets/framework.dart:5793:5)
#565    Element.inflateWidget (package:flutter/src/widgets/framework.dart:4587:20)
#566    Element.updateChild (package:flutter/src/widgets/framework.dart:4059:18)
#567    ComponentElement.performRebuild (package:flutter/src/widgets/framework.dart:5841:16)
#568    StatefulElement.performRebuild (package:flutter/src/widgets/framework.dart:5982:11)
#569    Element.rebuild (package:flutter/src/widgets/framework.dart:5529:7)
#570    ComponentElement._firstBuild (package:flutter/src/widgets/framework.dart:5799:5)
#571    StatefulElement._firstBuild (package:flutter/src/widgets/framework.dart:5973:11)
#572    ComponentElement.mount (package:flutter/src/widgets/framework.dart:5793:5)
#573    Element.inflateWidget (package:flutter/src/widgets/framework.dart:4587:20)
#574    Element.updateChild (package:flutter/src/widgets/framework.dart:4059:18)
#575    ComponentElement.performRebuild (package:flutter/src/widgets/framework.dart:5841:16)
#576    StatefulElement.performRebuild (package:flutter/src/widgets/framework.dart:5982:11)
#577    Element.rebuild (package:flutter/src/widgets/framework.dart:5529:7)
#578    ComponentElement._firstBuild (package:flutter/src/widgets/framework.dart:5799:5)
#579    StatefulElement._firstBuild (package:flutter/src/widgets/framework.dart:5973:11)
#580    ComponentElement.mount (package:flutter/src/widgets/framework.dart:5793:5)
#581    Element.inflateWidget (package:flutter/src/widgets/framework.dart:4587:20)
#582    Element.updateChild (package:flutter/src/widgets/framework.dart:4059:18)
#583    ComponentElement.performRebuild (package:flutter/src/widgets/framework.dart:5841:16)
#584    Element.rebuild (package:flutter/src/widgets/framework.dart:5529:7)
#585    ComponentElement._firstBuild (package:flutter/src/widgets/framework.dart:5799:5)
#586    ComponentElement.mount (package:flutter/src/widgets/framework.dart:5793:5)
#587    Element.inflateWidget (package:flutter/src/widgets/framework.dart:4587:20)
#588    Element.updateChild (package:flutter/src/widgets/framework.dart:4059:18)
#589    ComponentElement.performRebuild (package:flutter/src/widgets/framework.dart:5841:16)
#590    StatefulElement.performRebuild (package:flutter/src/widgets/framework.dart:5982:11)
#591    Element.rebuild (package:flutter/src/widgets/framework.dart:5529:7)
#592    ComponentElement._firstBuild (package:flutter/src/widgets/framework.dart:5799:5)
#593    StatefulElement._firstBuild (package:flutter/src/widgets/framework.dart:5973:11)
#594    ComponentElement.mount (package:flutter/src/widgets/framework.dart:5793:5)
#595    Element.inflateWidget (package:flutter/src/widgets/framework.dart:4587:20)
#596    Element.updateChild (package:flutter/src/widgets/framework.dart:4059:18)
#597    SingleChildRenderObjectElement.mount (package:flutter/src/widgets/framework.dart:7115:14)
#598    Element.inflateWidget (package:flutter/src/widgets/framework.dart:4587:20)
#599    Element.updateChild (package:flutter/src/widgets/framework.dart:4059:18)
#600    ComponentElement.performRebuild (package:flutter/src/widgets/framework.dart:5841:16)
#601    Element.rebuild (package:flutter/src/widgets/framework.dart:5529:7)
#602    ComponentElement._firstBuild (package:flutter/src/widgets/framework.dart:5799:5)
#603    ComponentElement.mount (package:flutter/src/widgets/framework.dart:5793:5)
#604    Element.inflateWidget (package:flutter/src/widgets/framework.dart:4587:20)
#605    Element.updateChild (package:flutter/src/widgets/framework.dart:4059:18)
#606    ComponentElement.performRebuild (package:flutter/src/widgets/framework.dart:5841:16)
#607    StatefulElement.performRebuild (package:flutter/src/widgets/framework.dart:5982:11)
#608    Element.rebuild (package:flutter/src/widgets/framework.dart:5529:7)
#609    ComponentElement._firstBuild (package:flutter/src/widgets/framework.dart:5799:5)
#610    StatefulElement._firstBuild (package:flutter/src/widgets/framework.dart:5973:11)
#611    ComponentElement.mount (package:flutter/src/widgets/framework.dart:5793:5)
#612    Element.inflateWidget (package:flutter/src/widgets/framework.dart:4587:20)
#613    Element.updateChild (package:flutter/src/widgets/framework.dart:4059:18)
#614    ComponentElement.performRebuild (package:flutter/src/widgets/framework.dart:5841:16)
#615    StatefulElement.performRebuild (package:flutter/src/widgets/framework.dart:5982:11)
#616    Element.rebuild (package:flutter/src/widgets/framework.dart:5529:7)
#617    ComponentElement._firstBuild (package:flutter/src/widgets/framework.dart:5799:5)
#618    StatefulElement._firstBuild (package:flutter/src/widgets/framework.dart:5973:11)
#619    ComponentElement.mount (package:flutter/src/widgets/framework.dart:5793:5)
#620    Element.inflateWidget (package:flutter/src/widgets/framework.dart:4587:20)
#621    Element.updateChild (package:flutter/src/widgets/framework.dart:4059:18)
#622    ComponentElement.performRebuild (package:flutter/src/widgets/framework.dart:5841:16)
#623    Element.rebuild (package:flutter/src/widgets/framework.dart:5529:7)
#624    ComponentElement._firstBuild (package:flutter/src/widgets/framework.dart:5799:5)
#625    ComponentElement.mount (package:flutter/src/widgets/framework.dart:5793:5)
#626    Element.inflateWidget (package:flutter/src/widgets/framework.dart:4587:20)
#627    Element.updateChild (package:flutter/src/widgets/framework.dart:4059:18)
#628    ComponentElement.performRebuild (package:flutter/src/widgets/framework.dart:5841:16)
#629    StatefulElement.performRebuild (package:flutter/src/widgets/framework.dart:5982:11)
#630    Element.rebuild (package:flutter/src/widgets/framework.dart:5529:7)
#631    ComponentElement._firstBuild (package:flutter/src/widgets/framework.dart:5799:5)
#632    StatefulElement._firstBuild (package:flutter/src/widgets/framework.dart:5973:11)
#633    ComponentElement.mount (package:flutter/src/widgets/framework.dart:5793:5)
#634    Element.inflateWidget (package:flutter/src/widgets/framework.dart:4587:20)
#635    Element.updateChild (package:flutter/src/widgets/framework.dart:4059:18)
#636    SingleChildRenderObjectElement.mount (package:flutter/src/widgets/framework.dart:7115:14)
#637    Element.inflateWidget (package:flutter/src/widgets/framework.dart:4587:20)
#638    Element.updateChild (package:flutter/src/widgets/framework.dart:4059:18)
#639    ComponentElement.performRebuild (package:flutter/src/widgets/framework.dart:5841:16)
#640    Element.rebuild (package:flutter/src/widgets/framework.dart:5529:7)
#641    ComponentElement._firstBuild (package:flutter/src/widgets/framework.dart:5799:5)
#642    ComponentElement.mount (package:flutter/src/widgets/framework.dart:5793:5)
#643    Element.inflateWidget (package:flutter/src/widgets/framework.dart:4587:20)
#644    Element.updateChild (package:flutter/src/widgets/framework.dart:4059:18)
#645    ComponentElement.performRebuild (package:flutter/src/widgets/framework.dart:5841:16)
#646    StatefulElement.performRebuild (package:flutter/src/widgets/framework.dart:5982:11)
#647    Element.rebuild (package:flutter/src/widgets/framework.dart:5529:7)
#648    ComponentElement._firstBuild (package:flutter/src/widgets/framework.dart:5799:5)
#649    StatefulElement._firstBuild (package:flutter/src/widgets/framework.dart:5973:11)
#650    ComponentElement.mount (package:flutter/src/widgets/framework.dart:5793:5)
#651    Element.inflateWidget (package:flutter/src/widgets/framework.dart:4587:20)
#652    Element.updateChild (package:flutter/src/widgets/framework.dart:4059:18)
#653    ComponentElement.performRebuild (package:flutter/src/widgets/framework.dart:5841:16)
#654    StatefulElement.performRebuild (package:flutter/src/widgets/framework.dart:5982:11)
#655    Element.rebuild (package:flutter/src/widgets/framework.dart:5529:7)
#656    ComponentElement._firstBuild (package:flutter/src/widgets/framework.dart:5799:5)
#657    StatefulElement._firstBuild (package:flutter/src/widgets/framework.dart:5973:11)
#658    ComponentElement.mount (package:flutter/src/widgets/framework.dart:5793:5)
#659    Element.inflateWidget (package:flutter/src/widgets/framework.dart:4587:20)
#660    Element.updateChild (package:flutter/src/widgets/framework.dart:4059:18)
#661    ComponentElement.performRebuild (package:flutter/src/widgets/framework.dart:5841:16)
#662    Element.rebuild (package:flutter/src/widgets/framework.dart:5529:7)
#663    ComponentElement._firstBuild (package:flutter/src/widgets/framework.dart:5799:5)
#664    ComponentElement.mount (package:flutter/src/widgets/framework.dart:5793:5)
#665    Element.inflateWidget (package:flutter/src/widgets/framework.dart:4587:20)
#666    Element.updateChild (package:flutter/src/widgets/framework.dart:4059:18)
#667    SingleChildRenderObjectElement.mount (package:flutter/src/widgets/framework.dart:7115:14)
#668    Element.inflateWidget (package:flutter/src/widgets/framework.dart:4587:20)
#669    Element.updateChild (package:flutter/src/widgets/framework.dart:4059:18)
#670    ComponentElement.performRebuild (package:flutter/src/widgets/framework.dart:5841:16)
#671    Element.rebuild (package:flutter/src/widgets/framework.dart:5529:7)
#672    ComponentElement._firstBuild (package:flutter/src/widgets/framework.dart:5799:5)
#673    ComponentElement.mount (package:flutter/src/widgets/framework.dart:5793:5)
#674    Element.inflateWidget (package:flutter/src/widgets/framework.dart:4587:20)
#675    Element.updateChild (package:flutter/src/widgets/framework.dart:4059:18)
#676    ComponentElement.performRebuild (package:flutter/src/widgets/framework.dart:5841:16)
#677    StatefulElement.performRebuild (package:flutter/src/widgets/framework.dart:5982:11)
#678    Element.rebuild (package:flutter/src/widgets/framework.dart:5529:7)
#679    ComponentElement._firstBuild (package:flutter/src/widgets/framework.dart:5799:5)
#680    StatefulElement._firstBuild (package:flutter/src/widgets/framework.dart:5973:11)
#681    ComponentElement.mount (package:flutter/src/widgets/framework.dart:5793:5)
#682    Element.inflateWidget (package:flutter/src/widgets/framework.dart:4587:20)
#683    Element.updateChild (package:flutter/src/widgets/framework.dart:4059:18)
#684    ComponentElement.performRebuild (package:flutter/src/widgets/framework.dart:5841:16)
#685    StatefulElement.performRebuild (package:flutter/src/widgets/framework.dart:5982:11)
#686    Element.rebuild (package:flutter/src/widgets/framework.dart:5529:7)
#687    ComponentElement._firstBuild (package:flutter/src/widgets/framework.dart:5799:5)
#688    StatefulElement._firstBuild (package:flutter/src/widgets/framework.dart:5973:11)
#689    ComponentElement.mount (package:flutter/src/widgets/framework.dart:5793:5)
#690    Element.inflateWidget (package:flutter/src/widgets/framework.dart:4587:20)
#691    Element.updateChild (package:flutter/src/widgets/framework.dart:4059:18)
#692    ComponentElement.performRebuild (package:flutter/src/widgets/framework.dart:5841:16)
#693    Element.rebuild (package:flutter/src/widgets/framework.dart:5529:7)
#694    ComponentElement._firstBuild (package:flutter/src/widgets/framework.dart:5799:5)
#695    ComponentElement.mount (package:flutter/src/widgets/framework.dart:5793:5)
#696    Element.inflateWidget (package:flutter/src/widgets/framework.dart:4587:20)
#697    Element.updateChild (package:flutter/src/widgets/framework.dart:4059:18)
#698    ComponentElement.performRebuild (package:flutter/src/widgets/framework.dart:5841:16)
#699    Element.rebuild (package:flutter/src/widgets/framework.dart:5529:7)
#700    ComponentElement._firstBuild (package:flutter/src/widgets/framework.dart:5799:5)
#701    ComponentElement.mount (package:flutter/src/widgets/framework.dart:5793:5)
#702    Element.inflateWidget (package:flutter/src/widgets/framework.dart:4587:20)
#703    Element.updateChild (package:flutter/src/widgets/framework.dart:4059:18)
#704    ComponentElement.performRebuild (package:flutter/src/widgets/framework.dart:5841:16)
#705    StatefulElement.performRebuild (package:flutter/src/widgets/framework.dart:5982:11)
#706    Element.rebuild (package:flutter/src/widgets/framework.dart:5529:7)
#707    ComponentElement._firstBuild (package:flutter/src/widgets/framework.dart:5799:5)
#708    StatefulElement._firstBuild (package:flutter/src/widgets/framework.dart:5973:11)
#709    ComponentElement.mount (package:flutter/src/widgets/framework.dart:5793:5)
#710    Element.inflateWidget (package:flutter/src/widgets/framework.dart:4587:20)
#711    Element.updateChild (package:flutter/src/widgets/framework.dart:4059:18)
#712    ComponentElement.performRebuild (package:flutter/src/widgets/framework.dart:5841:16)
#713    Element.rebuild (package:flutter/src/widgets/framework.dart:5529:7)
#714    ComponentElement._firstBuild (package:flutter/src/widgets/framework.dart:5799:5)
#715    ComponentElement.mount (package:flutter/src/widgets/framework.dart:5793:5)
#716    Element.inflateWidget (package:flutter/src/widgets/framework.dart:4587:20)
#717    Element.updateChild (package:flutter/src/widgets/framework.dart:4059:18)
#718    ComponentElement.performRebuild (package:flutter/src/widgets/framework.dart:5841:16)
#719    StatefulElement.performRebuild (package:flutter/src/widgets/framework.dart:5982:11)
#720    Element.rebuild (package:flutter/src/widgets/framework.dart:5529:7)
#721    ComponentElement._firstBuild (package:flutter/src/widgets/framework.dart:5799:5)
#722    StatefulElement._firstBuild (package:flutter/src/widgets/framework.dart:5973:11)
#723    ComponentElement.mount (package:flutter/src/widgets/framework.dart:5793:5)
#724    Element.inflateWidget (package:flutter/src/widgets/framework.dart:4587:20)
#725    Element.updateChild (package:flutter/src/widgets/framework.dart:4059:18)
#726    ComponentElement.performRebuild (package:flutter/src/widgets/framework.dart:5841:16)
#727    Element.rebuild (package:flutter/src/widgets/framework.dart:5529:7)
#728    ComponentElement._firstBuild (package:flutter/src/widgets/framework.dart:5799:5)
#729    ComponentElement.mount (package:flutter/src/widgets/framework.dart:5793:5)
#730    Element.inflateWidget (package:flutter/src/widgets/framework.dart:4587:20)
#731    Element.updateChild (package:flutter/src/widgets/framework.dart:4059:18)
#732    ComponentElement.performRebuild (package:flutter/src/widgets/framework.dart:5841:16)
#733    StatefulElement.performRebuild (package:flutter/src/widgets/framework.dart:5982:11)
#734    Element.rebuild (package:flutter/src/widgets/framework.dart:5529:7)
#735    ComponentElement._firstBuild (package:flutter/src/widgets/framework.dart:5799:5)
#736    StatefulElement._firstBuild (package:flutter/src/widgets/framework.dart:5973:11)
#737    ComponentElement.mount (package:flutter/src/widgets/framework.dart:5793:5)
#738    Element.inflateWidget (package:flutter/src/widgets/framework.dart:4587:20)
#739    Element.updateChild (package:flutter/src/widgets/framework.dart:4059:18)
#740    ComponentElement.performRebuild (package:flutter/src/widgets/framework.dart:5841:16)
#741    StatefulElement.performRebuild (package:flutter/src/widgets/framework.dart:5982:11)
#742    Element.rebuild (package:flutter/src/widgets/framework.dart:5529:7)
#743    ComponentElement._firstBuild (package:flutter/src/widgets/framework.dart:5799:5)
#744    StatefulElement._firstBuild (package:flutter/src/widgets/framework.dart:5973:11)
#745    ComponentElement.mount (package:flutter/src/widgets/framework.dart:5793:5)
#746    Element.inflateWidget (package:flutter/src/widgets/framework.dart:4587:20)
#747    Element.updateChild (package:flutter/src/widgets/framework.dart:4059:18)
#748    ComponentElement.performRebuild (package:flutter/src/widgets/framework.dart:5841:16)
#749    Element.rebuild (package:flutter/src/widgets/framework.dart:5529:7)
#750    ComponentElement._firstBuild (package:flutter/src/widgets/framework.dart:5799:5)
#751    ComponentElement.mount (package:flutter/src/widgets/framework.dart:5793:5)
#752    Element.inflateWidget (package:flutter/src/widgets/framework.dart:4587:20)
#753    Element.updateChild (package:flutter/src/widgets/framework.dart:4059:18)
#754    ComponentElement.performRebuild (package:flutter/src/widgets/framework.dart:5841:16)
#755    Element.rebuild (package:flutter/src/widgets/framework.dart:5529:7)
#756    ComponentElement._firstBuild (package:flutter/src/widgets/framework.dart:5799:5)
#757    ComponentElement.mount (package:flutter/src/widgets/framework.dart:5793:5)
#758    Element.inflateWidget (package:flutter/src/widgets/framework.dart:4587:20)
#759    Element.updateChild (package:flutter/src/widgets/framework.dart:4059:18)
#760    ComponentElement.performRebuild (package:flutter/src/widgets/framework.dart:5841:16)
#761    StatefulElement.performRebuild (package:flutter/src/widgets/framework.dart:5982:11)
#762    Element.rebuild (package:flutter/src/widgets/framework.dart:5529:7)
#763    ComponentElement._firstBuild (package:flutter/src/widgets/framework.dart:5799:5)
#764    StatefulElement._firstBuild (package:flutter/src/widgets/framework.dart:5973:11)
#765    ComponentElement.mount (package:flutter/src/widgets/framework.dart:5793:5)
#766    Element.inflateWidget (package:flutter/src/widgets/framework.dart:4587:20)
#767    Element.updateChild (package:flutter/src/widgets/framework.dart:4059:18)
#768    ComponentElement.performRebuild (package:flutter/src/widgets/framework.dart:5841:16)
#769    Element.rebuild (package:flutter/src/widgets/framework.dart:5529:7)
#770    ComponentElement._firstBuild (package:flutter/src/widgets/framework.dart:5799:5)
#771    ComponentElement.mount (package:flutter/src/widgets/framework.dart:5793:5)
#772    Element.inflateWidget (package:flutter/src/widgets/framework.dart:4587:20)
#773    Element.updateChild (package:flutter/src/widgets/framework.dart:4059:18)
#774    ComponentElement.performRebuild (package:flutter/src/widgets/framework.dart:5841:16)
#775    StatefulElement.performRebuild (package:flutter/src/widgets/framework.dart:5982:11)
#776    Element.rebuild (package:flutter/src/widgets/framework.dart:5529:7)
#777    ComponentElement._firstBuild (package:flutter/src/widgets/framework.dart:5799:5)
#778    StatefulElement._firstBuild (package:flutter/src/widgets/framework.dart:5973:11)
#779    ComponentElement.mount (package:flutter/src/widgets/framework.dart:5793:5)
#780    Element.inflateWidget (package:flutter/src/widgets/framework.dart:4587:20)
#781    Element.updateChild (package:flutter/src/widgets/framework.dart:4059:18)
#782    ComponentElement.performRebuild (package:flutter/src/widgets/framework.dart:5841:16)
#783    StatefulElement.performRebuild (package:flutter/src/widgets/framework.dart:5982:11)
#784    Element.rebuild (package:flutter/src/widgets/framework.dart:5529:7)
#785    ComponentElement._firstBuild (package:flutter/src/widgets/framework.dart:5799:5)
#786    StatefulElement._firstBuild (package:flutter/src/widgets/framework.dart:5973:11)
#787    ComponentElement.mount (package:flutter/src/widgets/framework.dart:5793:5)
#788    Element.inflateWidget (package:flutter/src/widgets/framework.dart:4587:20)
#789    Element.updateChild (package:flutter/src/widgets/framework.dart:4053:20)
#790    ComponentElement.performRebuild (package:flutter/src/widgets/framework.dart:5841:16)
#791    Element.rebuild (package:flutter/src/widgets/framework.dart:5529:7)
#792    ProxyElement.update (package:flutter/src/widgets/framework.dart:6149:5)
#793    _InheritedNotifierElement.update (package:flutter/src/widgets/inherited_notifier.dart:108:11)
#794    Element.updateChild (package:flutter/src/widgets/framework.dart:4037:15)
#795    ComponentElement.performRebuild (package:flutter/src/widgets/framework.dart:5841:16)
#796    StatefulElement.performRebuild (package:flutter/src/widgets/framework.dart:5982:11)
#797    Element.rebuild (package:flutter/src/widgets/framework.dart:5529:7)
#798    StatefulElement.update (package:flutter/src/widgets/framework.dart:6007:5)
#799    Element.updateChild (package:flutter/src/widgets/framework.dart:4037:15)
#800    ComponentElement.performRebuild (package:flutter/src/widgets/framework.dart:5841:16)
#801    Element.rebuild (package:flutter/src/widgets/framework.dart:5529:7)
#802    ProxyElement.update (package:flutter/src/widgets/framework.dart:6149:5)
#803    _InheritedNotifierElement.update (package:flutter/src/widgets/inherited_notifier.dart:108:11)
#804    Element.updateChild (package:flutter/src/widgets/framework.dart:4037:15)
#805    ComponentElement.performRebuild (package:flutter/src/widgets/framework.dart:5841:16)
#806    StatefulElement.performRebuild (package:flutter/src/widgets/framework.dart:5982:11)
#807    Element.rebuild (package:flutter/src/widgets/framework.dart:5529:7)
#808    StatefulElement.update (package:flutter/src/widgets/framework.dart:6007:5)
#809    Element.updateChild (package:flutter/src/widgets/framework.dart:4037:15)
#810    ComponentElement.performRebuild (package:flutter/src/widgets/framework.dart:5841:16)
#811    StatefulElement.performRebuild (package:flutter/src/widgets/framework.dart:5982:11)
#812    Element.rebuild (package:flutter/src/widgets/framework.dart:5529:7)
#813    StatefulElement.update (package:flutter/src/widgets/framework.dart:6007:5)
#814    Element.updateChild (package:flutter/src/widgets/framework.dart:4037:15)
#815    ComponentElement.performRebuild (package:flutter/src/widgets/framework.dart:5841:16)
#816    Element.rebuild (package:flutter/src/widgets/framework.dart:5529:7)
#817    ProxyElement.update (package:flutter/src/widgets/framework.dart:6149:5)
#818    Element.updateChild (package:flutter/src/widgets/framework.dart:4037:15)
#819    ComponentElement.performRebuild (package:flutter/src/widgets/framework.dart:5841:16)
#820    StatefulElement.performRebuild (package:flutter/src/widgets/framework.dart:5982:11)
#821    Element.rebuild (package:flutter/src/widgets/framework.dart:5529:7)
#822    StatefulElement.update (package:flutter/src/widgets/framework.dart:6007:5)
#823    Element.updateChild (package:flutter/src/widgets/framework.dart:4037:15)
#824    ComponentElement.performRebuild (package:flutter/src/widgets/framework.dart:5841:16)
#825    Element.rebuild (package:flutter/src/widgets/framework.dart:5529:7)
#826    ProxyElement.update (package:flutter/src/widgets/framework.dart:6149:5)
#827    Element.updateChild (package:flutter/src/widgets/framework.dart:4037:15)
#828    ComponentElement.performRebuild (package:flutter/src/widgets/framework.dart:5841:16)
#829    Element.rebuild (package:flutter/src/widgets/framework.dart:5529:7)
#830    ProxyElement.update (package:flutter/src/widgets/framework.dart:6149:5)
#831    Element.updateChild (package:flutter/src/widgets/framework.dart:4037:15)
#832    _RawViewElement._updateChild (package:flutter/src/widgets/view.dart:481:16)
#833    _RawViewElement.update (package:flutter/src/widgets/view.dart:568:5)
#834    Element.updateChild (package:flutter/src/widgets/framework.dart:4037:15)
#835    ComponentElement.performRebuild (package:flutter/src/widgets/framework.dart:5841:16)
#836    Element.rebuild (package:flutter/src/widgets/framework.dart:5529:7)
#837    StatelessElement.update (package:flutter/src/widgets/framework.dart:5895:5)
#838    Element.updateChild (package:flutter/src/widgets/framework.dart:4037:15)
#839    ComponentElement.performRebuild (package:flutter/src/widgets/framework.dart:5841:16)
#840    StatefulElement.performRebuild (package:flutter/src/widgets/framework.dart:5982:11)
#841    Element.rebuild (package:flutter/src/widgets/framework.dart:5529:7)
#842    StatefulElement.update (package:flutter/src/widgets/framework.dart:6007:5)
#843    Element.updateChild (package:flutter/src/widgets/framework.dart:4037:15)
#844    RootElement._rebuild (package:flutter/src/widgets/binding.dart:2091:16)
#845    RootElement.update (package:flutter/src/widgets/binding.dart:2069:5)
#846    RootElement.performRebuild (package:flutter/src/widgets/binding.dart:2083:7)
#847    Element.rebuild (package:flutter/src/widgets/framework.dart:5529:7)
#848    BuildScope._tryRebuild (package:flutter/src/widgets/framework.dart:2750:15)
#849    BuildScope._flushDirtyElements (package:flutter/src/widgets/framework.dart:2807:11)
#850    BuildOwner.buildScope (package:flutter/src/widgets/framework.dart:3111:18)
#851    AutomatedTestWidgetsFlutterBinding.drawFrame (package:flutter_test/src/binding.dart:2431:19)
#852    RendererBinding._handlePersistentFrameCallback (package:flutter/src/rendering/binding.dart:509:5)
#853    SchedulerBinding._invokeFrameCallback (package:flutter/src/scheduler/binding.dart:1430:15)
#854    SchedulerBinding.handleDrawFrame (package:flutter/src/scheduler/binding.dart:1345:9)
#855    AutomatedTestWidgetsFlutterBinding.pump.<anonymous closure> (package:flutter_test/src/binding.dart:2260:9)
#856    _rootRun (dart:async/zone_root.dart:35:13)
#857    _CustomZone.run (dart:async/zone.dart:726:19)
#858    TestAsyncUtils.guard (package:flutter_test/src/test_async_utils.dart:74:41)
#859    AutomatedTestWidgetsFlutterBinding.pump (package:flutter_test/src/binding.dart:2249:27)
#860    WidgetTester.pumpWidget.<anonymous closure> (package:flutter_test/src/widget_tester.dart:598:22)
#861    _rootRun (dart:async/zone_root.dart:35:13)
#862    _CustomZone.run (dart:async/zone.dart:726:19)
#863    TestAsyncUtils.guard (package:flutter_test/src/test_async_utils.dart:74:41)
#864    WidgetTester.pumpWidget (package:flutter_test/src/widget_tester.dart:595:27)
#865    main.<anonymous closure> (file:///C:/Users/andrvoicu/Desktop/repos/collectarr-app/test/features/library/home/home_page_test.dart:202:18)
#866    testWidgets.<anonymous closure>.<anonymous closure> (package:flutter_test/src/widget_tester.dart:192:29)
<asynchronous suspension>
#867    TestWidgetsFlutterBinding._runTestBody (package:flutter_test/src/binding.dart:1952:5)
<asynchronous suspension>
#868    StackZoneSpecification._registerCallback.<anonymous closure> (package:stack_trace/src/stack_zone_specification.dart:114:42)
<asynchronous suspension>
This warning will only appear on debug builds.
00:22 +418 -7: C:/Users/andrvoicu/Desktop/repos/collectarr-app/test/features/library/inspector/library_inspector_test.dart: inspector hero switches local back-cover affordance with the selected copy
00:23 +419 -7: C:/Users/andrvoicu/Desktop/repos/collectarr-app/test/features/library/home/home_page_test.dart: library navigation preferences hide comics and use left rail
00:23 +420 -7: C:/Users/andrvoicu/Desktop/repos/collectarr-app/test/features/library/home/home_page_test.dart: library navigation preferences hide comics and use left rail
00:23 +421 -7: C:/Users/andrvoicu/Desktop/repos/collectarr-app/test/features/library/home/home_page_test.dart: library navigation preferences hide comics and use left rail
WARNING (drift): It looks like you've created the database class LocalDatabase multiple times. When these two databases use the same QueryExecutor, race conditions will occur and might corrupt the database. 
Try to follow the advice at https://drift.simonbinder.eu/faq/#using-the-database or, if you know what you're doing, set driftRuntimeOptions.dontWarnAboutMultipleDatabases = true
Here is the stacktrace from when the database was opened a second time:
#0      GeneratedDatabase._handleInstantiated (package:drift/src/runtime/api/db_base.dart:96:30)
#1      GeneratedDatabase._whenConstructed (package:drift/src/runtime/api/db_base.dart:73:12)
#2      new GeneratedDatabase (package:drift/src/runtime/api/db_base.dart:64:5)
#3      new _$LocalDatabase (package:collectarr_app/core/db/local_database.g.dart:12351:38)
#4      new LocalDatabase (package:collectarr_app/core/db/local_database.dart:387:9)
#5      localDatabaseProvider.<anonymous closure> (package:collectarr_app/state/local_database_provider.dart:5:14)
#6      Provider.create (package:riverpod/src/providers/provider.dart:59:36)
#7      $ProviderElement.create (package:riverpod/src/providers/provider.dart:343:32)
#8      ProviderElement.buildState (package:riverpod/src/core/element.dart:684:28)
#9      ProviderElement.mount (package:riverpod/src/core/element.dart:537:7)
#10     ProviderElement.flush (package:riverpod/src/core/element.dart:640:7)
#11     $ProviderBaseImpl._addListener (package:riverpod/src/core/provider/provider.dart:119:24)
#12     ProviderElement.listen (package:riverpod/src/core/element.dart:923:28)
#13     Ref.watch (package:riverpod/src/core/ref.dart:655:20)
#14     overdueLoanOwnedItemIdsProvider.<anonymous closure> (package:collectarr_app/features/library/home/home_counts.dart:26:35)
#15     FutureProvider.create (package:riverpod/src/providers/future_provider.dart:142:46)
#16     $FutureProviderElement.create.<anonymous closure> (package:riverpod/src/providers/future_provider.dart:167:45)
#17     ElementWithFuture.handleFuture.<anonymous closure> (package:riverpod/src/core/element.dart:206:30)
#18     ElementWithFuture._handleAsync (package:riverpod/src/core/element.dart:270:35)
#19     ElementWithFuture.handleFuture (package:riverpod/src/core/element.dart:200:12)
#20     $FutureProviderElement.create (package:riverpod/src/providers/future_provider.dart:167:12)
#21     ProviderElement.buildState (package:riverpod/src/core/element.dart:684:28)
#22     ProviderElement.mount (package:riverpod/src/core/element.dart:537:7)
#23     ProviderElement.flush (package:riverpod/src/core/element.dart:640:7)
#24     $ProviderBaseImpl._addListener (package:riverpod/src/core/provider/provider.dart:119:24)
#25     ProviderContainer.listen (package:riverpod/src/core/provider_container.dart:960:26)
#26     ConsumerStatefulElement.watch.<anonymous closure> (package:flutter_riverpod/src/core/consumer.dart:475:37)
#27     _LinkedHashMapMixin.putIfAbsent (dart:_compact_hash:682:23)
#28     ConsumerStatefulElement.watch (package:flutter_riverpod/src/core/consumer.dart:468:14)
#29     _LibraryHomePageState.build (package:collectarr_app/features/library/home/home_page.dart:90:41)
#30     StatefulElement.build (package:flutter/src/widgets/framework.dart:5931:27)
#31     ConsumerStatefulElement.build (package:flutter_riverpod/src/core/consumer.dart:445:20)
#32     ComponentElement.performRebuild (package:flutter/src/widgets/framework.dart:5817:15)
#33     StatefulElement.performRebuild (package:flutter/src/widgets/framework.dart:5982:11)
#34     Element.rebuild (package:flutter/src/widgets/framework.dart:5529:7)
#35     ComponentElement._firstBuild (package:flutter/src/widgets/framework.dart:5799:5)
#36     StatefulElement._firstBuild (package:flutter/src/widgets/framework.dart:5973:11)
#37     ComponentElement.mount (package:flutter/src/widgets/framework.dart:5793:5)
#38     Element.inflateWidget (package:flutter/src/widgets/framework.dart:4587:20)
#39     Element.updateChild (package:flutter/src/widgets/framework.dart:4059:18)
#40     SingleChildRenderObjectElement.mount (package:flutter/src/widgets/framework.dart:7115:14)
#41     Element.inflateWidget (package:flutter/src/widgets/framework.dart:4587:20)
#42     Element.updateChild (package:flutter/src/widgets/framework.dart:4059:18)
#43     ComponentElement.performRebuild (package:flutter/src/widgets/framework.dart:5841:16)
#44     Element.rebuild (package:flutter/src/widgets/framework.dart:5529:7)
#45     ComponentElement._firstBuild (package:flutter/src/widgets/framework.dart:5799:5)
#46     ComponentElement.mount (package:flutter/src/widgets/framework.dart:5793:5)
#47     Element.inflateWidget (package:flutter/src/widgets/framework.dart:4587:20)
#48     Element.updateChild (package:flutter/src/widgets/framework.dart:4059:18)
#49     SingleChildRenderObjectElement.mount (package:flutter/src/widgets/framework.dart:7115:14)
#50     Element.inflateWidget (package:flutter/src/widgets/framework.dart:4587:20)
#51     Element.updateChild (package:flutter/src/widgets/framework.dart:4059:18)
#52     SingleChildRenderObjectElement.mount (package:flutter/src/widgets/framework.dart:7115:14)
#53     Element.inflateWidget (package:flutter/src/widgets/framework.dart:4587:20)
#54     Element.updateChild (package:flutter/src/widgets/framework.dart:4059:18)
#55     ComponentElement.performRebuild (package:flutter/src/widgets/framework.dart:5841:16)
#56     StatefulElement.performRebuild (package:flutter/src/widgets/framework.dart:5982:11)
#57     Element.rebuild (package:flutter/src/widgets/framework.dart:5529:7)
#58     ComponentElement._firstBuild (package:flutter/src/widgets/framework.dart:5799:5)
#59     StatefulElement._firstBuild (package:flutter/src/widgets/framework.dart:5973:11)
#60     ComponentElement.mount (package:flutter/src/widgets/framework.dart:5793:5)
#61     Element.inflateWidget (package:flutter/src/widgets/framework.dart:4587:20)
#62     Element.updateChild (package:flutter/src/widgets/framework.dart:4059:18)
#63     SingleChildRenderObjectElement.mount (package:flutter/src/widgets/framework.dart:7115:14)
#64     Element.inflateWidget (package:flutter/src/widgets/framework.dart:4587:20)
#65     Element.updateChild (package:flutter/src/widgets/framework.dart:4059:18)
#66     ComponentElement.performRebuild (package:flutter/src/widgets/framework.dart:5841:16)
#67     StatefulElement.performRebuild (package:flutter/src/widgets/framework.dart:5982:11)
#68     Element.rebuild (package:flutter/src/widgets/framework.dart:5529:7)
#69     ComponentElement._firstBuild (package:flutter/src/widgets/framework.dart:5799:5)
#70     StatefulElement._firstBuild (package:flutter/src/widgets/framework.dart:5973:11)
#71     ComponentElement.mount (package:flutter/src/widgets/framework.dart:5793:5)
#72     Element.inflateWidget (package:flutter/src/widgets/framework.dart:4587:20)
#73     Element.updateChild (package:flutter/src/widgets/framework.dart:4059:18)
#74     SingleChildRenderObjectElement.mount (package:flutter/src/widgets/framework.dart:7115:14)
#75     Element.inflateWidget (package:flutter/src/widgets/framework.dart:4587:20)
#76     Element.updateChild (package:flutter/src/widgets/framework.dart:4059:18)
#77     SingleChildRenderObjectElement.mount (package:flutter/src/widgets/framework.dart:7115:14)
#78     Element.inflateWidget (package:flutter/src/widgets/framework.dart:4587:20)
#79     Element.updateChild (package:flutter/src/widgets/framework.dart:4059:18)
#80     ComponentElement.performRebuild (package:flutter/src/widgets/framework.dart:5841:16)
#81     StatefulElement.performRebuild (package:flutter/src/widgets/framework.dart:5982:11)
#82     Element.rebuild (package:flutter/src/widgets/framework.dart:5529:7)
#83     ComponentElement._firstBuild (package:flutter/src/widgets/framework.dart:5799:5)
#84     StatefulElement._firstBuild (package:flutter/src/widgets/framework.dart:5973:11)
#85     ComponentElement.mount (package:flutter/src/widgets/framework.dart:5793:5)
#86     Element.inflateWidget (package:flutter/src/widgets/framework.dart:4587:20)
#87     Element.updateChild (package:flutter/src/widgets/framework.dart:4059:18)
#88     SingleChildRenderObjectElement.mount (package:flutter/src/widgets/framework.dart:7115:14)
#89     Element.inflateWidget (package:flutter/src/widgets/framework.dart:4587:20)
#90     Element.updateChild (package:flutter/src/widgets/framework.dart:4059:18)
#91     ComponentElement.performRebuild (package:flutter/src/widgets/framework.dart:5841:16)
#92     StatefulElement.performRebuild (package:flutter/src/widgets/framework.dart:5982:11)
#93     Element.rebuild (package:flutter/src/widgets/framework.dart:5529:7)
#94     ComponentElement._firstBuild (package:flutter/src/widgets/framework.dart:5799:5)
#95     StatefulElement._firstBuild (package:flutter/src/widgets/framework.dart:5973:11)
#96     ComponentElement.mount (package:flutter/src/widgets/framework.dart:5793:5)
#97     Element.inflateWidget (package:flutter/src/widgets/framework.dart:4587:20)
#98     Element.updateChild (package:flutter/src/widgets/framework.dart:4059:18)
#99     SingleChildRenderObjectElement.mount (package:flutter/src/widgets/framework.dart:7115:14)
00:23 +422 -7: C:/Users/andrvoicu/Desktop/repos/collectarr-app/test/features/library/home/home_page_test.dart: library navigation preferences hide comics and use left rail
#100    Element.inflateWidget (package:flutter/src/widgets/framework.dart:4587:20)
#101    Element.updateChild (package:flutter/src/widgets/framework.dart:4059:18)
#102    SingleChildRenderObjectElement.mount (package:flutter/src/widgets/framework.dart:7115:14)
#103    Element.inflateWidget (package:flutter/src/widgets/framework.dart:4587:20)
#104    Element.updateChild (package:flutter/src/widgets/framework.dart:4059:18)
#105    ComponentElement.performRebuild (package:flutter/src/widgets/framework.dart:5841:16)
#106    StatefulElement.performRebuild (package:flutter/src/widgets/framework.dart:5982:11)
#107    Element.rebuild (package:flutter/src/widgets/framework.dart:5529:7)
#108    ComponentElement._firstBuild (package:flutter/src/widgets/framework.dart:5799:5)
#109    StatefulElement._firstBuild (package:flutter/src/widgets/framework.dart:5973:11)
#110    ComponentElement.mount (package:flutter/src/widgets/framework.dart:5793:5)
#111    Element.inflateWidget (package:flutter/src/widgets/framework.dart:4587:20)
#112    Element.updateChild (package:flutter/src/widgets/framework.dart:4059:18)
#113    SingleChildRenderObjectElement.mount (package:flutter/src/widgets/framework.dart:7115:14)
#114    Element.inflateWidget (package:flutter/src/widgets/framework.dart:4587:20)
#115    Element.updateChild (package:flutter/src/widgets/framework.dart:4059:18)
#116    SingleChildRenderObjectElement.mount (package:flutter/src/widgets/framework.dart:7115:14)
#117    Element.inflateWidget (package:flutter/src/widgets/framework.dart:4587:20)
#118    Element.updateChild (package:flutter/src/widgets/framework.dart:4059:18)
#119    SingleChildRenderObjectElement.mount (package:flutter/src/widgets/framework.dart:7115:14)
#120    Element.inflateWidget (package:flutter/src/widgets/framework.dart:4587:20)
#121    Element.updateChild (package:flutter/src/widgets/framework.dart:4059:18)
#122    ComponentElement.performRebuild (package:flutter/src/widgets/framework.dart:5841:16)
#123    StatefulElement.performRebuild (package:flutter/src/widgets/framework.dart:5982:11)
#124    Element.rebuild (package:flutter/src/widgets/framework.dart:5529:7)
#125    ComponentElement._firstBuild (package:flutter/src/widgets/framework.dart:5799:5)
#126    StatefulElement._firstBuild (package:flutter/src/widgets/framework.dart:5973:11)
#127    ComponentElement.mount (package:flutter/src/widgets/framework.dart:5793:5)
#128    Element.inflateWidget (package:flutter/src/widgets/framework.dart:4587:20)
#129    Element.updateChild (package:flutter/src/widgets/framework.dart:4059:18)
#130    SingleChildRenderObjectElement.mount (package:flutter/src/widgets/framework.dart:7115:14)
#131    Element.inflateWidget (package:flutter/src/widgets/framework.dart:4587:20)
#132    Element.updateChild (package:flutter/src/widgets/framework.dart:4059:18)
#133    ComponentElement.performRebuild (package:flutter/src/widgets/framework.dart:5841:16)
#134    StatefulElement.performRebuild (package:flutter/src/widgets/framework.dart:5982:11)
#135    Element.rebuild (package:flutter/src/widgets/framework.dart:5529:7)
#136    ComponentElement._firstBuild (package:flutter/src/widgets/framework.dart:5799:5)
#137    StatefulElement._firstBuild (package:flutter/src/widgets/framework.dart:5973:11)
#138    ComponentElement.mount (package:flutter/src/widgets/framework.dart:5793:5)
#139    Element.inflateWidget (package:flutter/src/widgets/framework.dart:4587:20)
#140    Element.updateChild (package:flutter/src/widgets/framework.dart:4059:18)
#141    ComponentElement.performRebuild (package:flutter/src/widgets/framework.dart:5841:16)
#142    Element.rebuild (package:flutter/src/widgets/framework.dart:5529:7)
#143    ComponentElement._firstBuild (package:flutter/src/widgets/framework.dart:5799:5)
#144    ComponentElement.mount (package:flutter/src/widgets/framework.dart:5793:5)
#145    Element.inflateWidget (package:flutter/src/widgets/framework.dart:4587:20)
#146    Element.updateChild (package:flutter/src/widgets/framework.dart:4059:18)
#147    ComponentElement.performRebuild (package:flutter/src/widgets/framework.dart:5841:16)
#148    StatefulElement.performRebuild (package:flutter/src/widgets/framework.dart:5982:11)
#149    Element.rebuild (package:flutter/src/widgets/framework.dart:5529:7)
#150    ComponentElement._firstBuild (package:flutter/src/widgets/framework.dart:5799:5)
#151    StatefulElement._firstBuild (package:flutter/src/widgets/framework.dart:5973:11)
#152    ComponentElement.mount (package:flutter/src/widgets/framework.dart:5793:5)
#153    Element.inflateWidget (package:flutter/src/widgets/framework.dart:4587:20)
#154    Element.updateChild (package:flutter/src/widgets/framework.dart:4059:18)
#155    ComponentElement.performRebuild (package:flutter/src/widgets/framework.dart:5841:16)
#156    StatefulElement.performRebuild (package:flutter/src/widgets/framework.dart:5982:11)
#157    Element.rebuild (package:flutter/src/widgets/framework.dart:5529:7)
#158    ComponentElement._firstBuild (package:flutter/src/widgets/framework.dart:5799:5)
#159    StatefulElement._firstBuild (package:flutter/src/widgets/framework.dart:5973:11)
#160    ComponentElement.mount (package:flutter/src/widgets/framework.dart:5793:5)
#161    Element.inflateWidget (package:flutter/src/widgets/framework.dart:4587:20)
#162    Element.updateChild (package:flutter/src/widgets/framework.dart:4059:18)
#163    ComponentElement.performRebuild (package:flutter/src/widgets/framework.dart:5841:16)
#164    StatefulElement.performRebuild (package:flutter/src/widgets/framework.dart:5982:11)
#165    Element.rebuild (package:flutter/src/widgets/framework.dart:5529:7)
#166    ComponentElement._firstBuild (package:flutter/src/widgets/framework.dart:5799:5)
#167    StatefulElement._firstBuild (package:flutter/src/widgets/framework.dart:5973:11)
#168    ComponentElement.mount (package:flutter/src/widgets/framework.dart:5793:5)
#169    Element.inflateWidget (package:flutter/src/widgets/framework.dart:4587:20)
#170    Element.updateChild (package:flutter/src/widgets/framework.dart:4059:18)
#171    SingleChildRenderObjectElement.mount (package:flutter/src/widgets/framework.dart:7115:14)
#172    Element.inflateWidget (package:flutter/src/widgets/framework.dart:4587:20)
#173    Element.updateChild (package:flutter/src/widgets/framework.dart:4059:18)
#174    ComponentElement.performRebuild (package:flutter/src/widgets/framework.dart:5841:16)
#175    Element.rebuild (package:flutter/src/widgets/framework.dart:5529:7)
#176    ComponentElement._firstBuild (package:flutter/src/widgets/framework.dart:5799:5)
#177    ComponentElement.mount (package:flutter/src/widgets/framework.dart:5793:5)
#178    Element.inflateWidget (package:flutter/src/widgets/framework.dart:4587:20)
#179    Element.updateChild (package:flutter/src/widgets/framework.dart:4059:18)
#180    SingleChildRenderObjectElement.mount (package:flutter/src/widgets/framework.dart:7115:14)
#181    Element.inflateWidget (package:flutter/src/widgets/framework.dart:4587:20)
#182    Element.updateChild (package:flutter/src/widgets/framework.dart:4059:18)
#183    ComponentElement.performRebuild (package:flutter/src/widgets/framework.dart:5841:16)
#184    StatefulElement.performRebuild (package:flutter/src/widgets/framework.dart:5982:11)
#185    Element.rebuild (package:flutter/src/widgets/framework.dart:5529:7)
#186    ComponentElement._firstBuild (package:flutter/src/widgets/framework.dart:5799:5)
#187    StatefulElement._firstBuild (package:flutter/src/widgets/framework.dart:5973:11)
#188    ComponentElement.mount (package:flutter/src/widgets/framework.dart:5793:5)
#189    Element.inflateWidget (package:flutter/src/widgets/framework.dart:4587:20)
#190    Element.updateChild (package:flutter/src/widgets/framework.dart:4059:18)
#191    ComponentElement.performRebuild (package:flutter/src/widgets/framework.dart:5841:16)
#192    Element.rebuild (package:flutter/src/widgets/framework.dart:5529:7)
#193    ComponentElement._firstBuild (package:flutter/src/widgets/framework.dart:5799:5)
#194    ComponentElement.mount (package:flutter/src/widgets/framework.dart:5793:5)
#195    Element.inflateWidget (package:flutter/src/widgets/framework.dart:4587:20)
#196    Element.updateChild (package:flutter/src/widgets/framework.dart:4059:18)
#197    ComponentElement.performRebuild (package:flutter/src/widgets/framework.dart:5841:16)
#198    Element.rebuild (package:flutter/src/widgets/framework.dart:5529:7)
#199    ComponentElement._firstBuild (package:flutter/src/widgets/framework.dart:5799:5)
#200    ComponentElement.mount (package:flutter/src/widgets/framework.dart:5793:5)
#201    Element.inflateWidget (package:flutter/src/widgets/framework.dart:4587:20)
#202    Element.updateChild (package:flutter/src/widgets/framework.dart:4059:18)
#203    ComponentElement.performRebuild (package:flutter/src/widgets/framework.dart:5841:16)
#204    StatefulElement.performRebuild (package:flutter/src/widgets/framework.dart:5982:11)
#205    Element.rebuild (package:flutter/src/widgets/framework.dart:5529:7)
#206    ComponentElement._firstBuild (package:flutter/src/widgets/framework.dart:5799:5)
#207    StatefulElement._firstBuild (package:flutter/src/widgets/framework.dart:5973:11)
#208    ComponentElement.mount (package:flutter/src/widgets/framework.dart:5793:5)
#209    Element.inflateWidget (package:flutter/src/widgets/framework.dart:4587:20)
#210    Element.updateChild (package:flutter/src/widgets/framework.dart:4059:18)
#211    ComponentElement.performRebuild (package:flutter/src/widgets/framework.dart:5841:16)
#212    Element.rebuild (package:flutter/src/widgets/framework.dart:5529:7)
#213    ComponentElement._firstBuild (package:flutter/src/widgets/framework.dart:5799:5)
#214    ComponentElement.mount (package:flutter/src/widgets/framework.dart:5793:5)
#215    Element.inflateWidget (package:flutter/src/widgets/framework.dart:4587:20)
#216    Element.updateChild (package:flutter/src/widgets/framework.dart:4059:18)
#217    ComponentElement.performRebuild (package:flutter/src/widgets/framework.dart:5841:16)
#218    Element.rebuild (package:flutter/src/widgets/framework.dart:5529:7)
#219    ComponentElement._firstBuild (package:flutter/src/widgets/framework.dart:5799:5)
#220    ComponentElement.mount (package:flutter/src/widgets/framework.dart:5793:5)
#221    Element.inflateWidget (package:flutter/src/widgets/framework.dart:4587:20)
#222    Element.updateChild (package:flutter/src/widgets/framework.dart:4059:18)
#223    SingleChildRenderObjectElement.mount (package:flutter/src/widgets/framework.dart:7115:14)
#224    Element.inflateWidget (package:flutter/src/widgets/framework.dart:4587:20)
#225    Element.updateChild (package:flutter/src/widgets/framework.dart:4059:18)
#226    ComponentElement.performRebuild (package:flutter/src/widgets/framework.dart:5841:16)
#227    Element.rebuild (package:flutter/src/widgets/framework.dart:5529:7)
#228    ComponentElement._firstBuild (package:flutter/src/widgets/framework.dart:5799:5)
#229    ComponentElement.mount (package:flutter/src/widgets/framework.dart:5793:5)
#230    Element.inflateWidget (package:flutter/src/widgets/framework.dart:4587:20)
00:23 +423 -7: C:/Users/andrvoicu/Desktop/repos/collectarr-app/test/features/library/home/home_page_test.dart: library navigation preferences hide comics and use left rail
#231    Element.updateChild (package:flutter/src/widgets/framework.dart:4059:18)
#232    ComponentElement.performRebuild (package:flutter/src/widgets/framework.dart:5841:16)
#233    Element.rebuild (package:flutter/src/widgets/framework.dart:5529:7)
#234    ComponentElement._firstBuild (package:flutter/src/widgets/framework.dart:5799:5)
#235    ComponentElement.mount (package:flutter/src/widgets/framework.dart:5793:5)
#236    Element.inflateWidget (package:flutter/src/widgets/framework.dart:4587:20)
#237    Element.updateChild (package:flutter/src/widgets/framework.dart:4059:18)
#238    ComponentElement.performRebuild (package:flutter/src/widgets/framework.dart:5841:16)
#239    StatefulElement.performRebuild (package:flutter/src/widgets/framework.dart:5982:11)
#240    Element.rebuild (package:flutter/src/widgets/framework.dart:5529:7)
#241    ComponentElement._firstBuild (package:flutter/src/widgets/framework.dart:5799:5)
#242    StatefulElement._firstBuild (package:flutter/src/widgets/framework.dart:5973:11)
#243    ComponentElement.mount (package:flutter/src/widgets/framework.dart:5793:5)
#244    Element.inflateWidget (package:flutter/src/widgets/framework.dart:4587:20)
#245    Element.updateChild (package:flutter/src/widgets/framework.dart:4059:18)
#246    ComponentElement.performRebuild (package:flutter/src/widgets/framework.dart:5841:16)
#247    StatefulElement.performRebuild (package:flutter/src/widgets/framework.dart:5982:11)
#248    Element.rebuild (package:flutter/src/widgets/framework.dart:5529:7)
#249    ComponentElement._firstBuild (package:flutter/src/widgets/framework.dart:5799:5)
#250    StatefulElement._firstBuild (package:flutter/src/widgets/framework.dart:5973:11)
#251    ComponentElement.mount (package:flutter/src/widgets/framework.dart:5793:5)
#252    Element.inflateWidget (package:flutter/src/widgets/framework.dart:4587:20)
#253    Element.updateChild (package:flutter/src/widgets/framework.dart:4059:18)
#254    ComponentElement.performRebuild (package:flutter/src/widgets/framework.dart:5841:16)
#255    StatefulElement.performRebuild (package:flutter/src/widgets/framework.dart:5982:11)
#256    Element.rebuild (package:flutter/src/widgets/framework.dart:5529:7)
#257    ComponentElement._firstBuild (package:flutter/src/widgets/framework.dart:5799:5)
#258    StatefulElement._firstBuild (package:flutter/src/widgets/framework.dart:5973:11)
#259    ComponentElement.mount (package:flutter/src/widgets/framework.dart:5793:5)
#260    Element.inflateWidget (package:flutter/src/widgets/framework.dart:4587:20)
#261    Element.updateChild (package:flutter/src/widgets/framework.dart:4059:18)
#262    SingleChildRenderObjectElement.mount (package:flutter/src/widgets/framework.dart:7115:14)
#263    Element.inflateWidget (package:flutter/src/widgets/framework.dart:4587:20)
#264    Element.updateChild (package:flutter/src/widgets/framework.dart:4059:18)
#265    ComponentElement.performRebuild (package:flutter/src/widgets/framework.dart:5841:16)
#266    Element.rebuild (package:flutter/src/widgets/framework.dart:5529:7)
#267    ComponentElement._firstBuild (package:flutter/src/widgets/framework.dart:5799:5)
#268    ComponentElement.mount (package:flutter/src/widgets/framework.dart:5793:5)
#269    Element.inflateWidget (package:flutter/src/widgets/framework.dart:4587:20)
#270    Element.updateChild (package:flutter/src/widgets/framework.dart:4059:18)
#271    ComponentElement.performRebuild (package:flutter/src/widgets/framework.dart:5841:16)
#272    Element.rebuild (package:flutter/src/widgets/framework.dart:5529:7)
#273    ComponentElement._firstBuild (package:flutter/src/widgets/framework.dart:5799:5)
#274    ComponentElement.mount (package:flutter/src/widgets/framework.dart:5793:5)
#275    Element.inflateWidget (package:flutter/src/widgets/framework.dart:4587:20)
#276    Element.updateChild (package:flutter/src/widgets/framework.dart:4059:18)
#277    ComponentElement.performRebuild (package:flutter/src/widgets/framework.dart:5841:16)
#278    Element.rebuild (package:flutter/src/widgets/framework.dart:5529:7)
#279    ComponentElement._firstBuild (package:flutter/src/widgets/framework.dart:5799:5)
#280    ComponentElement.mount (package:flutter/src/widgets/framework.dart:5793:5)
#281    Element.inflateWidget (package:flutter/src/widgets/framework.dart:4587:20)
#282    Element.updateChild (package:flutter/src/widgets/framework.dart:4059:18)
#283    ComponentElement.performRebuild (package:flutter/src/widgets/framework.dart:5841:16)
#284    StatefulElement.performRebuild (package:flutter/src/widgets/framework.dart:5982:11)
#285    Element.rebuild (package:flutter/src/widgets/framework.dart:5529:7)
#286    ComponentElement._firstBuild (package:flutter/src/widgets/framework.dart:5799:5)
#287    StatefulElement._firstBuild (package:flutter/src/widgets/framework.dart:5973:11)
#288    ComponentElement.mount (package:flutter/src/widgets/framework.dart:5793:5)
#289    Element.inflateWidget (package:flutter/src/widgets/framework.dart:4587:20)
#290    Element.updateChild (package:flutter/src/widgets/framework.dart:4059:18)
#291    ComponentElement.performRebuild (package:flutter/src/widgets/framework.dart:5841:16)
#292    StatefulElement.performRebuild (package:flutter/src/widgets/framework.dart:5982:11)
#293    Element.rebuild (package:flutter/src/widgets/framework.dart:5529:7)
#294    ComponentElement._firstBuild (package:flutter/src/widgets/framework.dart:5799:5)
#295    StatefulElement._firstBuild (package:flutter/src/widgets/framework.dart:5973:11)
#296    ComponentElement.mount (package:flutter/src/widgets/framework.dart:5793:5)
#297    Element.inflateWidget (package:flutter/src/widgets/framework.dart:4587:20)
#298    MultiChildRenderObjectElement.inflateWidget (package:flutter/src/widgets/framework.dart:7264:36)
#299    MultiChildRenderObjectElement.mount (package:flutter/src/widgets/framework.dart:7279:32)
#300    Element.inflateWidget (package:flutter/src/widgets/framework.dart:4587:20)
#301    Element.updateChild (package:flutter/src/widgets/framework.dart:4059:18)
#302    ComponentElement.performRebuild (package:flutter/src/widgets/framework.dart:5841:16)
#303    StatefulElement.performRebuild (package:flutter/src/widgets/framework.dart:5982:11)
#304    Element.rebuild (package:flutter/src/widgets/framework.dart:5529:7)
#305    ComponentElement._firstBuild (package:flutter/src/widgets/framework.dart:5799:5)
#306    StatefulElement._firstBuild (package:flutter/src/widgets/framework.dart:5973:11)
#307    ComponentElement.mount (package:flutter/src/widgets/framework.dart:5793:5)
#308    Element.inflateWidget (package:flutter/src/widgets/framework.dart:4587:20)
#309    Element.updateChild (package:flutter/src/widgets/framework.dart:4059:18)
#310    ComponentElement.performRebuild (package:flutter/src/widgets/framework.dart:5841:16)
#311    Element.rebuild (package:flutter/src/widgets/framework.dart:5529:7)
#312    ComponentElement._firstBuild (package:flutter/src/widgets/framework.dart:5799:5)
#313    ComponentElement.mount (package:flutter/src/widgets/framework.dart:5793:5)
#314    Element.inflateWidget (package:flutter/src/widgets/framework.dart:4587:20)
#315    Element.updateChild (package:flutter/src/widgets/framework.dart:4059:18)
#316    ComponentElement.performRebuild (package:flutter/src/widgets/framework.dart:5841:16)
#317    Element.rebuild (package:flutter/src/widgets/framework.dart:5529:7)
#318    ComponentElement._firstBuild (package:flutter/src/widgets/framework.dart:5799:5)
#319    ComponentElement.mount (package:flutter/src/widgets/framework.dart:5793:5)
#320    Element.inflateWidget (package:flutter/src/widgets/framework.dart:4587:20)
#321    Element.updateChild (package:flutter/src/widgets/framework.dart:4059:18)
#322    ComponentElement.performRebuild (package:flutter/src/widgets/framework.dart:5841:16)
#323    StatefulElement.performRebuild (package:flutter/src/widgets/framework.dart:5982:11)
#324    Element.rebuild (package:flutter/src/widgets/framework.dart:5529:7)
#325    ComponentElement._firstBuild (package:flutter/src/widgets/framework.dart:5799:5)
#326    StatefulElement._firstBuild (package:flutter/src/widgets/framework.dart:5973:11)
#327    ComponentElement.mount (package:flutter/src/widgets/framework.dart:5793:5)
#328    Element.inflateWidget (package:flutter/src/widgets/framework.dart:4587:20)
#329    Element.updateChild (package:flutter/src/widgets/framework.dart:4059:18)
#330    ComponentElement.performRebuild (package:flutter/src/widgets/framework.dart:5841:16)
#331    Element.rebuild (package:flutter/src/widgets/framework.dart:5529:7)
#332    ComponentElement._firstBuild (package:flutter/src/widgets/framework.dart:5799:5)
#333    ComponentElement.mount (package:flutter/src/widgets/framework.dart:5793:5)
#334    Element.inflateWidget (package:flutter/src/widgets/framework.dart:4587:20)
#335    Element.updateChild (package:flutter/src/widgets/framework.dart:4059:18)
#336    ComponentElement.performRebuild (package:flutter/src/widgets/framework.dart:5841:16)
#337    StatefulElement.performRebuild (package:flutter/src/widgets/framework.dart:5982:11)
#338    Element.rebuild (package:flutter/src/widgets/framework.dart:5529:7)
#339    ComponentElement._firstBuild (package:flutter/src/widgets/framework.dart:5799:5)
#340    StatefulElement._firstBuild (package:flutter/src/widgets/framework.dart:5973:11)
#341    ComponentElement.mount (package:flutter/src/widgets/framework.dart:5793:5)
#342    Element.inflateWidget (package:flutter/src/widgets/framework.dart:4587:20)
#343    Element.updateChild (package:flutter/src/widgets/framework.dart:4059:18)
#344    ComponentElement.performRebuild (package:flutter/src/widgets/framework.dart:5841:16)
#345    StatefulElement.performRebuild (package:flutter/src/widgets/framework.dart:5982:11)
#346    Element.rebuild (package:flutter/src/widgets/framework.dart:5529:7)
#347    ComponentElement._firstBuild (package:flutter/src/widgets/framework.dart:5799:5)
#348    StatefulElement._firstBuild (package:flutter/src/widgets/framework.dart:5973:11)
#349    ComponentElement.mount (package:flutter/src/widgets/framework.dart:5793:5)
#350    Element.inflateWidget (package:flutter/src/widgets/framework.dart:4587:20)
#351    Element.updateChild (package:flutter/src/widgets/framework.dart:4059:18)
#352    SingleChildRenderObjectElement.mount (package:flutter/src/widgets/framework.dart:7115:14)
#353    Element.inflateWidget (package:flutter/src/widgets/framework.dart:4587:20)
#354    Element.updateChild (package:flutter/src/widgets/framework.dart:4059:18)
#355    SingleChildRenderObjectElement.mount (package:flutter/src/widgets/framework.dart:7115:14)
#356    Element.inflateWidget (package:flutter/src/widgets/framework.dart:4587:20)
#357    Element.updateChild (package:flutter/src/widgets/framework.dart:4059:18)
#358    ComponentElement.performRebuild (package:flutter/src/widgets/framework.dart:5841:16)
#359    Element.rebuild (package:flutter/src/widgets/framework.dart:5529:7)
#360    ComponentElement._firstBuild (package:flutter/src/widgets/framework.dart:5799:5)
#361    ComponentElement.mount (package:flutter/src/widgets/framework.dart:5793:5)
#362    Element.inflateWidget (package:flutter/src/widgets/framework.dart:4587:20)
#363    Element.updateChild (package:flutter/src/widgets/framework.dart:4059:18)
#364    ComponentElement.performRebuild (package:flutter/src/widgets/framework.dart:5841:16)
#365    Element.rebuild (package:flutter/src/widgets/framework.dart:5529:7)
#366    ComponentElement._firstBuild (package:flutter/src/widgets/framework.dart:5799:5)
#367    ComponentElement.mount (package:flutter/src/widgets/framework.dart:5793:5)
#368    Element.inflateWidget (package:flutter/src/widgets/framework.dart:4587:20)
#369    Element.updateChild (package:flutter/src/widgets/framework.dart:4059:18)
#370    ComponentElement.performRebuild (package:flutter/src/widgets/framework.dart:5841:16)
#371    StatefulElement.performRebuild (package:flutter/src/widgets/framework.dart:5982:11)
#372    Element.rebuild (package:flutter/src/widgets/framework.dart:5529:7)
#373    ComponentElement._firstBuild (package:flutter/src/widgets/framework.dart:5799:5)
#374    StatefulElement._firstBuild (package:flutter/src/widgets/framework.dart:5973:11)
#375    ComponentElement.mount (package:flutter/src/widgets/framework.dart:5793:5)
#376    Element.inflateWidget (package:flutter/src/widgets/framework.dart:4587:20)
#377    Element.updateChild (package:flutter/src/widgets/framework.dart:4059:18)
#378    ComponentElement.performRebuild (package:flutter/src/widgets/framework.dart:5841:16)
#379    Element.rebuild (package:flutter/src/widgets/framework.dart:5529:7)
#380    ComponentElement._firstBuild (package:flutter/src/widgets/framework.dart:5799:5)
#381    ComponentElement.mount (package:flutter/src/widgets/framework.dart:5793:5)
#382    Element.inflateWidget (package:flutter/src/widgets/framework.dart:4587:20)
#383    Element.updateChild (package:flutter/src/widgets/framework.dart:4059:18)
#384    SingleChildRenderObjectElement.mount (package:flutter/src/widgets/framework.dart:7115:14)
#385    Element.inflateWidget (package:flutter/src/widgets/framework.dart:4587:20)
#386    Element.updateChild (package:flutter/src/widgets/framework.dart:4059:18)
#387    ComponentElement.performRebuild (package:flutter/src/widgets/framework.dart:5841:16)
#388    StatefulElement.performRebuild (package:flutter/src/widgets/framework.dart:5982:11)
#389    Element.rebuild (package:flutter/src/widgets/framework.dart:5529:7)
#390    ComponentElement._firstBuild (package:flutter/src/widgets/framework.dart:5799:5)
#391    StatefulElement._firstBuild (package:flutter/src/widgets/framework.dart:5973:11)
#392    ComponentElement.mount (package:flutter/src/widgets/framework.dart:5793:5)
#393    Element.inflateWidget (package:flutter/src/widgets/framework.dart:4587:20)
#394    Element.updateChild (package:flutter/src/widgets/framework.dart:4059:18)
#395    ComponentElement.performRebuild (package:flutter/src/widgets/framework.dart:5841:16)
#396    Element.rebuild (package:flutter/src/widgets/framework.dart:5529:7)
#397    ComponentElement._firstBuild (package:flutter/src/widgets/framework.dart:5799:5)
#398    ComponentElement.mount (package:flutter/src/widgets/framework.dart:5793:5)
#399    Element.inflateWidget (package:flutter/src/widgets/framework.dart:4587:20)
#400    Element.updateChild (package:flutter/src/widgets/framework.dart:4059:18)
#401    ComponentElement.performRebuild (package:flutter/src/widgets/framework.dart:5841:16)
#402    Element.rebuild (package:flutter/src/widgets/framework.dart:5529:7)
#403    ComponentElement._firstBuild (package:flutter/src/widgets/framework.dart:5799:5)
#404    ComponentElement.mount (package:flutter/src/widgets/framework.dart:5793:5)
#405    Element.inflateWidget (package:flutter/src/widgets/framework.dart:4587:20)
#406    Element.updateChild (package:flutter/src/widgets/framework.dart:4059:18)
#407    ComponentElement.performRebuild (package:flutter/src/widgets/framework.dart:5841:16)
#408    StatefulElement.performRebuild (package:flutter/src/widgets/framework.dart:5982:11)
#409    Element.rebuild (package:flutter/src/widgets/framework.dart:5529:7)
#410    ComponentElement._firstBuild (package:flutter/src/widgets/framework.dart:5799:5)
#411    StatefulElement._firstBuild (package:flutter/src/widgets/framework.dart:5973:11)
#412    ComponentElement.mount (package:flutter/src/widgets/framework.dart:5793:5)
#413    Element.inflateWidget (package:flutter/src/widgets/framework.dart:4587:20)
#414    Element.updateChild (package:flutter/src/widgets/framework.dart:4059:18)
#415    ComponentElement.performRebuild (package:flutter/src/widgets/framework.dart:5841:16)
#416    Element.rebuild (package:flutter/src/widgets/framework.dart:5529:7)
#417    ComponentElement._firstBuild (package:flutter/src/widgets/framework.dart:5799:5)
#418    ComponentElement.mount (package:flutter/src/widgets/framework.dart:5793:5)
#419    Element.inflateWidget (package:flutter/src/widgets/framework.dart:4587:20)
#420    Element.updateChild (package:flutter/src/widgets/framework.dart:4059:18)
#421    ComponentElement.performRebuild (package:flutter/src/widgets/framework.dart:5841:16)
#422    Element.rebuild (package:flutter/src/widgets/framework.dart:5529:7)
#423    ComponentElement._firstBuild (package:flutter/src/widgets/framework.dart:5799:5)
#424    ComponentElement.mount (package:flutter/src/widgets/framework.dart:5793:5)
#425    Element.inflateWidget (package:flutter/src/widgets/framework.dart:4587:20)
#426    Element.updateChild (package:flutter/src/widgets/framework.dart:4059:18)
#427    ComponentElement.performRebuild (package:flutter/src/widgets/framework.dart:5841:16)
#428    Element.rebuild (package:flutter/src/widgets/framework.dart:5529:7)
#429    ComponentElement._firstBuild (package:flutter/src/widgets/framework.dart:5799:5)
#430    ComponentElement.mount (package:flutter/src/widgets/framework.dart:5793:5)
#431    Element.inflateWidget (package:flutter/src/widgets/framework.dart:4587:20)
#432    Element.updateChild (package:flutter/src/widgets/framework.dart:4059:18)
#433    ComponentElement.performRebuild (package:flutter/src/widgets/framework.dart:5841:16)
#434    Element.rebuild (package:flutter/src/widgets/framework.dart:5529:7)
#435    ComponentElement._firstBuild (package:flutter/src/widgets/framework.dart:5799:5)
#436    ComponentElement.mount (package:flutter/src/widgets/framework.dart:5793:5)
#437    Element.inflateWidget (package:flutter/src/widgets/framework.dart:4587:20)
#438    Element.updateChild (package:flutter/src/widgets/framework.dart:4059:18)
#439    ComponentElement.performRebuild (package:flutter/src/widgets/framework.dart:5841:16)
#440    Element.rebuild (package:flutter/src/widgets/framework.dart:5529:7)
#441    ComponentElement._firstBuild (package:flutter/src/widgets/framework.dart:5799:5)
#442    ComponentElement.mount (package:flutter/src/widgets/framework.dart:5793:5)
#443    Element.inflateWidget (package:flutter/src/widgets/framework.dart:4587:20)
#444    Element.updateChild (package:flutter/src/widgets/framework.dart:4059:18)
#445    ComponentElement.performRebuild (package:flutter/src/widgets/framework.dart:5841:16)
#446    Element.rebuild (package:flutter/src/widgets/framework.dart:5529:7)
#447    ComponentElement._firstBuild (package:flutter/src/widgets/framework.dart:5799:5)
#448    ComponentElement.mount (package:flutter/src/widgets/framework.dart:5793:5)
#449    Element.inflateWidget (package:flutter/src/widgets/framework.dart:4587:20)
#450    Element.updateChild (package:flutter/src/widgets/framework.dart:4059:18)
#451    ComponentElement.performRebuild (package:flutter/src/widgets/framework.dart:5841:16)
#452    Element.rebuild (package:flutter/src/widgets/framework.dart:5529:7)
#453    ComponentElement._firstBuild (package:flutter/src/widgets/framework.dart:5799:5)
#454    ComponentElement.mount (package:flutter/src/widgets/framework.dart:5793:5)
#455    Element.inflateWidget (package:flutter/src/widgets/framework.dart:4587:20)
#456    Element.updateChild (package:flutter/src/widgets/framework.dart:4059:18)
#457    ComponentElement.performRebuild (package:flutter/src/widgets/framework.dart:5841:16)
#458    StatefulElement.performRebuild (package:flutter/src/widgets/framework.dart:5982:11)
#459    Element.rebuild (package:flutter/src/widgets/framework.dart:5529:7)
#460    ComponentElement._firstBuild (package:flutter/src/widgets/framework.dart:5799:5)
#461    StatefulElement._firstBuild (package:flutter/src/widgets/framework.dart:5973:11)
#462    ComponentElement.mount (package:flutter/src/widgets/framework.dart:5793:5)
#463    Element.inflateWidget (package:flutter/src/widgets/framework.dart:4587:20)
#464    Element.updateChild (package:flutter/src/widgets/framework.dart:4059:18)
#465    ComponentElement.performRebuild (package:flutter/src/widgets/framework.dart:5841:16)
#466    Element.rebuild (package:flutter/src/widgets/framework.dart:5529:7)
#467    ComponentElement._firstBuild (package:flutter/src/widgets/framework.dart:5799:5)
#468    ComponentElement.mount (package:flutter/src/widgets/framework.dart:5793:5)
#469    Element.inflateWidget (package:flutter/src/widgets/framework.dart:4587:20)
#470    Element.updateChild (package:flutter/src/widgets/framework.dart:4059:18)
#471    ComponentElement.performRebuild (package:flutter/src/widgets/framework.dart:5841:16)
#472    Element.rebuild (package:flutter/src/widgets/framework.dart:5529:7)
#473    ComponentElement._firstBuild (package:flutter/src/widgets/framework.dart:5799:5)
#474    ComponentElement.mount (package:flutter/src/widgets/framework.dart:5793:5)
#475    Element.inflateWidget (package:flutter/src/widgets/framework.dart:4587:20)
#476    Element.updateChild (package:flutter/src/widgets/framework.dart:4059:18)
#477    ComponentElement.performRebuild (package:flutter/src/widgets/framework.dart:5841:16)
#478    StatefulElement.performRebuild (package:flutter/src/widgets/framework.dart:5982:11)
#479    Element.rebuild (package:flutter/src/widgets/framework.dart:5529:7)
#480    ComponentElement._firstBuild (package:flutter/src/widgets/framework.dart:5799:5)
#481    StatefulElement._firstBuild (package:flutter/src/widgets/framework.dart:5973:11)
#482    ComponentElement.mount (package:flutter/src/widgets/framework.dart:5793:5)
#483    Element.inflateWidget (package:flutter/src/widgets/framework.dart:4587:20)
#484    Element.updateChild (package:flutter/src/widgets/framework.dart:4059:18)
#485    SingleChildRenderObjectElement.mount (package:flutter/src/widgets/framework.dart:7115:14)
#486    Element.inflateWidget (package:flutter/src/widgets/framework.dart:4587:20)
#487    Element.updateChild (package:flutter/src/widgets/framework.dart:4059:18)
#488    ComponentElement.performRebuild (package:flutter/src/widgets/framework.dart:5841:16)
#489    StatefulElement.performRebuild (package:flutter/src/widgets/framework.dart:5982:11)
#490    Element.rebuild (package:flutter/src/widgets/framework.dart:5529:7)
#491    ComponentElement._firstBuild (package:flutter/src/widgets/framework.dart:5799:5)
#492    StatefulElement._firstBuild (package:flutter/src/widgets/framework.dart:5973:11)
#493    ComponentElement.mount (package:flutter/src/widgets/framework.dart:5793:5)
#494    Element.inflateWidget (package:flutter/src/widgets/framework.dart:4587:20)
#495    Element.updateChild (package:flutter/src/widgets/framework.dart:4059:18)
#496    ComponentElement.performRebuild (package:flutter/src/widgets/framework.dart:5841:16)
#497    Element.rebuild (package:flutter/src/widgets/framework.dart:5529:7)
#498    ComponentElement._firstBuild (package:flutter/src/widgets/framework.dart:5799:5)
#499    ComponentElement.mount (package:flutter/src/widgets/framework.dart:5793:5)
#500    Element.inflateWidget (package:flutter/src/widgets/framework.dart:4587:20)
#501    Element.updateChild (package:flutter/src/widgets/framework.dart:4059:18)
#502    SingleChildRenderObjectElement.mount (package:flutter/src/widgets/framework.dart:7115:14)
#503    Element.inflateWidget (package:flutter/src/widgets/framework.dart:4587:20)
#504    Element.updateChild (package:flutter/src/widgets/framework.dart:4059:18)
#505    ComponentElement.performRebuild (package:flutter/src/widgets/framework.dart:5841:16)
#506    Element.rebuild (package:flutter/src/widgets/framework.dart:5529:7)
#507    ComponentElement._firstBuild (package:flutter/src/widgets/framework.dart:5799:5)
#508    ComponentElement.mount (package:flutter/src/widgets/framework.dart:5793:5)
#509    Element.inflateWidget (package:flutter/src/widgets/framework.dart:4587:20)
#510    Element.updateChild (package:flutter/src/widgets/framework.dart:4059:18)
#511    ComponentElement.performRebuild (package:flutter/src/widgets/framework.dart:5841:16)
#512    StatefulElement.performRebuild (package:flutter/src/widgets/framework.dart:5982:11)
#513    Element.rebuild (package:flutter/src/widgets/framework.dart:5529:7)
#514    ComponentElement._firstBuild (package:flutter/src/widgets/framework.dart:5799:5)
#515    StatefulElement._firstBuild (package:flutter/src/widgets/framework.dart:5973:11)
#516    ComponentElement.mount (package:flutter/src/widgets/framework.dart:5793:5)
#517    Element.inflateWidget (package:flutter/src/widgets/framework.dart:4587:20)
#518    Element.updateChild (package:flutter/src/widgets/framework.dart:4059:18)
#519    ComponentElement.performRebuild (package:flutter/src/widgets/framework.dart:5841:16)
#520    StatefulElement.performRebuild (package:flutter/src/widgets/framework.dart:5982:11)
#521    Element.rebuild (package:flutter/src/widgets/framework.dart:5529:7)
#522    ComponentElement._firstBuild (package:flutter/src/widgets/framework.dart:5799:5)
#523    StatefulElement._firstBuild (package:flutter/src/widgets/framework.dart:5973:11)
#524    ComponentElement.mount (package:flutter/src/widgets/framework.dart:5793:5)
#525    Element.inflateWidget (package:flutter/src/widgets/framework.dart:4587:20)
#526    Element.updateChild (package:flutter/src/widgets/framework.dart:4059:18)
#527    ComponentElement.performRebuild (package:flutter/src/widgets/framework.dart:5841:16)
#528    Element.rebuild (package:flutter/src/widgets/framework.dart:5529:7)
#529    ComponentElement._firstBuild (package:flutter/src/widgets/framework.dart:5799:5)
#530    ComponentElement.mount (package:flutter/src/widgets/framework.dart:5793:5)
#531    Element.inflateWidget (package:flutter/src/widgets/framework.dart:4587:20)
#532    Element.updateChild (package:flutter/src/widgets/framework.dart:4059:18)
#533    ComponentElement.performRebuild (package:flutter/src/widgets/framework.dart:5841:16)
#534    Element.rebuild (package:flutter/src/widgets/framework.dart:5529:7)
#535    ComponentElement._firstBuild (package:flutter/src/widgets/framework.dart:5799:5)
#536    ComponentElement.mount (package:flutter/src/widgets/framework.dart:5793:5)
#537    Element.inflateWidget (package:flutter/src/widgets/framework.dart:4587:20)
#538    Element.updateChild (package:flutter/src/widgets/framework.dart:4059:18)
#539    SingleChildRenderObjectElement.mount (package:flutter/src/widgets/framework.dart:7115:14)
#540    Element.inflateWidget (package:flutter/src/widgets/framework.dart:4587:20)
#541    Element.updateChild (package:flutter/src/widgets/framework.dart:4059:18)
#542    ComponentElement.performRebuild (package:flutter/src/widgets/framework.dart:5841:16)
#543    StatefulElement.performRebuild (package:flutter/src/widgets/framework.dart:5982:11)
#544    Element.rebuild (package:flutter/src/widgets/framework.dart:5529:7)
#545    ComponentElement._firstBuild (package:flutter/src/widgets/framework.dart:5799:5)
#546    StatefulElement._firstBuild (package:flutter/src/widgets/framework.dart:5973:11)
#547    ComponentElement.mount (package:flutter/src/widgets/framework.dart:5793:5)
#548    Element.inflateWidget (package:flutter/src/widgets/framework.dart:4587:20)
#549    Element.updateChild (package:flutter/src/widgets/framework.dart:4059:18)
#550    ComponentElement.performRebuild (package:flutter/src/widgets/framework.dart:5841:16)
#551    StatefulElement.performRebuild (package:flutter/src/widgets/framework.dart:5982:11)
#552    Element.rebuild (package:flutter/src/widgets/framework.dart:5529:7)
#553    ComponentElement._firstBuild (package:flutter/src/widgets/framework.dart:5799:5)
#554    StatefulElement._firstBuild (package:flutter/src/widgets/framework.dart:5973:11)
#555    ComponentElement.mount (package:flutter/src/widgets/framework.dart:5793:5)
#556    Element.inflateWidget (package:flutter/src/widgets/framework.dart:4587:20)
#557    Element.updateChild (package:flutter/src/widgets/framework.dart:4059:18)
#558    SingleChildRenderObjectElement.mount (package:flutter/src/widgets/framework.dart:7115:14)
#559    Element.inflateWidget (package:flutter/src/widgets/framework.dart:4587:20)
#560    Element.updateChild (package:flutter/src/widgets/framework.dart:4059:18)
#561    ComponentElement.performRebuild (package:flutter/src/widgets/framework.dart:5841:16)
#562    Element.rebuild (package:flutter/src/widgets/framework.dart:5529:7)
#563    ComponentElement._firstBuild (package:flutter/src/widgets/framework.dart:5799:5)
#564    ComponentElement.mount (package:flutter/src/widgets/framework.dart:5793:5)
#565    Element.inflateWidget (package:flutter/src/widgets/framework.dart:4587:20)
#566    Element.updateChild (package:flutter/src/widgets/framework.dart:4059:18)
#567    ComponentElement.performRebuild (package:flutter/src/widgets/framework.dart:5841:16)
#568    StatefulElement.performRebuild (package:flutter/src/widgets/framework.dart:5982:11)
#569    Element.rebuild (package:flutter/src/widgets/framework.dart:5529:7)
#570    ComponentElement._firstBuild (package:flutter/src/widgets/framework.dart:5799:5)
#571    StatefulElement._firstBuild (package:flutter/src/widgets/framework.dart:5973:11)
#572    ComponentElement.mount (package:flutter/src/widgets/framework.dart:5793:5)
#573    Element.inflateWidget (package:flutter/src/widgets/framework.dart:4587:20)
#574    Element.updateChild (package:flutter/src/widgets/framework.dart:4059:18)
#575    ComponentElement.performRebuild (package:flutter/src/widgets/framework.dart:5841:16)
#576    StatefulElement.performRebuild (package:flutter/src/widgets/framework.dart:5982:11)
#577    Element.rebuild (package:flutter/src/widgets/framework.dart:5529:7)
#578    ComponentElement._firstBuild (package:flutter/src/widgets/framework.dart:5799:5)
#579    StatefulElement._firstBuild (package:flutter/src/widgets/framework.dart:5973:11)
#580    ComponentElement.mount (package:flutter/src/widgets/framework.dart:5793:5)
#581    Element.inflateWidget (package:flutter/src/widgets/framework.dart:4587:20)
#582    Element.updateChild (package:flutter/src/widgets/framework.dart:4059:18)
#583    ComponentElement.performRebuild (package:flutter/src/widgets/framework.dart:5841:16)
#584    Element.rebuild (package:flutter/src/widgets/framework.dart:5529:7)
#585    ComponentElement._firstBuild (package:flutter/src/widgets/framework.dart:5799:5)
#586    ComponentElement.mount (package:flutter/src/widgets/framework.dart:5793:5)
#587    Element.inflateWidget (package:flutter/src/widgets/framework.dart:4587:20)
#588    Element.updateChild (package:flutter/src/widgets/framework.dart:4059:18)
#589    ComponentElement.performRebuild (package:flutter/src/widgets/framework.dart:5841:16)
#590    StatefulElement.performRebuild (package:flutter/src/widgets/framework.dart:5982:11)
#591    Element.rebuild (package:flutter/src/widgets/framework.dart:5529:7)
#592    ComponentElement._firstBuild (package:flutter/src/widgets/framework.dart:5799:5)
#593    StatefulElement._firstBuild (package:flutter/src/widgets/framework.dart:5973:11)
#594    ComponentElement.mount (package:flutter/src/widgets/framework.dart:5793:5)
#595    Element.inflateWidget (package:flutter/src/widgets/framework.dart:4587:20)
#596    Element.updateChild (package:flutter/src/widgets/framework.dart:4059:18)
#597    SingleChildRenderObjectElement.mount (package:flutter/src/widgets/framework.dart:7115:14)
#598    Element.inflateWidget (package:flutter/src/widgets/framework.dart:4587:20)
#599    Element.updateChild (package:flutter/src/widgets/framework.dart:4059:18)
#600    ComponentElement.performRebuild (package:flutter/src/widgets/framework.dart:5841:16)
#601    Element.rebuild (package:flutter/src/widgets/framework.dart:5529:7)
#602    ComponentElement._firstBuild (package:flutter/src/widgets/framework.dart:5799:5)
#603    ComponentElement.mount (package:flutter/src/widgets/framework.dart:5793:5)
#604    Element.inflateWidget (package:flutter/src/widgets/framework.dart:4587:20)
#605    Element.updateChild (package:flutter/src/widgets/framework.dart:4059:18)
#606    ComponentElement.performRebuild (package:flutter/src/widgets/framework.dart:5841:16)
#607    StatefulElement.performRebuild (package:flutter/src/widgets/framework.dart:5982:11)
#608    Element.rebuild (package:flutter/src/widgets/framework.dart:5529:7)
#609    ComponentElement._firstBuild (package:flutter/src/widgets/framework.dart:5799:5)
#610    StatefulElement._firstBuild (package:flutter/src/widgets/framework.dart:5973:11)
#611    ComponentElement.mount (package:flutter/src/widgets/framework.dart:5793:5)
#612    Element.inflateWidget (package:flutter/src/widgets/framework.dart:4587:20)
#613    Element.updateChild (package:flutter/src/widgets/framework.dart:4059:18)
#614    ComponentElement.performRebuild (package:flutter/src/widgets/framework.dart:5841:16)
#615    StatefulElement.performRebuild (package:flutter/src/widgets/framework.dart:5982:11)
#616    Element.rebuild (package:flutter/src/widgets/framework.dart:5529:7)
#617    ComponentElement._firstBuild (package:flutter/src/widgets/framework.dart:5799:5)
#618    StatefulElement._firstBuild (package:flutter/src/widgets/framework.dart:5973:11)
#619    ComponentElement.mount (package:flutter/src/widgets/framework.dart:5793:5)
#620    Element.inflateWidget (package:flutter/src/widgets/framework.dart:4587:20)
#621    Element.updateChild (package:flutter/src/widgets/framework.dart:4059:18)
#622    ComponentElement.performRebuild (package:flutter/src/widgets/framework.dart:5841:16)
#623    Element.rebuild (package:flutter/src/widgets/framework.dart:5529:7)
#624    ComponentElement._firstBuild (package:flutter/src/widgets/framework.dart:5799:5)
#625    ComponentElement.mount (package:flutter/src/widgets/framework.dart:5793:5)
#626    Element.inflateWidget (package:flutter/src/widgets/framework.dart:4587:20)
#627    Element.updateChild (package:flutter/src/widgets/framework.dart:4059:18)
#628    ComponentElement.performRebuild (package:flutter/src/widgets/framework.dart:5841:16)
#629    StatefulElement.performRebuild (package:flutter/src/widgets/framework.dart:5982:11)
#630    Element.rebuild (package:flutter/src/widgets/framework.dart:5529:7)
#631    ComponentElement._firstBuild (package:flutter/src/widgets/framework.dart:5799:5)
#632    StatefulElement._firstBuild (package:flutter/src/widgets/framework.dart:5973:11)
#633    ComponentElement.mount (package:flutter/src/widgets/framework.dart:5793:5)
#634    Element.inflateWidget (package:flutter/src/widgets/framework.dart:4587:20)
#635    Element.updateChild (package:flutter/src/widgets/framework.dart:4059:18)
#636    SingleChildRenderObjectElement.mount (package:flutter/src/widgets/framework.dart:7115:14)
#637    Element.inflateWidget (package:flutter/src/widgets/framework.dart:4587:20)
#638    Element.updateChild (package:flutter/src/widgets/framework.dart:4059:18)
#639    ComponentElement.performRebuild (package:flutter/src/widgets/framework.dart:5841:16)
#640    Element.rebuild (package:flutter/src/widgets/framework.dart:5529:7)
#641    ComponentElement._firstBuild (package:flutter/src/widgets/framework.dart:5799:5)
#642    ComponentElement.mount (package:flutter/src/widgets/framework.dart:5793:5)
#643    Element.inflateWidget (package:flutter/src/widgets/framework.dart:4587:20)
#644    Element.updateChild (package:flutter/src/widgets/framework.dart:4059:18)
#645    ComponentElement.performRebuild (package:flutter/src/widgets/framework.dart:5841:16)
#646    StatefulElement.performRebuild (package:flutter/src/widgets/framework.dart:5982:11)
#647    Element.rebuild (package:flutter/src/widgets/framework.dart:5529:7)
#648    ComponentElement._firstBuild (package:flutter/src/widgets/framework.dart:5799:5)
#649    StatefulElement._firstBuild (package:flutter/src/widgets/framework.dart:5973:11)
#650    ComponentElement.mount (package:flutter/src/widgets/framework.dart:5793:5)
#651    Element.inflateWidget (package:flutter/src/widgets/framework.dart:4587:20)
#652    Element.updateChild (package:flutter/src/widgets/framework.dart:4059:18)
#653    ComponentElement.performRebuild (package:flutter/src/widgets/framework.dart:5841:16)
#654    StatefulElement.performRebuild (package:flutter/src/widgets/framework.dart:5982:11)
#655    Element.rebuild (package:flutter/src/widgets/framework.dart:5529:7)
#656    ComponentElement._firstBuild (package:flutter/src/widgets/framework.dart:5799:5)
#657    StatefulElement._firstBuild (package:flutter/src/widgets/framework.dart:5973:11)
#658    ComponentElement.mount (package:flutter/src/widgets/framework.dart:5793:5)
#659    Element.inflateWidget (package:flutter/src/widgets/framework.dart:4587:20)
#660    Element.updateChild (package:flutter/src/widgets/framework.dart:4059:18)
#661    ComponentElement.performRebuild (package:flutter/src/widgets/framework.dart:5841:16)
#662    Element.rebuild (package:flutter/src/widgets/framework.dart:5529:7)
#663    ComponentElement._firstBuild (package:flutter/src/widgets/framework.dart:5799:5)
#664    ComponentElement.mount (package:flutter/src/widgets/framework.dart:5793:5)
#665    Element.inflateWidget (package:flutter/src/widgets/framework.dart:4587:20)
#666    Element.updateChild (package:flutter/src/widgets/framework.dart:4059:18)
#667    SingleChildRenderObjectElement.mount (package:flutter/src/widgets/framework.dart:7115:14)
#668    Element.inflateWidget (package:flutter/src/widgets/framework.dart:4587:20)
#669    Element.updateChild (package:flutter/src/widgets/framework.dart:4059:18)
#670    ComponentElement.performRebuild (package:flutter/src/widgets/framework.dart:5841:16)
#671    Element.rebuild (package:flutter/src/widgets/framework.dart:5529:7)
#672    ComponentElement._firstBuild (package:flutter/src/widgets/framework.dart:5799:5)
#673    ComponentElement.mount (package:flutter/src/widgets/framework.dart:5793:5)
#674    Element.inflateWidget (package:flutter/src/widgets/framework.dart:4587:20)
#675    Element.updateChild (package:flutter/src/widgets/framework.dart:4059:18)
#676    ComponentElement.performRebuild (package:flutter/src/widgets/framework.dart:5841:16)
#677    StatefulElement.performRebuild (package:flutter/src/widgets/framework.dart:5982:11)
#678    Element.rebuild (package:flutter/src/widgets/framework.dart:5529:7)
#679    ComponentElement._firstBuild (package:flutter/src/widgets/framework.dart:5799:5)
#680    StatefulElement._firstBuild (package:flutter/src/widgets/framework.dart:5973:11)
#681    ComponentElement.mount (package:flutter/src/widgets/framework.dart:5793:5)
#682    Element.inflateWidget (package:flutter/src/widgets/framework.dart:4587:20)
#683    Element.updateChild (package:flutter/src/widgets/framework.dart:4059:18)
#684    ComponentElement.performRebuild (package:flutter/src/widgets/framework.dart:5841:16)
#685    StatefulElement.performRebuild (package:flutter/src/widgets/framework.dart:5982:11)
#686    Element.rebuild (package:flutter/src/widgets/framework.dart:5529:7)
#687    ComponentElement._firstBuild (package:flutter/src/widgets/framework.dart:5799:5)
#688    StatefulElement._firstBuild (package:flutter/src/widgets/framework.dart:5973:11)
#689    ComponentElement.mount (package:flutter/src/widgets/framework.dart:5793:5)
#690    Element.inflateWidget (package:flutter/src/widgets/framework.dart:4587:20)
#691    Element.updateChild (package:flutter/src/widgets/framework.dart:4059:18)
#692    ComponentElement.performRebuild (package:flutter/src/widgets/framework.dart:5841:16)
#693    Element.rebuild (package:flutter/src/widgets/framework.dart:5529:7)
#694    ComponentElement._firstBuild (package:flutter/src/widgets/framework.dart:5799:5)
#695    ComponentElement.mount (package:flutter/src/widgets/framework.dart:5793:5)
#696    Element.inflateWidget (package:flutter/src/widgets/framework.dart:4587:20)
#697    Element.updateChild (package:flutter/src/widgets/framework.dart:4059:18)
#698    ComponentElement.performRebuild (package:flutter/src/widgets/framework.dart:5841:16)
#699    Element.rebuild (package:flutter/src/widgets/framework.dart:5529:7)
#700    ComponentElement._firstBuild (package:flutter/src/widgets/framework.dart:5799:5)
#701    ComponentElement.mount (package:flutter/src/widgets/framework.dart:5793:5)
#702    Element.inflateWidget (package:flutter/src/widgets/framework.dart:4587:20)
#703    Element.updateChild (package:flutter/src/widgets/framework.dart:4059:18)
#704    ComponentElement.performRebuild (package:flutter/src/widgets/framework.dart:5841:16)
#705    StatefulElement.performRebuild (package:flutter/src/widgets/framework.dart:5982:11)
#706    Element.rebuild (package:flutter/src/widgets/framework.dart:5529:7)
#707    ComponentElement._firstBuild (package:flutter/src/widgets/framework.dart:5799:5)
#708    StatefulElement._firstBuild (package:flutter/src/widgets/framework.dart:5973:11)
#709    ComponentElement.mount (package:flutter/src/widgets/framework.dart:5793:5)
#710    Element.inflateWidget (package:flutter/src/widgets/framework.dart:4587:20)
#711    Element.updateChild (package:flutter/src/widgets/framework.dart:4059:18)
#712    ComponentElement.performRebuild (package:flutter/src/widgets/framework.dart:5841:16)
#713    Element.rebuild (package:flutter/src/widgets/framework.dart:5529:7)
#714    ComponentElement._firstBuild (package:flutter/src/widgets/framework.dart:5799:5)
#715    ComponentElement.mount (package:flutter/src/widgets/framework.dart:5793:5)
#716    Element.inflateWidget (package:flutter/src/widgets/framework.dart:4587:20)
#717    Element.updateChild (package:flutter/src/widgets/framework.dart:4059:18)
#718    ComponentElement.performRebuild (package:flutter/src/widgets/framework.dart:5841:16)
#719    StatefulElement.performRebuild (package:flutter/src/widgets/framework.dart:5982:11)
#720    Element.rebuild (package:flutter/src/widgets/framework.dart:5529:7)
#721    ComponentElement._firstBuild (package:flutter/src/widgets/framework.dart:5799:5)
#722    StatefulElement._firstBuild (package:flutter/src/widgets/framework.dart:5973:11)
#723    ComponentElement.mount (package:flutter/src/widgets/framework.dart:5793:5)
#724    Element.inflateWidget (package:flutter/src/widgets/framework.dart:4587:20)
#725    Element.updateChild (package:flutter/src/widgets/framework.dart:4059:18)
#726    ComponentElement.performRebuild (package:flutter/src/widgets/framework.dart:5841:16)
#727    Element.rebuild (package:flutter/src/widgets/framework.dart:5529:7)
#728    ComponentElement._firstBuild (package:flutter/src/widgets/framework.dart:5799:5)
#729    ComponentElement.mount (package:flutter/src/widgets/framework.dart:5793:5)
#730    Element.inflateWidget (package:flutter/src/widgets/framework.dart:4587:20)
#731    Element.updateChild (package:flutter/src/widgets/framework.dart:4059:18)
#732    ComponentElement.performRebuild (package:flutter/src/widgets/framework.dart:5841:16)
#733    StatefulElement.performRebuild (package:flutter/src/widgets/framework.dart:5982:11)
#734    Element.rebuild (package:flutter/src/widgets/framework.dart:5529:7)
#735    ComponentElement._firstBuild (package:flutter/src/widgets/framework.dart:5799:5)
#736    StatefulElement._firstBuild (package:flutter/src/widgets/framework.dart:5973:11)
#737    ComponentElement.mount (package:flutter/src/widgets/framework.dart:5793:5)
#738    Element.inflateWidget (package:flutter/src/widgets/framework.dart:4587:20)
#739    Element.updateChild (package:flutter/src/widgets/framework.dart:4059:18)
#740    ComponentElement.performRebuild (package:flutter/src/widgets/framework.dart:5841:16)
#741    StatefulElement.performRebuild (package:flutter/src/widgets/framework.dart:5982:11)
#742    Element.rebuild (package:flutter/src/widgets/framework.dart:5529:7)
#743    ComponentElement._firstBuild (package:flutter/src/widgets/framework.dart:5799:5)
#744    StatefulElement._firstBuild (package:flutter/src/widgets/framework.dart:5973:11)
#745    ComponentElement.mount (package:flutter/src/widgets/framework.dart:5793:5)
#746    Element.inflateWidget (package:flutter/src/widgets/framework.dart:4587:20)
#747    Element.updateChild (package:flutter/src/widgets/framework.dart:4059:18)
#748    ComponentElement.performRebuild (package:flutter/src/widgets/framework.dart:5841:16)
#749    Element.rebuild (package:flutter/src/widgets/framework.dart:5529:7)
#750    ComponentElement._firstBuild (package:flutter/src/widgets/framework.dart:5799:5)
#751    ComponentElement.mount (package:flutter/src/widgets/framework.dart:5793:5)
#752    Element.inflateWidget (package:flutter/src/widgets/framework.dart:4587:20)
#753    Element.updateChild (package:flutter/src/widgets/framework.dart:4059:18)
#754    ComponentElement.performRebuild (package:flutter/src/widgets/framework.dart:5841:16)
#755    Element.rebuild (package:flutter/src/widgets/framework.dart:5529:7)
#756    ComponentElement._firstBuild (package:flutter/src/widgets/framework.dart:5799:5)
#757    ComponentElement.mount (package:flutter/src/widgets/framework.dart:5793:5)
#758    Element.inflateWidget (package:flutter/src/widgets/framework.dart:4587:20)
#759    Element.updateChild (package:flutter/src/widgets/framework.dart:4059:18)
#760    ComponentElement.performRebuild (package:flutter/src/widgets/framework.dart:5841:16)
#761    StatefulElement.performRebuild (package:flutter/src/widgets/framework.dart:5982:11)
#762    Element.rebuild (package:flutter/src/widgets/framework.dart:5529:7)
#763    ComponentElement._firstBuild (package:flutter/src/widgets/framework.dart:5799:5)
#764    StatefulElement._firstBuild (package:flutter/src/widgets/framework.dart:5973:11)
#765    ComponentElement.mount (package:flutter/src/widgets/framework.dart:5793:5)
#766    Element.inflateWidget (package:flutter/src/widgets/framework.dart:4587:20)
#767    Element.updateChild (package:flutter/src/widgets/framework.dart:4059:18)
#768    ComponentElement.performRebuild (package:flutter/src/widgets/framework.dart:5841:16)
#769    Element.rebuild (package:flutter/src/widgets/framework.dart:5529:7)
#770    ComponentElement._firstBuild (package:flutter/src/widgets/framework.dart:5799:5)
#771    ComponentElement.mount (package:flutter/src/widgets/framework.dart:5793:5)
#772    Element.inflateWidget (package:flutter/src/widgets/framework.dart:4587:20)
#773    Element.updateChild (package:flutter/src/widgets/framework.dart:4059:18)
#774    ComponentElement.performRebuild (package:flutter/src/widgets/framework.dart:5841:16)
#775    StatefulElement.performRebuild (package:flutter/src/widgets/framework.dart:5982:11)
#776    Element.rebuild (package:flutter/src/widgets/framework.dart:5529:7)
#777    ComponentElement._firstBuild (package:flutter/src/widgets/framework.dart:5799:5)
#778    StatefulElement._firstBuild (package:flutter/src/widgets/framework.dart:5973:11)
#779    ComponentElement.mount (package:flutter/src/widgets/framework.dart:5793:5)
#780    Element.inflateWidget (package:flutter/src/widgets/framework.dart:4587:20)
#781    Element.updateChild (package:flutter/src/widgets/framework.dart:4059:18)
#782    ComponentElement.performRebuild (package:flutter/src/widgets/framework.dart:5841:16)
#783    StatefulElement.performRebuild (package:flutter/src/widgets/framework.dart:5982:11)
#784    Element.rebuild (package:flutter/src/widgets/framework.dart:5529:7)
#785    ComponentElement._firstBuild (package:flutter/src/widgets/framework.dart:5799:5)
#786    StatefulElement._firstBuild (package:flutter/src/widgets/framework.dart:5973:11)
#787    ComponentElement.mount (package:flutter/src/widgets/framework.dart:5793:5)
#788    Element.inflateWidget (package:flutter/src/widgets/framework.dart:4587:20)
#789    Element.updateChild (package:flutter/src/widgets/framework.dart:4053:20)
#790    ComponentElement.performRebuild (package:flutter/src/widgets/framework.dart:5841:16)
#791    Element.rebuild (package:flutter/src/widgets/framework.dart:5529:7)
#792    ProxyElement.update (package:flutter/src/widgets/framework.dart:6149:5)
#793    _InheritedNotifierElement.update (package:flutter/src/widgets/inherited_notifier.dart:108:11)
#794    Element.updateChild (package:flutter/src/widgets/framework.dart:4037:15)
#795    ComponentElement.performRebuild (package:flutter/src/widgets/framework.dart:5841:16)
#796    StatefulElement.performRebuild (package:flutter/src/widgets/framework.dart:5982:11)
#797    Element.rebuild (package:flutter/src/widgets/framework.dart:5529:7)
#798    StatefulElement.update (package:flutter/src/widgets/framework.dart:6007:5)
#799    Element.updateChild (package:flutter/src/widgets/framework.dart:4037:15)
#800    ComponentElement.performRebuild (package:flutter/src/widgets/framework.dart:5841:16)
#801    Element.rebuild (package:flutter/src/widgets/framework.dart:5529:7)
#802    ProxyElement.update (package:flutter/src/widgets/framework.dart:6149:5)
#803    _InheritedNotifierElement.update (package:flutter/src/widgets/inherited_notifier.dart:108:11)
#804    Element.updateChild (package:flutter/src/widgets/framework.dart:4037:15)
#805    ComponentElement.performRebuild (package:flutter/src/widgets/framework.dart:5841:16)
#806    StatefulElement.performRebuild (package:flutter/src/widgets/framework.dart:5982:11)
#807    Element.rebuild (package:flutter/src/widgets/framework.dart:5529:7)
#808    StatefulElement.update (package:flutter/src/widgets/framework.dart:6007:5)
#809    Element.updateChild (package:flutter/src/widgets/framework.dart:4037:15)
#810    ComponentElement.performRebuild (package:flutter/src/widgets/framework.dart:5841:16)
#811    StatefulElement.performRebuild (package:flutter/src/widgets/framework.dart:5982:11)
#812    Element.rebuild (package:flutter/src/widgets/framework.dart:5529:7)
#813    StatefulElement.update (package:flutter/src/widgets/framework.dart:6007:5)
#814    Element.updateChild (package:flutter/src/widgets/framework.dart:4037:15)
#815    ComponentElement.performRebuild (package:flutter/src/widgets/framework.dart:5841:16)
#816    Element.rebuild (package:flutter/src/widgets/framework.dart:5529:7)
#817    ProxyElement.update (package:flutter/src/widgets/framework.dart:6149:5)
#818    Element.updateChild (package:flutter/src/widgets/framework.dart:4037:15)
#819    ComponentElement.performRebuild (package:flutter/src/widgets/framework.dart:5841:16)
#820    StatefulElement.performRebuild (package:flutter/src/widgets/framework.dart:5982:11)
#821    Element.rebuild (package:flutter/src/widgets/framework.dart:5529:7)
#822    StatefulElement.update (package:flutter/src/widgets/framework.dart:6007:5)
#823    Element.updateChild (package:flutter/src/widgets/framework.dart:4037:15)
#824    ComponentElement.performRebuild (package:flutter/src/widgets/framework.dart:5841:16)
#825    Element.rebuild (package:flutter/src/widgets/framework.dart:5529:7)
#826    ProxyElement.update (package:flutter/src/widgets/framework.dart:6149:5)
#827    Element.updateChild (package:flutter/src/widgets/framework.dart:4037:15)
#828    ComponentElement.performRebuild (package:flutter/src/widgets/framework.dart:5841:16)
#829    Element.rebuild (package:flutter/src/widgets/framework.dart:5529:7)
#830    ProxyElement.update (package:flutter/src/widgets/framework.dart:6149:5)
#831    Element.updateChild (package:flutter/src/widgets/framework.dart:4037:15)
#832    _RawViewElement._updateChild (package:flutter/src/widgets/view.dart:481:16)
#833    _RawViewElement.update (package:flutter/src/widgets/view.dart:568:5)
#834    Element.updateChild (package:flutter/src/widgets/framework.dart:4037:15)
#835    ComponentElement.performRebuild (package:flutter/src/widgets/framework.dart:5841:16)
#836    Element.rebuild (package:flutter/src/widgets/framework.dart:5529:7)
#837    StatelessElement.update (package:flutter/src/widgets/framework.dart:5895:5)
#838    Element.updateChild (package:flutter/src/widgets/framework.dart:4037:15)
#839    ComponentElement.performRebuild (package:flutter/src/widgets/framework.dart:5841:16)
#840    StatefulElement.performRebuild (package:flutter/src/widgets/framework.dart:5982:11)
#841    Element.rebuild (package:flutter/src/widgets/framework.dart:5529:7)
#842    StatefulElement.update (package:flutter/src/widgets/framework.dart:6007:5)
#843    Element.updateChild (package:flutter/src/widgets/framework.dart:4037:15)
#844    RootElement._rebuild (package:flutter/src/widgets/binding.dart:2091:16)
#845    RootElement.update (package:flutter/src/widgets/binding.dart:2069:5)
#846    RootElement.performRebuild (package:flutter/src/widgets/binding.dart:2083:7)
#847    Element.rebuild (package:flutter/src/widgets/framework.dart:5529:7)
#848    BuildScope._tryRebuild (package:flutter/src/widgets/framework.dart:2750:15)
#849    BuildScope._flushDirtyElements (package:flutter/src/widgets/framework.dart:2807:11)
#850    BuildOwner.buildScope (package:flutter/src/widgets/framework.dart:3111:18)
#851    AutomatedTestWidgetsFlutterBinding.drawFrame (package:flutter_test/src/binding.dart:2431:19)
#852    RendererBinding._handlePersistentFrameCallback (package:flutter/src/rendering/binding.dart:509:5)
#853    SchedulerBinding._invokeFrameCallback (package:flutter/src/scheduler/binding.dart:1430:15)
#854    SchedulerBinding.handleDrawFrame (package:flutter/src/scheduler/binding.dart:1345:9)
#855    AutomatedTestWidgetsFlutterBinding.pump.<anonymous closure> (package:flutter_test/src/binding.dart:2260:9)
#856    _rootRun (dart:async/zone_root.dart:35:13)
#857    _CustomZone.run (dart:async/zone.dart:726:19)
#858    TestAsyncUtils.guard (package:flutter_test/src/test_async_utils.dart:74:41)
#859    AutomatedTestWidgetsFlutterBinding.pump (package:flutter_test/src/binding.dart:2249:27)
#860    WidgetTester.pumpWidget.<anonymous closure> (package:flutter_test/src/widget_tester.dart:598:22)
#861    _rootRun (dart:async/zone_root.dart:35:13)
#862    _CustomZone.run (dart:async/zone.dart:726:19)
#863    TestAsyncUtils.guard (package:flutter_test/src/test_async_utils.dart:74:41)
#864    WidgetTester.pumpWidget (package:flutter_test/src/widget_tester.dart:595:27)
#865    main.<anonymous closure> (file:///C:/Users/andrvoicu/Desktop/repos/collectarr-app/test/features/library/home/home_page_test.dart:265:18)
#866    testWidgets.<anonymous closure>.<anonymous closure> (package:flutter_test/src/widget_tester.dart:192:29)
<asynchronous suspension>
#867    TestWidgetsFlutterBinding._runTestBody (package:flutter_test/src/binding.dart:1952:5)
<asynchronous suspension>
#868    StackZoneSpecification._registerCallback.<anonymous closure> (package:stack_trace/src/stack_zone_specification.dart:114:42)
<asynchronous suspension>
This warning will only appear on debug builds.
00:23 +424 -7: C:/Users/andrvoicu/Desktop/repos/collectarr-app/test/features/library/selection/library_selection_controls_test.dart: bulk remove action can open a dialog after popup selection
00:23 +425 -7: C:/Users/andrvoicu/Desktop/repos/collectarr-app/test/features/library/selection/library_selection_controls_test.dart: bulk remove action can open a dialog after popup selection
00:23 +426 -7: C:/Users/andrvoicu/Desktop/repos/collectarr-app/test/features/library/selection/library_selection_controls_test.dart: bulk remove action can open a dialog after popup selection
00:23 +427 -7: C:/Users/andrvoicu/Desktop/repos/collectarr-app/test/features/library/selection/library_selection_controls_test.dart: bulk remove action can open a dialog after popup selection
00:23 +428 -7: C:/Users/andrvoicu/Desktop/repos/collectarr-app/test/features/library/selection/library_selection_controls_test.dart: bulk remove action can open a dialog after popup selection
00:23 +429 -7: C:/Users/andrvoicu/Desktop/repos/collectarr-app/test/features/library/selection/library_selection_controls_test.dart: bulk remove action can open a dialog after popup selection
00:23 +429 -7: C:/Users/andrvoicu/Desktop/repos/collectarr-app/test/features/library/home/home_page_test.dart: main chrome shows overdue loan alert chip
WARNING (drift): It looks like you've created the database class LocalDatabase multiple times. When these two databases use the same QueryExecutor, race conditions will occur and might corrupt the database. 
Try to follow the advice at https://drift.simonbinder.eu/faq/#using-the-database or, if you know what you're doing, set driftRuntimeOptions.dontWarnAboutMultipleDatabases = true
Here is the stacktrace from when the database was opened a second time:
#0      GeneratedDatabase._handleInstantiated (package:drift/src/runtime/api/db_base.dart:96:30)
#1      GeneratedDatabase._whenConstructed (package:drift/src/runtime/api/db_base.dart:73:12)
#2      new GeneratedDatabase (package:drift/src/runtime/api/db_base.dart:64:5)
#3      new _$LocalDatabase (package:collectarr_app/core/db/local_database.g.dart:12351:38)
#4      new LocalDatabase (package:collectarr_app/core/db/local_database.dart:387:9)
#5      main.<anonymous closure> (file:///C:/Users/andrvoicu/Desktop/repos/collectarr-app/test/features/library/home/home_page_test.dart:297:16)
#6      testWidgets.<anonymous closure>.<anonymous closure> (package:flutter_test/src/widget_tester.dart:192:29)
<asynchronous suspension>
#7      TestWidgetsFlutterBinding._runTestBody (package:flutter_test/src/binding.dart:1952:5)
<asynchronous suspension>
#8      StackZoneSpecification._registerCallback.<anonymous closure> (package:stack_trace/src/stack_zone_specification.dart:114:42)
<asynchronous suspension>
This warning will only appear on debug builds.
00:23 +430 -7: C:/Users/andrvoicu/Desktop/repos/collectarr-app/test/features/library/selection/library_selection_controls_test.dart: bulk remove action can open a dialog after popup selection
00:23 +430 -7: C:/Users/andrvoicu/Desktop/repos/collectarr-app/test/features/library/home/home_page_test.dart: legacy grouped route kinds normalize to movies page
WARNING (drift): It looks like you've created the database class LocalDatabase multiple times. When these two databases use the same QueryExecutor, race conditions will occur and might corrupt the database. 
Try to follow the advice at https://drift.simonbinder.eu/faq/#using-the-database or, if you know what you're doing, set driftRuntimeOptions.dontWarnAboutMultipleDatabases = true
Here is the stacktrace from when the database was opened a second time:
#0      GeneratedDatabase._handleInstantiated (package:drift/src/runtime/api/db_base.dart:96:30)
#1      GeneratedDatabase._whenConstructed (package:drift/src/runtime/api/db_base.dart:73:12)
#2      new GeneratedDatabase (package:drift/src/runtime/api/db_base.dart:64:5)
#3      new _$LocalDatabase (package:collectarr_app/core/db/local_database.g.dart:12351:38)
#4      new LocalDatabase (package:collectarr_app/core/db/local_database.dart:387:9)
#5      localDatabaseProvider.<anonymous closure> (package:collectarr_app/state/local_database_provider.dart:5:14)
#6      Provider.create (package:riverpod/src/providers/provider.dart:59:36)
#7      $ProviderElement.create (package:riverpod/src/providers/provider.dart:343:32)
#8      ProviderElement.buildState (package:riverpod/src/core/element.dart:684:28)
#9      ProviderElement.mount (package:riverpod/src/core/element.dart:537:7)
#10     ProviderElement.flush (package:riverpod/src/core/element.dart:640:7)
#11     $ProviderBaseImpl._addListener (package:riverpod/src/core/provider/provider.dart:119:24)
#12     ProviderElement.listen (package:riverpod/src/core/element.dart:923:28)
#13     Ref.watch (package:riverpod/src/core/ref.dart:655:20)
#14     overdueLoanOwnedItemIdsProvider.<anonymous closure> (package:collectarr_app/features/library/home/home_counts.dart:26:35)
#15     FutureProvider.create (package:riverpod/src/providers/future_provider.dart:142:46)
#16     $FutureProviderElement.create.<anonymous closure> (package:riverpod/src/providers/future_provider.dart:167:45)
#17     ElementWithFuture.handleFuture.<anonymous closure> (package:riverpod/src/core/element.dart:206:30)
#18     ElementWithFuture._handleAsync (package:riverpod/src/core/element.dart:270:35)
#19     ElementWithFuture.handleFuture (package:riverpod/src/core/element.dart:200:12)
#20     $FutureProviderElement.create (package:riverpod/src/providers/future_provider.dart:167:12)
#21     ProviderElement.buildState (package:riverpod/src/core/element.dart:684:28)
#22     ProviderElement.mount (package:riverpod/src/core/element.dart:537:7)
#23     ProviderElement.flush (package:riverpod/src/core/element.dart:640:7)
#24     $ProviderBaseImpl._addListener (package:riverpod/src/core/provider/provider.dart:119:24)
#25     ProviderContainer.listen (package:riverpod/src/core/provider_container.dart:960:26)
#26     ConsumerStatefulElement.watch.<anonymous closure> (package:flutter_riverpod/src/core/consumer.dart:475:37)
#27     _LinkedHashMapMixin.putIfAbsent (dart:_compact_hash:682:23)
#28     ConsumerStatefulElement.watch (package:flutter_riverpod/src/core/consumer.dart:468:14)
#29     _LibraryHomePageState.build (package:collectarr_app/features/library/home/home_page.dart:90:41)
#30     StatefulElement.build (package:flutter/src/widgets/framework.dart:5931:27)
#31     ConsumerStatefulElement.build (package:flutter_riverpod/src/core/consumer.dart:445:20)
#32     ComponentElement.performRebuild (package:flutter/src/widgets/framework.dart:5817:15)
#33     StatefulElement.performRebuild (package:flutter/src/widgets/framework.dart:5982:11)
#34     Element.rebuild (package:flutter/src/widgets/framework.dart:5529:7)
#35     ComponentElement._firstBuild (package:flutter/src/widgets/framework.dart:5799:5)
#36     StatefulElement._firstBuild (package:flutter/src/widgets/framework.dart:5973:11)
#37     ComponentElement.mount (package:flutter/src/widgets/framework.dart:5793:5)
#38     Element.inflateWidget (package:flutter/src/widgets/framework.dart:4587:20)
#39     Element.updateChild (package:flutter/src/widgets/framework.dart:4059:18)
#40     SingleChildRenderObjectElement.mount (package:flutter/src/widgets/framework.dart:7115:14)
#41     Element.inflateWidget (package:flutter/src/widgets/framework.dart:4587:20)
#42     Element.updateChild (package:flutter/src/widgets/framework.dart:4059:18)
#43     ComponentElement.performRebuild (package:flutter/src/widgets/framework.dart:5841:16)
#44     Element.rebuild (package:flutter/src/widgets/framework.dart:5529:7)
#45     ComponentElement._firstBuild (package:flutter/src/widgets/framework.dart:5799:5)
#46     ComponentElement.mount (package:flutter/src/widgets/framework.dart:5793:5)
#47     Element.inflateWidget (package:flutter/src/widgets/framework.dart:4587:20)
#48     Element.updateChild (package:flutter/src/widgets/framework.dart:4059:18)
#49     SingleChildRenderObjectElement.mount (package:flutter/src/widgets/framework.dart:7115:14)
#50     Element.inflateWidget (package:flutter/src/widgets/framework.dart:4587:20)
#51     Element.updateChild (package:flutter/src/widgets/framework.dart:4059:18)
#52     SingleChildRenderObjectElement.mount (package:flutter/src/widgets/framework.dart:7115:14)
#53     Element.inflateWidget (package:flutter/src/widgets/framework.dart:4587:20)
#54     Element.updateChild (package:flutter/src/widgets/framework.dart:4059:18)
#55     ComponentElement.performRebuild (package:flutter/src/widgets/framework.dart:5841:16)
#56     StatefulElement.performRebuild (package:flutter/src/widgets/framework.dart:5982:11)
#57     Element.rebuild (package:flutter/src/widgets/framework.dart:5529:7)
#58     ComponentElement._firstBuild (package:flutter/src/widgets/framework.dart:5799:5)
#59     StatefulElement._firstBuild (package:flutter/src/widgets/framework.dart:5973:11)
#60     ComponentElement.mount (package:flutter/src/widgets/framework.dart:5793:5)
#61     Element.inflateWidget (package:flutter/src/widgets/framework.dart:4587:20)
#62     Element.updateChild (package:flutter/src/widgets/framework.dart:4059:18)
#63     SingleChildRenderObjectElement.mount (package:flutter/src/widgets/framework.dart:7115:14)
#64     Element.inflateWidget (package:flutter/src/widgets/framework.dart:4587:20)
#65     Element.updateChild (package:flutter/src/widgets/framework.dart:4059:18)
#66     ComponentElement.performRebuild (package:flutter/src/widgets/framework.dart:5841:16)
#67     StatefulElement.performRebuild (package:flutter/src/widgets/framework.dart:5982:11)
#68     Element.rebuild (package:flutter/src/widgets/framework.dart:5529:7)
#69     ComponentElement._firstBuild (package:flutter/src/widgets/framework.dart:5799:5)
#70     StatefulElement._firstBuild (package:flutter/src/widgets/framework.dart:5973:11)
#71     ComponentElement.mount (package:flutter/src/widgets/framework.dart:5793:5)
#72     Element.inflateWidget (package:flutter/src/widgets/framework.dart:4587:20)
#73     Element.updateChild (package:flutter/src/widgets/framework.dart:4059:18)
#74     SingleChildRenderObjectElement.mount (package:flutter/src/widgets/framework.dart:7115:14)
#75     Element.inflateWidget (package:flutter/src/widgets/framework.dart:4587:20)
#76     Element.updateChild (package:flutter/src/widgets/framework.dart:4059:18)
#77     SingleChildRenderObjectElement.mount (package:flutter/src/widgets/framework.dart:7115:14)
#78     Element.inflateWidget (package:flutter/src/widgets/framework.dart:4587:20)
#79     Element.updateChild (package:flutter/src/widgets/framework.dart:4059:18)
#80     ComponentElement.performRebuild (package:flutter/src/widgets/framework.dart:5841:16)
#81     StatefulElement.performRebuild (package:flutter/src/widgets/framework.dart:5982:11)
#82     Element.rebuild (package:flutter/src/widgets/framework.dart:5529:7)
#83     ComponentElement._firstBuild (package:flutter/src/widgets/framework.dart:5799:5)
#84     StatefulElement._firstBuild (package:flutter/src/widgets/framework.dart:5973:11)
#85     ComponentElement.mount (package:flutter/src/widgets/framework.dart:5793:5)
#86     Element.inflateWidget (package:flutter/src/widgets/framework.dart:4587:20)
#87     Element.updateChild (package:flutter/src/widgets/framework.dart:4059:18)
#88     SingleChildRenderObjectElement.mount (package:flutter/src/widgets/framework.dart:7115:14)
#89     Element.inflateWidget (package:flutter/src/widgets/framework.dart:4587:20)
#90     Element.updateChild (package:flutter/src/widgets/framework.dart:4059:18)
#91     ComponentElement.performRebuild (package:flutter/src/widgets/framework.dart:5841:16)
#92     StatefulElement.performRebuild (package:flutter/src/widgets/framework.dart:5982:11)
#93     Element.rebuild (package:flutter/src/widgets/framework.dart:5529:7)
#94     ComponentElement._firstBuild (package:flutter/src/widgets/framework.dart:5799:5)
#95     StatefulElement._firstBuild (package:flutter/src/widgets/framework.dart:5973:11)
#96     ComponentElement.mount (package:flutter/src/widgets/framework.dart:5793:5)
#97     Element.inflateWidget (package:flutter/src/widgets/framework.dart:4587:20)
#98     Element.updateChild (package:flutter/src/widgets/framework.dart:4059:18)
#99     SingleChildRenderObjectElement.mount (package:flutter/src/widgets/framework.dart:7115:14)
#100    Element.inflateWidget (package:flutter/src/widgets/framework.dart:4587:20)
#101    Element.updateChild (package:flutter/src/widgets/framework.dart:4059:18)
#102    SingleChildRenderObjectElement.mount (package:flutter/src/widgets/framework.dart:7115:14)
#103    Element.inflateWidget (package:flutter/src/widgets/framework.dart:4587:20)
#104    Element.updateChild (package:flutter/src/widgets/framework.dart:4059:18)
#105    ComponentElement.performRebuild (package:flutter/src/widgets/framework.dart:5841:16)
#106    StatefulElement.performRebuild (package:flutter/src/widgets/framework.dart:5982:11)
#107    Element.rebuild (package:flutter/src/widgets/framework.dart:5529:7)
#108    ComponentElement._firstBuild (package:flutter/src/widgets/framework.dart:5799:5)
#109    StatefulElement._firstBuild (package:flutter/src/widgets/framework.dart:5973:11)
#110    ComponentElement.mount (package:flutter/src/widgets/framework.dart:5793:5)
#111    Element.inflateWidget (package:flutter/src/widgets/framework.dart:4587:20)
#112    Element.updateChild (package:flutter/src/widgets/framework.dart:4059:18)
#113    SingleChildRenderObjectElement.mount (package:flutter/src/widgets/framework.dart:7115:14)
#114    Element.inflateWidget (package:flutter/src/widgets/framework.dart:4587:20)
#115    Element.updateChild (package:flutter/src/widgets/framework.dart:4059:18)
#116    SingleChildRenderObjectElement.mount (package:flutter/src/widgets/framework.dart:7115:14)
#117    Element.inflateWidget (package:flutter/src/widgets/framework.dart:4587:20)
#118    Element.updateChild (package:flutter/src/widgets/framework.dart:4059:18)
#119    SingleChildRenderObjectElement.mount (package:flutter/src/widgets/framework.dart:7115:14)
#120    Element.inflateWidget (package:flutter/src/widgets/framework.dart:4587:20)
#121    Element.updateChild (package:flutter/src/widgets/framework.dart:4059:18)
#122    ComponentElement.performRebuild (package:flutter/src/widgets/framework.dart:5841:16)
#123    StatefulElement.performRebuild (package:flutter/src/widgets/framework.dart:5982:11)
#124    Element.rebuild (package:flutter/src/widgets/framework.dart:5529:7)
#125    ComponentElement._firstBuild (package:flutter/src/widgets/framework.dart:5799:5)
#126    StatefulElement._firstBuild (package:flutter/src/widgets/framework.dart:5973:11)
#127    ComponentElement.mount (package:flutter/src/widgets/framework.dart:5793:5)
#128    Element.inflateWidget (package:flutter/src/widgets/framework.dart:4587:20)
#129    Element.updateChild (package:flutter/src/widgets/framework.dart:4059:18)
#130    SingleChildRenderObjectElement.mount (package:flutter/src/widgets/framework.dart:7115:14)
#131    Element.inflateWidget (package:flutter/src/widgets/framework.dart:4587:20)
#132    Element.updateChild (package:flutter/src/widgets/framework.dart:4059:18)
#133    ComponentElement.performRebuild (package:flutter/src/widgets/framework.dart:5841:16)
#134    StatefulElement.performRebuild (package:flutter/src/widgets/framework.dart:5982:11)
#135    Element.rebuild (package:flutter/src/widgets/framework.dart:5529:7)
#136    ComponentElement._firstBuild (package:flutter/src/widgets/framework.dart:5799:5)
#137    StatefulElement._firstBuild (package:flutter/src/widgets/framework.dart:5973:11)
#138    ComponentElement.mount (package:flutter/src/widgets/framework.dart:5793:5)
#139    Element.inflateWidget (package:flutter/src/widgets/framework.dart:4587:20)
#140    Element.updateChild (package:flutter/src/widgets/framework.dart:4059:18)
#141    ComponentElement.performRebuild (package:flutter/src/widgets/framework.dart:5841:16)
#142    Element.rebuild (package:flutter/src/widgets/framework.dart:5529:7)
#143    ComponentElement._firstBuild (package:flutter/src/widgets/framework.dart:5799:5)
#144    ComponentElement.mount (package:flutter/src/widgets/framework.dart:5793:5)
#145    Element.inflateWidget (package:flutter/src/widgets/framework.dart:4587:20)
#146    Element.updateChild (package:flutter/src/widgets/framework.dart:4059:18)
#147    ComponentElement.performRebuild (package:flutter/src/widgets/framework.dart:5841:16)
#148    StatefulElement.performRebuild (package:flutter/src/widgets/framework.dart:5982:11)
#149    Element.rebuild (package:flutter/src/widgets/framework.dart:5529:7)
#150    ComponentElement._firstBuild (package:flutter/src/widgets/framework.dart:5799:5)
#151    StatefulElement._firstBuild (package:flutter/src/widgets/framework.dart:5973:11)
#152    ComponentElement.mount (package:flutter/src/widgets/framework.dart:5793:5)
#153    Element.inflateWidget (package:flutter/src/widgets/framework.dart:4587:20)
#154    Element.updateChild (package:flutter/src/widgets/framework.dart:4059:18)
#155    ComponentElement.performRebuild (package:flutter/src/widgets/framework.dart:5841:16)
#156    StatefulElement.performRebuild (package:flutter/src/widgets/framework.dart:5982:11)
#157    Element.rebuild (package:flutter/src/widgets/framework.dart:5529:7)
#158    ComponentElement._firstBuild (package:flutter/src/widgets/framework.dart:5799:5)
#159    StatefulElement._firstBuild (package:flutter/src/widgets/framework.dart:5973:11)
#160    ComponentElement.mount (package:flutter/src/widgets/framework.dart:5793:5)
#161    Element.inflateWidget (package:flutter/src/widgets/framework.dart:4587:20)
#162    Element.updateChild (package:flutter/src/widgets/framework.dart:4059:18)
#163    ComponentElement.performRebuild (package:flutter/src/widgets/framework.dart:5841:16)
#164    StatefulElement.performRebuild (package:flutter/src/widgets/framework.dart:5982:11)
#165    Element.rebuild (package:flutter/src/widgets/framework.dart:5529:7)
#166    ComponentElement._firstBuild (package:flutter/src/widgets/framework.dart:5799:5)
#167    StatefulElement._firstBuild (package:flutter/src/widgets/framework.dart:5973:11)
#168    ComponentElement.mount (package:flutter/src/widgets/framework.dart:5793:5)
#169    Element.inflateWidget (package:flutter/src/widgets/framework.dart:4587:20)
#170    Element.updateChild (package:flutter/src/widgets/framework.dart:4059:18)
#171    SingleChildRenderObjectElement.mount (package:flutter/src/widgets/framework.dart:7115:14)
#172    Element.inflateWidget (package:flutter/src/widgets/framework.dart:4587:20)
#173    Element.updateChild (package:flutter/src/widgets/framework.dart:4059:18)
#174    ComponentElement.performRebuild (package:flutter/src/widgets/framework.dart:5841:16)
#175    Element.rebuild (package:flutter/src/widgets/framework.dart:5529:7)
#176    ComponentElement._firstBuild (package:flutter/src/widgets/framework.dart:5799:5)
#177    ComponentElement.mount (package:flutter/src/widgets/framework.dart:5793:5)
#178    Element.inflateWidget (package:flutter/src/widgets/framework.dart:4587:20)
#179    Element.updateChild (package:flutter/src/widgets/framework.dart:4059:18)
#180    SingleChildRenderObjectElement.mount (package:flutter/src/widgets/framework.dart:7115:14)
#181    Element.inflateWidget (package:flutter/src/widgets/framework.dart:4587:20)
#182    Element.updateChild (package:flutter/src/widgets/framework.dart:4059:18)
#183    ComponentElement.performRebuild (package:flutter/src/widgets/framework.dart:5841:16)
#184    StatefulElement.performRebuild (package:flutter/src/widgets/framework.dart:5982:11)
#185    Element.rebuild (package:flutter/src/widgets/framework.dart:5529:7)
#186    ComponentElement._firstBuild (package:flutter/src/widgets/framework.dart:5799:5)
#187    StatefulElement._firstBuild (package:flutter/src/widgets/framework.dart:5973:11)
#188    ComponentElement.mount (package:flutter/src/widgets/framework.dart:5793:5)
#189    Element.inflateWidget (package:flutter/src/widgets/framework.dart:4587:20)
#190    Element.updateChild (package:flutter/src/widgets/framework.dart:4059:18)
#191    ComponentElement.performRebuild (package:flutter/src/widgets/framework.dart:5841:16)
#192    Element.rebuild (package:flutter/src/widgets/framework.dart:5529:7)
#193    ComponentElement._firstBuild (package:flutter/src/widgets/framework.dart:5799:5)
#194    ComponentElement.mount (package:flutter/src/widgets/framework.dart:5793:5)
#195    Element.inflateWidget (package:flutter/src/widgets/framework.dart:4587:20)
#196    Element.updateChild (package:flutter/src/widgets/framework.dart:4059:18)
#197    ComponentElement.performRebuild (package:flutter/src/widgets/framework.dart:5841:16)
#198    Element.rebuild (package:flutter/src/widgets/framework.dart:5529:7)
#199    ComponentElement._firstBuild (package:flutter/src/widgets/framework.dart:5799:5)
#200    ComponentElement.mount (package:flutter/src/widgets/framework.dart:5793:5)
#201    Element.inflateWidget (package:flutter/src/widgets/framework.dart:4587:20)
#202    Element.updateChild (package:flutter/src/widgets/framework.dart:4059:18)
#203    ComponentElement.performRebuild (package:flutter/src/widgets/framework.dart:5841:16)
#204    StatefulElement.performRebuild (package:flutter/src/widgets/framework.dart:5982:11)
#205    Element.rebuild (package:flutter/src/widgets/framework.dart:5529:7)
#206    ComponentElement._firstBuild (package:flutter/src/widgets/framework.dart:5799:5)
#207    StatefulElement._firstBuild (package:flutter/src/widgets/framework.dart:5973:11)
#208    ComponentElement.mount (package:flutter/src/widgets/framework.dart:5793:5)
#209    Element.inflateWidget (package:flutter/src/widgets/framework.dart:4587:20)
#210    Element.updateChild (package:flutter/src/widgets/framework.dart:4059:18)
#211    ComponentElement.performRebuild (package:flutter/src/widgets/framework.dart:5841:16)
#212    Element.rebuild (package:flutter/src/widgets/framework.dart:5529:7)
#213    ComponentElement._firstBuild (package:flutter/src/widgets/framework.dart:5799:5)
#214    ComponentElement.mount (package:flutter/src/widgets/framework.dart:5793:5)
#215    Element.inflateWidget (package:flutter/src/widgets/framework.dart:4587:20)
#216    Element.updateChild (package:flutter/src/widgets/framework.dart:4059:18)
#217    ComponentElement.performRebuild (package:flutter/src/widgets/framework.dart:5841:16)
#218    Element.rebuild (package:flutter/src/widgets/framework.dart:5529:7)
#219    ComponentElement._firstBuild (package:flutter/src/widgets/framework.dart:5799:5)
#220    ComponentElement.mount (package:flutter/src/widgets/framework.dart:5793:5)
#221    Element.inflateWidget (package:flutter/src/widgets/framework.dart:4587:20)
#222    Element.updateChild (package:flutter/src/widgets/framework.dart:4059:18)
#223    SingleChildRenderObjectElement.mount (package:flutter/src/widgets/framework.dart:7115:14)
#224    Element.inflateWidget (package:flutter/src/widgets/framework.dart:4587:20)
#225    Element.updateChild (package:flutter/src/widgets/framework.dart:4059:18)
#226    ComponentElement.performRebuild (package:flutter/src/widgets/framework.dart:5841:16)
#227    Element.rebuild (package:flutter/src/widgets/framework.dart:5529:7)
#228    ComponentElement._firstBuild (package:flutter/src/widgets/framework.dart:5799:5)
#229    ComponentElement.mount (package:flutter/src/widgets/framework.dart:5793:5)
#230    Element.inflateWidget (package:flutter/src/widgets/framework.dart:4587:20)
#231    Element.updateChild (package:flutter/src/widgets/framework.dart:4059:18)
#232    ComponentElement.performRebuild (package:flutter/src/widgets/framework.dart:5841:16)
#233    Element.rebuild (package:flutter/src/widgets/framework.dart:5529:7)
#234    ComponentElement._firstBuild (package:flutter/src/widgets/framework.dart:5799:5)
00:23 +431 -7: C:/Users/andrvoicu/Desktop/repos/collectarr-app/test/features/library/selection/library_selection_controls_test.dart: bulk remove action can open a dialog after popup selection
00:23 +431 -7: C:/Users/andrvoicu/Desktop/repos/collectarr-app/test/features/library/home/home_page_test.dart: legacy grouped route kinds normalize to movies page
#235    ComponentElement.mount (package:flutter/src/widgets/framework.dart:5793:5)
#236    Element.inflateWidget (package:flutter/src/widgets/framework.dart:4587:20)
#237    Element.updateChild (package:flutter/src/widgets/framework.dart:4059:18)
#238    ComponentElement.performRebuild (package:flutter/src/widgets/framework.dart:5841:16)
#239    StatefulElement.performRebuild (package:flutter/src/widgets/framework.dart:5982:11)
#240    Element.rebuild (package:flutter/src/widgets/framework.dart:5529:7)
#241    ComponentElement._firstBuild (package:flutter/src/widgets/framework.dart:5799:5)
#242    StatefulElement._firstBuild (package:flutter/src/widgets/framework.dart:5973:11)
#243    ComponentElement.mount (package:flutter/src/widgets/framework.dart:5793:5)
#244    Element.inflateWidget (package:flutter/src/widgets/framework.dart:4587:20)
#245    Element.updateChild (package:flutter/src/widgets/framework.dart:4059:18)
#246    ComponentElement.performRebuild (package:flutter/src/widgets/framework.dart:5841:16)
#247    StatefulElement.performRebuild (package:flutter/src/widgets/framework.dart:5982:11)
#248    Element.rebuild (package:flutter/src/widgets/framework.dart:5529:7)
#249    ComponentElement._firstBuild (package:flutter/src/widgets/framework.dart:5799:5)
00:23 +432 -7: C:/Users/andrvoicu/Desktop/repos/collectarr-app/test/features/library/selection/library_selection_controls_test.dart: bulk remove action can open a dialog after popup selection
00:23 +432 -7: C:/Users/andrvoicu/Desktop/repos/collectarr-app/test/features/library/home/home_page_test.dart: legacy grouped route kinds normalize to movies page
#250    StatefulElement._firstBuild (package:flutter/src/widgets/framework.dart:5973:11)
#251    ComponentElement.mount (package:flutter/src/widgets/framework.dart:5793:5)
#252    Element.inflateWidget (package:flutter/src/widgets/framework.dart:4587:20)
#253    Element.updateChild (package:flutter/src/widgets/framework.dart:4059:18)
#254    ComponentElement.performRebuild (package:flutter/src/widgets/framework.dart:5841:16)
#255    StatefulElement.performRebuild (package:flutter/src/widgets/framework.dart:5982:11)
#256    Element.rebuild (package:flutter/src/widgets/framework.dart:5529:7)
#257    ComponentElement._firstBuild (package:flutter/src/widgets/framework.dart:5799:5)
#258    StatefulElement._firstBuild (package:flutter/src/widgets/framework.dart:5973:11)
#259    ComponentElement.mount (package:flutter/src/widgets/framework.dart:5793:5)
#260    Element.inflateWidget (package:flutter/src/widgets/framework.dart:4587:20)
#261    Element.updateChild (package:flutter/src/widgets/framework.dart:4059:18)
#262    SingleChildRenderObjectElement.mount (package:flutter/src/widgets/framework.dart:7115:14)
#263    Element.inflateWidget (package:flutter/src/widgets/framework.dart:4587:20)
#264    Element.updateChild (package:flutter/src/widgets/framework.dart:4059:18)
#265    ComponentElement.performRebuild (package:flutter/src/widgets/framework.dart:5841:16)
#266    Element.rebuild (package:flutter/src/widgets/framework.dart:5529:7)
#267    ComponentElement._firstBuild (package:flutter/src/widgets/framework.dart:5799:5)
#268    ComponentElement.mount (package:flutter/src/widgets/framework.dart:5793:5)
#269    Element.inflateWidget (package:flutter/src/widgets/framework.dart:4587:20)
#270    Element.updateChild (package:flutter/src/widgets/framework.dart:4059:18)
#271    ComponentElement.performRebuild (package:flutter/src/widgets/framework.dart:5841:16)
#272    Element.rebuild (package:flutter/src/widgets/framework.dart:5529:7)
#273    ComponentElement._firstBuild (package:flutter/src/widgets/framework.dart:5799:5)
#274    ComponentElement.mount (package:flutter/src/widgets/framework.dart:5793:5)
#275    Element.inflateWidget (package:flutter/src/widgets/framework.dart:4587:20)
#276    Element.updateChild (package:flutter/src/widgets/framework.dart:4059:18)
#277    ComponentElement.performRebuild (package:flutter/src/widgets/framework.dart:5841:16)
#278    Element.rebuild (package:flutter/src/widgets/framework.dart:5529:7)
#279    ComponentElement._firstBuild (package:flutter/src/widgets/framework.dart:5799:5)
#280    ComponentElement.mount (package:flutter/src/widgets/framework.dart:5793:5)
#281    Element.inflateWidget (package:flutter/src/widgets/framework.dart:4587:20)
#282    Element.updateChild (package:flutter/src/widgets/framework.dart:4059:18)
#283    ComponentElement.performRebuild (package:flutter/src/widgets/framework.dart:5841:16)
#284    StatefulElement.performRebuild (package:flutter/src/widgets/framework.dart:5982:11)
#285    Element.rebuild (package:flutter/src/widgets/framework.dart:5529:7)
#286    ComponentElement._firstBuild (package:flutter/src/widgets/framework.dart:5799:5)
#287    StatefulElement._firstBuild (package:flutter/src/widgets/framework.dart:5973:11)
#288    ComponentElement.mount (package:flutter/src/widgets/framework.dart:5793:5)
#289    Element.inflateWidget (package:flutter/src/widgets/framework.dart:4587:20)
#290    Element.updateChild (package:flutter/src/widgets/framework.dart:4059:18)
#291    ComponentElement.performRebuild (package:flutter/src/widgets/framework.dart:5841:16)
#292    StatefulElement.performRebuild (package:flutter/src/widgets/framework.dart:5982:11)
#293    Element.rebuild (package:flutter/src/widgets/framework.dart:5529:7)
#294    ComponentElement._firstBuild (package:flutter/src/widgets/framework.dart:5799:5)
#295    StatefulElement._firstBuild (package:flutter/src/widgets/framework.dart:5973:11)
#296    ComponentElement.mount (package:flutter/src/widgets/framework.dart:5793:5)
#297    Element.inflateWidget (package:flutter/src/widgets/framework.dart:4587:20)
#298    MultiChildRenderObjectElement.inflateWidget (package:flutter/src/widgets/framework.dart:7264:36)
#299    MultiChildRenderObjectElement.mount (package:flutter/src/widgets/framework.dart:7279:32)
#300    Element.inflateWidget (package:flutter/src/widgets/framework.dart:4587:20)
#301    Element.updateChild (package:flutter/src/widgets/framework.dart:4059:18)
#302    ComponentElement.performRebuild (package:flutter/src/widgets/framework.dart:5841:16)
#303    StatefulElement.performRebuild (package:flutter/src/widgets/framework.dart:5982:11)
#304    Element.rebuild (package:flutter/src/widgets/framework.dart:5529:7)
#305    ComponentElement._firstBuild (package:flutter/src/widgets/framework.dart:5799:5)
#306    StatefulElement._firstBuild (package:flutter/src/widgets/framework.dart:5973:11)
#307    ComponentElement.mount (package:flutter/src/widgets/framework.dart:5793:5)
#308    Element.inflateWidget (package:flutter/src/widgets/framework.dart:4587:20)
#309    Element.updateChild (package:flutter/src/widgets/framework.dart:4059:18)
#310    ComponentElement.performRebuild (package:flutter/src/widgets/framework.dart:5841:16)
#311    Element.rebuild (package:flutter/src/widgets/framework.dart:5529:7)
#312    ComponentElement._firstBuild (package:flutter/src/widgets/framework.dart:5799:5)
#313    ComponentElement.mount (package:flutter/src/widgets/framework.dart:5793:5)
#314    Element.inflateWidget (package:flutter/src/widgets/framework.dart:4587:20)
#315    Element.updateChild (package:flutter/src/widgets/framework.dart:4059:18)
#316    ComponentElement.performRebuild (package:flutter/src/widgets/framework.dart:5841:16)
#317    Element.rebuild (package:flutter/src/widgets/framework.dart:5529:7)
#318    ComponentElement._firstBuild (package:flutter/src/widgets/framework.dart:5799:5)
#319    ComponentElement.mount (package:flutter/src/widgets/framework.dart:5793:5)
#320    Element.inflateWidget (package:flutter/src/widgets/framework.dart:4587:20)
#321    Element.updateChild (package:flutter/src/widgets/framework.dart:4059:18)
#322    ComponentElement.performRebuild (package:flutter/src/widgets/framework.dart:5841:16)
#323    StatefulElement.performRebuild (package:flutter/src/widgets/framework.dart:5982:11)
#324    Element.rebuild (package:flutter/src/widgets/framework.dart:5529:7)
#325    ComponentElement._firstBuild (package:flutter/src/widgets/framework.dart:5799:5)
#326    StatefulElement._firstBuild (package:flutter/src/widgets/framework.dart:5973:11)
#327    ComponentElement.mount (package:flutter/src/widgets/framework.dart:5793:5)
#328    Element.inflateWidget (package:flutter/src/widgets/framework.dart:4587:20)
#329    Element.updateChild (package:flutter/src/widgets/framework.dart:4059:18)
#330    ComponentElement.performRebuild (package:flutter/src/widgets/framework.dart:5841:16)
#331    Element.rebuild (package:flutter/src/widgets/framework.dart:5529:7)
#332    ComponentElement._firstBuild (package:flutter/src/widgets/framework.dart:5799:5)
#333    ComponentElement.mount (package:flutter/src/widgets/framework.dart:5793:5)
#334    Element.inflateWidget (package:flutter/src/widgets/framework.dart:4587:20)
#335    Element.updateChild (package:flutter/src/widgets/framework.dart:4059:18)
#336    ComponentElement.performRebuild (package:flutter/src/widgets/framework.dart:5841:16)
#337    StatefulElement.performRebuild (package:flutter/src/widgets/framework.dart:5982:11)
#338    Element.rebuild (package:flutter/src/widgets/framework.dart:5529:7)
#339    ComponentElement._firstBuild (package:flutter/src/widgets/framework.dart:5799:5)
#340    StatefulElement._firstBuild (package:flutter/src/widgets/framework.dart:5973:11)
#341    ComponentElement.mount (package:flutter/src/widgets/framework.dart:5793:5)
#342    Element.inflateWidget (package:flutter/src/widgets/framework.dart:4587:20)
#343    Element.updateChild (package:flutter/src/widgets/framework.dart:4059:18)
#344    ComponentElement.performRebuild (package:flutter/src/widgets/framework.dart:5841:16)
#345    StatefulElement.performRebuild (package:flutter/src/widgets/framework.dart:5982:11)
#346    Element.rebuild (package:flutter/src/widgets/framework.dart:5529:7)
#347    ComponentElement._firstBuild (package:flutter/src/widgets/framework.dart:5799:5)
#348    StatefulElement._firstBuild (package:flutter/src/widgets/framework.dart:5973:11)
#349    ComponentElement.mount (package:flutter/src/widgets/framework.dart:5793:5)
#350    Element.inflateWidget (package:flutter/src/widgets/framework.dart:4587:20)
#351    Element.updateChild (package:flutter/src/widgets/framework.dart:4059:18)
#352    SingleChildRenderObjectElement.mount (package:flutter/src/widgets/framework.dart:7115:14)
#353    Element.inflateWidget (package:flutter/src/widgets/framework.dart:4587:20)
#354    Element.updateChild (package:flutter/src/widgets/framework.dart:4059:18)
#355    SingleChildRenderObjectElement.mount (package:flutter/src/widgets/framework.dart:7115:14)
#356    Element.inflateWidget (package:flutter/src/widgets/framework.dart:4587:20)
#357    Element.updateChild (package:flutter/src/widgets/framework.dart:4059:18)
#358    ComponentElement.performRebuild (package:flutter/src/widgets/framework.dart:5841:16)
#359    Element.rebuild (package:flutter/src/widgets/framework.dart:5529:7)
#360    ComponentElement._firstBuild (package:flutter/src/widgets/framework.dart:5799:5)
#361    ComponentElement.mount (package:flutter/src/widgets/framework.dart:5793:5)
#362    Element.inflateWidget (package:flutter/src/widgets/framework.dart:4587:20)
#363    Element.updateChild (package:flutter/src/widgets/framework.dart:4059:18)
#364    ComponentElement.performRebuild (package:flutter/src/widgets/framework.dart:5841:16)
#365    Element.rebuild (package:flutter/src/widgets/framework.dart:5529:7)
#366    ComponentElement._firstBuild (package:flutter/src/widgets/framework.dart:5799:5)
#367    ComponentElement.mount (package:flutter/src/widgets/framework.dart:5793:5)
#368    Element.inflateWidget (package:flutter/src/widgets/framework.dart:4587:20)
#369    Element.updateChild (package:flutter/src/widgets/framework.dart:4059:18)
#370    ComponentElement.performRebuild (package:flutter/src/widgets/framework.dart:5841:16)
#371    StatefulElement.performRebuild (package:flutter/src/widgets/framework.dart:5982:11)
#372    Element.rebuild (package:flutter/src/widgets/framework.dart:5529:7)
#373    ComponentElement._firstBuild (package:flutter/src/widgets/framework.dart:5799:5)
#374    StatefulElement._firstBuild (package:flutter/src/widgets/framework.dart:5973:11)
#375    ComponentElement.mount (package:flutter/src/widgets/framework.dart:5793:5)
#376    Element.inflateWidget (package:flutter/src/widgets/framework.dart:4587:20)
#377    Element.updateChild (package:flutter/src/widgets/framework.dart:4059:18)
#378    ComponentElement.performRebuild (package:flutter/src/widgets/framework.dart:5841:16)
#379    Element.rebuild (package:flutter/src/widgets/framework.dart:5529:7)
#380    ComponentElement._firstBuild (package:flutter/src/widgets/framework.dart:5799:5)
#381    ComponentElement.mount (package:flutter/src/widgets/framework.dart:5793:5)
#382    Element.inflateWidget (package:flutter/src/widgets/framework.dart:4587:20)
#383    Element.updateChild (package:flutter/src/widgets/framework.dart:4059:18)
#384    SingleChildRenderObjectElement.mount (package:flutter/src/widgets/framework.dart:7115:14)
#385    Element.inflateWidget (package:flutter/src/widgets/framework.dart:4587:20)
#386    Element.updateChild (package:flutter/src/widgets/framework.dart:4059:18)
#387    ComponentElement.performRebuild (package:flutter/src/widgets/framework.dart:5841:16)
#388    StatefulElement.performRebuild (package:flutter/src/widgets/framework.dart:5982:11)
#389    Element.rebuild (package:flutter/src/widgets/framework.dart:5529:7)
#390    ComponentElement._firstBuild (package:flutter/src/widgets/framework.dart:5799:5)
#391    StatefulElement._firstBuild (package:flutter/src/widgets/framework.dart:5973:11)
#392    ComponentElement.mount (package:flutter/src/widgets/framework.dart:5793:5)
#393    Element.inflateWidget (package:flutter/src/widgets/framework.dart:4587:20)
#394    Element.updateChild (package:flutter/src/widgets/framework.dart:4059:18)
#395    ComponentElement.performRebuild (package:flutter/src/widgets/framework.dart:5841:16)
#396    Element.rebuild (package:flutter/src/widgets/framework.dart:5529:7)
#397    ComponentElement._firstBuild (package:flutter/src/widgets/framework.dart:5799:5)
#398    ComponentElement.mount (package:flutter/src/widgets/framework.dart:5793:5)
#399    Element.inflateWidget (package:flutter/src/widgets/framework.dart:4587:20)
#400    Element.updateChild (package:flutter/src/widgets/framework.dart:4059:18)
#401    ComponentElement.performRebuild (package:flutter/src/widgets/framework.dart:5841:16)
#402    Element.rebuild (package:flutter/src/widgets/framework.dart:5529:7)
#403    ComponentElement._firstBuild (package:flutter/src/widgets/framework.dart:5799:5)
#404    ComponentElement.mount (package:flutter/src/widgets/framework.dart:5793:5)
#405    Element.inflateWidget (package:flutter/src/widgets/framework.dart:4587:20)
#406    Element.updateChild (package:flutter/src/widgets/framework.dart:4059:18)
#407    ComponentElement.performRebuild (package:flutter/src/widgets/framework.dart:5841:16)
#408    StatefulElement.performRebuild (package:flutter/src/widgets/framework.dart:5982:11)
#409    Element.rebuild (package:flutter/src/widgets/framework.dart:5529:7)
#410    ComponentElement._firstBuild (package:flutter/src/widgets/framework.dart:5799:5)
#411    StatefulElement._firstBuild (package:flutter/src/widgets/framework.dart:5973:11)
#412    ComponentElement.mount (package:flutter/src/widgets/framework.dart:5793:5)
#413    Element.inflateWidget (package:flutter/src/widgets/framework.dart:4587:20)
#414    Element.updateChild (package:flutter/src/widgets/framework.dart:4059:18)
#415    ComponentElement.performRebuild (package:flutter/src/widgets/framework.dart:5841:16)
#416    Element.rebuild (package:flutter/src/widgets/framework.dart:5529:7)
#417    ComponentElement._firstBuild (package:flutter/src/widgets/framework.dart:5799:5)
#418    ComponentElement.mount (package:flutter/src/widgets/framework.dart:5793:5)
#419    Element.inflateWidget (package:flutter/src/widgets/framework.dart:4587:20)
#420    Element.updateChild (package:flutter/src/widgets/framework.dart:4059:18)
#421    ComponentElement.performRebuild (package:flutter/src/widgets/framework.dart:5841:16)
#422    Element.rebuild (package:flutter/src/widgets/framework.dart:5529:7)
#423    ComponentElement._firstBuild (package:flutter/src/widgets/framework.dart:5799:5)
#424    ComponentElement.mount (package:flutter/src/widgets/framework.dart:5793:5)
#425    Element.inflateWidget (package:flutter/src/widgets/framework.dart:4587:20)
#426    Element.updateChild (package:flutter/src/widgets/framework.dart:4059:18)
#427    ComponentElement.performRebuild (package:flutter/src/widgets/framework.dart:5841:16)
#428    Element.rebuild (package:flutter/src/widgets/framework.dart:5529:7)
#429    ComponentElement._firstBuild (package:flutter/src/widgets/framework.dart:5799:5)
#430    ComponentElement.mount (package:flutter/src/widgets/framework.dart:5793:5)
#431    Element.inflateWidget (package:flutter/src/widgets/framework.dart:4587:20)
#432    Element.updateChild (package:flutter/src/widgets/framework.dart:4059:18)
#433    ComponentElement.performRebuild (package:flutter/src/widgets/framework.dart:5841:16)
#434    Element.rebuild (package:flutter/src/widgets/framework.dart:5529:7)
#435    ComponentElement._firstBuild (package:flutter/src/widgets/framework.dart:5799:5)
#436    ComponentElement.mount (package:flutter/src/widgets/framework.dart:5793:5)
#437    Element.inflateWidget (package:flutter/src/widgets/framework.dart:4587:20)
#438    Element.updateChild (package:flutter/src/widgets/framework.dart:4059:18)
#439    ComponentElement.performRebuild (package:flutter/src/widgets/framework.dart:5841:16)
#440    Element.rebuild (package:flutter/src/widgets/framework.dart:5529:7)
#441    ComponentElement._firstBuild (package:flutter/src/widgets/framework.dart:5799:5)
#442    ComponentElement.mount (package:flutter/src/widgets/framework.dart:5793:5)
#443    Element.inflateWidget (package:flutter/src/widgets/framework.dart:4587:20)
#444    Element.updateChild (package:flutter/src/widgets/framework.dart:4059:18)
#445    ComponentElement.performRebuild (package:flutter/src/widgets/framework.dart:5841:16)
#446    Element.rebuild (package:flutter/src/widgets/framework.dart:5529:7)
#447    ComponentElement._firstBuild (package:flutter/src/widgets/framework.dart:5799:5)
#448    ComponentElement.mount (package:flutter/src/widgets/framework.dart:5793:5)
#449    Element.inflateWidget (package:flutter/src/widgets/framework.dart:4587:20)
#450    Element.updateChild (package:flutter/src/widgets/framework.dart:4059:18)
#451    ComponentElement.performRebuild (package:flutter/src/widgets/framework.dart:5841:16)
#452    Element.rebuild (package:flutter/src/widgets/framework.dart:5529:7)
#453    ComponentElement._firstBuild (package:flutter/src/widgets/framework.dart:5799:5)
#454    ComponentElement.mount (package:flutter/src/widgets/framework.dart:5793:5)
#455    Element.inflateWidget (package:flutter/src/widgets/framework.dart:4587:20)
#456    Element.updateChild (package:flutter/src/widgets/framework.dart:4059:18)
#457    ComponentElement.performRebuild (package:flutter/src/widgets/framework.dart:5841:16)
#458    StatefulElement.performRebuild (package:flutter/src/widgets/framework.dart:5982:11)
#459    Element.rebuild (package:flutter/src/widgets/framework.dart:5529:7)
#460    ComponentElement._firstBuild (package:flutter/src/widgets/framework.dart:5799:5)
#461    StatefulElement._firstBuild (package:flutter/src/widgets/framework.dart:5973:11)
#462    ComponentElement.mount (package:flutter/src/widgets/framework.dart:5793:5)
#463    Element.inflateWidget (package:flutter/src/widgets/framework.dart:4587:20)
#464    Element.updateChild (package:flutter/src/widgets/framework.dart:4059:18)
#465    ComponentElement.performRebuild (package:flutter/src/widgets/framework.dart:5841:16)
#466    Element.rebuild (package:flutter/src/widgets/framework.dart:5529:7)
#467    ComponentElement._firstBuild (package:flutter/src/widgets/framework.dart:5799:5)
#468    ComponentElement.mount (package:flutter/src/widgets/framework.dart:5793:5)
#469    Element.inflateWidget (package:flutter/src/widgets/framework.dart:4587:20)
#470    Element.updateChild (package:flutter/src/widgets/framework.dart:4059:18)
#471    ComponentElement.performRebuild (package:flutter/src/widgets/framework.dart:5841:16)
#472    Element.rebuild (package:flutter/src/widgets/framework.dart:5529:7)
#473    ComponentElement._firstBuild (package:flutter/src/widgets/framework.dart:5799:5)
#474    ComponentElement.mount (package:flutter/src/widgets/framework.dart:5793:5)
#475    Element.inflateWidget (package:flutter/src/widgets/framework.dart:4587:20)
#476    Element.updateChild (package:flutter/src/widgets/framework.dart:4059:18)
#477    ComponentElement.performRebuild (package:flutter/src/widgets/framework.dart:5841:16)
#478    StatefulElement.performRebuild (package:flutter/src/widgets/framework.dart:5982:11)
#479    Element.rebuild (package:flutter/src/widgets/framework.dart:5529:7)
#480    ComponentElement._firstBuild (package:flutter/src/widgets/framework.dart:5799:5)
#481    StatefulElement._firstBuild (package:flutter/src/widgets/framework.dart:5973:11)
#482    ComponentElement.mount (package:flutter/src/widgets/framework.dart:5793:5)
#483    Element.inflateWidget (package:flutter/src/widgets/framework.dart:4587:20)
#484    Element.updateChild (package:flutter/src/widgets/framework.dart:4059:18)
#485    SingleChildRenderObjectElement.mount (package:flutter/src/widgets/framework.dart:7115:14)
#486    Element.inflateWidget (package:flutter/src/widgets/framework.dart:4587:20)
#487    Element.updateChild (package:flutter/src/widgets/framework.dart:4059:18)
#488    ComponentElement.performRebuild (package:flutter/src/widgets/framework.dart:5841:16)
#489    StatefulElement.performRebuild (package:flutter/src/widgets/framework.dart:5982:11)
#490    Element.rebuild (package:flutter/src/widgets/framework.dart:5529:7)
#491    ComponentElement._firstBuild (package:flutter/src/widgets/framework.dart:5799:5)
#492    StatefulElement._firstBuild (package:flutter/src/widgets/framework.dart:5973:11)
#493    ComponentElement.mount (package:flutter/src/widgets/framework.dart:5793:5)
#494    Element.inflateWidget (package:flutter/src/widgets/framework.dart:4587:20)
#495    Element.updateChild (package:flutter/src/widgets/framework.dart:4059:18)
#496    ComponentElement.performRebuild (package:flutter/src/widgets/framework.dart:5841:16)
#497    Element.rebuild (package:flutter/src/widgets/framework.dart:5529:7)
#498    ComponentElement._firstBuild (package:flutter/src/widgets/framework.dart:5799:5)
#499    ComponentElement.mount (package:flutter/src/widgets/framework.dart:5793:5)
#500    Element.inflateWidget (package:flutter/src/widgets/framework.dart:4587:20)
#501    Element.updateChild (package:flutter/src/widgets/framework.dart:4059:18)
#502    SingleChildRenderObjectElement.mount (package:flutter/src/widgets/framework.dart:7115:14)
#503    Element.inflateWidget (package:flutter/src/widgets/framework.dart:4587:20)
#504    Element.updateChild (package:flutter/src/widgets/framework.dart:4059:18)
#505    ComponentElement.performRebuild (package:flutter/src/widgets/framework.dart:5841:16)
#506    Element.rebuild (package:flutter/src/widgets/framework.dart:5529:7)
#507    ComponentElement._firstBuild (package:flutter/src/widgets/framework.dart:5799:5)
#508    ComponentElement.mount (package:flutter/src/widgets/framework.dart:5793:5)
#509    Element.inflateWidget (package:flutter/src/widgets/framework.dart:4587:20)
#510    Element.updateChild (package:flutter/src/widgets/framework.dart:4059:18)
#511    ComponentElement.performRebuild (package:flutter/src/widgets/framework.dart:5841:16)
#512    StatefulElement.performRebuild (package:flutter/src/widgets/framework.dart:5982:11)
#513    Element.rebuild (package:flutter/src/widgets/framework.dart:5529:7)
#514    ComponentElement._firstBuild (package:flutter/src/widgets/framework.dart:5799:5)
#515    StatefulElement._firstBuild (package:flutter/src/widgets/framework.dart:5973:11)
#516    ComponentElement.mount (package:flutter/src/widgets/framework.dart:5793:5)
#517    Element.inflateWidget (package:flutter/src/widgets/framework.dart:4587:20)
#518    Element.updateChild (package:flutter/src/widgets/framework.dart:4059:18)
#519    ComponentElement.performRebuild (package:flutter/src/widgets/framework.dart:5841:16)
#520    StatefulElement.performRebuild (package:flutter/src/widgets/framework.dart:5982:11)
#521    Element.rebuild (package:flutter/src/widgets/framework.dart:5529:7)
#522    ComponentElement._firstBuild (package:flutter/src/widgets/framework.dart:5799:5)
#523    StatefulElement._firstBuild (package:flutter/src/widgets/framework.dart:5973:11)
#524    ComponentElement.mount (package:flutter/src/widgets/framework.dart:5793:5)
#525    Element.inflateWidget (package:flutter/src/widgets/framework.dart:4587:20)
#526    Element.updateChild (package:flutter/src/widgets/framework.dart:4059:18)
#527    ComponentElement.performRebuild (package:flutter/src/widgets/framework.dart:5841:16)
#528    Element.rebuild (package:flutter/src/widgets/framework.dart:5529:7)
#529    ComponentElement._firstBuild (package:flutter/src/widgets/framework.dart:5799:5)
#530    ComponentElement.mount (package:flutter/src/widgets/framework.dart:5793:5)
#531    Element.inflateWidget (package:flutter/src/widgets/framework.dart:4587:20)
#532    Element.updateChild (package:flutter/src/widgets/framework.dart:4059:18)
#533    ComponentElement.performRebuild (package:flutter/src/widgets/framework.dart:5841:16)
#534    Element.rebuild (package:flutter/src/widgets/framework.dart:5529:7)
#535    ComponentElement._firstBuild (package:flutter/src/widgets/framework.dart:5799:5)
#536    ComponentElement.mount (package:flutter/src/widgets/framework.dart:5793:5)
#537    Element.inflateWidget (package:flutter/src/widgets/framework.dart:4587:20)
#538    Element.updateChild (package:flutter/src/widgets/framework.dart:4059:18)
#539    SingleChildRenderObjectElement.mount (package:flutter/src/widgets/framework.dart:7115:14)
#540    Element.inflateWidget (package:flutter/src/widgets/framework.dart:4587:20)
#541    Element.updateChild (package:flutter/src/widgets/framework.dart:4059:18)
#542    ComponentElement.performRebuild (package:flutter/src/widgets/framework.dart:5841:16)
#543    StatefulElement.performRebuild (package:flutter/src/widgets/framework.dart:5982:11)
#544    Element.rebuild (package:flutter/src/widgets/framework.dart:5529:7)
#545    ComponentElement._firstBuild (package:flutter/src/widgets/framework.dart:5799:5)
#546    StatefulElement._firstBuild (package:flutter/src/widgets/framework.dart:5973:11)
#547    ComponentElement.mount (package:flutter/src/widgets/framework.dart:5793:5)
#548    Element.inflateWidget (package:flutter/src/widgets/framework.dart:4587:20)
#549    Element.updateChild (package:flutter/src/widgets/framework.dart:4059:18)
#550    ComponentElement.performRebuild (package:flutter/src/widgets/framework.dart:5841:16)
#551    StatefulElement.performRebuild (package:flutter/src/widgets/framework.dart:5982:11)
#552    Element.rebuild (package:flutter/src/widgets/framework.dart:5529:7)
#553    ComponentElement._firstBuild (package:flutter/src/widgets/framework.dart:5799:5)
#554    StatefulElement._firstBuild (package:flutter/src/widgets/framework.dart:5973:11)
#555    ComponentElement.mount (package:flutter/src/widgets/framework.dart:5793:5)
#556    Element.inflateWidget (package:flutter/src/widgets/framework.dart:4587:20)
#557    Element.updateChild (package:flutter/src/widgets/framework.dart:4059:18)
#558    SingleChildRenderObjectElement.mount (package:flutter/src/widgets/framework.dart:7115:14)
#559    Element.inflateWidget (package:flutter/src/widgets/framework.dart:4587:20)
#560    Element.updateChild (package:flutter/src/widgets/framework.dart:4059:18)
#561    ComponentElement.performRebuild (package:flutter/src/widgets/framework.dart:5841:16)
#562    Element.rebuild (package:flutter/src/widgets/framework.dart:5529:7)
#563    ComponentElement._firstBuild (package:flutter/src/widgets/framework.dart:5799:5)
#564    ComponentElement.mount (package:flutter/src/widgets/framework.dart:5793:5)
#565    Element.inflateWidget (package:flutter/src/widgets/framework.dart:4587:20)
#566    Element.updateChild (package:flutter/src/widgets/framework.dart:4059:18)
#567    ComponentElement.performRebuild (package:flutter/src/widgets/framework.dart:5841:16)
#568    StatefulElement.performRebuild (package:flutter/src/widgets/framework.dart:5982:11)
#569    Element.rebuild (package:flutter/src/widgets/framework.dart:5529:7)
#570    ComponentElement._firstBuild (package:flutter/src/widgets/framework.dart:5799:5)
#571    StatefulElement._firstBuild (package:flutter/src/widgets/framework.dart:5973:11)
#572    ComponentElement.mount (package:flutter/src/widgets/framework.dart:5793:5)
#573    Element.inflateWidget (package:flutter/src/widgets/framework.dart:4587:20)
#574    Element.updateChild (package:flutter/src/widgets/framework.dart:4059:18)
#575    ComponentElement.performRebuild (package:flutter/src/widgets/framework.dart:5841:16)
#576    StatefulElement.performRebuild (package:flutter/src/widgets/framework.dart:5982:11)
#577    Element.rebuild (package:flutter/src/widgets/framework.dart:5529:7)
#578    ComponentElement._firstBuild (package:flutter/src/widgets/framework.dart:5799:5)
#579    StatefulElement._firstBuild (package:flutter/src/widgets/framework.dart:5973:11)
#580    ComponentElement.mount (package:flutter/src/widgets/framework.dart:5793:5)
#581    Element.inflateWidget (package:flutter/src/widgets/framework.dart:4587:20)
#582    Element.updateChild (package:flutter/src/widgets/framework.dart:4059:18)
#583    ComponentElement.performRebuild (package:flutter/src/widgets/framework.dart:5841:16)
#584    Element.rebuild (package:flutter/src/widgets/framework.dart:5529:7)
#585    ComponentElement._firstBuild (package:flutter/src/widgets/framework.dart:5799:5)
#586    ComponentElement.mount (package:flutter/src/widgets/framework.dart:5793:5)
#587    Element.inflateWidget (package:flutter/src/widgets/framework.dart:4587:20)
#588    Element.updateChild (package:flutter/src/widgets/framework.dart:4059:18)
#589    ComponentElement.performRebuild (package:flutter/src/widgets/framework.dart:5841:16)
#590    StatefulElement.performRebuild (package:flutter/src/widgets/framework.dart:5982:11)
#591    Element.rebuild (package:flutter/src/widgets/framework.dart:5529:7)
#592    ComponentElement._firstBuild (package:flutter/src/widgets/framework.dart:5799:5)
#593    StatefulElement._firstBuild (package:flutter/src/widgets/framework.dart:5973:11)
#594    ComponentElement.mount (package:flutter/src/widgets/framework.dart:5793:5)
#595    Element.inflateWidget (package:flutter/src/widgets/framework.dart:4587:20)
#596    Element.updateChild (package:flutter/src/widgets/framework.dart:4059:18)
#597    SingleChildRenderObjectElement.mount (package:flutter/src/widgets/framework.dart:7115:14)
#598    Element.inflateWidget (package:flutter/src/widgets/framework.dart:4587:20)
#599    Element.updateChild (package:flutter/src/widgets/framework.dart:4059:18)
00:23 +433 -7: C:/Users/andrvoicu/Desktop/repos/collectarr-app/test/features/library/stats/stats_dashboard_test.dart: music stats dashboard uses artist and label metadata alerts
00:23 +433 -7: C:/Users/andrvoicu/Desktop/repos/collectarr-app/test/features/library/home/home_page_test.dart: legacy grouped route kinds normalize to movies page
#600    ComponentElement.performRebuild (package:flutter/src/widgets/framework.dart:5841:16)
#601    Element.rebuild (package:flutter/src/widgets/framework.dart:5529:7)
#602    ComponentElement._firstBuild (package:flutter/src/widgets/framework.dart:5799:5)
#603    ComponentElement.mount (package:flutter/src/widgets/framework.dart:5793:5)
#604    Element.inflateWidget (package:flutter/src/widgets/framework.dart:4587:20)
#605    Element.updateChild (package:flutter/src/widgets/framework.dart:4059:18)
#606    ComponentElement.performRebuild (package:flutter/src/widgets/framework.dart:5841:16)
#607    StatefulElement.performRebuild (package:flutter/src/widgets/framework.dart:5982:11)
#608    Element.rebuild (package:flutter/src/widgets/framework.dart:5529:7)
#609    ComponentElement._firstBuild (package:flutter/src/widgets/framework.dart:5799:5)
#610    StatefulElement._firstBuild (package:flutter/src/widgets/framework.dart:5973:11)
#611    ComponentElement.mount (package:flutter/src/widgets/framework.dart:5793:5)
#612    Element.inflateWidget (package:flutter/src/widgets/framework.dart:4587:20)
#613    Element.updateChild (package:flutter/src/widgets/framework.dart:4059:18)
#614    ComponentElement.performRebuild (package:flutter/src/widgets/framework.dart:5841:16)
#615    StatefulElement.performRebuild (package:flutter/src/widgets/framework.dart:5982:11)
#616    Element.rebuild (package:flutter/src/widgets/framework.dart:5529:7)
#617    ComponentElement._firstBuild (package:flutter/src/widgets/framework.dart:5799:5)
#618    StatefulElement._firstBuild (package:flutter/src/widgets/framework.dart:5973:11)
#619    ComponentElement.mount (package:flutter/src/widgets/framework.dart:5793:5)
#620    Element.inflateWidget (package:flutter/src/widgets/framework.dart:4587:20)
#621    Element.updateChild (package:flutter/src/widgets/framework.dart:4059:18)
#622    ComponentElement.performRebuild (package:flutter/src/widgets/framework.dart:5841:16)
#623    Element.rebuild (package:flutter/src/widgets/framework.dart:5529:7)
#624    ComponentElement._firstBuild (package:flutter/src/widgets/framework.dart:5799:5)
#625    ComponentElement.mount (package:flutter/src/widgets/framework.dart:5793:5)
#626    Element.inflateWidget (package:flutter/src/widgets/framework.dart:4587:20)
#627    Element.updateChild (package:flutter/src/widgets/framework.dart:4059:18)
#628    ComponentElement.performRebuild (package:flutter/src/widgets/framework.dart:5841:16)
#629    StatefulElement.performRebuild (package:flutter/src/widgets/framework.dart:5982:11)
#630    Element.rebuild (package:flutter/src/widgets/framework.dart:5529:7)
#631    ComponentElement._firstBuild (package:flutter/src/widgets/framework.dart:5799:5)
#632    StatefulElement._firstBuild (package:flutter/src/widgets/framework.dart:5973:11)
#633    ComponentElement.mount (package:flutter/src/widgets/framework.dart:5793:5)
#634    Element.inflateWidget (package:flutter/src/widgets/framework.dart:4587:20)
#635    Element.updateChild (package:flutter/src/widgets/framework.dart:4059:18)
#636    SingleChildRenderObjectElement.mount (package:flutter/src/widgets/framework.dart:7115:14)
#637    Element.inflateWidget (package:flutter/src/widgets/framework.dart:4587:20)
#638    Element.updateChild (package:flutter/src/widgets/framework.dart:4059:18)
#639    ComponentElement.performRebuild (package:flutter/src/widgets/framework.dart:5841:16)
#640    Element.rebuild (package:flutter/src/widgets/framework.dart:5529:7)
#641    ComponentElement._firstBuild (package:flutter/src/widgets/framework.dart:5799:5)
#642    ComponentElement.mount (package:flutter/src/widgets/framework.dart:5793:5)
#643    Element.inflateWidget (package:flutter/src/widgets/framework.dart:4587:20)
#644    Element.updateChild (package:flutter/src/widgets/framework.dart:4059:18)
#645    ComponentElement.performRebuild (package:flutter/src/widgets/framework.dart:5841:16)
#646    StatefulElement.performRebuild (package:flutter/src/widgets/framework.dart:5982:11)
#647    Element.rebuild (package:flutter/src/widgets/framework.dart:5529:7)
#648    ComponentElement._firstBuild (package:flutter/src/widgets/framework.dart:5799:5)
#649    StatefulElement._firstBuild (package:flutter/src/widgets/framework.dart:5973:11)
#650    ComponentElement.mount (package:flutter/src/widgets/framework.dart:5793:5)
#651    Element.inflateWidget (package:flutter/src/widgets/framework.dart:4587:20)
#652    Element.updateChild (package:flutter/src/widgets/framework.dart:4059:18)
#653    ComponentElement.performRebuild (package:flutter/src/widgets/framework.dart:5841:16)
#654    StatefulElement.performRebuild (package:flutter/src/widgets/framework.dart:5982:11)
#655    Element.rebuild (package:flutter/src/widgets/framework.dart:5529:7)
#656    ComponentElement._firstBuild (package:flutter/src/widgets/framework.dart:5799:5)
#657    StatefulElement._firstBuild (package:flutter/src/widgets/framework.dart:5973:11)
#658    ComponentElement.mount (package:flutter/src/widgets/framework.dart:5793:5)
#659    Element.inflateWidget (package:flutter/src/widgets/framework.dart:4587:20)
#660    Element.updateChild (package:flutter/src/widgets/framework.dart:4059:18)
#661    ComponentElement.performRebuild (package:flutter/src/widgets/framework.dart:5841:16)
#662    Element.rebuild (package:flutter/src/widgets/framework.dart:5529:7)
#663    ComponentElement._firstBuild (package:flutter/src/widgets/framework.dart:5799:5)
#664    ComponentElement.mount (package:flutter/src/widgets/framework.dart:5793:5)
#665    Element.inflateWidget (package:flutter/src/widgets/framework.dart:4587:20)
#666    Element.updateChild (package:flutter/src/widgets/framework.dart:4059:18)
#667    SingleChildRenderObjectElement.mount (package:flutter/src/widgets/framework.dart:7115:14)
#668    Element.inflateWidget (package:flutter/src/widgets/framework.dart:4587:20)
#669    Element.updateChild (package:flutter/src/widgets/framework.dart:4059:18)
#670    ComponentElement.performRebuild (package:flutter/src/widgets/framework.dart:5841:16)
#671    Element.rebuild (package:flutter/src/widgets/framework.dart:5529:7)
#672    ComponentElement._firstBuild (package:flutter/src/widgets/framework.dart:5799:5)
#673    ComponentElement.mount (package:flutter/src/widgets/framework.dart:5793:5)
#674    Element.inflateWidget (package:flutter/src/widgets/framework.dart:4587:20)
#675    Element.updateChild (package:flutter/src/widgets/framework.dart:4059:18)
#676    ComponentElement.performRebuild (package:flutter/src/widgets/framework.dart:5841:16)
#677    StatefulElement.performRebuild (package:flutter/src/widgets/framework.dart:5982:11)
#678    Element.rebuild (package:flutter/src/widgets/framework.dart:5529:7)
#679    ComponentElement._firstBuild (package:flutter/src/widgets/framework.dart:5799:5)
#680    StatefulElement._firstBuild (package:flutter/src/widgets/framework.dart:5973:11)
#681    ComponentElement.mount (package:flutter/src/widgets/framework.dart:5793:5)
#682    Element.inflateWidget (package:flutter/src/widgets/framework.dart:4587:20)
#683    Element.updateChild (package:flutter/src/widgets/framework.dart:4059:18)
#684    ComponentElement.performRebuild (package:flutter/src/widgets/framework.dart:5841:16)
#685    StatefulElement.performRebuild (package:flutter/src/widgets/framework.dart:5982:11)
#686    Element.rebuild (package:flutter/src/widgets/framework.dart:5529:7)
#687    ComponentElement._firstBuild (package:flutter/src/widgets/framework.dart:5799:5)
#688    StatefulElement._firstBuild (package:flutter/src/widgets/framework.dart:5973:11)
#689    ComponentElement.mount (package:flutter/src/widgets/framework.dart:5793:5)
#690    Element.inflateWidget (package:flutter/src/widgets/framework.dart:4587:20)
#691    Element.updateChild (package:flutter/src/widgets/framework.dart:4059:18)
#692    ComponentElement.performRebuild (package:flutter/src/widgets/framework.dart:5841:16)
#693    Element.rebuild (package:flutter/src/widgets/framework.dart:5529:7)
#694    ComponentElement._firstBuild (package:flutter/src/widgets/framework.dart:5799:5)
#695    ComponentElement.mount (package:flutter/src/widgets/framework.dart:5793:5)
#696    Element.inflateWidget (package:flutter/src/widgets/framework.dart:4587:20)
#697    Element.updateChild (package:flutter/src/widgets/framework.dart:4059:18)
#698    ComponentElement.performRebuild (package:flutter/src/widgets/framework.dart:5841:16)
#699    Element.rebuild (package:flutter/src/widgets/framework.dart:5529:7)
#700    ComponentElement._firstBuild (package:flutter/src/widgets/framework.dart:5799:5)
#701    ComponentElement.mount (package:flutter/src/widgets/framework.dart:5793:5)
#702    Element.inflateWidget (package:flutter/src/widgets/framework.dart:4587:20)
#703    Element.updateChild (package:flutter/src/widgets/framework.dart:4059:18)
#704    ComponentElement.performRebuild (package:flutter/src/widgets/framework.dart:5841:16)
#705    StatefulElement.performRebuild (package:flutter/src/widgets/framework.dart:5982:11)
#706    Element.rebuild (package:flutter/src/widgets/framework.dart:5529:7)
#707    ComponentElement._firstBuild (package:flutter/src/widgets/framework.dart:5799:5)
#708    StatefulElement._firstBuild (package:flutter/src/widgets/framework.dart:5973:11)
#709    ComponentElement.mount (package:flutter/src/widgets/framework.dart:5793:5)
#710    Element.inflateWidget (package:flutter/src/widgets/framework.dart:4587:20)
#711    Element.updateChild (package:flutter/src/widgets/framework.dart:4059:18)
#712    ComponentElement.performRebuild (package:flutter/src/widgets/framework.dart:5841:16)
#713    Element.rebuild (package:flutter/src/widgets/framework.dart:5529:7)
#714    ComponentElement._firstBuild (package:flutter/src/widgets/framework.dart:5799:5)
#715    ComponentElement.mount (package:flutter/src/widgets/framework.dart:5793:5)
#716    Element.inflateWidget (package:flutter/src/widgets/framework.dart:4587:20)
#717    Element.updateChild (package:flutter/src/widgets/framework.dart:4059:18)
#718    ComponentElement.performRebuild (package:flutter/src/widgets/framework.dart:5841:16)
#719    StatefulElement.performRebuild (package:flutter/src/widgets/framework.dart:5982:11)
#720    Element.rebuild (package:flutter/src/widgets/framework.dart:5529:7)
#721    ComponentElement._firstBuild (package:flutter/src/widgets/framework.dart:5799:5)
#722    StatefulElement._firstBuild (package:flutter/src/widgets/framework.dart:5973:11)
#723    ComponentElement.mount (package:flutter/src/widgets/framework.dart:5793:5)
#724    Element.inflateWidget (package:flutter/src/widgets/framework.dart:4587:20)
#725    Element.updateChild (package:flutter/src/widgets/framework.dart:4059:18)
#726    ComponentElement.performRebuild (package:flutter/src/widgets/framework.dart:5841:16)
#727    Element.rebuild (package:flutter/src/widgets/framework.dart:5529:7)
#728    ComponentElement._firstBuild (package:flutter/src/widgets/framework.dart:5799:5)
#729    ComponentElement.mount (package:flutter/src/widgets/framework.dart:5793:5)
#730    Element.inflateWidget (package:flutter/src/widgets/framework.dart:4587:20)
#731    Element.updateChild (package:flutter/src/widgets/framework.dart:4059:18)
#732    ComponentElement.performRebuild (package:flutter/src/widgets/framework.dart:5841:16)
#733    StatefulElement.performRebuild (package:flutter/src/widgets/framework.dart:5982:11)
#734    Element.rebuild (package:flutter/src/widgets/framework.dart:5529:7)
#735    ComponentElement._firstBuild (package:flutter/src/widgets/framework.dart:5799:5)
#736    StatefulElement._firstBuild (package:flutter/src/widgets/framework.dart:5973:11)
#737    ComponentElement.mount (package:flutter/src/widgets/framework.dart:5793:5)
#738    Element.inflateWidget (package:flutter/src/widgets/framework.dart:4587:20)
#739    Element.updateChild (package:flutter/src/widgets/framework.dart:4059:18)
#740    ComponentElement.performRebuild (package:flutter/src/widgets/framework.dart:5841:16)
#741    StatefulElement.performRebuild (package:flutter/src/widgets/framework.dart:5982:11)
#742    Element.rebuild (package:flutter/src/widgets/framework.dart:5529:7)
#743    ComponentElement._firstBuild (package:flutter/src/widgets/framework.dart:5799:5)
#744    StatefulElement._firstBuild (package:flutter/src/widgets/framework.dart:5973:11)
#745    ComponentElement.mount (package:flutter/src/widgets/framework.dart:5793:5)
#746    Element.inflateWidget (package:flutter/src/widgets/framework.dart:4587:20)
#747    Element.updateChild (package:flutter/src/widgets/framework.dart:4059:18)
#748    ComponentElement.performRebuild (package:flutter/src/widgets/framework.dart:5841:16)
#749    Element.rebuild (package:flutter/src/widgets/framework.dart:5529:7)
#750    ComponentElement._firstBuild (package:flutter/src/widgets/framework.dart:5799:5)
#751    ComponentElement.mount (package:flutter/src/widgets/framework.dart:5793:5)
#752    Element.inflateWidget (package:flutter/src/widgets/framework.dart:4587:20)
#753    Element.updateChild (package:flutter/src/widgets/framework.dart:4059:18)
#754    ComponentElement.performRebuild (package:flutter/src/widgets/framework.dart:5841:16)
#755    Element.rebuild (package:flutter/src/widgets/framework.dart:5529:7)
#756    ComponentElement._firstBuild (package:flutter/src/widgets/framework.dart:5799:5)
#757    ComponentElement.mount (package:flutter/src/widgets/framework.dart:5793:5)
#758    Element.inflateWidget (package:flutter/src/widgets/framework.dart:4587:20)
#759    Element.updateChild (package:flutter/src/widgets/framework.dart:4059:18)
#760    ComponentElement.performRebuild (package:flutter/src/widgets/framework.dart:5841:16)
#761    StatefulElement.performRebuild (package:flutter/src/widgets/framework.dart:5982:11)
#762    Element.rebuild (package:flutter/src/widgets/framework.dart:5529:7)
#763    ComponentElement._firstBuild (package:flutter/src/widgets/framework.dart:5799:5)
#764    StatefulElement._firstBuild (package:flutter/src/widgets/framework.dart:5973:11)
#765    ComponentElement.mount (package:flutter/src/widgets/framework.dart:5793:5)
#766    Element.inflateWidget (package:flutter/src/widgets/framework.dart:4587:20)
#767    Element.updateChild (package:flutter/src/widgets/framework.dart:4059:18)
#768    ComponentElement.performRebuild (package:flutter/src/widgets/framework.dart:5841:16)
#769    Element.rebuild (package:flutter/src/widgets/framework.dart:5529:7)
#770    ComponentElement._firstBuild (package:flutter/src/widgets/framework.dart:5799:5)
#771    ComponentElement.mount (package:flutter/src/widgets/framework.dart:5793:5)
#772    Element.inflateWidget (package:flutter/src/widgets/framework.dart:4587:20)
#773    Element.updateChild (package:flutter/src/widgets/framework.dart:4059:18)
#774    ComponentElement.performRebuild (package:flutter/src/widgets/framework.dart:5841:16)
#775    StatefulElement.performRebuild (package:flutter/src/widgets/framework.dart:5982:11)
#776    Element.rebuild (package:flutter/src/widgets/framework.dart:5529:7)
#777    ComponentElement._firstBuild (package:flutter/src/widgets/framework.dart:5799:5)
#778    StatefulElement._firstBuild (package:flutter/src/widgets/framework.dart:5973:11)
#779    ComponentElement.mount (package:flutter/src/widgets/framework.dart:5793:5)
#780    Element.inflateWidget (package:flutter/src/widgets/framework.dart:4587:20)
#781    Element.updateChild (package:flutter/src/widgets/framework.dart:4059:18)
#782    ComponentElement.performRebuild (package:flutter/src/widgets/framework.dart:5841:16)
#783    StatefulElement.performRebuild (package:flutter/src/widgets/framework.dart:5982:11)
#784    Element.rebuild (package:flutter/src/widgets/framework.dart:5529:7)
#785    ComponentElement._firstBuild (package:flutter/src/widgets/framework.dart:5799:5)
#786    StatefulElement._firstBuild (package:flutter/src/widgets/framework.dart:5973:11)
#787    ComponentElement.mount (package:flutter/src/widgets/framework.dart:5793:5)
#788    Element.inflateWidget (package:flutter/src/widgets/framework.dart:4587:20)
#789    Element.updateChild (package:flutter/src/widgets/framework.dart:4053:20)
#790    ComponentElement.performRebuild (package:flutter/src/widgets/framework.dart:5841:16)
#791    Element.rebuild (package:flutter/src/widgets/framework.dart:5529:7)
#792    ProxyElement.update (package:flutter/src/widgets/framework.dart:6149:5)
#793    _InheritedNotifierElement.update (package:flutter/src/widgets/inherited_notifier.dart:108:11)
#794    Element.updateChild (package:flutter/src/widgets/framework.dart:4037:15)
#795    ComponentElement.performRebuild (package:flutter/src/widgets/framework.dart:5841:16)
#796    StatefulElement.performRebuild (package:flutter/src/widgets/framework.dart:5982:11)
#797    Element.rebuild (package:flutter/src/widgets/framework.dart:5529:7)
#798    StatefulElement.update (package:flutter/src/widgets/framework.dart:6007:5)
#799    Element.updateChild (package:flutter/src/widgets/framework.dart:4037:15)
#800    ComponentElement.performRebuild (package:flutter/src/widgets/framework.dart:5841:16)
#801    Element.rebuild (package:flutter/src/widgets/framework.dart:5529:7)
#802    ProxyElement.update (package:flutter/src/widgets/framework.dart:6149:5)
#803    _InheritedNotifierElement.update (package:flutter/src/widgets/inherited_notifier.dart:108:11)
#804    Element.updateChild (package:flutter/src/widgets/framework.dart:4037:15)
#805    ComponentElement.performRebuild (package:flutter/src/widgets/framework.dart:5841:16)
#806    StatefulElement.performRebuild (package:flutter/src/widgets/framework.dart:5982:11)
#807    Element.rebuild (package:flutter/src/widgets/framework.dart:5529:7)
#808    StatefulElement.update (package:flutter/src/widgets/framework.dart:6007:5)
#809    Element.updateChild (package:flutter/src/widgets/framework.dart:4037:15)
#810    ComponentElement.performRebuild (package:flutter/src/widgets/framework.dart:5841:16)
#811    StatefulElement.performRebuild (package:flutter/src/widgets/framework.dart:5982:11)
#812    Element.rebuild (package:flutter/src/widgets/framework.dart:5529:7)
#813    StatefulElement.update (package:flutter/src/widgets/framework.dart:6007:5)
#814    Element.updateChild (package:flutter/src/widgets/framework.dart:4037:15)
#815    ComponentElement.performRebuild (package:flutter/src/widgets/framework.dart:5841:16)
#816    Element.rebuild (package:flutter/src/widgets/framework.dart:5529:7)
#817    ProxyElement.update (package:flutter/src/widgets/framework.dart:6149:5)
#818    Element.updateChild (package:flutter/src/widgets/framework.dart:4037:15)
#819    ComponentElement.performRebuild (package:flutter/src/widgets/framework.dart:5841:16)
#820    StatefulElement.performRebuild (package:flutter/src/widgets/framework.dart:5982:11)
#821    Element.rebuild (package:flutter/src/widgets/framework.dart:5529:7)
#822    StatefulElement.update (package:flutter/src/widgets/framework.dart:6007:5)
#823    Element.updateChild (package:flutter/src/widgets/framework.dart:4037:15)
#824    ComponentElement.performRebuild (package:flutter/src/widgets/framework.dart:5841:16)
#825    Element.rebuild (package:flutter/src/widgets/framework.dart:5529:7)
#826    ProxyElement.update (package:flutter/src/widgets/framework.dart:6149:5)
#827    Element.updateChild (package:flutter/src/widgets/framework.dart:4037:15)
#828    ComponentElement.performRebuild (package:flutter/src/widgets/framework.dart:5841:16)
#829    Element.rebuild (package:flutter/src/widgets/framework.dart:5529:7)
#830    ProxyElement.update (package:flutter/src/widgets/framework.dart:6149:5)
#831    Element.updateChild (package:flutter/src/widgets/framework.dart:4037:15)
#832    _RawViewElement._updateChild (package:flutter/src/widgets/view.dart:481:16)
#833    _RawViewElement.update (package:flutter/src/widgets/view.dart:568:5)
#834    Element.updateChild (package:flutter/src/widgets/framework.dart:4037:15)
#835    ComponentElement.performRebuild (package:flutter/src/widgets/framework.dart:5841:16)
#836    Element.rebuild (package:flutter/src/widgets/framework.dart:5529:7)
#837    StatelessElement.update (package:flutter/src/widgets/framework.dart:5895:5)
#838    Element.updateChild (package:flutter/src/widgets/framework.dart:4037:15)
#839    ComponentElement.performRebuild (package:flutter/src/widgets/framework.dart:5841:16)
#840    StatefulElement.performRebuild (package:flutter/src/widgets/framework.dart:5982:11)
#841    Element.rebuild (package:flutter/src/widgets/framework.dart:5529:7)
#842    StatefulElement.update (package:flutter/src/widgets/framework.dart:6007:5)
#843    Element.updateChild (package:flutter/src/widgets/framework.dart:4037:15)
#844    RootElement._rebuild (package:flutter/src/widgets/binding.dart:2091:16)
#845    RootElement.update (package:flutter/src/widgets/binding.dart:2069:5)
#846    RootElement.performRebuild (package:flutter/src/widgets/binding.dart:2083:7)
#847    Element.rebuild (package:flutter/src/widgets/framework.dart:5529:7)
#848    BuildScope._tryRebuild (package:flutter/src/widgets/framework.dart:2750:15)
#849    BuildScope._flushDirtyElements (package:flutter/src/widgets/framework.dart:2807:11)
#850    BuildOwner.buildScope (package:flutter/src/widgets/framework.dart:3111:18)
#851    AutomatedTestWidgetsFlutterBinding.drawFrame (package:flutter_test/src/binding.dart:2431:19)
#852    RendererBinding._handlePersistentFrameCallback (package:flutter/src/rendering/binding.dart:509:5)
#853    SchedulerBinding._invokeFrameCallback (package:flutter/src/scheduler/binding.dart:1430:15)
#854    SchedulerBinding.handleDrawFrame (package:flutter/src/scheduler/binding.dart:1345:9)
#855    AutomatedTestWidgetsFlutterBinding.pump.<anonymous closure> (package:flutter_test/src/binding.dart:2260:9)
#856    _rootRun (dart:async/zone_root.dart:35:13)
#857    _CustomZone.run (dart:async/zone.dart:726:19)
#858    TestAsyncUtils.guard (package:flutter_test/src/test_async_utils.dart:74:41)
#859    AutomatedTestWidgetsFlutterBinding.pump (package:flutter_test/src/binding.dart:2249:27)
#860    WidgetTester.pumpWidget.<anonymous closure> (package:flutter_test/src/widget_tester.dart:598:22)
#861    _rootRun (dart:async/zone_root.dart:35:13)
#862    _CustomZone.run (dart:async/zone.dart:726:19)
#863    TestAsyncUtils.guard (package:flutter_test/src/test_async_utils.dart:74:41)
#864    WidgetTester.pumpWidget (package:flutter_test/src/widget_tester.dart:595:27)
#865    main.<anonymous closure> (file:///C:/Users/andrvoicu/Desktop/repos/collectarr-app/test/features/library/home/home_page_test.dart:364:18)
#866    testWidgets.<anonymous closure>.<anonymous closure> (package:flutter_test/src/widget_tester.dart:192:29)
<asynchronous suspension>
#867    TestWidgetsFlutterBinding._runTestBody (package:flutter_test/src/binding.dart:1952:5)
<asynchronous suspension>
#868    StackZoneSpecification._registerCallback.<anonymous closure> (package:stack_trace/src/stack_zone_specification.dart:114:42)
<asynchronous suspension>
This warning will only appear on debug builds.
00:23 +434 -7: C:/Users/andrvoicu/Desktop/repos/collectarr-app/test/features/library/stats/stats_dashboard_test.dart: music stats dashboard uses artist and label metadata alerts
00:24 +435 -7: C:/Users/andrvoicu/Desktop/repos/collectarr-app/test/features/library/stats/stats_dashboard_test.dart: music stats dashboard uses artist and label metadata alerts
00:24 +436 -7: C:/Users/andrvoicu/Desktop/repos/collectarr-app/test/features/library/stats/stats_dashboard_test.dart: music stats dashboard uses artist and label metadata alerts
00:24 +437 -7: C:/Users/andrvoicu/Desktop/repos/collectarr-app/test/features/library/workspace/library_cover_image_test.dart: narrow interactive covers keep the hover cue compact
00:24 +438 -7: C:/Users/andrvoicu/Desktop/repos/collectarr-app/test/features/library/workspace/library_cover_image_test.dart: narrow interactive covers keep the hover cue compact
00:24 +439 -7: C:/Users/andrvoicu/Desktop/repos/collectarr-app/test/features/library/workspace/library_cover_image_test.dart: narrow interactive covers keep the hover cue compact
00:24 +440 -7: C:/Users/andrvoicu/Desktop/repos/collectarr-app/test/features/library/workspace/library_cover_image_test.dart: narrow interactive covers keep the hover cue compact
00:24 +441 -7: C:/Users/andrvoicu/Desktop/repos/collectarr-app/test/features/library/workspace/library_cover_image_test.dart: narrow interactive covers keep the hover cue compact
00:24 +442 -7: C:/Users/andrvoicu/Desktop/repos/collectarr-app/test/features/library/workspace/library_cover_image_test.dart: narrow interactive covers keep the hover cue compact
00:24 +443 -7: C:/Users/andrvoicu/Desktop/repos/collectarr-app/test/features/library/workspace/library_cover_image_test.dart: narrow interactive covers keep the hover cue compact
00:24 +444 -7: C:/Users/andrvoicu/Desktop/repos/collectarr-app/test/features/library/workspace/library_cover_image_test.dart: narrow interactive covers keep the hover cue compact
00:24 +445 -7: C:/Users/andrvoicu/Desktop/repos/collectarr-app/test/features/library/workspace/library_cover_image_test.dart: narrow interactive covers keep the hover cue compact
00:24 +446 -7: C:/Users/andrvoicu/Desktop/repos/collectarr-app/test/features/library/workspace/library_cover_image_test.dart: narrow interactive covers keep the hover cue compact
00:24 +447 -7: C:/Users/andrvoicu/Desktop/repos/collectarr-app/test/features/library/workspace/library_cover_tile_test.dart: cover tile renders scope, score, and selection markers
00:24 +448 -7: C:/Users/andrvoicu/Desktop/repos/collectarr-app/test/features/library/workspace/library_cover_tile_test.dart: cover tile renders scope, score, and selection markers
00:24 +449 -7: C:/Users/andrvoicu/Desktop/repos/collectarr-app/test/features/library/workspace/library_cover_tile_test.dart: cover tile renders scope, score, and selection markers
00:24 +450 -7: C:/Users/andrvoicu/Desktop/repos/collectarr-app/test/features/library/workspace/library_cover_tile_test.dart: cover tile renders scope, score, and selection markers
00:24 +451 -7: C:/Users/andrvoicu/Desktop/repos/collectarr-app/test/features/library/workspace/library_cover_tile_test.dart: cover tile renders scope, score, and selection markers
00:24 +452 -7: C:/Users/andrvoicu/Desktop/repos/collectarr-app/test/features/library/workspace/library_cover_tile_test.dart: cover tile renders scope, score, and selection markers
00:25 +453 -7: C:/Users/andrvoicu/Desktop/repos/collectarr-app/test/features/library/workspace/library_cover_tile_test.dart: cover tile renders scope, score, and selection markers
00:25 +454 -7: C:/Users/andrvoicu/Desktop/repos/collectarr-app/test/features/library/workspace/library_cover_tile_test.dart: cover tile renders scope, score, and selection markers
00:25 +455 -7: C:/Users/andrvoicu/Desktop/repos/collectarr-app/test/features/library/workspace/library_cover_tile_test.dart: cover tile renders scope, score, and selection markers
00:25 +456 -7: C:/Users/andrvoicu/Desktop/repos/collectarr-app/test/features/library/workspace/library_flow_carousel_test.dart: flow carousel navigates between items with arrow controls
00:25 +457 -7: C:/Users/andrvoicu/Desktop/repos/collectarr-app/test/features/library/workspace/library_flow_carousel_test.dart: flow carousel navigates between items with arrow controls
00:25 +458 -7: C:/Users/andrvoicu/Desktop/repos/collectarr-app/test/features/library/workspace/library_flow_carousel_test.dart: flow carousel navigates between items with arrow controls
00:25 +459 -7: C:/Users/andrvoicu/Desktop/repos/collectarr-app/test/features/library/workspace/library_flow_carousel_test.dart: flow carousel navigates between items with arrow controls
00:25 +460 -7: C:/Users/andrvoicu/Desktop/repos/collectarr-app/test/features/library/workspace/library_flow_carousel_test.dart: flow carousel navigates between items with arrow controls
00:25 +461 -7: C:/Users/andrvoicu/Desktop/repos/collectarr-app/test/features/library/workspace/library_flow_carousel_test.dart: flow carousel navigates between items with arrow controls
00:25 +462 -7: C:/Users/andrvoicu/Desktop/repos/collectarr-app/test/features/library/workspace/library_flow_carousel_test.dart: flow carousel navigates between items with arrow controls
00:25 +463 -7: C:/Users/andrvoicu/Desktop/repos/collectarr-app/test/features/library/workspace/library_flow_carousel_test.dart: flow carousel navigates between items with arrow controls
00:25 +464 -7: C:/Users/andrvoicu/Desktop/repos/collectarr-app/test/features/library/workspace/library_flow_carousel_test.dart: flow carousel navigates between items with arrow controls
00:25 +465 -7: C:/Users/andrvoicu/Desktop/repos/collectarr-app/test/features/library/workspace/library_flow_carousel_test.dart: flow carousel navigates between items with arrow controls
00:25 +466 -7: C:/Users/andrvoicu/Desktop/repos/collectarr-app/test/features/library/workspace/library_flow_carousel_test.dart: flow carousel navigates between items with arrow controls
00:25 +467 -7: C:/Users/andrvoicu/Desktop/repos/collectarr-app/test/features/library/workspace/library_flow_carousel_test.dart: flow carousel navigates between items with arrow controls
00:25 +468 -7: C:/Users/andrvoicu/Desktop/repos/collectarr-app/test/features/library/workspace/library_flow_carousel_test.dart: flow carousel navigates between items with arrow controls
00:25 +469 -7: C:/Users/andrvoicu/Desktop/repos/collectarr-app/test/features/library/workspace/library_item_context_menu_test.dart: context menu shows bulk actions for multi-selection
00:26 +470 -7: C:/Users/andrvoicu/Desktop/repos/collectarr-app/test/features/library/workspace/library_item_context_menu_test.dart: context menu shows bulk actions for multi-selection
00:26 +471 -7: C:/Users/andrvoicu/Desktop/repos/collectarr-app/test/features/library/workspace/library_series_sidebar_test.dart: series sidebar renders buckets and handles selection
00:26 +472 -7: C:/Users/andrvoicu/Desktop/repos/collectarr-app/test/features/library/workspace/library_series_sidebar_test.dart: series sidebar renders buckets and handles selection
00:26 +473 -7: C:/Users/andrvoicu/Desktop/repos/collectarr-app/test/features/library/workspace/library_series_sidebar_test.dart: series sidebar renders buckets and handles selection
00:26 +474 -7: C:/Users/andrvoicu/Desktop/repos/collectarr-app/test/features/library/workspace/library_series_sidebar_test.dart: series sidebar renders buckets and handles selection
00:26 +475 -7: C:/Users/andrvoicu/Desktop/repos/collectarr-app/test/features/library/workspace/library_series_sidebar_test.dart: series sidebar renders buckets and handles selection
00:26 +476 -7: C:/Users/andrvoicu/Desktop/repos/collectarr-app/test/features/library/workspace/library_series_sidebar_test.dart: series sidebar renders buckets and handles selection
00:26 +477 -7: C:/Users/andrvoicu/Desktop/repos/collectarr-app/test/features/library/workspace/library_series_sidebar_test.dart: series sidebar renders buckets and handles selection
00:26 +478 -7: C:/Users/andrvoicu/Desktop/repos/collectarr-app/test/features/library/workspace/library_series_sidebar_test.dart: series sidebar renders buckets and handles selection
00:26 +479 -7: C:/Users/andrvoicu/Desktop/repos/collectarr-app/test/features/library/workspace/library_table_row_test.dart: table ink row reserves selection rail and handles taps
00:26 +480 -7: C:/Users/andrvoicu/Desktop/repos/collectarr-app/test/features/library/workspace/library_table_row_test.dart: table ink row reserves selection rail and handles taps
00:27 +481 -7: C:/Users/andrvoicu/Desktop/repos/collectarr-app/test/features/library/workspace/library_toolbar_stat_test.dart: renders toolbar stat label and value
00:27 +482 -7: C:/Users/andrvoicu/Desktop/repos/collectarr-app/test/features/library/workspace/library_view_controls_test.dart: reports view and details layout changes
00:27 +483 -7: C:/Users/andrvoicu/Desktop/repos/collectarr-app/test/features/library/workspace/library_view_table_controls_test.dart: renders counts and enables column chooser in list mode
00:27 +484 -7: C:/Users/andrvoicu/Desktop/repos/collectarr-app/test/features/library/workspace/library_workspace_actions_test.dart: primary actions render add button and random pick action
00:28 +485 -7: C:/Users/andrvoicu/Desktop/repos/collectarr-app/test/features/library/workspace/library_workspace_card_test.dart: workspace card renders catalog and personal state
00:28 +486 -7: C:/Users/andrvoicu/Desktop/repos/collectarr-app/test/features/library/workspace/library_workspace_card_test.dart: workspace card renders catalog and personal state
00:28 +487 -7: C:/Users/andrvoicu/Desktop/repos/collectarr-app/test/features/library/workspace/library_workspace_card_test.dart: workspace card renders catalog and personal state
00:28 +488 -7: C:/Users/andrvoicu/Desktop/repos/collectarr-app/test/features/library/workspace/library_workspace_card_test.dart: workspace card renders catalog and personal state
00:28 +489 -7: C:/Users/andrvoicu/Desktop/repos/collectarr-app/test/features/library/workspace/library_workspace_card_test.dart: workspace card renders catalog and personal state
00:28 +490 -7: C:/Users/andrvoicu/Desktop/repos/collectarr-app/test/features/library/workspace/library_workspace_card_test.dart: workspace card renders catalog and personal state
00:28 +491 -7: C:/Users/andrvoicu/Desktop/repos/collectarr-app/test/features/library/workspace/library_workspace_chrome_test.dart: compact dropdown trigger renders icon and arrow
00:28 +492 -7: C:/Users/andrvoicu/Desktop/repos/collectarr-app/test/features/library/workspace/library_workspace_chrome_test.dart: compact dropdown trigger renders icon and arrow
00:28 +493 -7: C:/Users/andrvoicu/Desktop/repos/collectarr-app/test/features/library/workspace/library_workspace_chrome_test.dart: compact dropdown trigger renders icon and arrow
00:28 +494 -7: C:/Users/andrvoicu/Desktop/repos/collectarr-app/test/features/library/workspace/library_workspace_chrome_test.dart: workspace icon button triggers callback
00:28 +495 -7: C:/Users/andrvoicu/Desktop/repos/collectarr-app/test/features/library/workspace/library_workspace_grid_test.dart: workspace grid renders empty state when there are no items
00:28 +496 -7: C:/Users/andrvoicu/Desktop/repos/collectarr-app/test/features/library/workspace/library_workspace_grid_test.dart: workspace grid renders empty state when there are no items
00:28 +497 -7: C:/Users/andrvoicu/Desktop/repos/collectarr-app/test/features/library/workspace/library_workspace_menus_test.dart: menu row renders leading and trailing widgets
00:28 +498 -7: C:/Users/andrvoicu/Desktop/repos/collectarr-app/test/features/library/workspace/library_workspace_menus_test.dart: menu row renders leading and trailing widgets
00:28 +499 -7: C:/Users/andrvoicu/Desktop/repos/collectarr-app/test/features/library/workspace/library_workspace_menus_test.dart: menu row renders leading and trailing widgets
00:28 +500 -7: C:/Users/andrvoicu/Desktop/repos/collectarr-app/test/features/library/workspace/library_workspace_menus_test.dart: menu row renders leading and trailing widgets
00:28 +501 -7: C:/Users/andrvoicu/Desktop/repos/collectarr-app/test/features/library/workspace/library_workspace_menus_test.dart: menu row renders leading and trailing widgets
00:28 +502 -7: C:/Users/andrvoicu/Desktop/repos/collectarr-app/test/features/library/workspace/library_workspace_menus_test.dart: menu row renders leading and trailing widgets
00:29 +503 -7: C:/Users/andrvoicu/Desktop/repos/collectarr-app/test/features/library/workspace/library_workspace_grid_test.dart: workspace grid lays out inside sliver adapters when shrink-wrapped
00:29 +504 -7: C:/Users/andrvoicu/Desktop/repos/collectarr-app/test/features/library/workspace/library_workspace_menus_test.dart: menu section divider renders section label
00:29 +505 -7: C:/Users/andrvoicu/Desktop/repos/collectarr-app/test/features/library/workspace/library_workspace_search_test.dart: toolbar search exposes inline actions and filter chip
00:29 +506 -7: C:/Users/andrvoicu/Desktop/repos/collectarr-app/test/features/library/workspace/library_workspace_search_test.dart: toolbar search exposes inline actions and filter chip
00:29 +507 -7: C:/Users/andrvoicu/Desktop/repos/collectarr-app/test/features/library/workspace/library_workspace_search_test.dart: toolbar search exposes inline actions and filter chip
00:29 +508 -7: C:/Users/andrvoicu/Desktop/repos/collectarr-app/test/features/library/workspace/library_workspace_search_test.dart: toolbar search exposes inline actions and filter chip
00:29 +509 -7: C:/Users/andrvoicu/Desktop/repos/collectarr-app/test/features/library/workspace/library_workspace_search_test.dart: toolbar search exposes inline actions and filter chip
00:29 +510 -7: C:/Users/andrvoicu/Desktop/repos/collectarr-app/test/features/library/workspace/library_workspace_search_test.dart: toolbar search exposes inline actions and filter chip
00:29 +511 -7: C:/Users/andrvoicu/Desktop/repos/collectarr-app/test/features/library/workspace/library_workspace_search_test.dart: toolbar search exposes inline actions and filter chip
00:29 +512 -7: C:/Users/andrvoicu/Desktop/repos/collectarr-app/test/features/library/workspace/library_workspace_search_test.dart: toolbar search exposes inline actions and filter chip
00:29 +513 -7: C:/Users/andrvoicu/Desktop/repos/collectarr-app/test/features/library/workspace/library_workspace_search_test.dart: toolbar search exposes inline actions and filter chip
00:29 +514 -7: C:/Users/andrvoicu/Desktop/repos/collectarr-app/test/features/library/workspace/library_workspace_search_test.dart: toolbar search exposes inline actions and filter chip
00:29 +515 -7: C:/Users/andrvoicu/Desktop/repos/collectarr-app/test/features/library/workspace/library_workspace_table_test.dart: workspace table renders rows and reports sort/tap changes
00:29 +516 -7: C:/Users/andrvoicu/Desktop/repos/collectarr-app/test/features/settings/admin_page_test.dart: admin page searches provider metadata and ingests a result
00:29 +517 -7: C:/Users/andrvoicu/Desktop/repos/collectarr-app/test/features/settings/admin_page_test.dart: admin page searches provider metadata and ingests a result
00:30 +518 -7: C:/Users/andrvoicu/Desktop/repos/collectarr-app/test/features/settings/admin_page_test.dart: admin page searches provider metadata and ingests a result
00:30 +519 -7: C:/Users/andrvoicu/Desktop/repos/collectarr-app/test/features/settings/admin_page_test.dart: admin page searches provider metadata and ingests a result
00:30 +520 -7: C:/Users/andrvoicu/Desktop/repos/collectarr-app/test/features/settings/admin_page_test.dart: admin page searches provider metadata and ingests a result
00:30 +521 -7: C:/Users/andrvoicu/Desktop/repos/collectarr-app/test/features/settings/admin_page_test.dart: admin page searches provider metadata and ingests a result
00:31 +522 -7: C:/Users/andrvoicu/Desktop/repos/collectarr-app/test/features/settings/admin_page_test.dart: admin page searches provider metadata and ingests a result
00:31 +523 -7: C:/Users/andrvoicu/Desktop/repos/collectarr-app/test/features/settings/admin_page_test.dart: admin page searches provider metadata and ingests a result
00:31 +524 -7: C:/Users/andrvoicu/Desktop/repos/collectarr-app/test/features/settings/admin_page_test.dart: admin page searches provider metadata and ingests a result
00:31 +525 -7: C:/Users/andrvoicu/Desktop/repos/collectarr-app/test/features/settings/admin_page_test.dart: admin page searches provider metadata and ingests a result
00:31 +526 -7: C:/Users/andrvoicu/Desktop/repos/collectarr-app/test/features/settings/admin_page_test.dart: admin page searches provider metadata and ingests a result
00:31 +527 -7: C:/Users/andrvoicu/Desktop/repos/collectarr-app/test/features/settings/admin_page_test.dart: admin page searches provider metadata and ingests a result
00:31 +528 -7: C:/Users/andrvoicu/Desktop/repos/collectarr-app/test/features/settings/admin_page_test.dart: admin page searches provider metadata and ingests a result
00:31 +529 -7: C:/Users/andrvoicu/Desktop/repos/collectarr-app/test/features/settings/admin_page_test.dart: admin page searches provider metadata and ingests a result
00:31 +530 -7: C:/Users/andrvoicu/Desktop/repos/collectarr-app/test/features/settings/admin_page_test.dart: admin page searches provider metadata and ingests a result
00:31 +531 -7: C:/Users/andrvoicu/Desktop/repos/collectarr-app/test/features/settings/admin_page_test.dart: admin page searches provider metadata and ingests a result
00:31 +532 -7: C:/Users/andrvoicu/Desktop/repos/collectarr-app/test/features/settings/admin_page_test.dart: admin page searches provider metadata and ingests a result
00:31 +533 -7: C:/Users/andrvoicu/Desktop/repos/collectarr-app/test/features/settings/admin_page_test.dart: admin page searches provider metadata and ingests a result
00:31 +534 -7: C:/Users/andrvoicu/Desktop/repos/collectarr-app/test/features/settings/admin_page_test.dart: admin page searches provider metadata and ingests a result
00:31 +535 -7: C:/Users/andrvoicu/Desktop/repos/collectarr-app/test/features/settings/admin_page_test.dart: admin page searches provider metadata and ingests a result
00:31 +536 -7: C:/Users/andrvoicu/Desktop/repos/collectarr-app/test/features/settings/admin_page_test.dart: admin page searches provider metadata and ingests a result
00:31 +537 -7: C:/Users/andrvoicu/Desktop/repos/collectarr-app/test/features/settings/admin_page_test.dart: admin page searches provider metadata and ingests a result
00:31 +538 -7: C:/Users/andrvoicu/Desktop/repos/collectarr-app/test/features/settings/admin_page_test.dart: admin page searches provider metadata and ingests a result
00:31 +539 -7: C:/Users/andrvoicu/Desktop/repos/collectarr-app/test/features/settings/admin_page_test.dart: admin page searches provider metadata and ingests a result
00:31 +540 -7: C:/Users/andrvoicu/Desktop/repos/collectarr-app/test/features/settings/admin_page_test.dart: admin page searches provider metadata and ingests a result
00:31 +541 -7: C:/Users/andrvoicu/Desktop/repos/collectarr-app/test/features/settings/admin_page_test.dart: admin page searches provider metadata and ingests a result
00:31 +542 -7: C:/Users/andrvoicu/Desktop/repos/collectarr-app/test/features/settings/admin_page_test.dart: admin page searches provider metadata and ingests a result
00:31 +543 -7: C:/Users/andrvoicu/Desktop/repos/collectarr-app/test/features/settings/admin_page_test.dart: admin page searches provider metadata and ingests a result
00:31 +544 -7: C:/Users/andrvoicu/Desktop/repos/collectarr-app/test/features/settings/admin_page_test.dart: admin page searches provider metadata and ingests a result
00:31 +545 -7: C:/Users/andrvoicu/Desktop/repos/collectarr-app/test/features/settings/admin_page_test.dart: admin page searches provider metadata and ingests a result
00:31 +546 -7: C:/Users/andrvoicu/Desktop/repos/collectarr-app/test/features/settings/admin_page_test.dart: admin page searches provider metadata and ingests a result
00:31 +547 -7: C:/Users/andrvoicu/Desktop/repos/collectarr-app/test/features/settings/admin_page_test.dart: admin page searches provider metadata and ingests a result
00:31 +548 -7: C:/Users/andrvoicu/Desktop/repos/collectarr-app/test/features/settings/admin_page_test.dart: admin page searches provider metadata and ingests a result
00:31 +549 -7: C:/Users/andrvoicu/Desktop/repos/collectarr-app/test/features/settings/admin_page_test.dart: admin page searches provider metadata and ingests a result
00:31 +550 -7: C:/Users/andrvoicu/Desktop/repos/collectarr-app/test/features/settings/admin_page_test.dart: admin page searches provider metadata and ingests a result
00:32 +551 -7: C:/Users/andrvoicu/Desktop/repos/collectarr-app/test/features/settings/admin_page_test.dart: admin page searches provider metadata and ingests a result
00:32 +552 -7: C:/Users/andrvoicu/Desktop/repos/collectarr-app/test/features/settings/admin_page_test.dart: admin page searches provider metadata and ingests a result
00:32 +553 -7: C:/Users/andrvoicu/Desktop/repos/collectarr-app/test/features/settings/admin_page_test.dart: admin page searches provider metadata and ingests a result
00:32 +554 -7: C:/Users/andrvoicu/Desktop/repos/collectarr-app/test/features/settings/admin_page_test.dart: admin page searches provider metadata and ingests a result
00:32 +555 -7: C:/Users/andrvoicu/Desktop/repos/collectarr-app/test/features/settings/admin_page_test.dart: admin page searches provider metadata and ingests a result
00:32 +556 -7: C:/Users/andrvoicu/Desktop/repos/collectarr-app/test/features/settings/admin_page_test.dart: admin page searches provider metadata and ingests a result
00:32 +557 -7: C:/Users/andrvoicu/Desktop/repos/collectarr-app/test/features/settings/admin_page_test.dart: admin page searches provider metadata and ingests a result
00:32 +558 -7: C:/Users/andrvoicu/Desktop/repos/collectarr-app/test/features/settings/admin_page_test.dart: admin page searches provider metadata and ingests a result
00:32 +559 -7: C:/Users/andrvoicu/Desktop/repos/collectarr-app/test/features/settings/admin_page_test.dart: admin page searches provider metadata and ingests a result
00:32 +560 -7: C:/Users/andrvoicu/Desktop/repos/collectarr-app/test/features/settings/admin_page_test.dart: admin page searches provider metadata and ingests a result
00:32 +561 -7: C:/Users/andrvoicu/Desktop/repos/collectarr-app/test/features/settings/admin_page_test.dart: admin page searches provider metadata and ingests a result
00:32 +562 -7: C:/Users/andrvoicu/Desktop/repos/collectarr-app/test/features/settings/admin_page_test.dart: admin page searches provider metadata and ingests a result
00:32 +563 -7: C:/Users/andrvoicu/Desktop/repos/collectarr-app/test/features/settings/admin_page_test.dart: admin page searches provider metadata and ingests a result
00:32 +564 -7: C:/Users/andrvoicu/Desktop/repos/collectarr-app/test/features/settings/admin_page_test.dart: admin page searches provider metadata and ingests a result
00:32 +565 -7: C:/Users/andrvoicu/Desktop/repos/collectarr-app/test/features/settings/admin_page_test.dart: admin page searches provider metadata and ingests a result
00:32 +566 -7: C:/Users/andrvoicu/Desktop/repos/collectarr-app/test/features/settings/admin_page_test.dart: admin page searches provider metadata and ingests a result
00:33 +567 -7: C:/Users/andrvoicu/Desktop/repos/collectarr-app/test/features/settings/admin_page_test.dart: admin page searches provider metadata and ingests a result
00:33 +568 -7: C:/Users/andrvoicu/Desktop/repos/collectarr-app/test/features/settings/admin_page_test.dart: admin page searches provider metadata and ingests a result
00:33 +569 -7: C:/Users/andrvoicu/Desktop/repos/collectarr-app/test/features/settings/admin_page_test.dart: admin page searches provider metadata and ingests a result
00:33 +570 -7: C:/Users/andrvoicu/Desktop/repos/collectarr-app/test/features/settings/admin_page_test.dart: admin page searches provider metadata and ingests a result
00:33 +571 -7: C:/Users/andrvoicu/Desktop/repos/collectarr-app/test/features/settings/admin_page_test.dart: admin page searches provider metadata and ingests a result
00:34 +572 -7: C:/Users/andrvoicu/Desktop/repos/collectarr-app/test/features/settings/admin_page_test.dart: admin page searches provider metadata and ingests a result
00:34 +573 -7: C:/Users/andrvoicu/Desktop/repos/collectarr-app/test/features/settings/admin_page_test.dart: admin page searches provider metadata and ingests a result
00:34 +574 -7: C:/Users/andrvoicu/Desktop/repos/collectarr-app/test/features/settings/admin_page_test.dart: admin page searches provider metadata and ingests a result
00:35 +575 -7: C:/Users/andrvoicu/Desktop/repos/collectarr-app/test/features/settings/admin_page_test.dart: admin page searches provider metadata and ingests a result
00:35 +576 -7: C:/Users/andrvoicu/Desktop/repos/collectarr-app/test/features/settings/admin_page_test.dart: admin page persists series tag corrections for books
00:36 +577 -7: Some tests failed.

Failing tests:
  C:/Users/andrvoicu/Desktop/repos/collectarr-app/test/features/catalog/media_catalog_provider_test.dart: media catalog provider falls back when Core is unavailable
  C:/Users/andrvoicu/Desktop/repos/collectarr-app/test/features/library/add/library_add_dialog_test.dart: generic add dialog searches provider candidates
  C:/Users/andrvoicu/Desktop/repos/collectarr-app/test/features/library/add/library_add_dialog_test.dart: movie add dialog exposes physical format edition data
  C:/Users/andrvoicu/Desktop/repos/collectarr-app/test/features/library/add/library_add_ownership_type_test.dart: manual add flow surfaces digital ownership type
  ... and 3 more
